<?xml version="1.0" encoding="UTF-8"?>
<testsuites>
  <testsuite name="/home/joseph/projects/RideConnect/phpunit.xml" tests="256" assertions="114" errors="225" failures="0" skipped="0" time="0.056008">
    <testsuite name="Unit" tests="62" assertions="114" errors="31" failures="0" skipped="0" time="0.056008">
      <testsuite name="Tests\Unit\DomainEventRegistryTest" file="/home/joseph/projects/RideConnect/tests/Unit/DomainEventRegistryTest.php" tests="1" assertions="20" errors="0" failures="0" skipped="0" time="0.012550">
        <testcase name="it_registers_expected_event_listener_contracts" file="/home/joseph/projects/RideConnect/tests/Unit/DomainEventRegistryTest.php" line="17" class="Tests\Unit\DomainEventRegistryTest" classname="Tests.Unit.DomainEventRegistryTest" assertions="20" time="0.012550"/>
      </testsuite>
      <testsuite name="Tests\Unit\DomainGuardTest" file="/home/joseph/projects/RideConnect/tests/Unit/DomainGuardTest.php" tests="2" assertions="2" errors="0" failures="0" skipped="0" time="0.009834">
        <testcase name="it_detects_policy_bypass_patterns" file="/home/joseph/projects/RideConnect/tests/Unit/DomainGuardTest.php" line="15" class="Tests\Unit\DomainGuardTest" classname="Tests.Unit.DomainGuardTest" assertions="1" time="0.004937"/>
        <testcase name="it_allows_guarded_controllers" file="/home/joseph/projects/RideConnect/tests/Unit/DomainGuardTest.php" line="32" class="Tests\Unit\DomainGuardTest" classname="Tests.Unit.DomainGuardTest" assertions="1" time="0.004897"/>
      </testsuite>
      <testsuite name="Tests\Unit\DriverMatchingServiceTest" file="/home/joseph/projects/RideConnect/tests/Unit/DriverMatchingServiceTest.php" tests="2" assertions="0" errors="2" failures="0" skipped="0" time="0.000000">
        <testcase name="it_returns_null_when_no_eligible_driver" file="/home/joseph/projects/RideConnect/tests/Unit/DriverMatchingServiceTest.php" line="19" class="Tests\Unit\DriverMatchingServiceTest" classname="Tests.Unit.DriverMatchingServiceTest" assertions="0" time="0.000000">
          <error type="Illuminate\Database\QueryException">Tests\Unit\DriverMatchingServiceTest::it_returns_null_when_no_eligible_driver
Illuminate\Database\QueryException: could not find driver (Connection: sqlite, Database: :memory:, SQL: select exists (select 1 from "main".sqlite_master where name = 'migrations' and type = 'table') as "exists")

/home/joseph/projects/RideConnect/vendor/laravel/framework/src/Illuminate/Database/Connection.php:838
/home/joseph/projects/RideConnect/vendor/laravel/framework/src/Illuminate/Database/Connection.php:794
/home/joseph/projects/RideConnect/vendor/laravel/framework/src/Illuminate/Database/Connection.php:411
/home/joseph/projects/RideConnect/vendor/laravel/framework/src/Illuminate/Database/Connection.php:357
/home/joseph/projects/RideConnect/vendor/laravel/framework/src/Illuminate/Database/Connection.php:374
/home/joseph/projects/RideConnect/vendor/laravel/framework/src/Illuminate/Database/Schema/Builder.php:176
/home/joseph/projects/RideConnect/vendor/laravel/framework/src/Illuminate/Database/Migrations/DatabaseMigrationRepository.php:185
/home/joseph/projects/RideConnect/vendor/laravel/framework/src/Illuminate/Database/Migrations/Migrator.php:758
/home/joseph/projects/RideConnect/vendor/laravel/framework/src/Illuminate/Database/Console/Migrations/MigrateCommand.php:164
/home/joseph/projects/RideConnect/vendor/laravel/framework/src/Illuminate/Support/helpers.php:328
/home/joseph/projects/RideConnect/vendor/laravel/framework/src/Illuminate/Database/Console/Migrations/MigrateCommand.php:164
/home/joseph/projects/RideConnect/vendor/laravel/framework/src/Illuminate/Database/Console/Migrations/MigrateCommand.php:140
/home/joseph/projects/RideConnect/vendor/laravel/framework/src/Illuminate/Database/Console/Migrations/MigrateCommand.php:110
/home/joseph/projects/RideConnect/vendor/laravel/framework/src/Illuminate/Database/Migrations/Migrator.php:671
/home/joseph/projects/RideConnect/vendor/laravel/framework/src/Illuminate/Database/Console/Migrations/MigrateCommand.php:109
/home/joseph/projects/RideConnect/vendor/laravel/framework/src/Illuminate/Database/Console/Migrations/MigrateCommand.php:88
/home/joseph/projects/RideConnect/vendor/laravel/framework/src/Illuminate/Container/BoundMethod.php:36
/home/joseph/projects/RideConnect/vendor/laravel/framework/src/Illuminate/Container/Util.php:43
/home/joseph/projects/RideConnect/vendor/laravel/framework/src/Illuminate/Container/BoundMethod.php:96
/home/joseph/projects/RideConnect/vendor/laravel/framework/src/Illuminate/Container/BoundMethod.php:35
/home/joseph/projects/RideConnect/vendor/laravel/framework/src/Illuminate/Container/Container.php:799
/home/joseph/projects/RideConnect/vendor/laravel/framework/src/Illuminate/Console/Command.php:211
/home/joseph/projects/RideConnect/vendor/symfony/console/Command/Command.php:341
/home/joseph/projects/RideConnect/vendor/laravel/framework/src/Illuminate/Console/Command.php:180
/home/joseph/projects/RideConnect/vendor/laravel/framework/src/Illuminate/Console/Concerns/CallsCommands.php:68
/home/joseph/projects/RideConnect/vendor/laravel/framework/src/Illuminate/Console/Concerns/CallsCommands.php:29
/home/joseph/projects/RideConnect/vendor/laravel/framework/src/Illuminate/Database/Console/Migrations/FreshCommand.php:88
/home/joseph/projects/RideConnect/vendor/laravel/framework/src/Illuminate/Container/BoundMethod.php:36
/home/joseph/projects/RideConnect/vendor/laravel/framework/src/Illuminate/Container/Util.php:43
/home/joseph/projects/RideConnect/vendor/laravel/framework/src/Illuminate/Container/BoundMethod.php:96
/home/joseph/projects/RideConnect/vendor/laravel/framework/src/Illuminate/Container/BoundMethod.php:35
/home/joseph/projects/RideConnect/vendor/laravel/framework/src/Illuminate/Container/Container.php:799
/home/joseph/projects/RideConnect/vendor/laravel/framework/src/Illuminate/Console/Command.php:211
/home/joseph/projects/RideConnect/vendor/symfony/console/Command/Command.php:341
/home/joseph/projects/RideConnect/vendor/laravel/framework/src/Illuminate/Console/Command.php:180
/home/joseph/projects/RideConnect/vendor/symfony/console/Application.php:1094
/home/joseph/projects/RideConnect/vendor/symfony/console/Application.php:356
/home/joseph/projects/RideConnect/vendor/symfony/console/Application.php:195
/home/joseph/projects/RideConnect/vendor/laravel/framework/src/Illuminate/Console/Application.php:165
/home/joseph/projects/RideConnect/vendor/laravel/framework/src/Illuminate/Foundation/Console/Kernel.php:447
/home/joseph/projects/RideConnect/vendor/laravel/framework/src/Illuminate/Testing/PendingCommand.php:451
/home/joseph/projects/RideConnect/vendor/laravel/framework/src/Illuminate/Testing/PendingCommand.php:675
/home/joseph/projects/RideConnect/vendor/laravel/framework/src/Illuminate/Foundation/Testing/Concerns/InteractsWithConsole.php:87
/home/joseph/projects/RideConnect/vendor/laravel/framework/src/Illuminate/Foundation/Testing/RefreshDatabase.php:119
/home/joseph/projects/RideConnect/vendor/laravel/framework/src/Illuminate/Foundation/Testing/RefreshDatabase.php:84
/home/joseph/projects/RideConnect/vendor/laravel/framework/src/Illuminate/Foundation/Testing/RefreshDatabase.php:25
/home/joseph/projects/RideConnect/vendor/laravel/framework/src/Illuminate/Foundation/Testing/Concerns/InteractsWithTestCaseLifecycle.php:217
/home/joseph/projects/RideConnect/vendor/laravel/framework/src/Illuminate/Foundation/Testing/Concerns/InteractsWithTestCaseLifecycle.php:101
/home/joseph/projects/RideConnect/vendor/laravel/framework/src/Illuminate/Foundation/Testing/TestCase.php:63</error>
        </testcase>
        <testcase name="it_selects_compatible_online_driver_with_placeholder_scores" file="/home/joseph/projects/RideConnect/tests/Unit/DriverMatchingServiceTest.php" line="35" class="Tests\Unit\DriverMatchingServiceTest" classname="Tests.Unit.DriverMatchingServiceTest" assertions="0" time="0.000000">
          <error type="Illuminate\Database\QueryException">Tests\Unit\DriverMatchingServiceTest::it_selects_compatible_online_driver_with_placeholder_scores
Illuminate\Database\QueryException: could not find driver (Connection: sqlite, Database: :memory:, SQL: select exists (select 1 from "main".sqlite_master where name = 'migrations' and type = 'table') as "exists")

/home/joseph/projects/RideConnect/vendor/laravel/framework/src/Illuminate/Database/Connection.php:838
/home/joseph/projects/RideConnect/vendor/laravel/framework/src/Illuminate/Database/Connection.php:794
/home/joseph/projects/RideConnect/vendor/laravel/framework/src/Illuminate/Database/Connection.php:411
/home/joseph/projects/RideConnect/vendor/laravel/framework/src/Illuminate/Database/Connection.php:357
/home/joseph/projects/RideConnect/vendor/laravel/framework/src/Illuminate/Database/Connection.php:374
/home/joseph/projects/RideConnect/vendor/laravel/framework/src/Illuminate/Database/Schema/Builder.php:176
/home/joseph/projects/RideConnect/vendor/laravel/framework/src/Illuminate/Database/Migrations/DatabaseMigrationRepository.php:185
/home/joseph/projects/RideConnect/vendor/laravel/framework/src/Illuminate/Database/Migrations/Migrator.php:758
/home/joseph/projects/RideConnect/vendor/laravel/framework/src/Illuminate/Database/Console/Migrations/MigrateCommand.php:164
/home/joseph/projects/RideConnect/vendor/laravel/framework/src/Illuminate/Support/helpers.php:328
/home/joseph/projects/RideConnect/vendor/laravel/framework/src/Illuminate/Database/Console/Migrations/MigrateCommand.php:164
/home/joseph/projects/RideConnect/vendor/laravel/framework/src/Illuminate/Database/Console/Migrations/MigrateCommand.php:140
/home/joseph/projects/RideConnect/vendor/laravel/framework/src/Illuminate/Database/Console/Migrations/MigrateCommand.php:110
/home/joseph/projects/RideConnect/vendor/laravel/framework/src/Illuminate/Database/Migrations/Migrator.php:671
/home/joseph/projects/RideConnect/vendor/laravel/framework/src/Illuminate/Database/Console/Migrations/MigrateCommand.php:109
/home/joseph/projects/RideConnect/vendor/laravel/framework/src/Illuminate/Database/Console/Migrations/MigrateCommand.php:88
/home/joseph/projects/RideConnect/vendor/laravel/framework/src/Illuminate/Container/BoundMethod.php:36
/home/joseph/projects/RideConnect/vendor/laravel/framework/src/Illuminate/Container/Util.php:43
/home/joseph/projects/RideConnect/vendor/laravel/framework/src/Illuminate/Container/BoundMethod.php:96
/home/joseph/projects/RideConnect/vendor/laravel/framework/src/Illuminate/Container/BoundMethod.php:35
/home/joseph/projects/RideConnect/vendor/laravel/framework/src/Illuminate/Container/Container.php:799
/home/joseph/projects/RideConnect/vendor/laravel/framework/src/Illuminate/Console/Command.php:211
/home/joseph/projects/RideConnect/vendor/symfony/console/Command/Command.php:341
/home/joseph/projects/RideConnect/vendor/laravel/framework/src/Illuminate/Console/Command.php:180
/home/joseph/projects/RideConnect/vendor/laravel/framework/src/Illuminate/Console/Concerns/CallsCommands.php:68
/home/joseph/projects/RideConnect/vendor/laravel/framework/src/Illuminate/Console/Concerns/CallsCommands.php:29
/home/joseph/projects/RideConnect/vendor/laravel/framework/src/Illuminate/Database/Console/Migrations/FreshCommand.php:88
/home/joseph/projects/RideConnect/vendor/laravel/framework/src/Illuminate/Container/BoundMethod.php:36
/home/joseph/projects/RideConnect/vendor/laravel/framework/src/Illuminate/Container/Util.php:43
/home/joseph/projects/RideConnect/vendor/laravel/framework/src/Illuminate/Container/BoundMethod.php:96
/home/joseph/projects/RideConnect/vendor/laravel/framework/src/Illuminate/Container/BoundMethod.php:35
/home/joseph/projects/RideConnect/vendor/laravel/framework/src/Illuminate/Container/Container.php:799
/home/joseph/projects/RideConnect/vendor/laravel/framework/src/Illuminate/Console/Command.php:211
/home/joseph/projects/RideConnect/vendor/symfony/console/Command/Command.php:341
/home/joseph/projects/RideConnect/vendor/laravel/framework/src/Illuminate/Console/Command.php:180
/home/joseph/projects/RideConnect/vendor/symfony/console/Application.php:1094
/home/joseph/projects/RideConnect/vendor/symfony/console/Application.php:356
/home/joseph/projects/RideConnect/vendor/symfony/console/Application.php:195
/home/joseph/projects/RideConnect/vendor/laravel/framework/src/Illuminate/Console/Application.php:165
/home/joseph/projects/RideConnect/vendor/laravel/framework/src/Illuminate/Foundation/Console/Kernel.php:447
/home/joseph/projects/RideConnect/vendor/laravel/framework/src/Illuminate/Testing/PendingCommand.php:451
/home/joseph/projects/RideConnect/vendor/laravel/framework/src/Illuminate/Testing/PendingCommand.php:675
/home/joseph/projects/RideConnect/vendor/laravel/framework/src/Illuminate/Foundation/Testing/Concerns/InteractsWithConsole.php:87
/home/joseph/projects/RideConnect/vendor/laravel/framework/src/Illuminate/Foundation/Testing/RefreshDatabase.php:119
/home/joseph/projects/RideConnect/vendor/laravel/framework/src/Illuminate/Foundation/Testing/RefreshDatabase.php:84
/home/joseph/projects/RideConnect/vendor/laravel/framework/src/Illuminate/Foundation/Testing/RefreshDatabase.php:25
/home/joseph/projects/RideConnect/vendor/laravel/framework/src/Illuminate/Foundation/Testing/Concerns/InteractsWithTestCaseLifecycle.php:217
/home/joseph/projects/RideConnect/vendor/laravel/framework/src/Illuminate/Foundation/Testing/Concerns/InteractsWithTestCaseLifecycle.php:101
/home/joseph/projects/RideConnect/vendor/laravel/framework/src/Illuminate/Foundation/Testing/TestCase.php:63</error>
        </testcase>
      </testsuite>
      <testsuite name="Tests\Unit\EventReplayTest" file="/home/joseph/projects/RideConnect/tests/Unit/EventReplayTest.php" tests="7" assertions="0" errors="7" failures="0" skipped="0" time="0.000000">
        <testcase name="test_domain_event_is_persisted_to_table" file="/home/joseph/projects/RideConnect/tests/Unit/EventReplayTest.php" line="37" class="Tests\Unit\EventReplayTest" classname="Tests.Unit.EventReplayTest" assertions="0" time="0.000000">
          <error type="Illuminate\Database\QueryException">Tests\Unit\EventReplayTest::test_domain_event_is_persisted_to_table
Illuminate\Database\QueryException: could not find driver (Connection: sqlite, Database: :memory:, SQL: select exists (select 1 from "main".sqlite_master where name = 'migrations' and type = 'table') as "exists")

/home/joseph/projects/RideConnect/vendor/laravel/framework/src/Illuminate/Database/Connection.php:838
/home/joseph/projects/RideConnect/vendor/laravel/framework/src/Illuminate/Database/Connection.php:794
/home/joseph/projects/RideConnect/vendor/laravel/framework/src/Illuminate/Database/Connection.php:411
/home/joseph/projects/RideConnect/vendor/laravel/framework/src/Illuminate/Database/Connection.php:357
/home/joseph/projects/RideConnect/vendor/laravel/framework/src/Illuminate/Database/Connection.php:374
/home/joseph/projects/RideConnect/vendor/laravel/framework/src/Illuminate/Database/Schema/Builder.php:176
/home/joseph/projects/RideConnect/vendor/laravel/framework/src/Illuminate/Database/Migrations/DatabaseMigrationRepository.php:185
/home/joseph/projects/RideConnect/vendor/laravel/framework/src/Illuminate/Database/Migrations/Migrator.php:758
/home/joseph/projects/RideConnect/vendor/laravel/framework/src/Illuminate/Database/Console/Migrations/MigrateCommand.php:164
/home/joseph/projects/RideConnect/vendor/laravel/framework/src/Illuminate/Support/helpers.php:328
/home/joseph/projects/RideConnect/vendor/laravel/framework/src/Illuminate/Database/Console/Migrations/MigrateCommand.php:164
/home/joseph/projects/RideConnect/vendor/laravel/framework/src/Illuminate/Database/Console/Migrations/MigrateCommand.php:140
/home/joseph/projects/RideConnect/vendor/laravel/framework/src/Illuminate/Database/Console/Migrations/MigrateCommand.php:110
/home/joseph/projects/RideConnect/vendor/laravel/framework/src/Illuminate/Database/Migrations/Migrator.php:671
/home/joseph/projects/RideConnect/vendor/laravel/framework/src/Illuminate/Database/Console/Migrations/MigrateCommand.php:109
/home/joseph/projects/RideConnect/vendor/laravel/framework/src/Illuminate/Database/Console/Migrations/MigrateCommand.php:88
/home/joseph/projects/RideConnect/vendor/laravel/framework/src/Illuminate/Container/BoundMethod.php:36
/home/joseph/projects/RideConnect/vendor/laravel/framework/src/Illuminate/Container/Util.php:43
/home/joseph/projects/RideConnect/vendor/laravel/framework/src/Illuminate/Container/BoundMethod.php:96
/home/joseph/projects/RideConnect/vendor/laravel/framework/src/Illuminate/Container/BoundMethod.php:35
/home/joseph/projects/RideConnect/vendor/laravel/framework/src/Illuminate/Container/Container.php:799
/home/joseph/projects/RideConnect/vendor/laravel/framework/src/Illuminate/Console/Command.php:211
/home/joseph/projects/RideConnect/vendor/symfony/console/Command/Command.php:341
/home/joseph/projects/RideConnect/vendor/laravel/framework/src/Illuminate/Console/Command.php:180
/home/joseph/projects/RideConnect/vendor/laravel/framework/src/Illuminate/Console/Concerns/CallsCommands.php:68
/home/joseph/projects/RideConnect/vendor/laravel/framework/src/Illuminate/Console/Concerns/CallsCommands.php:29
/home/joseph/projects/RideConnect/vendor/laravel/framework/src/Illuminate/Database/Console/Migrations/FreshCommand.php:88
/home/joseph/projects/RideConnect/vendor/laravel/framework/src/Illuminate/Container/BoundMethod.php:36
/home/joseph/projects/RideConnect/vendor/laravel/framework/src/Illuminate/Container/Util.php:43
/home/joseph/projects/RideConnect/vendor/laravel/framework/src/Illuminate/Container/BoundMethod.php:96
/home/joseph/projects/RideConnect/vendor/laravel/framework/src/Illuminate/Container/BoundMethod.php:35
/home/joseph/projects/RideConnect/vendor/laravel/framework/src/Illuminate/Container/Container.php:799
/home/joseph/projects/RideConnect/vendor/laravel/framework/src/Illuminate/Console/Command.php:211
/home/joseph/projects/RideConnect/vendor/symfony/console/Command/Command.php:341
/home/joseph/projects/RideConnect/vendor/laravel/framework/src/Illuminate/Console/Command.php:180
/home/joseph/projects/RideConnect/vendor/symfony/console/Application.php:1094
/home/joseph/projects/RideConnect/vendor/symfony/console/Application.php:356
/home/joseph/projects/RideConnect/vendor/symfony/console/Application.php:195
/home/joseph/projects/RideConnect/vendor/laravel/framework/src/Illuminate/Console/Application.php:165
/home/joseph/projects/RideConnect/vendor/laravel/framework/src/Illuminate/Foundation/Console/Kernel.php:447
/home/joseph/projects/RideConnect/vendor/laravel/framework/src/Illuminate/Testing/PendingCommand.php:451
/home/joseph/projects/RideConnect/vendor/laravel/framework/src/Illuminate/Testing/PendingCommand.php:675
/home/joseph/projects/RideConnect/vendor/laravel/framework/src/Illuminate/Foundation/Testing/Concerns/InteractsWithConsole.php:87
/home/joseph/projects/RideConnect/vendor/laravel/framework/src/Illuminate/Foundation/Testing/RefreshDatabase.php:119
/home/joseph/projects/RideConnect/vendor/laravel/framework/src/Illuminate/Foundation/Testing/RefreshDatabase.php:84
/home/joseph/projects/RideConnect/vendor/laravel/framework/src/Illuminate/Foundation/Testing/RefreshDatabase.php:25
/home/joseph/projects/RideConnect/vendor/laravel/framework/src/Illuminate/Foundation/Testing/Concerns/InteractsWithTestCaseLifecycle.php:217
/home/joseph/projects/RideConnect/vendor/laravel/framework/src/Illuminate/Foundation/Testing/Concerns/InteractsWithTestCaseLifecycle.php:101
/home/joseph/projects/RideConnect/vendor/laravel/framework/src/Illuminate/Foundation/Testing/TestCase.php:63
/home/joseph/projects/RideConnect/tests/Unit/EventReplayTest.php:29</error>
        </testcase>
        <testcase name="test_event_outbox_record_created_alongside_event" file="/home/joseph/projects/RideConnect/tests/Unit/EventReplayTest.php" line="56" class="Tests\Unit\EventReplayTest" classname="Tests.Unit.EventReplayTest" assertions="0" time="0.000000">
          <error type="Illuminate\Database\QueryException">Tests\Unit\EventReplayTest::test_event_outbox_record_created_alongside_event
Illuminate\Database\QueryException: could not find driver (Connection: sqlite, Database: :memory:, SQL: select exists (select 1 from "main".sqlite_master where name = 'migrations' and type = 'table') as "exists")

/home/joseph/projects/RideConnect/vendor/laravel/framework/src/Illuminate/Database/Connection.php:838
/home/joseph/projects/RideConnect/vendor/laravel/framework/src/Illuminate/Database/Connection.php:794
/home/joseph/projects/RideConnect/vendor/laravel/framework/src/Illuminate/Database/Connection.php:411
/home/joseph/projects/RideConnect/vendor/laravel/framework/src/Illuminate/Database/Connection.php:357
/home/joseph/projects/RideConnect/vendor/laravel/framework/src/Illuminate/Database/Connection.php:374
/home/joseph/projects/RideConnect/vendor/laravel/framework/src/Illuminate/Database/Schema/Builder.php:176
/home/joseph/projects/RideConnect/vendor/laravel/framework/src/Illuminate/Database/Migrations/DatabaseMigrationRepository.php:185
/home/joseph/projects/RideConnect/vendor/laravel/framework/src/Illuminate/Database/Migrations/Migrator.php:758
/home/joseph/projects/RideConnect/vendor/laravel/framework/src/Illuminate/Database/Console/Migrations/MigrateCommand.php:164
/home/joseph/projects/RideConnect/vendor/laravel/framework/src/Illuminate/Support/helpers.php:328
/home/joseph/projects/RideConnect/vendor/laravel/framework/src/Illuminate/Database/Console/Migrations/MigrateCommand.php:164
/home/joseph/projects/RideConnect/vendor/laravel/framework/src/Illuminate/Database/Console/Migrations/MigrateCommand.php:140
/home/joseph/projects/RideConnect/vendor/laravel/framework/src/Illuminate/Database/Console/Migrations/MigrateCommand.php:110
/home/joseph/projects/RideConnect/vendor/laravel/framework/src/Illuminate/Database/Migrations/Migrator.php:671
/home/joseph/projects/RideConnect/vendor/laravel/framework/src/Illuminate/Database/Console/Migrations/MigrateCommand.php:109
/home/joseph/projects/RideConnect/vendor/laravel/framework/src/Illuminate/Database/Console/Migrations/MigrateCommand.php:88
/home/joseph/projects/RideConnect/vendor/laravel/framework/src/Illuminate/Container/BoundMethod.php:36
/home/joseph/projects/RideConnect/vendor/laravel/framework/src/Illuminate/Container/Util.php:43
/home/joseph/projects/RideConnect/vendor/laravel/framework/src/Illuminate/Container/BoundMethod.php:96
/home/joseph/projects/RideConnect/vendor/laravel/framework/src/Illuminate/Container/BoundMethod.php:35
/home/joseph/projects/RideConnect/vendor/laravel/framework/src/Illuminate/Container/Container.php:799
/home/joseph/projects/RideConnect/vendor/laravel/framework/src/Illuminate/Console/Command.php:211
/home/joseph/projects/RideConnect/vendor/symfony/console/Command/Command.php:341
/home/joseph/projects/RideConnect/vendor/laravel/framework/src/Illuminate/Console/Command.php:180
/home/joseph/projects/RideConnect/vendor/laravel/framework/src/Illuminate/Console/Concerns/CallsCommands.php:68
/home/joseph/projects/RideConnect/vendor/laravel/framework/src/Illuminate/Console/Concerns/CallsCommands.php:29
/home/joseph/projects/RideConnect/vendor/laravel/framework/src/Illuminate/Database/Console/Migrations/FreshCommand.php:88
/home/joseph/projects/RideConnect/vendor/laravel/framework/src/Illuminate/Container/BoundMethod.php:36
/home/joseph/projects/RideConnect/vendor/laravel/framework/src/Illuminate/Container/Util.php:43
/home/joseph/projects/RideConnect/vendor/laravel/framework/src/Illuminate/Container/BoundMethod.php:96
/home/joseph/projects/RideConnect/vendor/laravel/framework/src/Illuminate/Container/BoundMethod.php:35
/home/joseph/projects/RideConnect/vendor/laravel/framework/src/Illuminate/Container/Container.php:799
/home/joseph/projects/RideConnect/vendor/laravel/framework/src/Illuminate/Console/Command.php:211
/home/joseph/projects/RideConnect/vendor/symfony/console/Command/Command.php:341
/home/joseph/projects/RideConnect/vendor/laravel/framework/src/Illuminate/Console/Command.php:180
/home/joseph/projects/RideConnect/vendor/symfony/console/Application.php:1094
/home/joseph/projects/RideConnect/vendor/symfony/console/Application.php:356
/home/joseph/projects/RideConnect/vendor/symfony/console/Application.php:195
/home/joseph/projects/RideConnect/vendor/laravel/framework/src/Illuminate/Console/Application.php:165
/home/joseph/projects/RideConnect/vendor/laravel/framework/src/Illuminate/Foundation/Console/Kernel.php:447
/home/joseph/projects/RideConnect/vendor/laravel/framework/src/Illuminate/Testing/PendingCommand.php:451
/home/joseph/projects/RideConnect/vendor/laravel/framework/src/Illuminate/Testing/PendingCommand.php:675
/home/joseph/projects/RideConnect/vendor/laravel/framework/src/Illuminate/Foundation/Testing/Concerns/InteractsWithConsole.php:87
/home/joseph/projects/RideConnect/vendor/laravel/framework/src/Illuminate/Foundation/Testing/RefreshDatabase.php:119
/home/joseph/projects/RideConnect/vendor/laravel/framework/src/Illuminate/Foundation/Testing/RefreshDatabase.php:84
/home/joseph/projects/RideConnect/vendor/laravel/framework/src/Illuminate/Foundation/Testing/RefreshDatabase.php:25
/home/joseph/projects/RideConnect/vendor/laravel/framework/src/Illuminate/Foundation/Testing/Concerns/InteractsWithTestCaseLifecycle.php:217
/home/joseph/projects/RideConnect/vendor/laravel/framework/src/Illuminate/Foundation/Testing/Concerns/InteractsWithTestCaseLifecycle.php:101
/home/joseph/projects/RideConnect/vendor/laravel/framework/src/Illuminate/Foundation/Testing/TestCase.php:63
/home/joseph/projects/RideConnect/tests/Unit/EventReplayTest.php:29</error>
        </testcase>
        <testcase name="test_domain_event_payload_cannot_be_updated" file="/home/joseph/projects/RideConnect/tests/Unit/EventReplayTest.php" line="78" class="Tests\Unit\EventReplayTest" classname="Tests.Unit.EventReplayTest" assertions="0" time="0.000000">
          <error type="Illuminate\Database\QueryException">Tests\Unit\EventReplayTest::test_domain_event_payload_cannot_be_updated
Illuminate\Database\QueryException: could not find driver (Connection: sqlite, Database: :memory:, SQL: select exists (select 1 from "main".sqlite_master where name = 'migrations' and type = 'table') as "exists")

/home/joseph/projects/RideConnect/vendor/laravel/framework/src/Illuminate/Database/Connection.php:838
/home/joseph/projects/RideConnect/vendor/laravel/framework/src/Illuminate/Database/Connection.php:794
/home/joseph/projects/RideConnect/vendor/laravel/framework/src/Illuminate/Database/Connection.php:411
/home/joseph/projects/RideConnect/vendor/laravel/framework/src/Illuminate/Database/Connection.php:357
/home/joseph/projects/RideConnect/vendor/laravel/framework/src/Illuminate/Database/Connection.php:374
/home/joseph/projects/RideConnect/vendor/laravel/framework/src/Illuminate/Database/Schema/Builder.php:176
/home/joseph/projects/RideConnect/vendor/laravel/framework/src/Illuminate/Database/Migrations/DatabaseMigrationRepository.php:185
/home/joseph/projects/RideConnect/vendor/laravel/framework/src/Illuminate/Database/Migrations/Migrator.php:758
/home/joseph/projects/RideConnect/vendor/laravel/framework/src/Illuminate/Database/Console/Migrations/MigrateCommand.php:164
/home/joseph/projects/RideConnect/vendor/laravel/framework/src/Illuminate/Support/helpers.php:328
/home/joseph/projects/RideConnect/vendor/laravel/framework/src/Illuminate/Database/Console/Migrations/MigrateCommand.php:164
/home/joseph/projects/RideConnect/vendor/laravel/framework/src/Illuminate/Database/Console/Migrations/MigrateCommand.php:140
/home/joseph/projects/RideConnect/vendor/laravel/framework/src/Illuminate/Database/Console/Migrations/MigrateCommand.php:110
/home/joseph/projects/RideConnect/vendor/laravel/framework/src/Illuminate/Database/Migrations/Migrator.php:671
/home/joseph/projects/RideConnect/vendor/laravel/framework/src/Illuminate/Database/Console/Migrations/MigrateCommand.php:109
/home/joseph/projects/RideConnect/vendor/laravel/framework/src/Illuminate/Database/Console/Migrations/MigrateCommand.php:88
/home/joseph/projects/RideConnect/vendor/laravel/framework/src/Illuminate/Container/BoundMethod.php:36
/home/joseph/projects/RideConnect/vendor/laravel/framework/src/Illuminate/Container/Util.php:43
/home/joseph/projects/RideConnect/vendor/laravel/framework/src/Illuminate/Container/BoundMethod.php:96
/home/joseph/projects/RideConnect/vendor/laravel/framework/src/Illuminate/Container/BoundMethod.php:35
/home/joseph/projects/RideConnect/vendor/laravel/framework/src/Illuminate/Container/Container.php:799
/home/joseph/projects/RideConnect/vendor/laravel/framework/src/Illuminate/Console/Command.php:211
/home/joseph/projects/RideConnect/vendor/symfony/console/Command/Command.php:341
/home/joseph/projects/RideConnect/vendor/laravel/framework/src/Illuminate/Console/Command.php:180
/home/joseph/projects/RideConnect/vendor/laravel/framework/src/Illuminate/Console/Concerns/CallsCommands.php:68
/home/joseph/projects/RideConnect/vendor/laravel/framework/src/Illuminate/Console/Concerns/CallsCommands.php:29
/home/joseph/projects/RideConnect/vendor/laravel/framework/src/Illuminate/Database/Console/Migrations/FreshCommand.php:88
/home/joseph/projects/RideConnect/vendor/laravel/framework/src/Illuminate/Container/BoundMethod.php:36
/home/joseph/projects/RideConnect/vendor/laravel/framework/src/Illuminate/Container/Util.php:43
/home/joseph/projects/RideConnect/vendor/laravel/framework/src/Illuminate/Container/BoundMethod.php:96
/home/joseph/projects/RideConnect/vendor/laravel/framework/src/Illuminate/Container/BoundMethod.php:35
/home/joseph/projects/RideConnect/vendor/laravel/framework/src/Illuminate/Container/Container.php:799
/home/joseph/projects/RideConnect/vendor/laravel/framework/src/Illuminate/Console/Command.php:211
/home/joseph/projects/RideConnect/vendor/symfony/console/Command/Command.php:341
/home/joseph/projects/RideConnect/vendor/laravel/framework/src/Illuminate/Console/Command.php:180
/home/joseph/projects/RideConnect/vendor/symfony/console/Application.php:1094
/home/joseph/projects/RideConnect/vendor/symfony/console/Application.php:356
/home/joseph/projects/RideConnect/vendor/symfony/console/Application.php:195
/home/joseph/projects/RideConnect/vendor/laravel/framework/src/Illuminate/Console/Application.php:165
/home/joseph/projects/RideConnect/vendor/laravel/framework/src/Illuminate/Foundation/Console/Kernel.php:447
/home/joseph/projects/RideConnect/vendor/laravel/framework/src/Illuminate/Testing/PendingCommand.php:451
/home/joseph/projects/RideConnect/vendor/laravel/framework/src/Illuminate/Testing/PendingCommand.php:675
/home/joseph/projects/RideConnect/vendor/laravel/framework/src/Illuminate/Foundation/Testing/Concerns/InteractsWithConsole.php:87
/home/joseph/projects/RideConnect/vendor/laravel/framework/src/Illuminate/Foundation/Testing/RefreshDatabase.php:119
/home/joseph/projects/RideConnect/vendor/laravel/framework/src/Illuminate/Foundation/Testing/RefreshDatabase.php:84
/home/joseph/projects/RideConnect/vendor/laravel/framework/src/Illuminate/Foundation/Testing/RefreshDatabase.php:25
/home/joseph/projects/RideConnect/vendor/laravel/framework/src/Illuminate/Foundation/Testing/Concerns/InteractsWithTestCaseLifecycle.php:217
/home/joseph/projects/RideConnect/vendor/laravel/framework/src/Illuminate/Foundation/Testing/Concerns/InteractsWithTestCaseLifecycle.php:101
/home/joseph/projects/RideConnect/vendor/laravel/framework/src/Illuminate/Foundation/Testing/TestCase.php:63
/home/joseph/projects/RideConnect/tests/Unit/EventReplayTest.php:29</error>
        </testcase>
        <testcase name="test_domain_event_cannot_be_deleted" file="/home/joseph/projects/RideConnect/tests/Unit/EventReplayTest.php" line="91" class="Tests\Unit\EventReplayTest" classname="Tests.Unit.EventReplayTest" assertions="0" time="0.000000">
          <error type="Illuminate\Database\QueryException">Tests\Unit\EventReplayTest::test_domain_event_cannot_be_deleted
Illuminate\Database\QueryException: could not find driver (Connection: sqlite, Database: :memory:, SQL: select exists (select 1 from "main".sqlite_master where name = 'migrations' and type = 'table') as "exists")

/home/joseph/projects/RideConnect/vendor/laravel/framework/src/Illuminate/Database/Connection.php:838
/home/joseph/projects/RideConnect/vendor/laravel/framework/src/Illuminate/Database/Connection.php:794
/home/joseph/projects/RideConnect/vendor/laravel/framework/src/Illuminate/Database/Connection.php:411
/home/joseph/projects/RideConnect/vendor/laravel/framework/src/Illuminate/Database/Connection.php:357
/home/joseph/projects/RideConnect/vendor/laravel/framework/src/Illuminate/Database/Connection.php:374
/home/joseph/projects/RideConnect/vendor/laravel/framework/src/Illuminate/Database/Schema/Builder.php:176
/home/joseph/projects/RideConnect/vendor/laravel/framework/src/Illuminate/Database/Migrations/DatabaseMigrationRepository.php:185
/home/joseph/projects/RideConnect/vendor/laravel/framework/src/Illuminate/Database/Migrations/Migrator.php:758
/home/joseph/projects/RideConnect/vendor/laravel/framework/src/Illuminate/Database/Console/Migrations/MigrateCommand.php:164
/home/joseph/projects/RideConnect/vendor/laravel/framework/src/Illuminate/Support/helpers.php:328
/home/joseph/projects/RideConnect/vendor/laravel/framework/src/Illuminate/Database/Console/Migrations/MigrateCommand.php:164
/home/joseph/projects/RideConnect/vendor/laravel/framework/src/Illuminate/Database/Console/Migrations/MigrateCommand.php:140
/home/joseph/projects/RideConnect/vendor/laravel/framework/src/Illuminate/Database/Console/Migrations/MigrateCommand.php:110
/home/joseph/projects/RideConnect/vendor/laravel/framework/src/Illuminate/Database/Migrations/Migrator.php:671
/home/joseph/projects/RideConnect/vendor/laravel/framework/src/Illuminate/Database/Console/Migrations/MigrateCommand.php:109
/home/joseph/projects/RideConnect/vendor/laravel/framework/src/Illuminate/Database/Console/Migrations/MigrateCommand.php:88
/home/joseph/projects/RideConnect/vendor/laravel/framework/src/Illuminate/Container/BoundMethod.php:36
/home/joseph/projects/RideConnect/vendor/laravel/framework/src/Illuminate/Container/Util.php:43
/home/joseph/projects/RideConnect/vendor/laravel/framework/src/Illuminate/Container/BoundMethod.php:96
/home/joseph/projects/RideConnect/vendor/laravel/framework/src/Illuminate/Container/BoundMethod.php:35
/home/joseph/projects/RideConnect/vendor/laravel/framework/src/Illuminate/Container/Container.php:799
/home/joseph/projects/RideConnect/vendor/laravel/framework/src/Illuminate/Console/Command.php:211
/home/joseph/projects/RideConnect/vendor/symfony/console/Command/Command.php:341
/home/joseph/projects/RideConnect/vendor/laravel/framework/src/Illuminate/Console/Command.php:180
/home/joseph/projects/RideConnect/vendor/laravel/framework/src/Illuminate/Console/Concerns/CallsCommands.php:68
/home/joseph/projects/RideConnect/vendor/laravel/framework/src/Illuminate/Console/Concerns/CallsCommands.php:29
/home/joseph/projects/RideConnect/vendor/laravel/framework/src/Illuminate/Database/Console/Migrations/FreshCommand.php:88
/home/joseph/projects/RideConnect/vendor/laravel/framework/src/Illuminate/Container/BoundMethod.php:36
/home/joseph/projects/RideConnect/vendor/laravel/framework/src/Illuminate/Container/Util.php:43
/home/joseph/projects/RideConnect/vendor/laravel/framework/src/Illuminate/Container/BoundMethod.php:96
/home/joseph/projects/RideConnect/vendor/laravel/framework/src/Illuminate/Container/BoundMethod.php:35
/home/joseph/projects/RideConnect/vendor/laravel/framework/src/Illuminate/Container/Container.php:799
/home/joseph/projects/RideConnect/vendor/laravel/framework/src/Illuminate/Console/Command.php:211
/home/joseph/projects/RideConnect/vendor/symfony/console/Command/Command.php:341
/home/joseph/projects/RideConnect/vendor/laravel/framework/src/Illuminate/Console/Command.php:180
/home/joseph/projects/RideConnect/vendor/symfony/console/Application.php:1094
/home/joseph/projects/RideConnect/vendor/symfony/console/Application.php:356
/home/joseph/projects/RideConnect/vendor/symfony/console/Application.php:195
/home/joseph/projects/RideConnect/vendor/laravel/framework/src/Illuminate/Console/Application.php:165
/home/joseph/projects/RideConnect/vendor/laravel/framework/src/Illuminate/Foundation/Console/Kernel.php:447
/home/joseph/projects/RideConnect/vendor/laravel/framework/src/Illuminate/Testing/PendingCommand.php:451
/home/joseph/projects/RideConnect/vendor/laravel/framework/src/Illuminate/Testing/PendingCommand.php:675
/home/joseph/projects/RideConnect/vendor/laravel/framework/src/Illuminate/Foundation/Testing/Concerns/InteractsWithConsole.php:87
/home/joseph/projects/RideConnect/vendor/laravel/framework/src/Illuminate/Foundation/Testing/RefreshDatabase.php:119
/home/joseph/projects/RideConnect/vendor/laravel/framework/src/Illuminate/Foundation/Testing/RefreshDatabase.php:84
/home/joseph/projects/RideConnect/vendor/laravel/framework/src/Illuminate/Foundation/Testing/RefreshDatabase.php:25
/home/joseph/projects/RideConnect/vendor/laravel/framework/src/Illuminate/Foundation/Testing/Concerns/InteractsWithTestCaseLifecycle.php:217
/home/joseph/projects/RideConnect/vendor/laravel/framework/src/Illuminate/Foundation/Testing/Concerns/InteractsWithTestCaseLifecycle.php:101
/home/joseph/projects/RideConnect/vendor/laravel/framework/src/Illuminate/Foundation/Testing/TestCase.php:63
/home/joseph/projects/RideConnect/tests/Unit/EventReplayTest.php:29</error>
        </testcase>
        <testcase name="test_replay_returns_events_ordered_by_version" file="/home/joseph/projects/RideConnect/tests/Unit/EventReplayTest.php" line="108" class="Tests\Unit\EventReplayTest" classname="Tests.Unit.EventReplayTest" assertions="0" time="0.000000">
          <error type="Illuminate\Database\QueryException">Tests\Unit\EventReplayTest::test_replay_returns_events_ordered_by_version
Illuminate\Database\QueryException: could not find driver (Connection: sqlite, Database: :memory:, SQL: select exists (select 1 from "main".sqlite_master where name = 'migrations' and type = 'table') as "exists")

/home/joseph/projects/RideConnect/vendor/laravel/framework/src/Illuminate/Database/Connection.php:838
/home/joseph/projects/RideConnect/vendor/laravel/framework/src/Illuminate/Database/Connection.php:794
/home/joseph/projects/RideConnect/vendor/laravel/framework/src/Illuminate/Database/Connection.php:411
/home/joseph/projects/RideConnect/vendor/laravel/framework/src/Illuminate/Database/Connection.php:357
/home/joseph/projects/RideConnect/vendor/laravel/framework/src/Illuminate/Database/Connection.php:374
/home/joseph/projects/RideConnect/vendor/laravel/framework/src/Illuminate/Database/Schema/Builder.php:176
/home/joseph/projects/RideConnect/vendor/laravel/framework/src/Illuminate/Database/Migrations/DatabaseMigrationRepository.php:185
/home/joseph/projects/RideConnect/vendor/laravel/framework/src/Illuminate/Database/Migrations/Migrator.php:758
/home/joseph/projects/RideConnect/vendor/laravel/framework/src/Illuminate/Database/Console/Migrations/MigrateCommand.php:164
/home/joseph/projects/RideConnect/vendor/laravel/framework/src/Illuminate/Support/helpers.php:328
/home/joseph/projects/RideConnect/vendor/laravel/framework/src/Illuminate/Database/Console/Migrations/MigrateCommand.php:164
/home/joseph/projects/RideConnect/vendor/laravel/framework/src/Illuminate/Database/Console/Migrations/MigrateCommand.php:140
/home/joseph/projects/RideConnect/vendor/laravel/framework/src/Illuminate/Database/Console/Migrations/MigrateCommand.php:110
/home/joseph/projects/RideConnect/vendor/laravel/framework/src/Illuminate/Database/Migrations/Migrator.php:671
/home/joseph/projects/RideConnect/vendor/laravel/framework/src/Illuminate/Database/Console/Migrations/MigrateCommand.php:109
/home/joseph/projects/RideConnect/vendor/laravel/framework/src/Illuminate/Database/Console/Migrations/MigrateCommand.php:88
/home/joseph/projects/RideConnect/vendor/laravel/framework/src/Illuminate/Container/BoundMethod.php:36
/home/joseph/projects/RideConnect/vendor/laravel/framework/src/Illuminate/Container/Util.php:43
/home/joseph/projects/RideConnect/vendor/laravel/framework/src/Illuminate/Container/BoundMethod.php:96
/home/joseph/projects/RideConnect/vendor/laravel/framework/src/Illuminate/Container/BoundMethod.php:35
/home/joseph/projects/RideConnect/vendor/laravel/framework/src/Illuminate/Container/Container.php:799
/home/joseph/projects/RideConnect/vendor/laravel/framework/src/Illuminate/Console/Command.php:211
/home/joseph/projects/RideConnect/vendor/symfony/console/Command/Command.php:341
/home/joseph/projects/RideConnect/vendor/laravel/framework/src/Illuminate/Console/Command.php:180
/home/joseph/projects/RideConnect/vendor/laravel/framework/src/Illuminate/Console/Concerns/CallsCommands.php:68
/home/joseph/projects/RideConnect/vendor/laravel/framework/src/Illuminate/Console/Concerns/CallsCommands.php:29
/home/joseph/projects/RideConnect/vendor/laravel/framework/src/Illuminate/Database/Console/Migrations/FreshCommand.php:88
/home/joseph/projects/RideConnect/vendor/laravel/framework/src/Illuminate/Container/BoundMethod.php:36
/home/joseph/projects/RideConnect/vendor/laravel/framework/src/Illuminate/Container/Util.php:43
/home/joseph/projects/RideConnect/vendor/laravel/framework/src/Illuminate/Container/BoundMethod.php:96
/home/joseph/projects/RideConnect/vendor/laravel/framework/src/Illuminate/Container/BoundMethod.php:35
/home/joseph/projects/RideConnect/vendor/laravel/framework/src/Illuminate/Container/Container.php:799
/home/joseph/projects/RideConnect/vendor/laravel/framework/src/Illuminate/Console/Command.php:211
/home/joseph/projects/RideConnect/vendor/symfony/console/Command/Command.php:341
/home/joseph/projects/RideConnect/vendor/laravel/framework/src/Illuminate/Console/Command.php:180
/home/joseph/projects/RideConnect/vendor/symfony/console/Application.php:1094
/home/joseph/projects/RideConnect/vendor/symfony/console/Application.php:356
/home/joseph/projects/RideConnect/vendor/symfony/console/Application.php:195
/home/joseph/projects/RideConnect/vendor/laravel/framework/src/Illuminate/Console/Application.php:165
/home/joseph/projects/RideConnect/vendor/laravel/framework/src/Illuminate/Foundation/Console/Kernel.php:447
/home/joseph/projects/RideConnect/vendor/laravel/framework/src/Illuminate/Testing/PendingCommand.php:451
/home/joseph/projects/RideConnect/vendor/laravel/framework/src/Illuminate/Testing/PendingCommand.php:675
/home/joseph/projects/RideConnect/vendor/laravel/framework/src/Illuminate/Foundation/Testing/Concerns/InteractsWithConsole.php:87
/home/joseph/projects/RideConnect/vendor/laravel/framework/src/Illuminate/Foundation/Testing/RefreshDatabase.php:119
/home/joseph/projects/RideConnect/vendor/laravel/framework/src/Illuminate/Foundation/Testing/RefreshDatabase.php:84
/home/joseph/projects/RideConnect/vendor/laravel/framework/src/Illuminate/Foundation/Testing/RefreshDatabase.php:25
/home/joseph/projects/RideConnect/vendor/laravel/framework/src/Illuminate/Foundation/Testing/Concerns/InteractsWithTestCaseLifecycle.php:217
/home/joseph/projects/RideConnect/vendor/laravel/framework/src/Illuminate/Foundation/Testing/Concerns/InteractsWithTestCaseLifecycle.php:101
/home/joseph/projects/RideConnect/vendor/laravel/framework/src/Illuminate/Foundation/Testing/TestCase.php:63
/home/joseph/projects/RideConnect/tests/Unit/EventReplayTest.php:29</error>
        </testcase>
        <testcase name="test_replay_from_version_filters_older_events" file="/home/joseph/projects/RideConnect/tests/Unit/EventReplayTest.php" line="128" class="Tests\Unit\EventReplayTest" classname="Tests.Unit.EventReplayTest" assertions="0" time="0.000000">
          <error type="Illuminate\Database\QueryException">Tests\Unit\EventReplayTest::test_replay_from_version_filters_older_events
Illuminate\Database\QueryException: could not find driver (Connection: sqlite, Database: :memory:, SQL: select exists (select 1 from "main".sqlite_master where name = 'migrations' and type = 'table') as "exists")

/home/joseph/projects/RideConnect/vendor/laravel/framework/src/Illuminate/Database/Connection.php:838
/home/joseph/projects/RideConnect/vendor/laravel/framework/src/Illuminate/Database/Connection.php:794
/home/joseph/projects/RideConnect/vendor/laravel/framework/src/Illuminate/Database/Connection.php:411
/home/joseph/projects/RideConnect/vendor/laravel/framework/src/Illuminate/Database/Connection.php:357
/home/joseph/projects/RideConnect/vendor/laravel/framework/src/Illuminate/Database/Connection.php:374
/home/joseph/projects/RideConnect/vendor/laravel/framework/src/Illuminate/Database/Schema/Builder.php:176
/home/joseph/projects/RideConnect/vendor/laravel/framework/src/Illuminate/Database/Migrations/DatabaseMigrationRepository.php:185
/home/joseph/projects/RideConnect/vendor/laravel/framework/src/Illuminate/Database/Migrations/Migrator.php:758
/home/joseph/projects/RideConnect/vendor/laravel/framework/src/Illuminate/Database/Console/Migrations/MigrateCommand.php:164
/home/joseph/projects/RideConnect/vendor/laravel/framework/src/Illuminate/Support/helpers.php:328
/home/joseph/projects/RideConnect/vendor/laravel/framework/src/Illuminate/Database/Console/Migrations/MigrateCommand.php:164
/home/joseph/projects/RideConnect/vendor/laravel/framework/src/Illuminate/Database/Console/Migrations/MigrateCommand.php:140
/home/joseph/projects/RideConnect/vendor/laravel/framework/src/Illuminate/Database/Console/Migrations/MigrateCommand.php:110
/home/joseph/projects/RideConnect/vendor/laravel/framework/src/Illuminate/Database/Migrations/Migrator.php:671
/home/joseph/projects/RideConnect/vendor/laravel/framework/src/Illuminate/Database/Console/Migrations/MigrateCommand.php:109
/home/joseph/projects/RideConnect/vendor/laravel/framework/src/Illuminate/Database/Console/Migrations/MigrateCommand.php:88
/home/joseph/projects/RideConnect/vendor/laravel/framework/src/Illuminate/Container/BoundMethod.php:36
/home/joseph/projects/RideConnect/vendor/laravel/framework/src/Illuminate/Container/Util.php:43
/home/joseph/projects/RideConnect/vendor/laravel/framework/src/Illuminate/Container/BoundMethod.php:96
/home/joseph/projects/RideConnect/vendor/laravel/framework/src/Illuminate/Container/BoundMethod.php:35
/home/joseph/projects/RideConnect/vendor/laravel/framework/src/Illuminate/Container/Container.php:799
/home/joseph/projects/RideConnect/vendor/laravel/framework/src/Illuminate/Console/Command.php:211
/home/joseph/projects/RideConnect/vendor/symfony/console/Command/Command.php:341
/home/joseph/projects/RideConnect/vendor/laravel/framework/src/Illuminate/Console/Command.php:180
/home/joseph/projects/RideConnect/vendor/laravel/framework/src/Illuminate/Console/Concerns/CallsCommands.php:68
/home/joseph/projects/RideConnect/vendor/laravel/framework/src/Illuminate/Console/Concerns/CallsCommands.php:29
/home/joseph/projects/RideConnect/vendor/laravel/framework/src/Illuminate/Database/Console/Migrations/FreshCommand.php:88
/home/joseph/projects/RideConnect/vendor/laravel/framework/src/Illuminate/Container/BoundMethod.php:36
/home/joseph/projects/RideConnect/vendor/laravel/framework/src/Illuminate/Container/Util.php:43
/home/joseph/projects/RideConnect/vendor/laravel/framework/src/Illuminate/Container/BoundMethod.php:96
/home/joseph/projects/RideConnect/vendor/laravel/framework/src/Illuminate/Container/BoundMethod.php:35
/home/joseph/projects/RideConnect/vendor/laravel/framework/src/Illuminate/Container/Container.php:799
/home/joseph/projects/RideConnect/vendor/laravel/framework/src/Illuminate/Console/Command.php:211
/home/joseph/projects/RideConnect/vendor/symfony/console/Command/Command.php:341
/home/joseph/projects/RideConnect/vendor/laravel/framework/src/Illuminate/Console/Command.php:180
/home/joseph/projects/RideConnect/vendor/symfony/console/Application.php:1094
/home/joseph/projects/RideConnect/vendor/symfony/console/Application.php:356
/home/joseph/projects/RideConnect/vendor/symfony/console/Application.php:195
/home/joseph/projects/RideConnect/vendor/laravel/framework/src/Illuminate/Console/Application.php:165
/home/joseph/projects/RideConnect/vendor/laravel/framework/src/Illuminate/Foundation/Console/Kernel.php:447
/home/joseph/projects/RideConnect/vendor/laravel/framework/src/Illuminate/Testing/PendingCommand.php:451
/home/joseph/projects/RideConnect/vendor/laravel/framework/src/Illuminate/Testing/PendingCommand.php:675
/home/joseph/projects/RideConnect/vendor/laravel/framework/src/Illuminate/Foundation/Testing/Concerns/InteractsWithConsole.php:87
/home/joseph/projects/RideConnect/vendor/laravel/framework/src/Illuminate/Foundation/Testing/RefreshDatabase.php:119
/home/joseph/projects/RideConnect/vendor/laravel/framework/src/Illuminate/Foundation/Testing/RefreshDatabase.php:84
/home/joseph/projects/RideConnect/vendor/laravel/framework/src/Illuminate/Foundation/Testing/RefreshDatabase.php:25
/home/joseph/projects/RideConnect/vendor/laravel/framework/src/Illuminate/Foundation/Testing/Concerns/InteractsWithTestCaseLifecycle.php:217
/home/joseph/projects/RideConnect/vendor/laravel/framework/src/Illuminate/Foundation/Testing/Concerns/InteractsWithTestCaseLifecycle.php:101
/home/joseph/projects/RideConnect/vendor/laravel/framework/src/Illuminate/Foundation/Testing/TestCase.php:63
/home/joseph/projects/RideConnect/tests/Unit/EventReplayTest.php:29</error>
        </testcase>
        <testcase name="test_replay_by_type_returns_all_matching_events" file="/home/joseph/projects/RideConnect/tests/Unit/EventReplayTest.php" line="144" class="Tests\Unit\EventReplayTest" classname="Tests.Unit.EventReplayTest" assertions="0" time="0.000000">
          <error type="Illuminate\Database\QueryException">Tests\Unit\EventReplayTest::test_replay_by_type_returns_all_matching_events
Illuminate\Database\QueryException: could not find driver (Connection: sqlite, Database: :memory:, SQL: select exists (select 1 from "main".sqlite_master where name = 'migrations' and type = 'table') as "exists")

/home/joseph/projects/RideConnect/vendor/laravel/framework/src/Illuminate/Database/Connection.php:838
/home/joseph/projects/RideConnect/vendor/laravel/framework/src/Illuminate/Database/Connection.php:794
/home/joseph/projects/RideConnect/vendor/laravel/framework/src/Illuminate/Database/Connection.php:411
/home/joseph/projects/RideConnect/vendor/laravel/framework/src/Illuminate/Database/Connection.php:357
/home/joseph/projects/RideConnect/vendor/laravel/framework/src/Illuminate/Database/Connection.php:374
/home/joseph/projects/RideConnect/vendor/laravel/framework/src/Illuminate/Database/Schema/Builder.php:176
/home/joseph/projects/RideConnect/vendor/laravel/framework/src/Illuminate/Database/Migrations/DatabaseMigrationRepository.php:185
/home/joseph/projects/RideConnect/vendor/laravel/framework/src/Illuminate/Database/Migrations/Migrator.php:758
/home/joseph/projects/RideConnect/vendor/laravel/framework/src/Illuminate/Database/Console/Migrations/MigrateCommand.php:164
/home/joseph/projects/RideConnect/vendor/laravel/framework/src/Illuminate/Support/helpers.php:328
/home/joseph/projects/RideConnect/vendor/laravel/framework/src/Illuminate/Database/Console/Migrations/MigrateCommand.php:164
/home/joseph/projects/RideConnect/vendor/laravel/framework/src/Illuminate/Database/Console/Migrations/MigrateCommand.php:140
/home/joseph/projects/RideConnect/vendor/laravel/framework/src/Illuminate/Database/Console/Migrations/MigrateCommand.php:110
/home/joseph/projects/RideConnect/vendor/laravel/framework/src/Illuminate/Database/Migrations/Migrator.php:671
/home/joseph/projects/RideConnect/vendor/laravel/framework/src/Illuminate/Database/Console/Migrations/MigrateCommand.php:109
/home/joseph/projects/RideConnect/vendor/laravel/framework/src/Illuminate/Database/Console/Migrations/MigrateCommand.php:88
/home/joseph/projects/RideConnect/vendor/laravel/framework/src/Illuminate/Container/BoundMethod.php:36
/home/joseph/projects/RideConnect/vendor/laravel/framework/src/Illuminate/Container/Util.php:43
/home/joseph/projects/RideConnect/vendor/laravel/framework/src/Illuminate/Container/BoundMethod.php:96
/home/joseph/projects/RideConnect/vendor/laravel/framework/src/Illuminate/Container/BoundMethod.php:35
/home/joseph/projects/RideConnect/vendor/laravel/framework/src/Illuminate/Container/Container.php:799
/home/joseph/projects/RideConnect/vendor/laravel/framework/src/Illuminate/Console/Command.php:211
/home/joseph/projects/RideConnect/vendor/symfony/console/Command/Command.php:341
/home/joseph/projects/RideConnect/vendor/laravel/framework/src/Illuminate/Console/Command.php:180
/home/joseph/projects/RideConnect/vendor/laravel/framework/src/Illuminate/Console/Concerns/CallsCommands.php:68
/home/joseph/projects/RideConnect/vendor/laravel/framework/src/Illuminate/Console/Concerns/CallsCommands.php:29
/home/joseph/projects/RideConnect/vendor/laravel/framework/src/Illuminate/Database/Console/Migrations/FreshCommand.php:88
/home/joseph/projects/RideConnect/vendor/laravel/framework/src/Illuminate/Container/BoundMethod.php:36
/home/joseph/projects/RideConnect/vendor/laravel/framework/src/Illuminate/Container/Util.php:43
/home/joseph/projects/RideConnect/vendor/laravel/framework/src/Illuminate/Container/BoundMethod.php:96
/home/joseph/projects/RideConnect/vendor/laravel/framework/src/Illuminate/Container/BoundMethod.php:35
/home/joseph/projects/RideConnect/vendor/laravel/framework/src/Illuminate/Container/Container.php:799
/home/joseph/projects/RideConnect/vendor/laravel/framework/src/Illuminate/Console/Command.php:211
/home/joseph/projects/RideConnect/vendor/symfony/console/Command/Command.php:341
/home/joseph/projects/RideConnect/vendor/laravel/framework/src/Illuminate/Console/Command.php:180
/home/joseph/projects/RideConnect/vendor/symfony/console/Application.php:1094
/home/joseph/projects/RideConnect/vendor/symfony/console/Application.php:356
/home/joseph/projects/RideConnect/vendor/symfony/console/Application.php:195
/home/joseph/projects/RideConnect/vendor/laravel/framework/src/Illuminate/Console/Application.php:165
/home/joseph/projects/RideConnect/vendor/laravel/framework/src/Illuminate/Foundation/Console/Kernel.php:447
/home/joseph/projects/RideConnect/vendor/laravel/framework/src/Illuminate/Testing/PendingCommand.php:451
/home/joseph/projects/RideConnect/vendor/laravel/framework/src/Illuminate/Testing/PendingCommand.php:675
/home/joseph/projects/RideConnect/vendor/laravel/framework/src/Illuminate/Foundation/Testing/Concerns/InteractsWithConsole.php:87
/home/joseph/projects/RideConnect/vendor/laravel/framework/src/Illuminate/Foundation/Testing/RefreshDatabase.php:119
/home/joseph/projects/RideConnect/vendor/laravel/framework/src/Illuminate/Foundation/Testing/RefreshDatabase.php:84
/home/joseph/projects/RideConnect/vendor/laravel/framework/src/Illuminate/Foundation/Testing/RefreshDatabase.php:25
/home/joseph/projects/RideConnect/vendor/laravel/framework/src/Illuminate/Foundation/Testing/Concerns/InteractsWithTestCaseLifecycle.php:217
/home/joseph/projects/RideConnect/vendor/laravel/framework/src/Illuminate/Foundation/Testing/Concerns/InteractsWithTestCaseLifecycle.php:101
/home/joseph/projects/RideConnect/vendor/laravel/framework/src/Illuminate/Foundation/Testing/TestCase.php:63
/home/joseph/projects/RideConnect/tests/Unit/EventReplayTest.php:29</error>
        </testcase>
      </testsuite>
      <testsuite name="Tests\Unit\ExampleTest" file="/home/joseph/projects/RideConnect/tests/Unit/ExampleTest.php" tests="1" assertions="1" errors="0" failures="0" skipped="0" time="0.000175">
        <testcase name="test_that_true_is_true" file="/home/joseph/projects/RideConnect/tests/Unit/ExampleTest.php" line="12" class="Tests\Unit\ExampleTest" classname="Tests.Unit.ExampleTest" assertions="1" time="0.000175"/>
      </testsuite>
      <testsuite name="Tests\Unit\LedgerDoubleEntryTest" file="/home/joseph/projects/RideConnect/tests/Unit/LedgerDoubleEntryTest.php" tests="9" assertions="0" errors="9" failures="0" skipped="0" time="0.000000">
        <testcase name="test_balanced_transaction_is_recorded" file="/home/joseph/projects/RideConnect/tests/Unit/LedgerDoubleEntryTest.php" line="31" class="Tests\Unit\LedgerDoubleEntryTest" classname="Tests.Unit.LedgerDoubleEntryTest" assertions="0" time="0.000000">
          <error type="Illuminate\Database\QueryException">Tests\Unit\LedgerDoubleEntryTest::test_balanced_transaction_is_recorded
Illuminate\Database\QueryException: could not find driver (Connection: sqlite, Database: :memory:, SQL: select exists (select 1 from "main".sqlite_master where name = 'migrations' and type = 'table') as "exists")

/home/joseph/projects/RideConnect/vendor/laravel/framework/src/Illuminate/Database/Connection.php:838
/home/joseph/projects/RideConnect/vendor/laravel/framework/src/Illuminate/Database/Connection.php:794
/home/joseph/projects/RideConnect/vendor/laravel/framework/src/Illuminate/Database/Connection.php:411
/home/joseph/projects/RideConnect/vendor/laravel/framework/src/Illuminate/Database/Connection.php:357
/home/joseph/projects/RideConnect/vendor/laravel/framework/src/Illuminate/Database/Connection.php:374
/home/joseph/projects/RideConnect/vendor/laravel/framework/src/Illuminate/Database/Schema/Builder.php:176
/home/joseph/projects/RideConnect/vendor/laravel/framework/src/Illuminate/Database/Migrations/DatabaseMigrationRepository.php:185
/home/joseph/projects/RideConnect/vendor/laravel/framework/src/Illuminate/Database/Migrations/Migrator.php:758
/home/joseph/projects/RideConnect/vendor/laravel/framework/src/Illuminate/Database/Console/Migrations/MigrateCommand.php:164
/home/joseph/projects/RideConnect/vendor/laravel/framework/src/Illuminate/Support/helpers.php:328
/home/joseph/projects/RideConnect/vendor/laravel/framework/src/Illuminate/Database/Console/Migrations/MigrateCommand.php:164
/home/joseph/projects/RideConnect/vendor/laravel/framework/src/Illuminate/Database/Console/Migrations/MigrateCommand.php:140
/home/joseph/projects/RideConnect/vendor/laravel/framework/src/Illuminate/Database/Console/Migrations/MigrateCommand.php:110
/home/joseph/projects/RideConnect/vendor/laravel/framework/src/Illuminate/Database/Migrations/Migrator.php:671
/home/joseph/projects/RideConnect/vendor/laravel/framework/src/Illuminate/Database/Console/Migrations/MigrateCommand.php:109
/home/joseph/projects/RideConnect/vendor/laravel/framework/src/Illuminate/Database/Console/Migrations/MigrateCommand.php:88
/home/joseph/projects/RideConnect/vendor/laravel/framework/src/Illuminate/Container/BoundMethod.php:36
/home/joseph/projects/RideConnect/vendor/laravel/framework/src/Illuminate/Container/Util.php:43
/home/joseph/projects/RideConnect/vendor/laravel/framework/src/Illuminate/Container/BoundMethod.php:96
/home/joseph/projects/RideConnect/vendor/laravel/framework/src/Illuminate/Container/BoundMethod.php:35
/home/joseph/projects/RideConnect/vendor/laravel/framework/src/Illuminate/Container/Container.php:799
/home/joseph/projects/RideConnect/vendor/laravel/framework/src/Illuminate/Console/Command.php:211
/home/joseph/projects/RideConnect/vendor/symfony/console/Command/Command.php:341
/home/joseph/projects/RideConnect/vendor/laravel/framework/src/Illuminate/Console/Command.php:180
/home/joseph/projects/RideConnect/vendor/laravel/framework/src/Illuminate/Console/Concerns/CallsCommands.php:68
/home/joseph/projects/RideConnect/vendor/laravel/framework/src/Illuminate/Console/Concerns/CallsCommands.php:29
/home/joseph/projects/RideConnect/vendor/laravel/framework/src/Illuminate/Database/Console/Migrations/FreshCommand.php:88
/home/joseph/projects/RideConnect/vendor/laravel/framework/src/Illuminate/Container/BoundMethod.php:36
/home/joseph/projects/RideConnect/vendor/laravel/framework/src/Illuminate/Container/Util.php:43
/home/joseph/projects/RideConnect/vendor/laravel/framework/src/Illuminate/Container/BoundMethod.php:96
/home/joseph/projects/RideConnect/vendor/laravel/framework/src/Illuminate/Container/BoundMethod.php:35
/home/joseph/projects/RideConnect/vendor/laravel/framework/src/Illuminate/Container/Container.php:799
/home/joseph/projects/RideConnect/vendor/laravel/framework/src/Illuminate/Console/Command.php:211
/home/joseph/projects/RideConnect/vendor/symfony/console/Command/Command.php:341
/home/joseph/projects/RideConnect/vendor/laravel/framework/src/Illuminate/Console/Command.php:180
/home/joseph/projects/RideConnect/vendor/symfony/console/Application.php:1094
/home/joseph/projects/RideConnect/vendor/symfony/console/Application.php:356
/home/joseph/projects/RideConnect/vendor/symfony/console/Application.php:195
/home/joseph/projects/RideConnect/vendor/laravel/framework/src/Illuminate/Console/Application.php:165
/home/joseph/projects/RideConnect/vendor/laravel/framework/src/Illuminate/Foundation/Console/Kernel.php:447
/home/joseph/projects/RideConnect/vendor/laravel/framework/src/Illuminate/Testing/PendingCommand.php:451
/home/joseph/projects/RideConnect/vendor/laravel/framework/src/Illuminate/Testing/PendingCommand.php:675
/home/joseph/projects/RideConnect/vendor/laravel/framework/src/Illuminate/Foundation/Testing/Concerns/InteractsWithConsole.php:87
/home/joseph/projects/RideConnect/vendor/laravel/framework/src/Illuminate/Foundation/Testing/RefreshDatabase.php:119
/home/joseph/projects/RideConnect/vendor/laravel/framework/src/Illuminate/Foundation/Testing/RefreshDatabase.php:84
/home/joseph/projects/RideConnect/vendor/laravel/framework/src/Illuminate/Foundation/Testing/RefreshDatabase.php:25
/home/joseph/projects/RideConnect/vendor/laravel/framework/src/Illuminate/Foundation/Testing/Concerns/InteractsWithTestCaseLifecycle.php:217
/home/joseph/projects/RideConnect/vendor/laravel/framework/src/Illuminate/Foundation/Testing/Concerns/InteractsWithTestCaseLifecycle.php:101
/home/joseph/projects/RideConnect/vendor/laravel/framework/src/Illuminate/Foundation/Testing/TestCase.php:63
/home/joseph/projects/RideConnect/tests/Unit/LedgerDoubleEntryTest.php:23</error>
        </testcase>
        <testcase name="test_imbalanced_transaction_throws_exception" file="/home/joseph/projects/RideConnect/tests/Unit/LedgerDoubleEntryTest.php" line="53" class="Tests\Unit\LedgerDoubleEntryTest" classname="Tests.Unit.LedgerDoubleEntryTest" assertions="0" time="0.000000">
          <error type="Illuminate\Database\QueryException">Tests\Unit\LedgerDoubleEntryTest::test_imbalanced_transaction_throws_exception
Illuminate\Database\QueryException: could not find driver (Connection: sqlite, Database: :memory:, SQL: select exists (select 1 from "main".sqlite_master where name = 'migrations' and type = 'table') as "exists")

/home/joseph/projects/RideConnect/vendor/laravel/framework/src/Illuminate/Database/Connection.php:838
/home/joseph/projects/RideConnect/vendor/laravel/framework/src/Illuminate/Database/Connection.php:794
/home/joseph/projects/RideConnect/vendor/laravel/framework/src/Illuminate/Database/Connection.php:411
/home/joseph/projects/RideConnect/vendor/laravel/framework/src/Illuminate/Database/Connection.php:357
/home/joseph/projects/RideConnect/vendor/laravel/framework/src/Illuminate/Database/Connection.php:374
/home/joseph/projects/RideConnect/vendor/laravel/framework/src/Illuminate/Database/Schema/Builder.php:176
/home/joseph/projects/RideConnect/vendor/laravel/framework/src/Illuminate/Database/Migrations/DatabaseMigrationRepository.php:185
/home/joseph/projects/RideConnect/vendor/laravel/framework/src/Illuminate/Database/Migrations/Migrator.php:758
/home/joseph/projects/RideConnect/vendor/laravel/framework/src/Illuminate/Database/Console/Migrations/MigrateCommand.php:164
/home/joseph/projects/RideConnect/vendor/laravel/framework/src/Illuminate/Support/helpers.php:328
/home/joseph/projects/RideConnect/vendor/laravel/framework/src/Illuminate/Database/Console/Migrations/MigrateCommand.php:164
/home/joseph/projects/RideConnect/vendor/laravel/framework/src/Illuminate/Database/Console/Migrations/MigrateCommand.php:140
/home/joseph/projects/RideConnect/vendor/laravel/framework/src/Illuminate/Database/Console/Migrations/MigrateCommand.php:110
/home/joseph/projects/RideConnect/vendor/laravel/framework/src/Illuminate/Database/Migrations/Migrator.php:671
/home/joseph/projects/RideConnect/vendor/laravel/framework/src/Illuminate/Database/Console/Migrations/MigrateCommand.php:109
/home/joseph/projects/RideConnect/vendor/laravel/framework/src/Illuminate/Database/Console/Migrations/MigrateCommand.php:88
/home/joseph/projects/RideConnect/vendor/laravel/framework/src/Illuminate/Container/BoundMethod.php:36
/home/joseph/projects/RideConnect/vendor/laravel/framework/src/Illuminate/Container/Util.php:43
/home/joseph/projects/RideConnect/vendor/laravel/framework/src/Illuminate/Container/BoundMethod.php:96
/home/joseph/projects/RideConnect/vendor/laravel/framework/src/Illuminate/Container/BoundMethod.php:35
/home/joseph/projects/RideConnect/vendor/laravel/framework/src/Illuminate/Container/Container.php:799
/home/joseph/projects/RideConnect/vendor/laravel/framework/src/Illuminate/Console/Command.php:211
/home/joseph/projects/RideConnect/vendor/symfony/console/Command/Command.php:341
/home/joseph/projects/RideConnect/vendor/laravel/framework/src/Illuminate/Console/Command.php:180
/home/joseph/projects/RideConnect/vendor/laravel/framework/src/Illuminate/Console/Concerns/CallsCommands.php:68
/home/joseph/projects/RideConnect/vendor/laravel/framework/src/Illuminate/Console/Concerns/CallsCommands.php:29
/home/joseph/projects/RideConnect/vendor/laravel/framework/src/Illuminate/Database/Console/Migrations/FreshCommand.php:88
/home/joseph/projects/RideConnect/vendor/laravel/framework/src/Illuminate/Container/BoundMethod.php:36
/home/joseph/projects/RideConnect/vendor/laravel/framework/src/Illuminate/Container/Util.php:43
/home/joseph/projects/RideConnect/vendor/laravel/framework/src/Illuminate/Container/BoundMethod.php:96
/home/joseph/projects/RideConnect/vendor/laravel/framework/src/Illuminate/Container/BoundMethod.php:35
/home/joseph/projects/RideConnect/vendor/laravel/framework/src/Illuminate/Container/Container.php:799
/home/joseph/projects/RideConnect/vendor/laravel/framework/src/Illuminate/Console/Command.php:211
/home/joseph/projects/RideConnect/vendor/symfony/console/Command/Command.php:341
/home/joseph/projects/RideConnect/vendor/laravel/framework/src/Illuminate/Console/Command.php:180
/home/joseph/projects/RideConnect/vendor/symfony/console/Application.php:1094
/home/joseph/projects/RideConnect/vendor/symfony/console/Application.php:356
/home/joseph/projects/RideConnect/vendor/symfony/console/Application.php:195
/home/joseph/projects/RideConnect/vendor/laravel/framework/src/Illuminate/Console/Application.php:165
/home/joseph/projects/RideConnect/vendor/laravel/framework/src/Illuminate/Foundation/Console/Kernel.php:447
/home/joseph/projects/RideConnect/vendor/laravel/framework/src/Illuminate/Testing/PendingCommand.php:451
/home/joseph/projects/RideConnect/vendor/laravel/framework/src/Illuminate/Testing/PendingCommand.php:675
/home/joseph/projects/RideConnect/vendor/laravel/framework/src/Illuminate/Foundation/Testing/Concerns/InteractsWithConsole.php:87
/home/joseph/projects/RideConnect/vendor/laravel/framework/src/Illuminate/Foundation/Testing/RefreshDatabase.php:119
/home/joseph/projects/RideConnect/vendor/laravel/framework/src/Illuminate/Foundation/Testing/RefreshDatabase.php:84
/home/joseph/projects/RideConnect/vendor/laravel/framework/src/Illuminate/Foundation/Testing/RefreshDatabase.php:25
/home/joseph/projects/RideConnect/vendor/laravel/framework/src/Illuminate/Foundation/Testing/Concerns/InteractsWithTestCaseLifecycle.php:217
/home/joseph/projects/RideConnect/vendor/laravel/framework/src/Illuminate/Foundation/Testing/Concerns/InteractsWithTestCaseLifecycle.php:101
/home/joseph/projects/RideConnect/vendor/laravel/framework/src/Illuminate/Foundation/Testing/TestCase.php:63
/home/joseph/projects/RideConnect/tests/Unit/LedgerDoubleEntryTest.php:23</error>
        </testcase>
        <testcase name="test_single_entry_throws_exception" file="/home/joseph/projects/RideConnect/tests/Unit/LedgerDoubleEntryTest.php" line="71" class="Tests\Unit\LedgerDoubleEntryTest" classname="Tests.Unit.LedgerDoubleEntryTest" assertions="0" time="0.000000">
          <error type="Illuminate\Database\QueryException">Tests\Unit\LedgerDoubleEntryTest::test_single_entry_throws_exception
Illuminate\Database\QueryException: could not find driver (Connection: sqlite, Database: :memory:, SQL: select exists (select 1 from "main".sqlite_master where name = 'migrations' and type = 'table') as "exists")

/home/joseph/projects/RideConnect/vendor/laravel/framework/src/Illuminate/Database/Connection.php:838
/home/joseph/projects/RideConnect/vendor/laravel/framework/src/Illuminate/Database/Connection.php:794
/home/joseph/projects/RideConnect/vendor/laravel/framework/src/Illuminate/Database/Connection.php:411
/home/joseph/projects/RideConnect/vendor/laravel/framework/src/Illuminate/Database/Connection.php:357
/home/joseph/projects/RideConnect/vendor/laravel/framework/src/Illuminate/Database/Connection.php:374
/home/joseph/projects/RideConnect/vendor/laravel/framework/src/Illuminate/Database/Schema/Builder.php:176
/home/joseph/projects/RideConnect/vendor/laravel/framework/src/Illuminate/Database/Migrations/DatabaseMigrationRepository.php:185
/home/joseph/projects/RideConnect/vendor/laravel/framework/src/Illuminate/Database/Migrations/Migrator.php:758
/home/joseph/projects/RideConnect/vendor/laravel/framework/src/Illuminate/Database/Console/Migrations/MigrateCommand.php:164
/home/joseph/projects/RideConnect/vendor/laravel/framework/src/Illuminate/Support/helpers.php:328
/home/joseph/projects/RideConnect/vendor/laravel/framework/src/Illuminate/Database/Console/Migrations/MigrateCommand.php:164
/home/joseph/projects/RideConnect/vendor/laravel/framework/src/Illuminate/Database/Console/Migrations/MigrateCommand.php:140
/home/joseph/projects/RideConnect/vendor/laravel/framework/src/Illuminate/Database/Console/Migrations/MigrateCommand.php:110
/home/joseph/projects/RideConnect/vendor/laravel/framework/src/Illuminate/Database/Migrations/Migrator.php:671
/home/joseph/projects/RideConnect/vendor/laravel/framework/src/Illuminate/Database/Console/Migrations/MigrateCommand.php:109
/home/joseph/projects/RideConnect/vendor/laravel/framework/src/Illuminate/Database/Console/Migrations/MigrateCommand.php:88
/home/joseph/projects/RideConnect/vendor/laravel/framework/src/Illuminate/Container/BoundMethod.php:36
/home/joseph/projects/RideConnect/vendor/laravel/framework/src/Illuminate/Container/Util.php:43
/home/joseph/projects/RideConnect/vendor/laravel/framework/src/Illuminate/Container/BoundMethod.php:96
/home/joseph/projects/RideConnect/vendor/laravel/framework/src/Illuminate/Container/BoundMethod.php:35
/home/joseph/projects/RideConnect/vendor/laravel/framework/src/Illuminate/Container/Container.php:799
/home/joseph/projects/RideConnect/vendor/laravel/framework/src/Illuminate/Console/Command.php:211
/home/joseph/projects/RideConnect/vendor/symfony/console/Command/Command.php:341
/home/joseph/projects/RideConnect/vendor/laravel/framework/src/Illuminate/Console/Command.php:180
/home/joseph/projects/RideConnect/vendor/laravel/framework/src/Illuminate/Console/Concerns/CallsCommands.php:68
/home/joseph/projects/RideConnect/vendor/laravel/framework/src/Illuminate/Console/Concerns/CallsCommands.php:29
/home/joseph/projects/RideConnect/vendor/laravel/framework/src/Illuminate/Database/Console/Migrations/FreshCommand.php:88
/home/joseph/projects/RideConnect/vendor/laravel/framework/src/Illuminate/Container/BoundMethod.php:36
/home/joseph/projects/RideConnect/vendor/laravel/framework/src/Illuminate/Container/Util.php:43
/home/joseph/projects/RideConnect/vendor/laravel/framework/src/Illuminate/Container/BoundMethod.php:96
/home/joseph/projects/RideConnect/vendor/laravel/framework/src/Illuminate/Container/BoundMethod.php:35
/home/joseph/projects/RideConnect/vendor/laravel/framework/src/Illuminate/Container/Container.php:799
/home/joseph/projects/RideConnect/vendor/laravel/framework/src/Illuminate/Console/Command.php:211
/home/joseph/projects/RideConnect/vendor/symfony/console/Command/Command.php:341
/home/joseph/projects/RideConnect/vendor/laravel/framework/src/Illuminate/Console/Command.php:180
/home/joseph/projects/RideConnect/vendor/symfony/console/Application.php:1094
/home/joseph/projects/RideConnect/vendor/symfony/console/Application.php:356
/home/joseph/projects/RideConnect/vendor/symfony/console/Application.php:195
/home/joseph/projects/RideConnect/vendor/laravel/framework/src/Illuminate/Console/Application.php:165
/home/joseph/projects/RideConnect/vendor/laravel/framework/src/Illuminate/Foundation/Console/Kernel.php:447
/home/joseph/projects/RideConnect/vendor/laravel/framework/src/Illuminate/Testing/PendingCommand.php:451
/home/joseph/projects/RideConnect/vendor/laravel/framework/src/Illuminate/Testing/PendingCommand.php:675
/home/joseph/projects/RideConnect/vendor/laravel/framework/src/Illuminate/Foundation/Testing/Concerns/InteractsWithConsole.php:87
/home/joseph/projects/RideConnect/vendor/laravel/framework/src/Illuminate/Foundation/Testing/RefreshDatabase.php:119
/home/joseph/projects/RideConnect/vendor/laravel/framework/src/Illuminate/Foundation/Testing/RefreshDatabase.php:84
/home/joseph/projects/RideConnect/vendor/laravel/framework/src/Illuminate/Foundation/Testing/RefreshDatabase.php:25
/home/joseph/projects/RideConnect/vendor/laravel/framework/src/Illuminate/Foundation/Testing/Concerns/InteractsWithTestCaseLifecycle.php:217
/home/joseph/projects/RideConnect/vendor/laravel/framework/src/Illuminate/Foundation/Testing/Concerns/InteractsWithTestCaseLifecycle.php:101
/home/joseph/projects/RideConnect/vendor/laravel/framework/src/Illuminate/Foundation/Testing/TestCase.php:63
/home/joseph/projects/RideConnect/tests/Unit/LedgerDoubleEntryTest.php:23</error>
        </testcase>
        <testcase name="test_settlement_flow_creates_balanced_entries" file="/home/joseph/projects/RideConnect/tests/Unit/LedgerDoubleEntryTest.php" line="87" class="Tests\Unit\LedgerDoubleEntryTest" classname="Tests.Unit.LedgerDoubleEntryTest" assertions="0" time="0.000000">
          <error type="Illuminate\Database\QueryException">Tests\Unit\LedgerDoubleEntryTest::test_settlement_flow_creates_balanced_entries
Illuminate\Database\QueryException: could not find driver (Connection: sqlite, Database: :memory:, SQL: select exists (select 1 from "main".sqlite_master where name = 'migrations' and type = 'table') as "exists")

/home/joseph/projects/RideConnect/vendor/laravel/framework/src/Illuminate/Database/Connection.php:838
/home/joseph/projects/RideConnect/vendor/laravel/framework/src/Illuminate/Database/Connection.php:794
/home/joseph/projects/RideConnect/vendor/laravel/framework/src/Illuminate/Database/Connection.php:411
/home/joseph/projects/RideConnect/vendor/laravel/framework/src/Illuminate/Database/Connection.php:357
/home/joseph/projects/RideConnect/vendor/laravel/framework/src/Illuminate/Database/Connection.php:374
/home/joseph/projects/RideConnect/vendor/laravel/framework/src/Illuminate/Database/Schema/Builder.php:176
/home/joseph/projects/RideConnect/vendor/laravel/framework/src/Illuminate/Database/Migrations/DatabaseMigrationRepository.php:185
/home/joseph/projects/RideConnect/vendor/laravel/framework/src/Illuminate/Database/Migrations/Migrator.php:758
/home/joseph/projects/RideConnect/vendor/laravel/framework/src/Illuminate/Database/Console/Migrations/MigrateCommand.php:164
/home/joseph/projects/RideConnect/vendor/laravel/framework/src/Illuminate/Support/helpers.php:328
/home/joseph/projects/RideConnect/vendor/laravel/framework/src/Illuminate/Database/Console/Migrations/MigrateCommand.php:164
/home/joseph/projects/RideConnect/vendor/laravel/framework/src/Illuminate/Database/Console/Migrations/MigrateCommand.php:140
/home/joseph/projects/RideConnect/vendor/laravel/framework/src/Illuminate/Database/Console/Migrations/MigrateCommand.php:110
/home/joseph/projects/RideConnect/vendor/laravel/framework/src/Illuminate/Database/Migrations/Migrator.php:671
/home/joseph/projects/RideConnect/vendor/laravel/framework/src/Illuminate/Database/Console/Migrations/MigrateCommand.php:109
/home/joseph/projects/RideConnect/vendor/laravel/framework/src/Illuminate/Database/Console/Migrations/MigrateCommand.php:88
/home/joseph/projects/RideConnect/vendor/laravel/framework/src/Illuminate/Container/BoundMethod.php:36
/home/joseph/projects/RideConnect/vendor/laravel/framework/src/Illuminate/Container/Util.php:43
/home/joseph/projects/RideConnect/vendor/laravel/framework/src/Illuminate/Container/BoundMethod.php:96
/home/joseph/projects/RideConnect/vendor/laravel/framework/src/Illuminate/Container/BoundMethod.php:35
/home/joseph/projects/RideConnect/vendor/laravel/framework/src/Illuminate/Container/Container.php:799
/home/joseph/projects/RideConnect/vendor/laravel/framework/src/Illuminate/Console/Command.php:211
/home/joseph/projects/RideConnect/vendor/symfony/console/Command/Command.php:341
/home/joseph/projects/RideConnect/vendor/laravel/framework/src/Illuminate/Console/Command.php:180
/home/joseph/projects/RideConnect/vendor/laravel/framework/src/Illuminate/Console/Concerns/CallsCommands.php:68
/home/joseph/projects/RideConnect/vendor/laravel/framework/src/Illuminate/Console/Concerns/CallsCommands.php:29
/home/joseph/projects/RideConnect/vendor/laravel/framework/src/Illuminate/Database/Console/Migrations/FreshCommand.php:88
/home/joseph/projects/RideConnect/vendor/laravel/framework/src/Illuminate/Container/BoundMethod.php:36
/home/joseph/projects/RideConnect/vendor/laravel/framework/src/Illuminate/Container/Util.php:43
/home/joseph/projects/RideConnect/vendor/laravel/framework/src/Illuminate/Container/BoundMethod.php:96
/home/joseph/projects/RideConnect/vendor/laravel/framework/src/Illuminate/Container/BoundMethod.php:35
/home/joseph/projects/RideConnect/vendor/laravel/framework/src/Illuminate/Container/Container.php:799
/home/joseph/projects/RideConnect/vendor/laravel/framework/src/Illuminate/Console/Command.php:211
/home/joseph/projects/RideConnect/vendor/symfony/console/Command/Command.php:341
/home/joseph/projects/RideConnect/vendor/laravel/framework/src/Illuminate/Console/Command.php:180
/home/joseph/projects/RideConnect/vendor/symfony/console/Application.php:1094
/home/joseph/projects/RideConnect/vendor/symfony/console/Application.php:356
/home/joseph/projects/RideConnect/vendor/symfony/console/Application.php:195
/home/joseph/projects/RideConnect/vendor/laravel/framework/src/Illuminate/Console/Application.php:165
/home/joseph/projects/RideConnect/vendor/laravel/framework/src/Illuminate/Foundation/Console/Kernel.php:447
/home/joseph/projects/RideConnect/vendor/laravel/framework/src/Illuminate/Testing/PendingCommand.php:451
/home/joseph/projects/RideConnect/vendor/laravel/framework/src/Illuminate/Testing/PendingCommand.php:675
/home/joseph/projects/RideConnect/vendor/laravel/framework/src/Illuminate/Foundation/Testing/Concerns/InteractsWithConsole.php:87
/home/joseph/projects/RideConnect/vendor/laravel/framework/src/Illuminate/Foundation/Testing/RefreshDatabase.php:119
/home/joseph/projects/RideConnect/vendor/laravel/framework/src/Illuminate/Foundation/Testing/RefreshDatabase.php:84
/home/joseph/projects/RideConnect/vendor/laravel/framework/src/Illuminate/Foundation/Testing/RefreshDatabase.php:25
/home/joseph/projects/RideConnect/vendor/laravel/framework/src/Illuminate/Foundation/Testing/Concerns/InteractsWithTestCaseLifecycle.php:217
/home/joseph/projects/RideConnect/vendor/laravel/framework/src/Illuminate/Foundation/Testing/Concerns/InteractsWithTestCaseLifecycle.php:101
/home/joseph/projects/RideConnect/vendor/laravel/framework/src/Illuminate/Foundation/Testing/TestCase.php:63
/home/joseph/projects/RideConnect/tests/Unit/LedgerDoubleEntryTest.php:23</error>
        </testcase>
        <testcase name="test_ledger_entry_cannot_be_updated_via_model" file="/home/joseph/projects/RideConnect/tests/Unit/LedgerDoubleEntryTest.php" line="113" class="Tests\Unit\LedgerDoubleEntryTest" classname="Tests.Unit.LedgerDoubleEntryTest" assertions="0" time="0.000000">
          <error type="Illuminate\Database\QueryException">Tests\Unit\LedgerDoubleEntryTest::test_ledger_entry_cannot_be_updated_via_model
Illuminate\Database\QueryException: could not find driver (Connection: sqlite, Database: :memory:, SQL: select exists (select 1 from "main".sqlite_master where name = 'migrations' and type = 'table') as "exists")

/home/joseph/projects/RideConnect/vendor/laravel/framework/src/Illuminate/Database/Connection.php:838
/home/joseph/projects/RideConnect/vendor/laravel/framework/src/Illuminate/Database/Connection.php:794
/home/joseph/projects/RideConnect/vendor/laravel/framework/src/Illuminate/Database/Connection.php:411
/home/joseph/projects/RideConnect/vendor/laravel/framework/src/Illuminate/Database/Connection.php:357
/home/joseph/projects/RideConnect/vendor/laravel/framework/src/Illuminate/Database/Connection.php:374
/home/joseph/projects/RideConnect/vendor/laravel/framework/src/Illuminate/Database/Schema/Builder.php:176
/home/joseph/projects/RideConnect/vendor/laravel/framework/src/Illuminate/Database/Migrations/DatabaseMigrationRepository.php:185
/home/joseph/projects/RideConnect/vendor/laravel/framework/src/Illuminate/Database/Migrations/Migrator.php:758
/home/joseph/projects/RideConnect/vendor/laravel/framework/src/Illuminate/Database/Console/Migrations/MigrateCommand.php:164
/home/joseph/projects/RideConnect/vendor/laravel/framework/src/Illuminate/Support/helpers.php:328
/home/joseph/projects/RideConnect/vendor/laravel/framework/src/Illuminate/Database/Console/Migrations/MigrateCommand.php:164
/home/joseph/projects/RideConnect/vendor/laravel/framework/src/Illuminate/Database/Console/Migrations/MigrateCommand.php:140
/home/joseph/projects/RideConnect/vendor/laravel/framework/src/Illuminate/Database/Console/Migrations/MigrateCommand.php:110
/home/joseph/projects/RideConnect/vendor/laravel/framework/src/Illuminate/Database/Migrations/Migrator.php:671
/home/joseph/projects/RideConnect/vendor/laravel/framework/src/Illuminate/Database/Console/Migrations/MigrateCommand.php:109
/home/joseph/projects/RideConnect/vendor/laravel/framework/src/Illuminate/Database/Console/Migrations/MigrateCommand.php:88
/home/joseph/projects/RideConnect/vendor/laravel/framework/src/Illuminate/Container/BoundMethod.php:36
/home/joseph/projects/RideConnect/vendor/laravel/framework/src/Illuminate/Container/Util.php:43
/home/joseph/projects/RideConnect/vendor/laravel/framework/src/Illuminate/Container/BoundMethod.php:96
/home/joseph/projects/RideConnect/vendor/laravel/framework/src/Illuminate/Container/BoundMethod.php:35
/home/joseph/projects/RideConnect/vendor/laravel/framework/src/Illuminate/Container/Container.php:799
/home/joseph/projects/RideConnect/vendor/laravel/framework/src/Illuminate/Console/Command.php:211
/home/joseph/projects/RideConnect/vendor/symfony/console/Command/Command.php:341
/home/joseph/projects/RideConnect/vendor/laravel/framework/src/Illuminate/Console/Command.php:180
/home/joseph/projects/RideConnect/vendor/laravel/framework/src/Illuminate/Console/Concerns/CallsCommands.php:68
/home/joseph/projects/RideConnect/vendor/laravel/framework/src/Illuminate/Console/Concerns/CallsCommands.php:29
/home/joseph/projects/RideConnect/vendor/laravel/framework/src/Illuminate/Database/Console/Migrations/FreshCommand.php:88
/home/joseph/projects/RideConnect/vendor/laravel/framework/src/Illuminate/Container/BoundMethod.php:36
/home/joseph/projects/RideConnect/vendor/laravel/framework/src/Illuminate/Container/Util.php:43
/home/joseph/projects/RideConnect/vendor/laravel/framework/src/Illuminate/Container/BoundMethod.php:96
/home/joseph/projects/RideConnect/vendor/laravel/framework/src/Illuminate/Container/BoundMethod.php:35
/home/joseph/projects/RideConnect/vendor/laravel/framework/src/Illuminate/Container/Container.php:799
/home/joseph/projects/RideConnect/vendor/laravel/framework/src/Illuminate/Console/Command.php:211
/home/joseph/projects/RideConnect/vendor/symfony/console/Command/Command.php:341
/home/joseph/projects/RideConnect/vendor/laravel/framework/src/Illuminate/Console/Command.php:180
/home/joseph/projects/RideConnect/vendor/symfony/console/Application.php:1094
/home/joseph/projects/RideConnect/vendor/symfony/console/Application.php:356
/home/joseph/projects/RideConnect/vendor/symfony/console/Application.php:195
/home/joseph/projects/RideConnect/vendor/laravel/framework/src/Illuminate/Console/Application.php:165
/home/joseph/projects/RideConnect/vendor/laravel/framework/src/Illuminate/Foundation/Console/Kernel.php:447
/home/joseph/projects/RideConnect/vendor/laravel/framework/src/Illuminate/Testing/PendingCommand.php:451
/home/joseph/projects/RideConnect/vendor/laravel/framework/src/Illuminate/Testing/PendingCommand.php:675
/home/joseph/projects/RideConnect/vendor/laravel/framework/src/Illuminate/Foundation/Testing/Concerns/InteractsWithConsole.php:87
/home/joseph/projects/RideConnect/vendor/laravel/framework/src/Illuminate/Foundation/Testing/RefreshDatabase.php:119
/home/joseph/projects/RideConnect/vendor/laravel/framework/src/Illuminate/Foundation/Testing/RefreshDatabase.php:84
/home/joseph/projects/RideConnect/vendor/laravel/framework/src/Illuminate/Foundation/Testing/RefreshDatabase.php:25
/home/joseph/projects/RideConnect/vendor/laravel/framework/src/Illuminate/Foundation/Testing/Concerns/InteractsWithTestCaseLifecycle.php:217
/home/joseph/projects/RideConnect/vendor/laravel/framework/src/Illuminate/Foundation/Testing/Concerns/InteractsWithTestCaseLifecycle.php:101
/home/joseph/projects/RideConnect/vendor/laravel/framework/src/Illuminate/Foundation/Testing/TestCase.php:63
/home/joseph/projects/RideConnect/tests/Unit/LedgerDoubleEntryTest.php:23</error>
        </testcase>
        <testcase name="test_ledger_entry_cannot_be_deleted_via_model" file="/home/joseph/projects/RideConnect/tests/Unit/LedgerDoubleEntryTest.php" line="134" class="Tests\Unit\LedgerDoubleEntryTest" classname="Tests.Unit.LedgerDoubleEntryTest" assertions="0" time="0.000000">
          <error type="Illuminate\Database\QueryException">Tests\Unit\LedgerDoubleEntryTest::test_ledger_entry_cannot_be_deleted_via_model
Illuminate\Database\QueryException: could not find driver (Connection: sqlite, Database: :memory:, SQL: select exists (select 1 from "main".sqlite_master where name = 'migrations' and type = 'table') as "exists")

/home/joseph/projects/RideConnect/vendor/laravel/framework/src/Illuminate/Database/Connection.php:838
/home/joseph/projects/RideConnect/vendor/laravel/framework/src/Illuminate/Database/Connection.php:794
/home/joseph/projects/RideConnect/vendor/laravel/framework/src/Illuminate/Database/Connection.php:411
/home/joseph/projects/RideConnect/vendor/laravel/framework/src/Illuminate/Database/Connection.php:357
/home/joseph/projects/RideConnect/vendor/laravel/framework/src/Illuminate/Database/Connection.php:374
/home/joseph/projects/RideConnect/vendor/laravel/framework/src/Illuminate/Database/Schema/Builder.php:176
/home/joseph/projects/RideConnect/vendor/laravel/framework/src/Illuminate/Database/Migrations/DatabaseMigrationRepository.php:185
/home/joseph/projects/RideConnect/vendor/laravel/framework/src/Illuminate/Database/Migrations/Migrator.php:758
/home/joseph/projects/RideConnect/vendor/laravel/framework/src/Illuminate/Database/Console/Migrations/MigrateCommand.php:164
/home/joseph/projects/RideConnect/vendor/laravel/framework/src/Illuminate/Support/helpers.php:328
/home/joseph/projects/RideConnect/vendor/laravel/framework/src/Illuminate/Database/Console/Migrations/MigrateCommand.php:164
/home/joseph/projects/RideConnect/vendor/laravel/framework/src/Illuminate/Database/Console/Migrations/MigrateCommand.php:140
/home/joseph/projects/RideConnect/vendor/laravel/framework/src/Illuminate/Database/Console/Migrations/MigrateCommand.php:110
/home/joseph/projects/RideConnect/vendor/laravel/framework/src/Illuminate/Database/Migrations/Migrator.php:671
/home/joseph/projects/RideConnect/vendor/laravel/framework/src/Illuminate/Database/Console/Migrations/MigrateCommand.php:109
/home/joseph/projects/RideConnect/vendor/laravel/framework/src/Illuminate/Database/Console/Migrations/MigrateCommand.php:88
/home/joseph/projects/RideConnect/vendor/laravel/framework/src/Illuminate/Container/BoundMethod.php:36
/home/joseph/projects/RideConnect/vendor/laravel/framework/src/Illuminate/Container/Util.php:43
/home/joseph/projects/RideConnect/vendor/laravel/framework/src/Illuminate/Container/BoundMethod.php:96
/home/joseph/projects/RideConnect/vendor/laravel/framework/src/Illuminate/Container/BoundMethod.php:35
/home/joseph/projects/RideConnect/vendor/laravel/framework/src/Illuminate/Container/Container.php:799
/home/joseph/projects/RideConnect/vendor/laravel/framework/src/Illuminate/Console/Command.php:211
/home/joseph/projects/RideConnect/vendor/symfony/console/Command/Command.php:341
/home/joseph/projects/RideConnect/vendor/laravel/framework/src/Illuminate/Console/Command.php:180
/home/joseph/projects/RideConnect/vendor/laravel/framework/src/Illuminate/Console/Concerns/CallsCommands.php:68
/home/joseph/projects/RideConnect/vendor/laravel/framework/src/Illuminate/Console/Concerns/CallsCommands.php:29
/home/joseph/projects/RideConnect/vendor/laravel/framework/src/Illuminate/Database/Console/Migrations/FreshCommand.php:88
/home/joseph/projects/RideConnect/vendor/laravel/framework/src/Illuminate/Container/BoundMethod.php:36
/home/joseph/projects/RideConnect/vendor/laravel/framework/src/Illuminate/Container/Util.php:43
/home/joseph/projects/RideConnect/vendor/laravel/framework/src/Illuminate/Container/BoundMethod.php:96
/home/joseph/projects/RideConnect/vendor/laravel/framework/src/Illuminate/Container/BoundMethod.php:35
/home/joseph/projects/RideConnect/vendor/laravel/framework/src/Illuminate/Container/Container.php:799
/home/joseph/projects/RideConnect/vendor/laravel/framework/src/Illuminate/Console/Command.php:211
/home/joseph/projects/RideConnect/vendor/symfony/console/Command/Command.php:341
/home/joseph/projects/RideConnect/vendor/laravel/framework/src/Illuminate/Console/Command.php:180
/home/joseph/projects/RideConnect/vendor/symfony/console/Application.php:1094
/home/joseph/projects/RideConnect/vendor/symfony/console/Application.php:356
/home/joseph/projects/RideConnect/vendor/symfony/console/Application.php:195
/home/joseph/projects/RideConnect/vendor/laravel/framework/src/Illuminate/Console/Application.php:165
/home/joseph/projects/RideConnect/vendor/laravel/framework/src/Illuminate/Foundation/Console/Kernel.php:447
/home/joseph/projects/RideConnect/vendor/laravel/framework/src/Illuminate/Testing/PendingCommand.php:451
/home/joseph/projects/RideConnect/vendor/laravel/framework/src/Illuminate/Testing/PendingCommand.php:675
/home/joseph/projects/RideConnect/vendor/laravel/framework/src/Illuminate/Foundation/Testing/Concerns/InteractsWithConsole.php:87
/home/joseph/projects/RideConnect/vendor/laravel/framework/src/Illuminate/Foundation/Testing/RefreshDatabase.php:119
/home/joseph/projects/RideConnect/vendor/laravel/framework/src/Illuminate/Foundation/Testing/RefreshDatabase.php:84
/home/joseph/projects/RideConnect/vendor/laravel/framework/src/Illuminate/Foundation/Testing/RefreshDatabase.php:25
/home/joseph/projects/RideConnect/vendor/laravel/framework/src/Illuminate/Foundation/Testing/Concerns/InteractsWithTestCaseLifecycle.php:217
/home/joseph/projects/RideConnect/vendor/laravel/framework/src/Illuminate/Foundation/Testing/Concerns/InteractsWithTestCaseLifecycle.php:101
/home/joseph/projects/RideConnect/vendor/laravel/framework/src/Illuminate/Foundation/Testing/TestCase.php:63
/home/joseph/projects/RideConnect/tests/Unit/LedgerDoubleEntryTest.php:23</error>
        </testcase>
        <testcase name="test_refund_flow_balances" file="/home/joseph/projects/RideConnect/tests/Unit/LedgerDoubleEntryTest.php" line="155" class="Tests\Unit\LedgerDoubleEntryTest" classname="Tests.Unit.LedgerDoubleEntryTest" assertions="0" time="0.000000">
          <error type="Illuminate\Database\QueryException">Tests\Unit\LedgerDoubleEntryTest::test_refund_flow_balances
Illuminate\Database\QueryException: could not find driver (Connection: sqlite, Database: :memory:, SQL: select exists (select 1 from "main".sqlite_master where name = 'migrations' and type = 'table') as "exists")

/home/joseph/projects/RideConnect/vendor/laravel/framework/src/Illuminate/Database/Connection.php:838
/home/joseph/projects/RideConnect/vendor/laravel/framework/src/Illuminate/Database/Connection.php:794
/home/joseph/projects/RideConnect/vendor/laravel/framework/src/Illuminate/Database/Connection.php:411
/home/joseph/projects/RideConnect/vendor/laravel/framework/src/Illuminate/Database/Connection.php:357
/home/joseph/projects/RideConnect/vendor/laravel/framework/src/Illuminate/Database/Connection.php:374
/home/joseph/projects/RideConnect/vendor/laravel/framework/src/Illuminate/Database/Schema/Builder.php:176
/home/joseph/projects/RideConnect/vendor/laravel/framework/src/Illuminate/Database/Migrations/DatabaseMigrationRepository.php:185
/home/joseph/projects/RideConnect/vendor/laravel/framework/src/Illuminate/Database/Migrations/Migrator.php:758
/home/joseph/projects/RideConnect/vendor/laravel/framework/src/Illuminate/Database/Console/Migrations/MigrateCommand.php:164
/home/joseph/projects/RideConnect/vendor/laravel/framework/src/Illuminate/Support/helpers.php:328
/home/joseph/projects/RideConnect/vendor/laravel/framework/src/Illuminate/Database/Console/Migrations/MigrateCommand.php:164
/home/joseph/projects/RideConnect/vendor/laravel/framework/src/Illuminate/Database/Console/Migrations/MigrateCommand.php:140
/home/joseph/projects/RideConnect/vendor/laravel/framework/src/Illuminate/Database/Console/Migrations/MigrateCommand.php:110
/home/joseph/projects/RideConnect/vendor/laravel/framework/src/Illuminate/Database/Migrations/Migrator.php:671
/home/joseph/projects/RideConnect/vendor/laravel/framework/src/Illuminate/Database/Console/Migrations/MigrateCommand.php:109
/home/joseph/projects/RideConnect/vendor/laravel/framework/src/Illuminate/Database/Console/Migrations/MigrateCommand.php:88
/home/joseph/projects/RideConnect/vendor/laravel/framework/src/Illuminate/Container/BoundMethod.php:36
/home/joseph/projects/RideConnect/vendor/laravel/framework/src/Illuminate/Container/Util.php:43
/home/joseph/projects/RideConnect/vendor/laravel/framework/src/Illuminate/Container/BoundMethod.php:96
/home/joseph/projects/RideConnect/vendor/laravel/framework/src/Illuminate/Container/BoundMethod.php:35
/home/joseph/projects/RideConnect/vendor/laravel/framework/src/Illuminate/Container/Container.php:799
/home/joseph/projects/RideConnect/vendor/laravel/framework/src/Illuminate/Console/Command.php:211
/home/joseph/projects/RideConnect/vendor/symfony/console/Command/Command.php:341
/home/joseph/projects/RideConnect/vendor/laravel/framework/src/Illuminate/Console/Command.php:180
/home/joseph/projects/RideConnect/vendor/laravel/framework/src/Illuminate/Console/Concerns/CallsCommands.php:68
/home/joseph/projects/RideConnect/vendor/laravel/framework/src/Illuminate/Console/Concerns/CallsCommands.php:29
/home/joseph/projects/RideConnect/vendor/laravel/framework/src/Illuminate/Database/Console/Migrations/FreshCommand.php:88
/home/joseph/projects/RideConnect/vendor/laravel/framework/src/Illuminate/Container/BoundMethod.php:36
/home/joseph/projects/RideConnect/vendor/laravel/framework/src/Illuminate/Container/Util.php:43
/home/joseph/projects/RideConnect/vendor/laravel/framework/src/Illuminate/Container/BoundMethod.php:96
/home/joseph/projects/RideConnect/vendor/laravel/framework/src/Illuminate/Container/BoundMethod.php:35
/home/joseph/projects/RideConnect/vendor/laravel/framework/src/Illuminate/Container/Container.php:799
/home/joseph/projects/RideConnect/vendor/laravel/framework/src/Illuminate/Console/Command.php:211
/home/joseph/projects/RideConnect/vendor/symfony/console/Command/Command.php:341
/home/joseph/projects/RideConnect/vendor/laravel/framework/src/Illuminate/Console/Command.php:180
/home/joseph/projects/RideConnect/vendor/symfony/console/Application.php:1094
/home/joseph/projects/RideConnect/vendor/symfony/console/Application.php:356
/home/joseph/projects/RideConnect/vendor/symfony/console/Application.php:195
/home/joseph/projects/RideConnect/vendor/laravel/framework/src/Illuminate/Console/Application.php:165
/home/joseph/projects/RideConnect/vendor/laravel/framework/src/Illuminate/Foundation/Console/Kernel.php:447
/home/joseph/projects/RideConnect/vendor/laravel/framework/src/Illuminate/Testing/PendingCommand.php:451
/home/joseph/projects/RideConnect/vendor/laravel/framework/src/Illuminate/Testing/PendingCommand.php:675
/home/joseph/projects/RideConnect/vendor/laravel/framework/src/Illuminate/Foundation/Testing/Concerns/InteractsWithConsole.php:87
/home/joseph/projects/RideConnect/vendor/laravel/framework/src/Illuminate/Foundation/Testing/RefreshDatabase.php:119
/home/joseph/projects/RideConnect/vendor/laravel/framework/src/Illuminate/Foundation/Testing/RefreshDatabase.php:84
/home/joseph/projects/RideConnect/vendor/laravel/framework/src/Illuminate/Foundation/Testing/RefreshDatabase.php:25
/home/joseph/projects/RideConnect/vendor/laravel/framework/src/Illuminate/Foundation/Testing/Concerns/InteractsWithTestCaseLifecycle.php:217
/home/joseph/projects/RideConnect/vendor/laravel/framework/src/Illuminate/Foundation/Testing/Concerns/InteractsWithTestCaseLifecycle.php:101
/home/joseph/projects/RideConnect/vendor/laravel/framework/src/Illuminate/Foundation/Testing/TestCase.php:63
/home/joseph/projects/RideConnect/tests/Unit/LedgerDoubleEntryTest.php:23</error>
        </testcase>
        <testcase name="test_asset_account_balance_is_debit_minus_credit" file="/home/joseph/projects/RideConnect/tests/Unit/LedgerDoubleEntryTest.php" line="180" class="Tests\Unit\LedgerDoubleEntryTest" classname="Tests.Unit.LedgerDoubleEntryTest" assertions="0" time="0.000000">
          <error type="Illuminate\Database\QueryException">Tests\Unit\LedgerDoubleEntryTest::test_asset_account_balance_is_debit_minus_credit
Illuminate\Database\QueryException: could not find driver (Connection: sqlite, Database: :memory:, SQL: select exists (select 1 from "main".sqlite_master where name = 'migrations' and type = 'table') as "exists")

/home/joseph/projects/RideConnect/vendor/laravel/framework/src/Illuminate/Database/Connection.php:838
/home/joseph/projects/RideConnect/vendor/laravel/framework/src/Illuminate/Database/Connection.php:794
/home/joseph/projects/RideConnect/vendor/laravel/framework/src/Illuminate/Database/Connection.php:411
/home/joseph/projects/RideConnect/vendor/laravel/framework/src/Illuminate/Database/Connection.php:357
/home/joseph/projects/RideConnect/vendor/laravel/framework/src/Illuminate/Database/Connection.php:374
/home/joseph/projects/RideConnect/vendor/laravel/framework/src/Illuminate/Database/Schema/Builder.php:176
/home/joseph/projects/RideConnect/vendor/laravel/framework/src/Illuminate/Database/Migrations/DatabaseMigrationRepository.php:185
/home/joseph/projects/RideConnect/vendor/laravel/framework/src/Illuminate/Database/Migrations/Migrator.php:758
/home/joseph/projects/RideConnect/vendor/laravel/framework/src/Illuminate/Database/Console/Migrations/MigrateCommand.php:164
/home/joseph/projects/RideConnect/vendor/laravel/framework/src/Illuminate/Support/helpers.php:328
/home/joseph/projects/RideConnect/vendor/laravel/framework/src/Illuminate/Database/Console/Migrations/MigrateCommand.php:164
/home/joseph/projects/RideConnect/vendor/laravel/framework/src/Illuminate/Database/Console/Migrations/MigrateCommand.php:140
/home/joseph/projects/RideConnect/vendor/laravel/framework/src/Illuminate/Database/Console/Migrations/MigrateCommand.php:110
/home/joseph/projects/RideConnect/vendor/laravel/framework/src/Illuminate/Database/Migrations/Migrator.php:671
/home/joseph/projects/RideConnect/vendor/laravel/framework/src/Illuminate/Database/Console/Migrations/MigrateCommand.php:109
/home/joseph/projects/RideConnect/vendor/laravel/framework/src/Illuminate/Database/Console/Migrations/MigrateCommand.php:88
/home/joseph/projects/RideConnect/vendor/laravel/framework/src/Illuminate/Container/BoundMethod.php:36
/home/joseph/projects/RideConnect/vendor/laravel/framework/src/Illuminate/Container/Util.php:43
/home/joseph/projects/RideConnect/vendor/laravel/framework/src/Illuminate/Container/BoundMethod.php:96
/home/joseph/projects/RideConnect/vendor/laravel/framework/src/Illuminate/Container/BoundMethod.php:35
/home/joseph/projects/RideConnect/vendor/laravel/framework/src/Illuminate/Container/Container.php:799
/home/joseph/projects/RideConnect/vendor/laravel/framework/src/Illuminate/Console/Command.php:211
/home/joseph/projects/RideConnect/vendor/symfony/console/Command/Command.php:341
/home/joseph/projects/RideConnect/vendor/laravel/framework/src/Illuminate/Console/Command.php:180
/home/joseph/projects/RideConnect/vendor/laravel/framework/src/Illuminate/Console/Concerns/CallsCommands.php:68
/home/joseph/projects/RideConnect/vendor/laravel/framework/src/Illuminate/Console/Concerns/CallsCommands.php:29
/home/joseph/projects/RideConnect/vendor/laravel/framework/src/Illuminate/Database/Console/Migrations/FreshCommand.php:88
/home/joseph/projects/RideConnect/vendor/laravel/framework/src/Illuminate/Container/BoundMethod.php:36
/home/joseph/projects/RideConnect/vendor/laravel/framework/src/Illuminate/Container/Util.php:43
/home/joseph/projects/RideConnect/vendor/laravel/framework/src/Illuminate/Container/BoundMethod.php:96
/home/joseph/projects/RideConnect/vendor/laravel/framework/src/Illuminate/Container/BoundMethod.php:35
/home/joseph/projects/RideConnect/vendor/laravel/framework/src/Illuminate/Container/Container.php:799
/home/joseph/projects/RideConnect/vendor/laravel/framework/src/Illuminate/Console/Command.php:211
/home/joseph/projects/RideConnect/vendor/symfony/console/Command/Command.php:341
/home/joseph/projects/RideConnect/vendor/laravel/framework/src/Illuminate/Console/Command.php:180
/home/joseph/projects/RideConnect/vendor/symfony/console/Application.php:1094
/home/joseph/projects/RideConnect/vendor/symfony/console/Application.php:356
/home/joseph/projects/RideConnect/vendor/symfony/console/Application.php:195
/home/joseph/projects/RideConnect/vendor/laravel/framework/src/Illuminate/Console/Application.php:165
/home/joseph/projects/RideConnect/vendor/laravel/framework/src/Illuminate/Foundation/Console/Kernel.php:447
/home/joseph/projects/RideConnect/vendor/laravel/framework/src/Illuminate/Testing/PendingCommand.php:451
/home/joseph/projects/RideConnect/vendor/laravel/framework/src/Illuminate/Testing/PendingCommand.php:675
/home/joseph/projects/RideConnect/vendor/laravel/framework/src/Illuminate/Foundation/Testing/Concerns/InteractsWithConsole.php:87
/home/joseph/projects/RideConnect/vendor/laravel/framework/src/Illuminate/Foundation/Testing/RefreshDatabase.php:119
/home/joseph/projects/RideConnect/vendor/laravel/framework/src/Illuminate/Foundation/Testing/RefreshDatabase.php:84
/home/joseph/projects/RideConnect/vendor/laravel/framework/src/Illuminate/Foundation/Testing/RefreshDatabase.php:25
/home/joseph/projects/RideConnect/vendor/laravel/framework/src/Illuminate/Foundation/Testing/Concerns/InteractsWithTestCaseLifecycle.php:217
/home/joseph/projects/RideConnect/vendor/laravel/framework/src/Illuminate/Foundation/Testing/Concerns/InteractsWithTestCaseLifecycle.php:101
/home/joseph/projects/RideConnect/vendor/laravel/framework/src/Illuminate/Foundation/Testing/TestCase.php:63
/home/joseph/projects/RideConnect/tests/Unit/LedgerDoubleEntryTest.php:23</error>
        </testcase>
        <testcase name="test_each_transaction_gets_a_unique_uuid" file="/home/joseph/projects/RideConnect/tests/Unit/LedgerDoubleEntryTest.php" line="201" class="Tests\Unit\LedgerDoubleEntryTest" classname="Tests.Unit.LedgerDoubleEntryTest" assertions="0" time="0.000000">
          <error type="Illuminate\Database\QueryException">Tests\Unit\LedgerDoubleEntryTest::test_each_transaction_gets_a_unique_uuid
Illuminate\Database\QueryException: could not find driver (Connection: sqlite, Database: :memory:, SQL: select exists (select 1 from "main".sqlite_master where name = 'migrations' and type = 'table') as "exists")

/home/joseph/projects/RideConnect/vendor/laravel/framework/src/Illuminate/Database/Connection.php:838
/home/joseph/projects/RideConnect/vendor/laravel/framework/src/Illuminate/Database/Connection.php:794
/home/joseph/projects/RideConnect/vendor/laravel/framework/src/Illuminate/Database/Connection.php:411
/home/joseph/projects/RideConnect/vendor/laravel/framework/src/Illuminate/Database/Connection.php:357
/home/joseph/projects/RideConnect/vendor/laravel/framework/src/Illuminate/Database/Connection.php:374
/home/joseph/projects/RideConnect/vendor/laravel/framework/src/Illuminate/Database/Schema/Builder.php:176
/home/joseph/projects/RideConnect/vendor/laravel/framework/src/Illuminate/Database/Migrations/DatabaseMigrationRepository.php:185
/home/joseph/projects/RideConnect/vendor/laravel/framework/src/Illuminate/Database/Migrations/Migrator.php:758
/home/joseph/projects/RideConnect/vendor/laravel/framework/src/Illuminate/Database/Console/Migrations/MigrateCommand.php:164
/home/joseph/projects/RideConnect/vendor/laravel/framework/src/Illuminate/Support/helpers.php:328
/home/joseph/projects/RideConnect/vendor/laravel/framework/src/Illuminate/Database/Console/Migrations/MigrateCommand.php:164
/home/joseph/projects/RideConnect/vendor/laravel/framework/src/Illuminate/Database/Console/Migrations/MigrateCommand.php:140
/home/joseph/projects/RideConnect/vendor/laravel/framework/src/Illuminate/Database/Console/Migrations/MigrateCommand.php:110
/home/joseph/projects/RideConnect/vendor/laravel/framework/src/Illuminate/Database/Migrations/Migrator.php:671
/home/joseph/projects/RideConnect/vendor/laravel/framework/src/Illuminate/Database/Console/Migrations/MigrateCommand.php:109
/home/joseph/projects/RideConnect/vendor/laravel/framework/src/Illuminate/Database/Console/Migrations/MigrateCommand.php:88
/home/joseph/projects/RideConnect/vendor/laravel/framework/src/Illuminate/Container/BoundMethod.php:36
/home/joseph/projects/RideConnect/vendor/laravel/framework/src/Illuminate/Container/Util.php:43
/home/joseph/projects/RideConnect/vendor/laravel/framework/src/Illuminate/Container/BoundMethod.php:96
/home/joseph/projects/RideConnect/vendor/laravel/framework/src/Illuminate/Container/BoundMethod.php:35
/home/joseph/projects/RideConnect/vendor/laravel/framework/src/Illuminate/Container/Container.php:799
/home/joseph/projects/RideConnect/vendor/laravel/framework/src/Illuminate/Console/Command.php:211
/home/joseph/projects/RideConnect/vendor/symfony/console/Command/Command.php:341
/home/joseph/projects/RideConnect/vendor/laravel/framework/src/Illuminate/Console/Command.php:180
/home/joseph/projects/RideConnect/vendor/laravel/framework/src/Illuminate/Console/Concerns/CallsCommands.php:68
/home/joseph/projects/RideConnect/vendor/laravel/framework/src/Illuminate/Console/Concerns/CallsCommands.php:29
/home/joseph/projects/RideConnect/vendor/laravel/framework/src/Illuminate/Database/Console/Migrations/FreshCommand.php:88
/home/joseph/projects/RideConnect/vendor/laravel/framework/src/Illuminate/Container/BoundMethod.php:36
/home/joseph/projects/RideConnect/vendor/laravel/framework/src/Illuminate/Container/Util.php:43
/home/joseph/projects/RideConnect/vendor/laravel/framework/src/Illuminate/Container/BoundMethod.php:96
/home/joseph/projects/RideConnect/vendor/laravel/framework/src/Illuminate/Container/BoundMethod.php:35
/home/joseph/projects/RideConnect/vendor/laravel/framework/src/Illuminate/Container/Container.php:799
/home/joseph/projects/RideConnect/vendor/laravel/framework/src/Illuminate/Console/Command.php:211
/home/joseph/projects/RideConnect/vendor/symfony/console/Command/Command.php:341
/home/joseph/projects/RideConnect/vendor/laravel/framework/src/Illuminate/Console/Command.php:180
/home/joseph/projects/RideConnect/vendor/symfony/console/Application.php:1094
/home/joseph/projects/RideConnect/vendor/symfony/console/Application.php:356
/home/joseph/projects/RideConnect/vendor/symfony/console/Application.php:195
/home/joseph/projects/RideConnect/vendor/laravel/framework/src/Illuminate/Console/Application.php:165
/home/joseph/projects/RideConnect/vendor/laravel/framework/src/Illuminate/Foundation/Console/Kernel.php:447
/home/joseph/projects/RideConnect/vendor/laravel/framework/src/Illuminate/Testing/PendingCommand.php:451
/home/joseph/projects/RideConnect/vendor/laravel/framework/src/Illuminate/Testing/PendingCommand.php:675
/home/joseph/projects/RideConnect/vendor/laravel/framework/src/Illuminate/Foundation/Testing/Concerns/InteractsWithConsole.php:87
/home/joseph/projects/RideConnect/vendor/laravel/framework/src/Illuminate/Foundation/Testing/RefreshDatabase.php:119
/home/joseph/projects/RideConnect/vendor/laravel/framework/src/Illuminate/Foundation/Testing/RefreshDatabase.php:84
/home/joseph/projects/RideConnect/vendor/laravel/framework/src/Illuminate/Foundation/Testing/RefreshDatabase.php:25
/home/joseph/projects/RideConnect/vendor/laravel/framework/src/Illuminate/Foundation/Testing/Concerns/InteractsWithTestCaseLifecycle.php:217
/home/joseph/projects/RideConnect/vendor/laravel/framework/src/Illuminate/Foundation/Testing/Concerns/InteractsWithTestCaseLifecycle.php:101
/home/joseph/projects/RideConnect/vendor/laravel/framework/src/Illuminate/Foundation/Testing/TestCase.php:63
/home/joseph/projects/RideConnect/tests/Unit/LedgerDoubleEntryTest.php:23</error>
        </testcase>
      </testsuite>
      <testsuite name="Tests\Unit\MatchingCacheAndMetricsTest" file="/home/joseph/projects/RideConnect/tests/Unit/MatchingCacheAndMetricsTest.php" tests="3" assertions="7" errors="1" failures="0" skipped="0" time="0.015582">
        <testcase name="test_radius_expansion_schedule" file="/home/joseph/projects/RideConnect/tests/Unit/MatchingCacheAndMetricsTest.php" line="11" class="Tests\Unit\MatchingCacheAndMetricsTest" classname="Tests.Unit.MatchingCacheAndMetricsTest" assertions="6" time="0.005036"/>
        <testcase name="test_cache_service_returns_empty_when_no_drivers" file="/home/joseph/projects/RideConnect/tests/Unit/MatchingCacheAndMetricsTest.php" line="22" class="Tests\Unit\MatchingCacheAndMetricsTest" classname="Tests.Unit.MatchingCacheAndMetricsTest" assertions="1" time="0.000304"/>
        <testcase name="test_fastLocalMatch_returns_null_on_empty_eligible" file="/home/joseph/projects/RideConnect/tests/Unit/MatchingCacheAndMetricsTest.php" line="30" class="Tests\Unit\MatchingCacheAndMetricsTest" classname="Tests.Unit.MatchingCacheAndMetricsTest" assertions="0" time="0.010241">
          <error type="Illuminate\Contracts\Container\BindingResolutionException">Tests\Unit\MatchingCacheAndMetricsTest::test_fastLocalMatch_returns_null_on_empty_eligible
Illuminate\Contracts\Container\BindingResolutionException: Target class [config] does not exist.

/home/joseph/projects/RideConnect/vendor/laravel/framework/src/Illuminate/Container/Container.php:1124
/home/joseph/projects/RideConnect/vendor/laravel/framework/src/Illuminate/Container/Container.php:933
/home/joseph/projects/RideConnect/vendor/laravel/framework/src/Illuminate/Foundation/Application.php:1078
/home/joseph/projects/RideConnect/vendor/laravel/framework/src/Illuminate/Container/Container.php:864
/home/joseph/projects/RideConnect/vendor/laravel/framework/src/Illuminate/Foundation/Application.php:1058
/home/joseph/projects/RideConnect/vendor/laravel/framework/src/Illuminate/Foundation/helpers.php:138
/home/joseph/projects/RideConnect/vendor/laravel/framework/src/Illuminate/Foundation/helpers.php:321
/home/joseph/projects/RideConnect/app/Services/MatchingService.php:21
/home/joseph/projects/RideConnect/vendor/laravel/framework/src/Illuminate/Container/Container.php:1168
/home/joseph/projects/RideConnect/vendor/laravel/framework/src/Illuminate/Container/Container.php:933
/home/joseph/projects/RideConnect/vendor/laravel/framework/src/Illuminate/Foundation/Application.php:1078
/home/joseph/projects/RideConnect/vendor/laravel/framework/src/Illuminate/Container/Container.php:864
/home/joseph/projects/RideConnect/vendor/laravel/framework/src/Illuminate/Foundation/Application.php:1058
/home/joseph/projects/RideConnect/vendor/laravel/framework/src/Illuminate/Foundation/helpers.php:138
/home/joseph/projects/RideConnect/tests/Unit/MatchingCacheAndMetricsTest.php:34</error>
        </testcase>
      </testsuite>
      <testsuite name="Tests\Unit\MatchingEngineTest" file="/home/joseph/projects/RideConnect/tests/Unit/MatchingEngineTest.php" tests="2" assertions="0" errors="2" failures="0" skipped="0" time="0.000000">
        <testcase name="it_prefers_closer_and_more_reliable_drivers" file="/home/joseph/projects/RideConnect/tests/Unit/MatchingEngineTest.php" line="23" class="Tests\Unit\MatchingEngineTest" classname="Tests.Unit.MatchingEngineTest" assertions="0" time="0.000000">
          <error type="Illuminate\Database\QueryException">Tests\Unit\MatchingEngineTest::it_prefers_closer_and_more_reliable_drivers
Illuminate\Database\QueryException: could not find driver (Connection: sqlite, Database: :memory:, SQL: select exists (select 1 from "main".sqlite_master where name = 'migrations' and type = 'table') as "exists")

/home/joseph/projects/RideConnect/vendor/laravel/framework/src/Illuminate/Database/Connection.php:838
/home/joseph/projects/RideConnect/vendor/laravel/framework/src/Illuminate/Database/Connection.php:794
/home/joseph/projects/RideConnect/vendor/laravel/framework/src/Illuminate/Database/Connection.php:411
/home/joseph/projects/RideConnect/vendor/laravel/framework/src/Illuminate/Database/Connection.php:357
/home/joseph/projects/RideConnect/vendor/laravel/framework/src/Illuminate/Database/Connection.php:374
/home/joseph/projects/RideConnect/vendor/laravel/framework/src/Illuminate/Database/Schema/Builder.php:176
/home/joseph/projects/RideConnect/vendor/laravel/framework/src/Illuminate/Database/Migrations/DatabaseMigrationRepository.php:185
/home/joseph/projects/RideConnect/vendor/laravel/framework/src/Illuminate/Database/Migrations/Migrator.php:758
/home/joseph/projects/RideConnect/vendor/laravel/framework/src/Illuminate/Database/Console/Migrations/MigrateCommand.php:164
/home/joseph/projects/RideConnect/vendor/laravel/framework/src/Illuminate/Support/helpers.php:328
/home/joseph/projects/RideConnect/vendor/laravel/framework/src/Illuminate/Database/Console/Migrations/MigrateCommand.php:164
/home/joseph/projects/RideConnect/vendor/laravel/framework/src/Illuminate/Database/Console/Migrations/MigrateCommand.php:140
/home/joseph/projects/RideConnect/vendor/laravel/framework/src/Illuminate/Database/Console/Migrations/MigrateCommand.php:110
/home/joseph/projects/RideConnect/vendor/laravel/framework/src/Illuminate/Database/Migrations/Migrator.php:671
/home/joseph/projects/RideConnect/vendor/laravel/framework/src/Illuminate/Database/Console/Migrations/MigrateCommand.php:109
/home/joseph/projects/RideConnect/vendor/laravel/framework/src/Illuminate/Database/Console/Migrations/MigrateCommand.php:88
/home/joseph/projects/RideConnect/vendor/laravel/framework/src/Illuminate/Container/BoundMethod.php:36
/home/joseph/projects/RideConnect/vendor/laravel/framework/src/Illuminate/Container/Util.php:43
/home/joseph/projects/RideConnect/vendor/laravel/framework/src/Illuminate/Container/BoundMethod.php:96
/home/joseph/projects/RideConnect/vendor/laravel/framework/src/Illuminate/Container/BoundMethod.php:35
/home/joseph/projects/RideConnect/vendor/laravel/framework/src/Illuminate/Container/Container.php:799
/home/joseph/projects/RideConnect/vendor/laravel/framework/src/Illuminate/Console/Command.php:211
/home/joseph/projects/RideConnect/vendor/symfony/console/Command/Command.php:341
/home/joseph/projects/RideConnect/vendor/laravel/framework/src/Illuminate/Console/Command.php:180
/home/joseph/projects/RideConnect/vendor/laravel/framework/src/Illuminate/Console/Concerns/CallsCommands.php:68
/home/joseph/projects/RideConnect/vendor/laravel/framework/src/Illuminate/Console/Concerns/CallsCommands.php:29
/home/joseph/projects/RideConnect/vendor/laravel/framework/src/Illuminate/Database/Console/Migrations/FreshCommand.php:88
/home/joseph/projects/RideConnect/vendor/laravel/framework/src/Illuminate/Container/BoundMethod.php:36
/home/joseph/projects/RideConnect/vendor/laravel/framework/src/Illuminate/Container/Util.php:43
/home/joseph/projects/RideConnect/vendor/laravel/framework/src/Illuminate/Container/BoundMethod.php:96
/home/joseph/projects/RideConnect/vendor/laravel/framework/src/Illuminate/Container/BoundMethod.php:35
/home/joseph/projects/RideConnect/vendor/laravel/framework/src/Illuminate/Container/Container.php:799
/home/joseph/projects/RideConnect/vendor/laravel/framework/src/Illuminate/Console/Command.php:211
/home/joseph/projects/RideConnect/vendor/symfony/console/Command/Command.php:341
/home/joseph/projects/RideConnect/vendor/laravel/framework/src/Illuminate/Console/Command.php:180
/home/joseph/projects/RideConnect/vendor/symfony/console/Application.php:1094
/home/joseph/projects/RideConnect/vendor/symfony/console/Application.php:356
/home/joseph/projects/RideConnect/vendor/symfony/console/Application.php:195
/home/joseph/projects/RideConnect/vendor/laravel/framework/src/Illuminate/Console/Application.php:165
/home/joseph/projects/RideConnect/vendor/laravel/framework/src/Illuminate/Foundation/Console/Kernel.php:447
/home/joseph/projects/RideConnect/vendor/laravel/framework/src/Illuminate/Testing/PendingCommand.php:451
/home/joseph/projects/RideConnect/vendor/laravel/framework/src/Illuminate/Testing/PendingCommand.php:675
/home/joseph/projects/RideConnect/vendor/laravel/framework/src/Illuminate/Foundation/Testing/Concerns/InteractsWithConsole.php:87
/home/joseph/projects/RideConnect/vendor/laravel/framework/src/Illuminate/Foundation/Testing/RefreshDatabase.php:119
/home/joseph/projects/RideConnect/vendor/laravel/framework/src/Illuminate/Foundation/Testing/RefreshDatabase.php:84
/home/joseph/projects/RideConnect/vendor/laravel/framework/src/Illuminate/Foundation/Testing/RefreshDatabase.php:25
/home/joseph/projects/RideConnect/vendor/laravel/framework/src/Illuminate/Foundation/Testing/Concerns/InteractsWithTestCaseLifecycle.php:217
/home/joseph/projects/RideConnect/vendor/laravel/framework/src/Illuminate/Foundation/Testing/Concerns/InteractsWithTestCaseLifecycle.php:101
/home/joseph/projects/RideConnect/vendor/laravel/framework/src/Illuminate/Foundation/Testing/TestCase.php:63</error>
        </testcase>
        <testcase name="it_remains_null_safe_when_snapshot_data_is_missing" file="/home/joseph/projects/RideConnect/tests/Unit/MatchingEngineTest.php" line="102" class="Tests\Unit\MatchingEngineTest" classname="Tests.Unit.MatchingEngineTest" assertions="0" time="0.000000">
          <error type="Illuminate\Database\QueryException">Tests\Unit\MatchingEngineTest::it_remains_null_safe_when_snapshot_data_is_missing
Illuminate\Database\QueryException: could not find driver (Connection: sqlite, Database: :memory:, SQL: select exists (select 1 from "main".sqlite_master where name = 'migrations' and type = 'table') as "exists")

/home/joseph/projects/RideConnect/vendor/laravel/framework/src/Illuminate/Database/Connection.php:838
/home/joseph/projects/RideConnect/vendor/laravel/framework/src/Illuminate/Database/Connection.php:794
/home/joseph/projects/RideConnect/vendor/laravel/framework/src/Illuminate/Database/Connection.php:411
/home/joseph/projects/RideConnect/vendor/laravel/framework/src/Illuminate/Database/Connection.php:357
/home/joseph/projects/RideConnect/vendor/laravel/framework/src/Illuminate/Database/Connection.php:374
/home/joseph/projects/RideConnect/vendor/laravel/framework/src/Illuminate/Database/Schema/Builder.php:176
/home/joseph/projects/RideConnect/vendor/laravel/framework/src/Illuminate/Database/Migrations/DatabaseMigrationRepository.php:185
/home/joseph/projects/RideConnect/vendor/laravel/framework/src/Illuminate/Database/Migrations/Migrator.php:758
/home/joseph/projects/RideConnect/vendor/laravel/framework/src/Illuminate/Database/Console/Migrations/MigrateCommand.php:164
/home/joseph/projects/RideConnect/vendor/laravel/framework/src/Illuminate/Support/helpers.php:328
/home/joseph/projects/RideConnect/vendor/laravel/framework/src/Illuminate/Database/Console/Migrations/MigrateCommand.php:164
/home/joseph/projects/RideConnect/vendor/laravel/framework/src/Illuminate/Database/Console/Migrations/MigrateCommand.php:140
/home/joseph/projects/RideConnect/vendor/laravel/framework/src/Illuminate/Database/Console/Migrations/MigrateCommand.php:110
/home/joseph/projects/RideConnect/vendor/laravel/framework/src/Illuminate/Database/Migrations/Migrator.php:671
/home/joseph/projects/RideConnect/vendor/laravel/framework/src/Illuminate/Database/Console/Migrations/MigrateCommand.php:109
/home/joseph/projects/RideConnect/vendor/laravel/framework/src/Illuminate/Database/Console/Migrations/MigrateCommand.php:88
/home/joseph/projects/RideConnect/vendor/laravel/framework/src/Illuminate/Container/BoundMethod.php:36
/home/joseph/projects/RideConnect/vendor/laravel/framework/src/Illuminate/Container/Util.php:43
/home/joseph/projects/RideConnect/vendor/laravel/framework/src/Illuminate/Container/BoundMethod.php:96
/home/joseph/projects/RideConnect/vendor/laravel/framework/src/Illuminate/Container/BoundMethod.php:35
/home/joseph/projects/RideConnect/vendor/laravel/framework/src/Illuminate/Container/Container.php:799
/home/joseph/projects/RideConnect/vendor/laravel/framework/src/Illuminate/Console/Command.php:211
/home/joseph/projects/RideConnect/vendor/symfony/console/Command/Command.php:341
/home/joseph/projects/RideConnect/vendor/laravel/framework/src/Illuminate/Console/Command.php:180
/home/joseph/projects/RideConnect/vendor/laravel/framework/src/Illuminate/Console/Concerns/CallsCommands.php:68
/home/joseph/projects/RideConnect/vendor/laravel/framework/src/Illuminate/Console/Concerns/CallsCommands.php:29
/home/joseph/projects/RideConnect/vendor/laravel/framework/src/Illuminate/Database/Console/Migrations/FreshCommand.php:88
/home/joseph/projects/RideConnect/vendor/laravel/framework/src/Illuminate/Container/BoundMethod.php:36
/home/joseph/projects/RideConnect/vendor/laravel/framework/src/Illuminate/Container/Util.php:43
/home/joseph/projects/RideConnect/vendor/laravel/framework/src/Illuminate/Container/BoundMethod.php:96
/home/joseph/projects/RideConnect/vendor/laravel/framework/src/Illuminate/Container/BoundMethod.php:35
/home/joseph/projects/RideConnect/vendor/laravel/framework/src/Illuminate/Container/Container.php:799
/home/joseph/projects/RideConnect/vendor/laravel/framework/src/Illuminate/Console/Command.php:211
/home/joseph/projects/RideConnect/vendor/symfony/console/Command/Command.php:341
/home/joseph/projects/RideConnect/vendor/laravel/framework/src/Illuminate/Console/Command.php:180
/home/joseph/projects/RideConnect/vendor/symfony/console/Application.php:1094
/home/joseph/projects/RideConnect/vendor/symfony/console/Application.php:356
/home/joseph/projects/RideConnect/vendor/symfony/console/Application.php:195
/home/joseph/projects/RideConnect/vendor/laravel/framework/src/Illuminate/Console/Application.php:165
/home/joseph/projects/RideConnect/vendor/laravel/framework/src/Illuminate/Foundation/Console/Kernel.php:447
/home/joseph/projects/RideConnect/vendor/laravel/framework/src/Illuminate/Testing/PendingCommand.php:451
/home/joseph/projects/RideConnect/vendor/laravel/framework/src/Illuminate/Testing/PendingCommand.php:675
/home/joseph/projects/RideConnect/vendor/laravel/framework/src/Illuminate/Foundation/Testing/Concerns/InteractsWithConsole.php:87
/home/joseph/projects/RideConnect/vendor/laravel/framework/src/Illuminate/Foundation/Testing/RefreshDatabase.php:119
/home/joseph/projects/RideConnect/vendor/laravel/framework/src/Illuminate/Foundation/Testing/RefreshDatabase.php:84
/home/joseph/projects/RideConnect/vendor/laravel/framework/src/Illuminate/Foundation/Testing/RefreshDatabase.php:25
/home/joseph/projects/RideConnect/vendor/laravel/framework/src/Illuminate/Foundation/Testing/Concerns/InteractsWithTestCaseLifecycle.php:217
/home/joseph/projects/RideConnect/vendor/laravel/framework/src/Illuminate/Foundation/Testing/Concerns/InteractsWithTestCaseLifecycle.php:101
/home/joseph/projects/RideConnect/vendor/laravel/framework/src/Illuminate/Foundation/Testing/TestCase.php:63</error>
        </testcase>
      </testsuite>
      <testsuite name="Tests\Unit\OfficerOverviewStatsTest" file="/home/joseph/projects/RideConnect/tests/Unit/OfficerOverviewStatsTest.php" tests="1" assertions="0" errors="1" failures="0" skipped="0" time="0.000000">
        <testcase name="test_driver_status_uses_fallback_count_when_is_online_column_is_missing" file="/home/joseph/projects/RideConnect/tests/Unit/OfficerOverviewStatsTest.php" line="17" class="Tests\Unit\OfficerOverviewStatsTest" classname="Tests.Unit.OfficerOverviewStatsTest" assertions="0" time="0.000000">
          <error type="Illuminate\Database\QueryException">Tests\Unit\OfficerOverviewStatsTest::test_driver_status_uses_fallback_count_when_is_online_column_is_missing
Illuminate\Database\QueryException: could not find driver (Connection: sqlite, Database: :memory:, SQL: select exists (select 1 from "main".sqlite_master where name = 'migrations' and type = 'table') as "exists")

/home/joseph/projects/RideConnect/vendor/laravel/framework/src/Illuminate/Database/Connection.php:838
/home/joseph/projects/RideConnect/vendor/laravel/framework/src/Illuminate/Database/Connection.php:794
/home/joseph/projects/RideConnect/vendor/laravel/framework/src/Illuminate/Database/Connection.php:411
/home/joseph/projects/RideConnect/vendor/laravel/framework/src/Illuminate/Database/Connection.php:357
/home/joseph/projects/RideConnect/vendor/laravel/framework/src/Illuminate/Database/Connection.php:374
/home/joseph/projects/RideConnect/vendor/laravel/framework/src/Illuminate/Database/Schema/Builder.php:176
/home/joseph/projects/RideConnect/vendor/laravel/framework/src/Illuminate/Database/Migrations/DatabaseMigrationRepository.php:185
/home/joseph/projects/RideConnect/vendor/laravel/framework/src/Illuminate/Database/Migrations/Migrator.php:758
/home/joseph/projects/RideConnect/vendor/laravel/framework/src/Illuminate/Database/Console/Migrations/MigrateCommand.php:164
/home/joseph/projects/RideConnect/vendor/laravel/framework/src/Illuminate/Support/helpers.php:328
/home/joseph/projects/RideConnect/vendor/laravel/framework/src/Illuminate/Database/Console/Migrations/MigrateCommand.php:164
/home/joseph/projects/RideConnect/vendor/laravel/framework/src/Illuminate/Database/Console/Migrations/MigrateCommand.php:140
/home/joseph/projects/RideConnect/vendor/laravel/framework/src/Illuminate/Database/Console/Migrations/MigrateCommand.php:110
/home/joseph/projects/RideConnect/vendor/laravel/framework/src/Illuminate/Database/Migrations/Migrator.php:671
/home/joseph/projects/RideConnect/vendor/laravel/framework/src/Illuminate/Database/Console/Migrations/MigrateCommand.php:109
/home/joseph/projects/RideConnect/vendor/laravel/framework/src/Illuminate/Database/Console/Migrations/MigrateCommand.php:88
/home/joseph/projects/RideConnect/vendor/laravel/framework/src/Illuminate/Container/BoundMethod.php:36
/home/joseph/projects/RideConnect/vendor/laravel/framework/src/Illuminate/Container/Util.php:43
/home/joseph/projects/RideConnect/vendor/laravel/framework/src/Illuminate/Container/BoundMethod.php:96
/home/joseph/projects/RideConnect/vendor/laravel/framework/src/Illuminate/Container/BoundMethod.php:35
/home/joseph/projects/RideConnect/vendor/laravel/framework/src/Illuminate/Container/Container.php:799
/home/joseph/projects/RideConnect/vendor/laravel/framework/src/Illuminate/Console/Command.php:211
/home/joseph/projects/RideConnect/vendor/symfony/console/Command/Command.php:341
/home/joseph/projects/RideConnect/vendor/laravel/framework/src/Illuminate/Console/Command.php:180
/home/joseph/projects/RideConnect/vendor/laravel/framework/src/Illuminate/Console/Concerns/CallsCommands.php:68
/home/joseph/projects/RideConnect/vendor/laravel/framework/src/Illuminate/Console/Concerns/CallsCommands.php:29
/home/joseph/projects/RideConnect/vendor/laravel/framework/src/Illuminate/Database/Console/Migrations/FreshCommand.php:88
/home/joseph/projects/RideConnect/vendor/laravel/framework/src/Illuminate/Container/BoundMethod.php:36
/home/joseph/projects/RideConnect/vendor/laravel/framework/src/Illuminate/Container/Util.php:43
/home/joseph/projects/RideConnect/vendor/laravel/framework/src/Illuminate/Container/BoundMethod.php:96
/home/joseph/projects/RideConnect/vendor/laravel/framework/src/Illuminate/Container/BoundMethod.php:35
/home/joseph/projects/RideConnect/vendor/laravel/framework/src/Illuminate/Container/Container.php:799
/home/joseph/projects/RideConnect/vendor/laravel/framework/src/Illuminate/Console/Command.php:211
/home/joseph/projects/RideConnect/vendor/symfony/console/Command/Command.php:341
/home/joseph/projects/RideConnect/vendor/laravel/framework/src/Illuminate/Console/Command.php:180
/home/joseph/projects/RideConnect/vendor/symfony/console/Application.php:1094
/home/joseph/projects/RideConnect/vendor/symfony/console/Application.php:356
/home/joseph/projects/RideConnect/vendor/symfony/console/Application.php:195
/home/joseph/projects/RideConnect/vendor/laravel/framework/src/Illuminate/Console/Application.php:165
/home/joseph/projects/RideConnect/vendor/laravel/framework/src/Illuminate/Foundation/Console/Kernel.php:447
/home/joseph/projects/RideConnect/vendor/laravel/framework/src/Illuminate/Testing/PendingCommand.php:451
/home/joseph/projects/RideConnect/vendor/laravel/framework/src/Illuminate/Testing/PendingCommand.php:675
/home/joseph/projects/RideConnect/vendor/laravel/framework/src/Illuminate/Foundation/Testing/Concerns/InteractsWithConsole.php:87
/home/joseph/projects/RideConnect/vendor/laravel/framework/src/Illuminate/Foundation/Testing/RefreshDatabase.php:119
/home/joseph/projects/RideConnect/vendor/laravel/framework/src/Illuminate/Foundation/Testing/RefreshDatabase.php:84
/home/joseph/projects/RideConnect/vendor/laravel/framework/src/Illuminate/Foundation/Testing/RefreshDatabase.php:25
/home/joseph/projects/RideConnect/vendor/laravel/framework/src/Illuminate/Foundation/Testing/Concerns/InteractsWithTestCaseLifecycle.php:217
/home/joseph/projects/RideConnect/vendor/laravel/framework/src/Illuminate/Foundation/Testing/Concerns/InteractsWithTestCaseLifecycle.php:101
/home/joseph/projects/RideConnect/vendor/laravel/framework/src/Illuminate/Foundation/Testing/TestCase.php:63</error>
        </testcase>
      </testsuite>
      <testsuite name="Tests\Unit\RadiusExpansionServiceTest" file="/home/joseph/projects/RideConnect/tests/Unit/RadiusExpansionServiceTest.php" tests="11" assertions="17" errors="0" failures="0" skipped="0" time="0.004407">
        <testsuite name="Tests\Unit\RadiusExpansionServiceTest::test_radius_for_elapsed_seconds" tests="10" assertions="10" errors="0" failures="0" skipped="0" time="0.004116">
          <testcase name="test_radius_for_elapsed_seconds with data set &quot;just started&quot;" file="/home/joseph/projects/RideConnect/tests/Unit/RadiusExpansionServiceTest.php" line="19" class="Tests\Unit\RadiusExpansionServiceTest" classname="Tests.Unit.RadiusExpansionServiceTest" assertions="1" time="0.000770"/>
          <testcase name="test_radius_for_elapsed_seconds with data set &quot;under 15s&quot;" file="/home/joseph/projects/RideConnect/tests/Unit/RadiusExpansionServiceTest.php" line="19" class="Tests\Unit\RadiusExpansionServiceTest" classname="Tests.Unit.RadiusExpansionServiceTest" assertions="1" time="0.000704"/>
          <testcase name="test_radius_for_elapsed_seconds with data set &quot;15s boundary&quot;" file="/home/joseph/projects/RideConnect/tests/Unit/RadiusExpansionServiceTest.php" line="19" class="Tests\Unit\RadiusExpansionServiceTest" classname="Tests.Unit.RadiusExpansionServiceTest" assertions="1" time="0.000326"/>
          <testcase name="test_radius_for_elapsed_seconds with data set &quot;under 30s&quot;" file="/home/joseph/projects/RideConnect/tests/Unit/RadiusExpansionServiceTest.php" line="19" class="Tests\Unit\RadiusExpansionServiceTest" classname="Tests.Unit.RadiusExpansionServiceTest" assertions="1" time="0.000585"/>
          <testcase name="test_radius_for_elapsed_seconds with data set &quot;30s boundary&quot;" file="/home/joseph/projects/RideConnect/tests/Unit/RadiusExpansionServiceTest.php" line="19" class="Tests\Unit\RadiusExpansionServiceTest" classname="Tests.Unit.RadiusExpansionServiceTest" assertions="1" time="0.000339"/>
          <testcase name="test_radius_for_elapsed_seconds with data set &quot;under 45s&quot;" file="/home/joseph/projects/RideConnect/tests/Unit/RadiusExpansionServiceTest.php" line="19" class="Tests\Unit\RadiusExpansionServiceTest" classname="Tests.Unit.RadiusExpansionServiceTest" assertions="1" time="0.000209"/>
          <testcase name="test_radius_for_elapsed_seconds with data set &quot;45s boundary&quot;" file="/home/joseph/projects/RideConnect/tests/Unit/RadiusExpansionServiceTest.php" line="19" class="Tests\Unit\RadiusExpansionServiceTest" classname="Tests.Unit.RadiusExpansionServiceTest" assertions="1" time="0.000396"/>
          <testcase name="test_radius_for_elapsed_seconds with data set &quot;under 60s&quot;" file="/home/joseph/projects/RideConnect/tests/Unit/RadiusExpansionServiceTest.php" line="19" class="Tests\Unit\RadiusExpansionServiceTest" classname="Tests.Unit.RadiusExpansionServiceTest" assertions="1" time="0.000280"/>
          <testcase name="test_radius_for_elapsed_seconds with data set &quot;60s boundary&quot;" file="/home/joseph/projects/RideConnect/tests/Unit/RadiusExpansionServiceTest.php" line="19" class="Tests\Unit\RadiusExpansionServiceTest" classname="Tests.Unit.RadiusExpansionServiceTest" assertions="1" time="0.000257"/>
          <testcase name="test_radius_for_elapsed_seconds with data set &quot;long wait&quot;" file="/home/joseph/projects/RideConnect/tests/Unit/RadiusExpansionServiceTest.php" line="19" class="Tests\Unit\RadiusExpansionServiceTest" classname="Tests.Unit.RadiusExpansionServiceTest" assertions="1" time="0.000249"/>
        </testsuite>
        <testcase name="test_radius_for_retry_walks_the_schedule_and_caps" file="/home/joseph/projects/RideConnect/tests/Unit/RadiusExpansionServiceTest.php" line="40" class="Tests\Unit\RadiusExpansionServiceTest" classname="Tests.Unit.RadiusExpansionServiceTest" assertions="7" time="0.000292"/>
      </testsuite>
      <testsuite name="Tests\Unit\TaxCalculationTest" file="/home/joseph/projects/RideConnect/tests/Unit/TaxCalculationTest.php" tests="7" assertions="0" errors="7" failures="0" skipped="0" time="0.000000">
        <testcase name="test_ride_tax_returns_correct_vat_amount" file="/home/joseph/projects/RideConnect/tests/Unit/TaxCalculationTest.php" line="37" class="Tests\Unit\TaxCalculationTest" classname="Tests.Unit.TaxCalculationTest" assertions="0" time="0.000000">
          <error type="Illuminate\Database\QueryException">Tests\Unit\TaxCalculationTest::test_ride_tax_returns_correct_vat_amount
Illuminate\Database\QueryException: could not find driver (Connection: sqlite, Database: :memory:, SQL: select exists (select 1 from "main".sqlite_master where name = 'migrations' and type = 'table') as "exists")

/home/joseph/projects/RideConnect/vendor/laravel/framework/src/Illuminate/Database/Connection.php:838
/home/joseph/projects/RideConnect/vendor/laravel/framework/src/Illuminate/Database/Connection.php:794
/home/joseph/projects/RideConnect/vendor/laravel/framework/src/Illuminate/Database/Connection.php:411
/home/joseph/projects/RideConnect/vendor/laravel/framework/src/Illuminate/Database/Connection.php:357
/home/joseph/projects/RideConnect/vendor/laravel/framework/src/Illuminate/Database/Connection.php:374
/home/joseph/projects/RideConnect/vendor/laravel/framework/src/Illuminate/Database/Schema/Builder.php:176
/home/joseph/projects/RideConnect/vendor/laravel/framework/src/Illuminate/Database/Migrations/DatabaseMigrationRepository.php:185
/home/joseph/projects/RideConnect/vendor/laravel/framework/src/Illuminate/Database/Migrations/Migrator.php:758
/home/joseph/projects/RideConnect/vendor/laravel/framework/src/Illuminate/Database/Console/Migrations/MigrateCommand.php:164
/home/joseph/projects/RideConnect/vendor/laravel/framework/src/Illuminate/Support/helpers.php:328
/home/joseph/projects/RideConnect/vendor/laravel/framework/src/Illuminate/Database/Console/Migrations/MigrateCommand.php:164
/home/joseph/projects/RideConnect/vendor/laravel/framework/src/Illuminate/Database/Console/Migrations/MigrateCommand.php:140
/home/joseph/projects/RideConnect/vendor/laravel/framework/src/Illuminate/Database/Console/Migrations/MigrateCommand.php:110
/home/joseph/projects/RideConnect/vendor/laravel/framework/src/Illuminate/Database/Migrations/Migrator.php:671
/home/joseph/projects/RideConnect/vendor/laravel/framework/src/Illuminate/Database/Console/Migrations/MigrateCommand.php:109
/home/joseph/projects/RideConnect/vendor/laravel/framework/src/Illuminate/Database/Console/Migrations/MigrateCommand.php:88
/home/joseph/projects/RideConnect/vendor/laravel/framework/src/Illuminate/Container/BoundMethod.php:36
/home/joseph/projects/RideConnect/vendor/laravel/framework/src/Illuminate/Container/Util.php:43
/home/joseph/projects/RideConnect/vendor/laravel/framework/src/Illuminate/Container/BoundMethod.php:96
/home/joseph/projects/RideConnect/vendor/laravel/framework/src/Illuminate/Container/BoundMethod.php:35
/home/joseph/projects/RideConnect/vendor/laravel/framework/src/Illuminate/Container/Container.php:799
/home/joseph/projects/RideConnect/vendor/laravel/framework/src/Illuminate/Console/Command.php:211
/home/joseph/projects/RideConnect/vendor/symfony/console/Command/Command.php:341
/home/joseph/projects/RideConnect/vendor/laravel/framework/src/Illuminate/Console/Command.php:180
/home/joseph/projects/RideConnect/vendor/laravel/framework/src/Illuminate/Console/Concerns/CallsCommands.php:68
/home/joseph/projects/RideConnect/vendor/laravel/framework/src/Illuminate/Console/Concerns/CallsCommands.php:29
/home/joseph/projects/RideConnect/vendor/laravel/framework/src/Illuminate/Database/Console/Migrations/FreshCommand.php:88
/home/joseph/projects/RideConnect/vendor/laravel/framework/src/Illuminate/Container/BoundMethod.php:36
/home/joseph/projects/RideConnect/vendor/laravel/framework/src/Illuminate/Container/Util.php:43
/home/joseph/projects/RideConnect/vendor/laravel/framework/src/Illuminate/Container/BoundMethod.php:96
/home/joseph/projects/RideConnect/vendor/laravel/framework/src/Illuminate/Container/BoundMethod.php:35
/home/joseph/projects/RideConnect/vendor/laravel/framework/src/Illuminate/Container/Container.php:799
/home/joseph/projects/RideConnect/vendor/laravel/framework/src/Illuminate/Console/Command.php:211
/home/joseph/projects/RideConnect/vendor/symfony/console/Command/Command.php:341
/home/joseph/projects/RideConnect/vendor/laravel/framework/src/Illuminate/Console/Command.php:180
/home/joseph/projects/RideConnect/vendor/symfony/console/Application.php:1094
/home/joseph/projects/RideConnect/vendor/symfony/console/Application.php:356
/home/joseph/projects/RideConnect/vendor/symfony/console/Application.php:195
/home/joseph/projects/RideConnect/vendor/laravel/framework/src/Illuminate/Console/Application.php:165
/home/joseph/projects/RideConnect/vendor/laravel/framework/src/Illuminate/Foundation/Console/Kernel.php:447
/home/joseph/projects/RideConnect/vendor/laravel/framework/src/Illuminate/Testing/PendingCommand.php:451
/home/joseph/projects/RideConnect/vendor/laravel/framework/src/Illuminate/Testing/PendingCommand.php:675
/home/joseph/projects/RideConnect/vendor/laravel/framework/src/Illuminate/Foundation/Testing/Concerns/InteractsWithConsole.php:87
/home/joseph/projects/RideConnect/vendor/laravel/framework/src/Illuminate/Foundation/Testing/RefreshDatabase.php:119
/home/joseph/projects/RideConnect/vendor/laravel/framework/src/Illuminate/Foundation/Testing/RefreshDatabase.php:84
/home/joseph/projects/RideConnect/vendor/laravel/framework/src/Illuminate/Foundation/Testing/RefreshDatabase.php:25
/home/joseph/projects/RideConnect/vendor/laravel/framework/src/Illuminate/Foundation/Testing/Concerns/InteractsWithTestCaseLifecycle.php:217
/home/joseph/projects/RideConnect/vendor/laravel/framework/src/Illuminate/Foundation/Testing/Concerns/InteractsWithTestCaseLifecycle.php:101
/home/joseph/projects/RideConnect/vendor/laravel/framework/src/Illuminate/Foundation/Testing/TestCase.php:63
/home/joseph/projects/RideConnect/tests/Unit/TaxCalculationTest.php:25</error>
        </testcase>
        <testcase name="test_ride_tax_with_zero_amount" file="/home/joseph/projects/RideConnect/tests/Unit/TaxCalculationTest.php" line="52" class="Tests\Unit\TaxCalculationTest" classname="Tests.Unit.TaxCalculationTest" assertions="0" time="0.000000">
          <error type="Illuminate\Database\QueryException">Tests\Unit\TaxCalculationTest::test_ride_tax_with_zero_amount
Illuminate\Database\QueryException: could not find driver (Connection: sqlite, Database: :memory:, SQL: select exists (select 1 from "main".sqlite_master where name = 'migrations' and type = 'table') as "exists")

/home/joseph/projects/RideConnect/vendor/laravel/framework/src/Illuminate/Database/Connection.php:838
/home/joseph/projects/RideConnect/vendor/laravel/framework/src/Illuminate/Database/Connection.php:794
/home/joseph/projects/RideConnect/vendor/laravel/framework/src/Illuminate/Database/Connection.php:411
/home/joseph/projects/RideConnect/vendor/laravel/framework/src/Illuminate/Database/Connection.php:357
/home/joseph/projects/RideConnect/vendor/laravel/framework/src/Illuminate/Database/Connection.php:374
/home/joseph/projects/RideConnect/vendor/laravel/framework/src/Illuminate/Database/Schema/Builder.php:176
/home/joseph/projects/RideConnect/vendor/laravel/framework/src/Illuminate/Database/Migrations/DatabaseMigrationRepository.php:185
/home/joseph/projects/RideConnect/vendor/laravel/framework/src/Illuminate/Database/Migrations/Migrator.php:758
/home/joseph/projects/RideConnect/vendor/laravel/framework/src/Illuminate/Database/Console/Migrations/MigrateCommand.php:164
/home/joseph/projects/RideConnect/vendor/laravel/framework/src/Illuminate/Support/helpers.php:328
/home/joseph/projects/RideConnect/vendor/laravel/framework/src/Illuminate/Database/Console/Migrations/MigrateCommand.php:164
/home/joseph/projects/RideConnect/vendor/laravel/framework/src/Illuminate/Database/Console/Migrations/MigrateCommand.php:140
/home/joseph/projects/RideConnect/vendor/laravel/framework/src/Illuminate/Database/Console/Migrations/MigrateCommand.php:110
/home/joseph/projects/RideConnect/vendor/laravel/framework/src/Illuminate/Database/Migrations/Migrator.php:671
/home/joseph/projects/RideConnect/vendor/laravel/framework/src/Illuminate/Database/Console/Migrations/MigrateCommand.php:109
/home/joseph/projects/RideConnect/vendor/laravel/framework/src/Illuminate/Database/Console/Migrations/MigrateCommand.php:88
/home/joseph/projects/RideConnect/vendor/laravel/framework/src/Illuminate/Container/BoundMethod.php:36
/home/joseph/projects/RideConnect/vendor/laravel/framework/src/Illuminate/Container/Util.php:43
/home/joseph/projects/RideConnect/vendor/laravel/framework/src/Illuminate/Container/BoundMethod.php:96
/home/joseph/projects/RideConnect/vendor/laravel/framework/src/Illuminate/Container/BoundMethod.php:35
/home/joseph/projects/RideConnect/vendor/laravel/framework/src/Illuminate/Container/Container.php:799
/home/joseph/projects/RideConnect/vendor/laravel/framework/src/Illuminate/Console/Command.php:211
/home/joseph/projects/RideConnect/vendor/symfony/console/Command/Command.php:341
/home/joseph/projects/RideConnect/vendor/laravel/framework/src/Illuminate/Console/Command.php:180
/home/joseph/projects/RideConnect/vendor/laravel/framework/src/Illuminate/Console/Concerns/CallsCommands.php:68
/home/joseph/projects/RideConnect/vendor/laravel/framework/src/Illuminate/Console/Concerns/CallsCommands.php:29
/home/joseph/projects/RideConnect/vendor/laravel/framework/src/Illuminate/Database/Console/Migrations/FreshCommand.php:88
/home/joseph/projects/RideConnect/vendor/laravel/framework/src/Illuminate/Container/BoundMethod.php:36
/home/joseph/projects/RideConnect/vendor/laravel/framework/src/Illuminate/Container/Util.php:43
/home/joseph/projects/RideConnect/vendor/laravel/framework/src/Illuminate/Container/BoundMethod.php:96
/home/joseph/projects/RideConnect/vendor/laravel/framework/src/Illuminate/Container/BoundMethod.php:35
/home/joseph/projects/RideConnect/vendor/laravel/framework/src/Illuminate/Container/Container.php:799
/home/joseph/projects/RideConnect/vendor/laravel/framework/src/Illuminate/Console/Command.php:211
/home/joseph/projects/RideConnect/vendor/symfony/console/Command/Command.php:341
/home/joseph/projects/RideConnect/vendor/laravel/framework/src/Illuminate/Console/Command.php:180
/home/joseph/projects/RideConnect/vendor/symfony/console/Application.php:1094
/home/joseph/projects/RideConnect/vendor/symfony/console/Application.php:356
/home/joseph/projects/RideConnect/vendor/symfony/console/Application.php:195
/home/joseph/projects/RideConnect/vendor/laravel/framework/src/Illuminate/Console/Application.php:165
/home/joseph/projects/RideConnect/vendor/laravel/framework/src/Illuminate/Foundation/Console/Kernel.php:447
/home/joseph/projects/RideConnect/vendor/laravel/framework/src/Illuminate/Testing/PendingCommand.php:451
/home/joseph/projects/RideConnect/vendor/laravel/framework/src/Illuminate/Testing/PendingCommand.php:675
/home/joseph/projects/RideConnect/vendor/laravel/framework/src/Illuminate/Foundation/Testing/Concerns/InteractsWithConsole.php:87
/home/joseph/projects/RideConnect/vendor/laravel/framework/src/Illuminate/Foundation/Testing/RefreshDatabase.php:119
/home/joseph/projects/RideConnect/vendor/laravel/framework/src/Illuminate/Foundation/Testing/RefreshDatabase.php:84
/home/joseph/projects/RideConnect/vendor/laravel/framework/src/Illuminate/Foundation/Testing/RefreshDatabase.php:25
/home/joseph/projects/RideConnect/vendor/laravel/framework/src/Illuminate/Foundation/Testing/Concerns/InteractsWithTestCaseLifecycle.php:217
/home/joseph/projects/RideConnect/vendor/laravel/framework/src/Illuminate/Foundation/Testing/Concerns/InteractsWithTestCaseLifecycle.php:101
/home/joseph/projects/RideConnect/vendor/laravel/framework/src/Illuminate/Foundation/Testing/TestCase.php:63
/home/joseph/projects/RideConnect/tests/Unit/TaxCalculationTest.php:25</error>
        </testcase>
        <testcase name="test_ride_tax_with_fractional_amount" file="/home/joseph/projects/RideConnect/tests/Unit/TaxCalculationTest.php" line="59" class="Tests\Unit\TaxCalculationTest" classname="Tests.Unit.TaxCalculationTest" assertions="0" time="0.000000">
          <error type="Illuminate\Database\QueryException">Tests\Unit\TaxCalculationTest::test_ride_tax_with_fractional_amount
Illuminate\Database\QueryException: could not find driver (Connection: sqlite, Database: :memory:, SQL: select exists (select 1 from "main".sqlite_master where name = 'migrations' and type = 'table') as "exists")

/home/joseph/projects/RideConnect/vendor/laravel/framework/src/Illuminate/Database/Connection.php:838
/home/joseph/projects/RideConnect/vendor/laravel/framework/src/Illuminate/Database/Connection.php:794
/home/joseph/projects/RideConnect/vendor/laravel/framework/src/Illuminate/Database/Connection.php:411
/home/joseph/projects/RideConnect/vendor/laravel/framework/src/Illuminate/Database/Connection.php:357
/home/joseph/projects/RideConnect/vendor/laravel/framework/src/Illuminate/Database/Connection.php:374
/home/joseph/projects/RideConnect/vendor/laravel/framework/src/Illuminate/Database/Schema/Builder.php:176
/home/joseph/projects/RideConnect/vendor/laravel/framework/src/Illuminate/Database/Migrations/DatabaseMigrationRepository.php:185
/home/joseph/projects/RideConnect/vendor/laravel/framework/src/Illuminate/Database/Migrations/Migrator.php:758
/home/joseph/projects/RideConnect/vendor/laravel/framework/src/Illuminate/Database/Console/Migrations/MigrateCommand.php:164
/home/joseph/projects/RideConnect/vendor/laravel/framework/src/Illuminate/Support/helpers.php:328
/home/joseph/projects/RideConnect/vendor/laravel/framework/src/Illuminate/Database/Console/Migrations/MigrateCommand.php:164
/home/joseph/projects/RideConnect/vendor/laravel/framework/src/Illuminate/Database/Console/Migrations/MigrateCommand.php:140
/home/joseph/projects/RideConnect/vendor/laravel/framework/src/Illuminate/Database/Console/Migrations/MigrateCommand.php:110
/home/joseph/projects/RideConnect/vendor/laravel/framework/src/Illuminate/Database/Migrations/Migrator.php:671
/home/joseph/projects/RideConnect/vendor/laravel/framework/src/Illuminate/Database/Console/Migrations/MigrateCommand.php:109
/home/joseph/projects/RideConnect/vendor/laravel/framework/src/Illuminate/Database/Console/Migrations/MigrateCommand.php:88
/home/joseph/projects/RideConnect/vendor/laravel/framework/src/Illuminate/Container/BoundMethod.php:36
/home/joseph/projects/RideConnect/vendor/laravel/framework/src/Illuminate/Container/Util.php:43
/home/joseph/projects/RideConnect/vendor/laravel/framework/src/Illuminate/Container/BoundMethod.php:96
/home/joseph/projects/RideConnect/vendor/laravel/framework/src/Illuminate/Container/BoundMethod.php:35
/home/joseph/projects/RideConnect/vendor/laravel/framework/src/Illuminate/Container/Container.php:799
/home/joseph/projects/RideConnect/vendor/laravel/framework/src/Illuminate/Console/Command.php:211
/home/joseph/projects/RideConnect/vendor/symfony/console/Command/Command.php:341
/home/joseph/projects/RideConnect/vendor/laravel/framework/src/Illuminate/Console/Command.php:180
/home/joseph/projects/RideConnect/vendor/laravel/framework/src/Illuminate/Console/Concerns/CallsCommands.php:68
/home/joseph/projects/RideConnect/vendor/laravel/framework/src/Illuminate/Console/Concerns/CallsCommands.php:29
/home/joseph/projects/RideConnect/vendor/laravel/framework/src/Illuminate/Database/Console/Migrations/FreshCommand.php:88
/home/joseph/projects/RideConnect/vendor/laravel/framework/src/Illuminate/Container/BoundMethod.php:36
/home/joseph/projects/RideConnect/vendor/laravel/framework/src/Illuminate/Container/Util.php:43
/home/joseph/projects/RideConnect/vendor/laravel/framework/src/Illuminate/Container/BoundMethod.php:96
/home/joseph/projects/RideConnect/vendor/laravel/framework/src/Illuminate/Container/BoundMethod.php:35
/home/joseph/projects/RideConnect/vendor/laravel/framework/src/Illuminate/Container/Container.php:799
/home/joseph/projects/RideConnect/vendor/laravel/framework/src/Illuminate/Console/Command.php:211
/home/joseph/projects/RideConnect/vendor/symfony/console/Command/Command.php:341
/home/joseph/projects/RideConnect/vendor/laravel/framework/src/Illuminate/Console/Command.php:180
/home/joseph/projects/RideConnect/vendor/symfony/console/Application.php:1094
/home/joseph/projects/RideConnect/vendor/symfony/console/Application.php:356
/home/joseph/projects/RideConnect/vendor/symfony/console/Application.php:195
/home/joseph/projects/RideConnect/vendor/laravel/framework/src/Illuminate/Console/Application.php:165
/home/joseph/projects/RideConnect/vendor/laravel/framework/src/Illuminate/Foundation/Console/Kernel.php:447
/home/joseph/projects/RideConnect/vendor/laravel/framework/src/Illuminate/Testing/PendingCommand.php:451
/home/joseph/projects/RideConnect/vendor/laravel/framework/src/Illuminate/Testing/PendingCommand.php:675
/home/joseph/projects/RideConnect/vendor/laravel/framework/src/Illuminate/Foundation/Testing/Concerns/InteractsWithConsole.php:87
/home/joseph/projects/RideConnect/vendor/laravel/framework/src/Illuminate/Foundation/Testing/RefreshDatabase.php:119
/home/joseph/projects/RideConnect/vendor/laravel/framework/src/Illuminate/Foundation/Testing/RefreshDatabase.php:84
/home/joseph/projects/RideConnect/vendor/laravel/framework/src/Illuminate/Foundation/Testing/RefreshDatabase.php:25
/home/joseph/projects/RideConnect/vendor/laravel/framework/src/Illuminate/Foundation/Testing/Concerns/InteractsWithTestCaseLifecycle.php:217
/home/joseph/projects/RideConnect/vendor/laravel/framework/src/Illuminate/Foundation/Testing/Concerns/InteractsWithTestCaseLifecycle.php:101
/home/joseph/projects/RideConnect/vendor/laravel/framework/src/Illuminate/Foundation/Testing/TestCase.php:63
/home/joseph/projects/RideConnect/tests/Unit/TaxCalculationTest.php:25</error>
        </testcase>
        <testcase name="test_commission_tax_applies_15_pct_wht" file="/home/joseph/projects/RideConnect/tests/Unit/TaxCalculationTest.php" line="71" class="Tests\Unit\TaxCalculationTest" classname="Tests.Unit.TaxCalculationTest" assertions="0" time="0.000000">
          <error type="Illuminate\Database\QueryException">Tests\Unit\TaxCalculationTest::test_commission_tax_applies_15_pct_wht
Illuminate\Database\QueryException: could not find driver (Connection: sqlite, Database: :memory:, SQL: select exists (select 1 from "main".sqlite_master where name = 'migrations' and type = 'table') as "exists")

/home/joseph/projects/RideConnect/vendor/laravel/framework/src/Illuminate/Database/Connection.php:838
/home/joseph/projects/RideConnect/vendor/laravel/framework/src/Illuminate/Database/Connection.php:794
/home/joseph/projects/RideConnect/vendor/laravel/framework/src/Illuminate/Database/Connection.php:411
/home/joseph/projects/RideConnect/vendor/laravel/framework/src/Illuminate/Database/Connection.php:357
/home/joseph/projects/RideConnect/vendor/laravel/framework/src/Illuminate/Database/Connection.php:374
/home/joseph/projects/RideConnect/vendor/laravel/framework/src/Illuminate/Database/Schema/Builder.php:176
/home/joseph/projects/RideConnect/vendor/laravel/framework/src/Illuminate/Database/Migrations/DatabaseMigrationRepository.php:185
/home/joseph/projects/RideConnect/vendor/laravel/framework/src/Illuminate/Database/Migrations/Migrator.php:758
/home/joseph/projects/RideConnect/vendor/laravel/framework/src/Illuminate/Database/Console/Migrations/MigrateCommand.php:164
/home/joseph/projects/RideConnect/vendor/laravel/framework/src/Illuminate/Support/helpers.php:328
/home/joseph/projects/RideConnect/vendor/laravel/framework/src/Illuminate/Database/Console/Migrations/MigrateCommand.php:164
/home/joseph/projects/RideConnect/vendor/laravel/framework/src/Illuminate/Database/Console/Migrations/MigrateCommand.php:140
/home/joseph/projects/RideConnect/vendor/laravel/framework/src/Illuminate/Database/Console/Migrations/MigrateCommand.php:110
/home/joseph/projects/RideConnect/vendor/laravel/framework/src/Illuminate/Database/Migrations/Migrator.php:671
/home/joseph/projects/RideConnect/vendor/laravel/framework/src/Illuminate/Database/Console/Migrations/MigrateCommand.php:109
/home/joseph/projects/RideConnect/vendor/laravel/framework/src/Illuminate/Database/Console/Migrations/MigrateCommand.php:88
/home/joseph/projects/RideConnect/vendor/laravel/framework/src/Illuminate/Container/BoundMethod.php:36
/home/joseph/projects/RideConnect/vendor/laravel/framework/src/Illuminate/Container/Util.php:43
/home/joseph/projects/RideConnect/vendor/laravel/framework/src/Illuminate/Container/BoundMethod.php:96
/home/joseph/projects/RideConnect/vendor/laravel/framework/src/Illuminate/Container/BoundMethod.php:35
/home/joseph/projects/RideConnect/vendor/laravel/framework/src/Illuminate/Container/Container.php:799
/home/joseph/projects/RideConnect/vendor/laravel/framework/src/Illuminate/Console/Command.php:211
/home/joseph/projects/RideConnect/vendor/symfony/console/Command/Command.php:341
/home/joseph/projects/RideConnect/vendor/laravel/framework/src/Illuminate/Console/Command.php:180
/home/joseph/projects/RideConnect/vendor/laravel/framework/src/Illuminate/Console/Concerns/CallsCommands.php:68
/home/joseph/projects/RideConnect/vendor/laravel/framework/src/Illuminate/Console/Concerns/CallsCommands.php:29
/home/joseph/projects/RideConnect/vendor/laravel/framework/src/Illuminate/Database/Console/Migrations/FreshCommand.php:88
/home/joseph/projects/RideConnect/vendor/laravel/framework/src/Illuminate/Container/BoundMethod.php:36
/home/joseph/projects/RideConnect/vendor/laravel/framework/src/Illuminate/Container/Util.php:43
/home/joseph/projects/RideConnect/vendor/laravel/framework/src/Illuminate/Container/BoundMethod.php:96
/home/joseph/projects/RideConnect/vendor/laravel/framework/src/Illuminate/Container/BoundMethod.php:35
/home/joseph/projects/RideConnect/vendor/laravel/framework/src/Illuminate/Container/Container.php:799
/home/joseph/projects/RideConnect/vendor/laravel/framework/src/Illuminate/Console/Command.php:211
/home/joseph/projects/RideConnect/vendor/symfony/console/Command/Command.php:341
/home/joseph/projects/RideConnect/vendor/laravel/framework/src/Illuminate/Console/Command.php:180
/home/joseph/projects/RideConnect/vendor/symfony/console/Application.php:1094
/home/joseph/projects/RideConnect/vendor/symfony/console/Application.php:356
/home/joseph/projects/RideConnect/vendor/symfony/console/Application.php:195
/home/joseph/projects/RideConnect/vendor/laravel/framework/src/Illuminate/Console/Application.php:165
/home/joseph/projects/RideConnect/vendor/laravel/framework/src/Illuminate/Foundation/Console/Kernel.php:447
/home/joseph/projects/RideConnect/vendor/laravel/framework/src/Illuminate/Testing/PendingCommand.php:451
/home/joseph/projects/RideConnect/vendor/laravel/framework/src/Illuminate/Testing/PendingCommand.php:675
/home/joseph/projects/RideConnect/vendor/laravel/framework/src/Illuminate/Foundation/Testing/Concerns/InteractsWithConsole.php:87
/home/joseph/projects/RideConnect/vendor/laravel/framework/src/Illuminate/Foundation/Testing/RefreshDatabase.php:119
/home/joseph/projects/RideConnect/vendor/laravel/framework/src/Illuminate/Foundation/Testing/RefreshDatabase.php:84
/home/joseph/projects/RideConnect/vendor/laravel/framework/src/Illuminate/Foundation/Testing/RefreshDatabase.php:25
/home/joseph/projects/RideConnect/vendor/laravel/framework/src/Illuminate/Foundation/Testing/Concerns/InteractsWithTestCaseLifecycle.php:217
/home/joseph/projects/RideConnect/vendor/laravel/framework/src/Illuminate/Foundation/Testing/Concerns/InteractsWithTestCaseLifecycle.php:101
/home/joseph/projects/RideConnect/vendor/laravel/framework/src/Illuminate/Foundation/Testing/TestCase.php:63
/home/joseph/projects/RideConnect/tests/Unit/TaxCalculationTest.php:25</error>
        </testcase>
        <testcase name="test_payout_tax_applies_5_pct_wht" file="/home/joseph/projects/RideConnect/tests/Unit/TaxCalculationTest.php" line="87" class="Tests\Unit\TaxCalculationTest" classname="Tests.Unit.TaxCalculationTest" assertions="0" time="0.000000">
          <error type="Illuminate\Database\QueryException">Tests\Unit\TaxCalculationTest::test_payout_tax_applies_5_pct_wht
Illuminate\Database\QueryException: could not find driver (Connection: sqlite, Database: :memory:, SQL: select exists (select 1 from "main".sqlite_master where name = 'migrations' and type = 'table') as "exists")

/home/joseph/projects/RideConnect/vendor/laravel/framework/src/Illuminate/Database/Connection.php:838
/home/joseph/projects/RideConnect/vendor/laravel/framework/src/Illuminate/Database/Connection.php:794
/home/joseph/projects/RideConnect/vendor/laravel/framework/src/Illuminate/Database/Connection.php:411
/home/joseph/projects/RideConnect/vendor/laravel/framework/src/Illuminate/Database/Connection.php:357
/home/joseph/projects/RideConnect/vendor/laravel/framework/src/Illuminate/Database/Connection.php:374
/home/joseph/projects/RideConnect/vendor/laravel/framework/src/Illuminate/Database/Schema/Builder.php:176
/home/joseph/projects/RideConnect/vendor/laravel/framework/src/Illuminate/Database/Migrations/DatabaseMigrationRepository.php:185
/home/joseph/projects/RideConnect/vendor/laravel/framework/src/Illuminate/Database/Migrations/Migrator.php:758
/home/joseph/projects/RideConnect/vendor/laravel/framework/src/Illuminate/Database/Console/Migrations/MigrateCommand.php:164
/home/joseph/projects/RideConnect/vendor/laravel/framework/src/Illuminate/Support/helpers.php:328
/home/joseph/projects/RideConnect/vendor/laravel/framework/src/Illuminate/Database/Console/Migrations/MigrateCommand.php:164
/home/joseph/projects/RideConnect/vendor/laravel/framework/src/Illuminate/Database/Console/Migrations/MigrateCommand.php:140
/home/joseph/projects/RideConnect/vendor/laravel/framework/src/Illuminate/Database/Console/Migrations/MigrateCommand.php:110
/home/joseph/projects/RideConnect/vendor/laravel/framework/src/Illuminate/Database/Migrations/Migrator.php:671
/home/joseph/projects/RideConnect/vendor/laravel/framework/src/Illuminate/Database/Console/Migrations/MigrateCommand.php:109
/home/joseph/projects/RideConnect/vendor/laravel/framework/src/Illuminate/Database/Console/Migrations/MigrateCommand.php:88
/home/joseph/projects/RideConnect/vendor/laravel/framework/src/Illuminate/Container/BoundMethod.php:36
/home/joseph/projects/RideConnect/vendor/laravel/framework/src/Illuminate/Container/Util.php:43
/home/joseph/projects/RideConnect/vendor/laravel/framework/src/Illuminate/Container/BoundMethod.php:96
/home/joseph/projects/RideConnect/vendor/laravel/framework/src/Illuminate/Container/BoundMethod.php:35
/home/joseph/projects/RideConnect/vendor/laravel/framework/src/Illuminate/Container/Container.php:799
/home/joseph/projects/RideConnect/vendor/laravel/framework/src/Illuminate/Console/Command.php:211
/home/joseph/projects/RideConnect/vendor/symfony/console/Command/Command.php:341
/home/joseph/projects/RideConnect/vendor/laravel/framework/src/Illuminate/Console/Command.php:180
/home/joseph/projects/RideConnect/vendor/laravel/framework/src/Illuminate/Console/Concerns/CallsCommands.php:68
/home/joseph/projects/RideConnect/vendor/laravel/framework/src/Illuminate/Console/Concerns/CallsCommands.php:29
/home/joseph/projects/RideConnect/vendor/laravel/framework/src/Illuminate/Database/Console/Migrations/FreshCommand.php:88
/home/joseph/projects/RideConnect/vendor/laravel/framework/src/Illuminate/Container/BoundMethod.php:36
/home/joseph/projects/RideConnect/vendor/laravel/framework/src/Illuminate/Container/Util.php:43
/home/joseph/projects/RideConnect/vendor/laravel/framework/src/Illuminate/Container/BoundMethod.php:96
/home/joseph/projects/RideConnect/vendor/laravel/framework/src/Illuminate/Container/BoundMethod.php:35
/home/joseph/projects/RideConnect/vendor/laravel/framework/src/Illuminate/Container/Container.php:799
/home/joseph/projects/RideConnect/vendor/laravel/framework/src/Illuminate/Console/Command.php:211
/home/joseph/projects/RideConnect/vendor/symfony/console/Command/Command.php:341
/home/joseph/projects/RideConnect/vendor/laravel/framework/src/Illuminate/Console/Command.php:180
/home/joseph/projects/RideConnect/vendor/symfony/console/Application.php:1094
/home/joseph/projects/RideConnect/vendor/symfony/console/Application.php:356
/home/joseph/projects/RideConnect/vendor/symfony/console/Application.php:195
/home/joseph/projects/RideConnect/vendor/laravel/framework/src/Illuminate/Console/Application.php:165
/home/joseph/projects/RideConnect/vendor/laravel/framework/src/Illuminate/Foundation/Console/Kernel.php:447
/home/joseph/projects/RideConnect/vendor/laravel/framework/src/Illuminate/Testing/PendingCommand.php:451
/home/joseph/projects/RideConnect/vendor/laravel/framework/src/Illuminate/Testing/PendingCommand.php:675
/home/joseph/projects/RideConnect/vendor/laravel/framework/src/Illuminate/Foundation/Testing/Concerns/InteractsWithConsole.php:87
/home/joseph/projects/RideConnect/vendor/laravel/framework/src/Illuminate/Foundation/Testing/RefreshDatabase.php:119
/home/joseph/projects/RideConnect/vendor/laravel/framework/src/Illuminate/Foundation/Testing/RefreshDatabase.php:84
/home/joseph/projects/RideConnect/vendor/laravel/framework/src/Illuminate/Foundation/Testing/RefreshDatabase.php:25
/home/joseph/projects/RideConnect/vendor/laravel/framework/src/Illuminate/Foundation/Testing/Concerns/InteractsWithTestCaseLifecycle.php:217
/home/joseph/projects/RideConnect/vendor/laravel/framework/src/Illuminate/Foundation/Testing/Concerns/InteractsWithTestCaseLifecycle.php:101
/home/joseph/projects/RideConnect/vendor/laravel/framework/src/Illuminate/Foundation/Testing/TestCase.php:63
/home/joseph/projects/RideConnect/tests/Unit/TaxCalculationTest.php:25</error>
        </testcase>
        <testcase name="test_returns_zero_when_no_rule_matches_jurisdiction" file="/home/joseph/projects/RideConnect/tests/Unit/TaxCalculationTest.php" line="102" class="Tests\Unit\TaxCalculationTest" classname="Tests.Unit.TaxCalculationTest" assertions="0" time="0.000000">
          <error type="Illuminate\Database\QueryException">Tests\Unit\TaxCalculationTest::test_returns_zero_when_no_rule_matches_jurisdiction
Illuminate\Database\QueryException: could not find driver (Connection: sqlite, Database: :memory:, SQL: select exists (select 1 from "main".sqlite_master where name = 'migrations' and type = 'table') as "exists")

/home/joseph/projects/RideConnect/vendor/laravel/framework/src/Illuminate/Database/Connection.php:838
/home/joseph/projects/RideConnect/vendor/laravel/framework/src/Illuminate/Database/Connection.php:794
/home/joseph/projects/RideConnect/vendor/laravel/framework/src/Illuminate/Database/Connection.php:411
/home/joseph/projects/RideConnect/vendor/laravel/framework/src/Illuminate/Database/Connection.php:357
/home/joseph/projects/RideConnect/vendor/laravel/framework/src/Illuminate/Database/Connection.php:374
/home/joseph/projects/RideConnect/vendor/laravel/framework/src/Illuminate/Database/Schema/Builder.php:176
/home/joseph/projects/RideConnect/vendor/laravel/framework/src/Illuminate/Database/Migrations/DatabaseMigrationRepository.php:185
/home/joseph/projects/RideConnect/vendor/laravel/framework/src/Illuminate/Database/Migrations/Migrator.php:758
/home/joseph/projects/RideConnect/vendor/laravel/framework/src/Illuminate/Database/Console/Migrations/MigrateCommand.php:164
/home/joseph/projects/RideConnect/vendor/laravel/framework/src/Illuminate/Support/helpers.php:328
/home/joseph/projects/RideConnect/vendor/laravel/framework/src/Illuminate/Database/Console/Migrations/MigrateCommand.php:164
/home/joseph/projects/RideConnect/vendor/laravel/framework/src/Illuminate/Database/Console/Migrations/MigrateCommand.php:140
/home/joseph/projects/RideConnect/vendor/laravel/framework/src/Illuminate/Database/Console/Migrations/MigrateCommand.php:110
/home/joseph/projects/RideConnect/vendor/laravel/framework/src/Illuminate/Database/Migrations/Migrator.php:671
/home/joseph/projects/RideConnect/vendor/laravel/framework/src/Illuminate/Database/Console/Migrations/MigrateCommand.php:109
/home/joseph/projects/RideConnect/vendor/laravel/framework/src/Illuminate/Database/Console/Migrations/MigrateCommand.php:88
/home/joseph/projects/RideConnect/vendor/laravel/framework/src/Illuminate/Container/BoundMethod.php:36
/home/joseph/projects/RideConnect/vendor/laravel/framework/src/Illuminate/Container/Util.php:43
/home/joseph/projects/RideConnect/vendor/laravel/framework/src/Illuminate/Container/BoundMethod.php:96
/home/joseph/projects/RideConnect/vendor/laravel/framework/src/Illuminate/Container/BoundMethod.php:35
/home/joseph/projects/RideConnect/vendor/laravel/framework/src/Illuminate/Container/Container.php:799
/home/joseph/projects/RideConnect/vendor/laravel/framework/src/Illuminate/Console/Command.php:211
/home/joseph/projects/RideConnect/vendor/symfony/console/Command/Command.php:341
/home/joseph/projects/RideConnect/vendor/laravel/framework/src/Illuminate/Console/Command.php:180
/home/joseph/projects/RideConnect/vendor/laravel/framework/src/Illuminate/Console/Concerns/CallsCommands.php:68
/home/joseph/projects/RideConnect/vendor/laravel/framework/src/Illuminate/Console/Concerns/CallsCommands.php:29
/home/joseph/projects/RideConnect/vendor/laravel/framework/src/Illuminate/Database/Console/Migrations/FreshCommand.php:88
/home/joseph/projects/RideConnect/vendor/laravel/framework/src/Illuminate/Container/BoundMethod.php:36
/home/joseph/projects/RideConnect/vendor/laravel/framework/src/Illuminate/Container/Util.php:43
/home/joseph/projects/RideConnect/vendor/laravel/framework/src/Illuminate/Container/BoundMethod.php:96
/home/joseph/projects/RideConnect/vendor/laravel/framework/src/Illuminate/Container/BoundMethod.php:35
/home/joseph/projects/RideConnect/vendor/laravel/framework/src/Illuminate/Container/Container.php:799
/home/joseph/projects/RideConnect/vendor/laravel/framework/src/Illuminate/Console/Command.php:211
/home/joseph/projects/RideConnect/vendor/symfony/console/Command/Command.php:341
/home/joseph/projects/RideConnect/vendor/laravel/framework/src/Illuminate/Console/Command.php:180
/home/joseph/projects/RideConnect/vendor/symfony/console/Application.php:1094
/home/joseph/projects/RideConnect/vendor/symfony/console/Application.php:356
/home/joseph/projects/RideConnect/vendor/symfony/console/Application.php:195
/home/joseph/projects/RideConnect/vendor/laravel/framework/src/Illuminate/Console/Application.php:165
/home/joseph/projects/RideConnect/vendor/laravel/framework/src/Illuminate/Foundation/Console/Kernel.php:447
/home/joseph/projects/RideConnect/vendor/laravel/framework/src/Illuminate/Testing/PendingCommand.php:451
/home/joseph/projects/RideConnect/vendor/laravel/framework/src/Illuminate/Testing/PendingCommand.php:675
/home/joseph/projects/RideConnect/vendor/laravel/framework/src/Illuminate/Foundation/Testing/Concerns/InteractsWithConsole.php:87
/home/joseph/projects/RideConnect/vendor/laravel/framework/src/Illuminate/Foundation/Testing/RefreshDatabase.php:119
/home/joseph/projects/RideConnect/vendor/laravel/framework/src/Illuminate/Foundation/Testing/RefreshDatabase.php:84
/home/joseph/projects/RideConnect/vendor/laravel/framework/src/Illuminate/Foundation/Testing/RefreshDatabase.php:25
/home/joseph/projects/RideConnect/vendor/laravel/framework/src/Illuminate/Foundation/Testing/Concerns/InteractsWithTestCaseLifecycle.php:217
/home/joseph/projects/RideConnect/vendor/laravel/framework/src/Illuminate/Foundation/Testing/Concerns/InteractsWithTestCaseLifecycle.php:101
/home/joseph/projects/RideConnect/vendor/laravel/framework/src/Illuminate/Foundation/Testing/TestCase.php:63
/home/joseph/projects/RideConnect/tests/Unit/TaxCalculationTest.php:25</error>
        </testcase>
        <testcase name="test_tax_breakdown_dto_serialises_to_json" file="/home/joseph/projects/RideConnect/tests/Unit/TaxCalculationTest.php" line="114" class="Tests\Unit\TaxCalculationTest" classname="Tests.Unit.TaxCalculationTest" assertions="0" time="0.000000">
          <error type="Illuminate\Database\QueryException">Tests\Unit\TaxCalculationTest::test_tax_breakdown_dto_serialises_to_json
Illuminate\Database\QueryException: could not find driver (Connection: sqlite, Database: :memory:, SQL: select exists (select 1 from "main".sqlite_master where name = 'migrations' and type = 'table') as "exists")

/home/joseph/projects/RideConnect/vendor/laravel/framework/src/Illuminate/Database/Connection.php:838
/home/joseph/projects/RideConnect/vendor/laravel/framework/src/Illuminate/Database/Connection.php:794
/home/joseph/projects/RideConnect/vendor/laravel/framework/src/Illuminate/Database/Connection.php:411
/home/joseph/projects/RideConnect/vendor/laravel/framework/src/Illuminate/Database/Connection.php:357
/home/joseph/projects/RideConnect/vendor/laravel/framework/src/Illuminate/Database/Connection.php:374
/home/joseph/projects/RideConnect/vendor/laravel/framework/src/Illuminate/Database/Schema/Builder.php:176
/home/joseph/projects/RideConnect/vendor/laravel/framework/src/Illuminate/Database/Migrations/DatabaseMigrationRepository.php:185
/home/joseph/projects/RideConnect/vendor/laravel/framework/src/Illuminate/Database/Migrations/Migrator.php:758
/home/joseph/projects/RideConnect/vendor/laravel/framework/src/Illuminate/Database/Console/Migrations/MigrateCommand.php:164
/home/joseph/projects/RideConnect/vendor/laravel/framework/src/Illuminate/Support/helpers.php:328
/home/joseph/projects/RideConnect/vendor/laravel/framework/src/Illuminate/Database/Console/Migrations/MigrateCommand.php:164
/home/joseph/projects/RideConnect/vendor/laravel/framework/src/Illuminate/Database/Console/Migrations/MigrateCommand.php:140
/home/joseph/projects/RideConnect/vendor/laravel/framework/src/Illuminate/Database/Console/Migrations/MigrateCommand.php:110
/home/joseph/projects/RideConnect/vendor/laravel/framework/src/Illuminate/Database/Migrations/Migrator.php:671
/home/joseph/projects/RideConnect/vendor/laravel/framework/src/Illuminate/Database/Console/Migrations/MigrateCommand.php:109
/home/joseph/projects/RideConnect/vendor/laravel/framework/src/Illuminate/Database/Console/Migrations/MigrateCommand.php:88
/home/joseph/projects/RideConnect/vendor/laravel/framework/src/Illuminate/Container/BoundMethod.php:36
/home/joseph/projects/RideConnect/vendor/laravel/framework/src/Illuminate/Container/Util.php:43
/home/joseph/projects/RideConnect/vendor/laravel/framework/src/Illuminate/Container/BoundMethod.php:96
/home/joseph/projects/RideConnect/vendor/laravel/framework/src/Illuminate/Container/BoundMethod.php:35
/home/joseph/projects/RideConnect/vendor/laravel/framework/src/Illuminate/Container/Container.php:799
/home/joseph/projects/RideConnect/vendor/laravel/framework/src/Illuminate/Console/Command.php:211
/home/joseph/projects/RideConnect/vendor/symfony/console/Command/Command.php:341
/home/joseph/projects/RideConnect/vendor/laravel/framework/src/Illuminate/Console/Command.php:180
/home/joseph/projects/RideConnect/vendor/laravel/framework/src/Illuminate/Console/Concerns/CallsCommands.php:68
/home/joseph/projects/RideConnect/vendor/laravel/framework/src/Illuminate/Console/Concerns/CallsCommands.php:29
/home/joseph/projects/RideConnect/vendor/laravel/framework/src/Illuminate/Database/Console/Migrations/FreshCommand.php:88
/home/joseph/projects/RideConnect/vendor/laravel/framework/src/Illuminate/Container/BoundMethod.php:36
/home/joseph/projects/RideConnect/vendor/laravel/framework/src/Illuminate/Container/Util.php:43
/home/joseph/projects/RideConnect/vendor/laravel/framework/src/Illuminate/Container/BoundMethod.php:96
/home/joseph/projects/RideConnect/vendor/laravel/framework/src/Illuminate/Container/BoundMethod.php:35
/home/joseph/projects/RideConnect/vendor/laravel/framework/src/Illuminate/Container/Container.php:799
/home/joseph/projects/RideConnect/vendor/laravel/framework/src/Illuminate/Console/Command.php:211
/home/joseph/projects/RideConnect/vendor/symfony/console/Command/Command.php:341
/home/joseph/projects/RideConnect/vendor/laravel/framework/src/Illuminate/Console/Command.php:180
/home/joseph/projects/RideConnect/vendor/symfony/console/Application.php:1094
/home/joseph/projects/RideConnect/vendor/symfony/console/Application.php:356
/home/joseph/projects/RideConnect/vendor/symfony/console/Application.php:195
/home/joseph/projects/RideConnect/vendor/laravel/framework/src/Illuminate/Console/Application.php:165
/home/joseph/projects/RideConnect/vendor/laravel/framework/src/Illuminate/Foundation/Console/Kernel.php:447
/home/joseph/projects/RideConnect/vendor/laravel/framework/src/Illuminate/Testing/PendingCommand.php:451
/home/joseph/projects/RideConnect/vendor/laravel/framework/src/Illuminate/Testing/PendingCommand.php:675
/home/joseph/projects/RideConnect/vendor/laravel/framework/src/Illuminate/Foundation/Testing/Concerns/InteractsWithConsole.php:87
/home/joseph/projects/RideConnect/vendor/laravel/framework/src/Illuminate/Foundation/Testing/RefreshDatabase.php:119
/home/joseph/projects/RideConnect/vendor/laravel/framework/src/Illuminate/Foundation/Testing/RefreshDatabase.php:84
/home/joseph/projects/RideConnect/vendor/laravel/framework/src/Illuminate/Foundation/Testing/RefreshDatabase.php:25
/home/joseph/projects/RideConnect/vendor/laravel/framework/src/Illuminate/Foundation/Testing/Concerns/InteractsWithTestCaseLifecycle.php:217
/home/joseph/projects/RideConnect/vendor/laravel/framework/src/Illuminate/Foundation/Testing/Concerns/InteractsWithTestCaseLifecycle.php:101
/home/joseph/projects/RideConnect/vendor/laravel/framework/src/Illuminate/Foundation/Testing/TestCase.php:63
/home/joseph/projects/RideConnect/tests/Unit/TaxCalculationTest.php:25</error>
        </testcase>
      </testsuite>
      <testsuite name="Tests\Unit\TransportMappingServiceTest" file="/home/joseph/projects/RideConnect/tests/Unit/TransportMappingServiceTest.php" tests="11" assertions="55" errors="0" failures="0" skipped="0" time="0.012679">
        <testcase name="test_vehicle_to_transport_mapping_is_correct" file="/home/joseph/projects/RideConnect/tests/Unit/TransportMappingServiceTest.php" line="11" class="Tests\Unit\TransportMappingServiceTest" classname="Tests.Unit.TransportMappingServiceTest" assertions="12" time="0.006907"/>
        <testcase name="test_mapping_service_is_case_insensitive" file="/home/joseph/projects/RideConnect/tests/Unit/TransportMappingServiceTest.php" line="32" class="Tests\Unit\TransportMappingServiceTest" classname="Tests.Unit.TransportMappingServiceTest" assertions="6" time="0.000413"/>
        <testcase name="test_unknown_vehicle_type_returns_null" file="/home/joseph/projects/RideConnect/tests/Unit/TransportMappingServiceTest.php" line="42" class="Tests\Unit\TransportMappingServiceTest" classname="Tests.Unit.TransportMappingServiceTest" assertions="3" time="0.000866"/>
        <testcase name="test_is_compatible_returns_true_for_matching_types" file="/home/joseph/projects/RideConnect/tests/Unit/TransportMappingServiceTest.php" line="49" class="Tests\Unit\TransportMappingServiceTest" classname="Tests.Unit.TransportMappingServiceTest" assertions="3" time="0.000300"/>
        <testcase name="test_is_compatible_returns_false_for_mismatched_types" file="/home/joseph/projects/RideConnect/tests/Unit/TransportMappingServiceTest.php" line="56" class="Tests\Unit\TransportMappingServiceTest" classname="Tests.Unit.TransportMappingServiceTest" assertions="4" time="0.000927"/>
        <testcase name="test_is_compatible_is_case_insensitive" file="/home/joseph/projects/RideConnect/tests/Unit/TransportMappingServiceTest.php" line="64" class="Tests\Unit\TransportMappingServiceTest" classname="Tests.Unit.TransportMappingServiceTest" assertions="3" time="0.000315"/>
        <testcase name="test_is_compatible_returns_false_for_null_values" file="/home/joseph/projects/RideConnect/tests/Unit/TransportMappingServiceTest.php" line="71" class="Tests\Unit\TransportMappingServiceTest" classname="Tests.Unit.TransportMappingServiceTest" assertions="3" time="0.000301"/>
        <testcase name="test_normalize_converts_to_lowercase_and_trims" file="/home/joseph/projects/RideConnect/tests/Unit/TransportMappingServiceTest.php" line="78" class="Tests\Unit\TransportMappingServiceTest" classname="Tests.Unit.TransportMappingServiceTest" assertions="4" time="0.000251"/>
        <testcase name="test_get_vehicle_types_for_transport_type" file="/home/joseph/projects/RideConnect/tests/Unit/TransportMappingServiceTest.php" line="86" class="Tests\Unit\TransportMappingServiceTest" classname="Tests.Unit.TransportMappingServiceTest" assertions="9" time="0.001190"/>
        <testcase name="test_get_all_vehicle_types" file="/home/joseph/projects/RideConnect/tests/Unit/TransportMappingServiceTest.php" line="104" class="Tests\Unit\TransportMappingServiceTest" classname="Tests.Unit.TransportMappingServiceTest" assertions="4" time="0.000937"/>
        <testcase name="test_get_all_transport_types" file="/home/joseph/projects/RideConnect/tests/Unit/TransportMappingServiceTest.php" line="114" class="Tests\Unit\TransportMappingServiceTest" classname="Tests.Unit.TransportMappingServiceTest" assertions="4" time="0.000274"/>
      </testsuite>
      <testsuite name="Tests\Unit\TripLocationServiceTest" file="/home/joseph/projects/RideConnect/tests/Unit/TripLocationServiceTest.php" tests="1" assertions="0" errors="1" failures="0" skipped="0" time="0.000000">
        <testcase name="it_updates_and_reads_current_location" file="/home/joseph/projects/RideConnect/tests/Unit/TripLocationServiceTest.php" line="23" class="Tests\Unit\TripLocationServiceTest" classname="Tests.Unit.TripLocationServiceTest" assertions="0" time="0.000000">
          <error type="Illuminate\Database\QueryException">Tests\Unit\TripLocationServiceTest::it_updates_and_reads_current_location
Illuminate\Database\QueryException: could not find driver (Connection: sqlite, Database: :memory:, SQL: select exists (select 1 from "main".sqlite_master where name = 'migrations' and type = 'table') as "exists")

/home/joseph/projects/RideConnect/vendor/laravel/framework/src/Illuminate/Database/Connection.php:838
/home/joseph/projects/RideConnect/vendor/laravel/framework/src/Illuminate/Database/Connection.php:794
/home/joseph/projects/RideConnect/vendor/laravel/framework/src/Illuminate/Database/Connection.php:411
/home/joseph/projects/RideConnect/vendor/laravel/framework/src/Illuminate/Database/Connection.php:357
/home/joseph/projects/RideConnect/vendor/laravel/framework/src/Illuminate/Database/Connection.php:374
/home/joseph/projects/RideConnect/vendor/laravel/framework/src/Illuminate/Database/Schema/Builder.php:176
/home/joseph/projects/RideConnect/vendor/laravel/framework/src/Illuminate/Database/Migrations/DatabaseMigrationRepository.php:185
/home/joseph/projects/RideConnect/vendor/laravel/framework/src/Illuminate/Database/Migrations/Migrator.php:758
/home/joseph/projects/RideConnect/vendor/laravel/framework/src/Illuminate/Database/Console/Migrations/MigrateCommand.php:164
/home/joseph/projects/RideConnect/vendor/laravel/framework/src/Illuminate/Support/helpers.php:328
/home/joseph/projects/RideConnect/vendor/laravel/framework/src/Illuminate/Database/Console/Migrations/MigrateCommand.php:164
/home/joseph/projects/RideConnect/vendor/laravel/framework/src/Illuminate/Database/Console/Migrations/MigrateCommand.php:140
/home/joseph/projects/RideConnect/vendor/laravel/framework/src/Illuminate/Database/Console/Migrations/MigrateCommand.php:110
/home/joseph/projects/RideConnect/vendor/laravel/framework/src/Illuminate/Database/Migrations/Migrator.php:671
/home/joseph/projects/RideConnect/vendor/laravel/framework/src/Illuminate/Database/Console/Migrations/MigrateCommand.php:109
/home/joseph/projects/RideConnect/vendor/laravel/framework/src/Illuminate/Database/Console/Migrations/MigrateCommand.php:88
/home/joseph/projects/RideConnect/vendor/laravel/framework/src/Illuminate/Container/BoundMethod.php:36
/home/joseph/projects/RideConnect/vendor/laravel/framework/src/Illuminate/Container/Util.php:43
/home/joseph/projects/RideConnect/vendor/laravel/framework/src/Illuminate/Container/BoundMethod.php:96
/home/joseph/projects/RideConnect/vendor/laravel/framework/src/Illuminate/Container/BoundMethod.php:35
/home/joseph/projects/RideConnect/vendor/laravel/framework/src/Illuminate/Container/Container.php:799
/home/joseph/projects/RideConnect/vendor/laravel/framework/src/Illuminate/Console/Command.php:211
/home/joseph/projects/RideConnect/vendor/symfony/console/Command/Command.php:341
/home/joseph/projects/RideConnect/vendor/laravel/framework/src/Illuminate/Console/Command.php:180
/home/joseph/projects/RideConnect/vendor/laravel/framework/src/Illuminate/Console/Concerns/CallsCommands.php:68
/home/joseph/projects/RideConnect/vendor/laravel/framework/src/Illuminate/Console/Concerns/CallsCommands.php:29
/home/joseph/projects/RideConnect/vendor/laravel/framework/src/Illuminate/Database/Console/Migrations/FreshCommand.php:88
/home/joseph/projects/RideConnect/vendor/laravel/framework/src/Illuminate/Container/BoundMethod.php:36
/home/joseph/projects/RideConnect/vendor/laravel/framework/src/Illuminate/Container/Util.php:43
/home/joseph/projects/RideConnect/vendor/laravel/framework/src/Illuminate/Container/BoundMethod.php:96
/home/joseph/projects/RideConnect/vendor/laravel/framework/src/Illuminate/Container/BoundMethod.php:35
/home/joseph/projects/RideConnect/vendor/laravel/framework/src/Illuminate/Container/Container.php:799
/home/joseph/projects/RideConnect/vendor/laravel/framework/src/Illuminate/Console/Command.php:211
/home/joseph/projects/RideConnect/vendor/symfony/console/Command/Command.php:341
/home/joseph/projects/RideConnect/vendor/laravel/framework/src/Illuminate/Console/Command.php:180
/home/joseph/projects/RideConnect/vendor/symfony/console/Application.php:1094
/home/joseph/projects/RideConnect/vendor/symfony/console/Application.php:356
/home/joseph/projects/RideConnect/vendor/symfony/console/Application.php:195
/home/joseph/projects/RideConnect/vendor/laravel/framework/src/Illuminate/Console/Application.php:165
/home/joseph/projects/RideConnect/vendor/laravel/framework/src/Illuminate/Foundation/Console/Kernel.php:447
/home/joseph/projects/RideConnect/vendor/laravel/framework/src/Illuminate/Testing/PendingCommand.php:451
/home/joseph/projects/RideConnect/vendor/laravel/framework/src/Illuminate/Testing/PendingCommand.php:675
/home/joseph/projects/RideConnect/vendor/laravel/framework/src/Illuminate/Foundation/Testing/Concerns/InteractsWithConsole.php:87
/home/joseph/projects/RideConnect/vendor/laravel/framework/src/Illuminate/Foundation/Testing/RefreshDatabase.php:119
/home/joseph/projects/RideConnect/vendor/laravel/framework/src/Illuminate/Foundation/Testing/RefreshDatabase.php:84
/home/joseph/projects/RideConnect/vendor/laravel/framework/src/Illuminate/Foundation/Testing/RefreshDatabase.php:25
/home/joseph/projects/RideConnect/vendor/laravel/framework/src/Illuminate/Foundation/Testing/Concerns/InteractsWithTestCaseLifecycle.php:217
/home/joseph/projects/RideConnect/vendor/laravel/framework/src/Illuminate/Foundation/Testing/Concerns/InteractsWithTestCaseLifecycle.php:101
/home/joseph/projects/RideConnect/vendor/laravel/framework/src/Illuminate/Foundation/Testing/TestCase.php:63
/home/joseph/projects/RideConnect/tests/Unit/TripLocationServiceTest.php:18</error>
        </testcase>
      </testsuite>
      <testsuite name="Tests\Unit\TripStateMachineTest" file="/home/joseph/projects/RideConnect/tests/Unit/TripStateMachineTest.php" tests="3" assertions="12" errors="0" failures="0" skipped="0" time="0.000782">
        <testcase name="it_allows_valid_transitions" file="/home/joseph/projects/RideConnect/tests/Unit/TripStateMachineTest.php" line="13" class="Tests\Unit\TripStateMachineTest" classname="Tests.Unit.TripStateMachineTest" assertions="7" time="0.000534"/>
        <testcase name="it_blocks_invalid_transitions" file="/home/joseph/projects/RideConnect/tests/Unit/TripStateMachineTest.php" line="25" class="Tests\Unit\TripStateMachineTest" classname="Tests.Unit.TripStateMachineTest" assertions="4" time="0.000131"/>
        <testcase name="assert_transition_throws_for_invalid_transition" file="/home/joseph/projects/RideConnect/tests/Unit/TripStateMachineTest.php" line="34" class="Tests\Unit\TripStateMachineTest" classname="Tests.Unit.TripStateMachineTest" assertions="1" time="0.000116"/>
      </testsuite>
      <testsuite name="Tests\Unit\TripStatusNormalizationTest" file="/home/joseph/projects/RideConnect/tests/Unit/TripStatusNormalizationTest.php" tests="1" assertions="0" errors="1" failures="0" skipped="0" time="0.000000">
        <testcase name="it_normalizes_lowercase_status_values_to_database_enum_values" file="/home/joseph/projects/RideConnect/tests/Unit/TripStatusNormalizationTest.php" line="12" class="Tests\Unit\TripStatusNormalizationTest" classname="Tests.Unit.TripStatusNormalizationTest" assertions="0" time="0.000000">
          <error type="Illuminate\Database\QueryException">Tests\Unit\TripStatusNormalizationTest::it_normalizes_lowercase_status_values_to_database_enum_values
Illuminate\Database\QueryException: could not find driver (Connection: sqlite, Database: :memory:, SQL: select exists (select 1 from "main".sqlite_master where name = 'migrations' and type = 'table') as "exists")

/home/joseph/projects/RideConnect/vendor/laravel/framework/src/Illuminate/Database/Connection.php:838
/home/joseph/projects/RideConnect/vendor/laravel/framework/src/Illuminate/Database/Connection.php:794
/home/joseph/projects/RideConnect/vendor/laravel/framework/src/Illuminate/Database/Connection.php:411
/home/joseph/projects/RideConnect/vendor/laravel/framework/src/Illuminate/Database/Connection.php:357
/home/joseph/projects/RideConnect/vendor/laravel/framework/src/Illuminate/Database/Connection.php:374
/home/joseph/projects/RideConnect/vendor/laravel/framework/src/Illuminate/Database/Schema/Builder.php:176
/home/joseph/projects/RideConnect/vendor/laravel/framework/src/Illuminate/Database/Migrations/DatabaseMigrationRepository.php:185
/home/joseph/projects/RideConnect/vendor/laravel/framework/src/Illuminate/Database/Migrations/Migrator.php:758
/home/joseph/projects/RideConnect/vendor/laravel/framework/src/Illuminate/Database/Console/Migrations/MigrateCommand.php:164
/home/joseph/projects/RideConnect/vendor/laravel/framework/src/Illuminate/Support/helpers.php:328
/home/joseph/projects/RideConnect/vendor/laravel/framework/src/Illuminate/Database/Console/Migrations/MigrateCommand.php:164
/home/joseph/projects/RideConnect/vendor/laravel/framework/src/Illuminate/Database/Console/Migrations/MigrateCommand.php:140
/home/joseph/projects/RideConnect/vendor/laravel/framework/src/Illuminate/Database/Console/Migrations/MigrateCommand.php:110
/home/joseph/projects/RideConnect/vendor/laravel/framework/src/Illuminate/Database/Migrations/Migrator.php:671
/home/joseph/projects/RideConnect/vendor/laravel/framework/src/Illuminate/Database/Console/Migrations/MigrateCommand.php:109
/home/joseph/projects/RideConnect/vendor/laravel/framework/src/Illuminate/Database/Console/Migrations/MigrateCommand.php:88
/home/joseph/projects/RideConnect/vendor/laravel/framework/src/Illuminate/Container/BoundMethod.php:36
/home/joseph/projects/RideConnect/vendor/laravel/framework/src/Illuminate/Container/Util.php:43
/home/joseph/projects/RideConnect/vendor/laravel/framework/src/Illuminate/Container/BoundMethod.php:96
/home/joseph/projects/RideConnect/vendor/laravel/framework/src/Illuminate/Container/BoundMethod.php:35
/home/joseph/projects/RideConnect/vendor/laravel/framework/src/Illuminate/Container/Container.php:799
/home/joseph/projects/RideConnect/vendor/laravel/framework/src/Illuminate/Console/Command.php:211
/home/joseph/projects/RideConnect/vendor/symfony/console/Command/Command.php:341
/home/joseph/projects/RideConnect/vendor/laravel/framework/src/Illuminate/Console/Command.php:180
/home/joseph/projects/RideConnect/vendor/laravel/framework/src/Illuminate/Console/Concerns/CallsCommands.php:68
/home/joseph/projects/RideConnect/vendor/laravel/framework/src/Illuminate/Console/Concerns/CallsCommands.php:29
/home/joseph/projects/RideConnect/vendor/laravel/framework/src/Illuminate/Database/Console/Migrations/FreshCommand.php:88
/home/joseph/projects/RideConnect/vendor/laravel/framework/src/Illuminate/Container/BoundMethod.php:36
/home/joseph/projects/RideConnect/vendor/laravel/framework/src/Illuminate/Container/Util.php:43
/home/joseph/projects/RideConnect/vendor/laravel/framework/src/Illuminate/Container/BoundMethod.php:96
/home/joseph/projects/RideConnect/vendor/laravel/framework/src/Illuminate/Container/BoundMethod.php:35
/home/joseph/projects/RideConnect/vendor/laravel/framework/src/Illuminate/Container/Container.php:799
/home/joseph/projects/RideConnect/vendor/laravel/framework/src/Illuminate/Console/Command.php:211
/home/joseph/projects/RideConnect/vendor/symfony/console/Command/Command.php:341
/home/joseph/projects/RideConnect/vendor/laravel/framework/src/Illuminate/Console/Command.php:180
/home/joseph/projects/RideConnect/vendor/symfony/console/Application.php:1094
/home/joseph/projects/RideConnect/vendor/symfony/console/Application.php:356
/home/joseph/projects/RideConnect/vendor/symfony/console/Application.php:195
/home/joseph/projects/RideConnect/vendor/laravel/framework/src/Illuminate/Console/Application.php:165
/home/joseph/projects/RideConnect/vendor/laravel/framework/src/Illuminate/Foundation/Console/Kernel.php:447
/home/joseph/projects/RideConnect/vendor/laravel/framework/src/Illuminate/Testing/PendingCommand.php:451
/home/joseph/projects/RideConnect/vendor/laravel/framework/src/Illuminate/Testing/PendingCommand.php:675
/home/joseph/projects/RideConnect/vendor/laravel/framework/src/Illuminate/Foundation/Testing/Concerns/InteractsWithConsole.php:87
/home/joseph/projects/RideConnect/vendor/laravel/framework/src/Illuminate/Foundation/Testing/RefreshDatabase.php:119
/home/joseph/projects/RideConnect/vendor/laravel/framework/src/Illuminate/Foundation/Testing/RefreshDatabase.php:84
/home/joseph/projects/RideConnect/vendor/laravel/framework/src/Illuminate/Foundation/Testing/RefreshDatabase.php:25
/home/joseph/projects/RideConnect/vendor/laravel/framework/src/Illuminate/Foundation/Testing/Concerns/InteractsWithTestCaseLifecycle.php:217
/home/joseph/projects/RideConnect/vendor/laravel/framework/src/Illuminate/Foundation/Testing/Concerns/InteractsWithTestCaseLifecycle.php:101
/home/joseph/projects/RideConnect/vendor/laravel/framework/src/Illuminate/Foundation/Testing/TestCase.php:63</error>
        </testcase>
      </testsuite>
    </testsuite>
    <testsuite name="Feature" tests="194" assertions="0" errors="194" failures="0" skipped="0" time="0.000000">
      <testsuite name="Tests\Feature\AiMatchingSchemaTest" file="/home/joseph/projects/RideConnect/tests/Feature/AiMatchingSchemaTest.php" tests="3" assertions="0" errors="3" failures="0" skipped="0" time="0.000000">
        <testcase name="it_exposes_the_ai_matching_columns" file="/home/joseph/projects/RideConnect/tests/Feature/AiMatchingSchemaTest.php" line="21" class="Tests\Feature\AiMatchingSchemaTest" classname="Tests.Feature.AiMatchingSchemaTest" assertions="0" time="0.000000">
          <error type="Illuminate\Database\QueryException">Tests\Feature\AiMatchingSchemaTest::it_exposes_the_ai_matching_columns
Illuminate\Database\QueryException: could not find driver (Connection: sqlite, Database: :memory:, SQL: select exists (select 1 from "main".sqlite_master where name = 'migrations' and type = 'table') as "exists")

/home/joseph/projects/RideConnect/vendor/laravel/framework/src/Illuminate/Database/Connection.php:838
/home/joseph/projects/RideConnect/vendor/laravel/framework/src/Illuminate/Database/Connection.php:794
/home/joseph/projects/RideConnect/vendor/laravel/framework/src/Illuminate/Database/Connection.php:411
/home/joseph/projects/RideConnect/vendor/laravel/framework/src/Illuminate/Database/Connection.php:357
/home/joseph/projects/RideConnect/vendor/laravel/framework/src/Illuminate/Database/Connection.php:374
/home/joseph/projects/RideConnect/vendor/laravel/framework/src/Illuminate/Database/Schema/Builder.php:176
/home/joseph/projects/RideConnect/vendor/laravel/framework/src/Illuminate/Database/Migrations/DatabaseMigrationRepository.php:185
/home/joseph/projects/RideConnect/vendor/laravel/framework/src/Illuminate/Database/Migrations/Migrator.php:758
/home/joseph/projects/RideConnect/vendor/laravel/framework/src/Illuminate/Database/Console/Migrations/MigrateCommand.php:164
/home/joseph/projects/RideConnect/vendor/laravel/framework/src/Illuminate/Support/helpers.php:328
/home/joseph/projects/RideConnect/vendor/laravel/framework/src/Illuminate/Database/Console/Migrations/MigrateCommand.php:164
/home/joseph/projects/RideConnect/vendor/laravel/framework/src/Illuminate/Database/Console/Migrations/MigrateCommand.php:140
/home/joseph/projects/RideConnect/vendor/laravel/framework/src/Illuminate/Database/Console/Migrations/MigrateCommand.php:110
/home/joseph/projects/RideConnect/vendor/laravel/framework/src/Illuminate/Database/Migrations/Migrator.php:671
/home/joseph/projects/RideConnect/vendor/laravel/framework/src/Illuminate/Database/Console/Migrations/MigrateCommand.php:109
/home/joseph/projects/RideConnect/vendor/laravel/framework/src/Illuminate/Database/Console/Migrations/MigrateCommand.php:88
/home/joseph/projects/RideConnect/vendor/laravel/framework/src/Illuminate/Container/BoundMethod.php:36
/home/joseph/projects/RideConnect/vendor/laravel/framework/src/Illuminate/Container/Util.php:43
/home/joseph/projects/RideConnect/vendor/laravel/framework/src/Illuminate/Container/BoundMethod.php:96
/home/joseph/projects/RideConnect/vendor/laravel/framework/src/Illuminate/Container/BoundMethod.php:35
/home/joseph/projects/RideConnect/vendor/laravel/framework/src/Illuminate/Container/Container.php:799
/home/joseph/projects/RideConnect/vendor/laravel/framework/src/Illuminate/Console/Command.php:211
/home/joseph/projects/RideConnect/vendor/symfony/console/Command/Command.php:341
/home/joseph/projects/RideConnect/vendor/laravel/framework/src/Illuminate/Console/Command.php:180
/home/joseph/projects/RideConnect/vendor/laravel/framework/src/Illuminate/Console/Concerns/CallsCommands.php:68
/home/joseph/projects/RideConnect/vendor/laravel/framework/src/Illuminate/Console/Concerns/CallsCommands.php:29
/home/joseph/projects/RideConnect/vendor/laravel/framework/src/Illuminate/Database/Console/Migrations/FreshCommand.php:88
/home/joseph/projects/RideConnect/vendor/laravel/framework/src/Illuminate/Container/BoundMethod.php:36
/home/joseph/projects/RideConnect/vendor/laravel/framework/src/Illuminate/Container/Util.php:43
/home/joseph/projects/RideConnect/vendor/laravel/framework/src/Illuminate/Container/BoundMethod.php:96
/home/joseph/projects/RideConnect/vendor/laravel/framework/src/Illuminate/Container/BoundMethod.php:35
/home/joseph/projects/RideConnect/vendor/laravel/framework/src/Illuminate/Container/Container.php:799
/home/joseph/projects/RideConnect/vendor/laravel/framework/src/Illuminate/Console/Command.php:211
/home/joseph/projects/RideConnect/vendor/symfony/console/Command/Command.php:341
/home/joseph/projects/RideConnect/vendor/laravel/framework/src/Illuminate/Console/Command.php:180
/home/joseph/projects/RideConnect/vendor/symfony/console/Application.php:1094
/home/joseph/projects/RideConnect/vendor/symfony/console/Application.php:356
/home/joseph/projects/RideConnect/vendor/symfony/console/Application.php:195
/home/joseph/projects/RideConnect/vendor/laravel/framework/src/Illuminate/Console/Application.php:165
/home/joseph/projects/RideConnect/vendor/laravel/framework/src/Illuminate/Foundation/Console/Kernel.php:447
/home/joseph/projects/RideConnect/vendor/laravel/framework/src/Illuminate/Testing/PendingCommand.php:451
/home/joseph/projects/RideConnect/vendor/laravel/framework/src/Illuminate/Testing/PendingCommand.php:675
/home/joseph/projects/RideConnect/vendor/laravel/framework/src/Illuminate/Foundation/Testing/Concerns/InteractsWithConsole.php:87
/home/joseph/projects/RideConnect/vendor/laravel/framework/src/Illuminate/Foundation/Testing/RefreshDatabase.php:119
/home/joseph/projects/RideConnect/vendor/laravel/framework/src/Illuminate/Foundation/Testing/RefreshDatabase.php:84
/home/joseph/projects/RideConnect/vendor/laravel/framework/src/Illuminate/Foundation/Testing/RefreshDatabase.php:25
/home/joseph/projects/RideConnect/vendor/laravel/framework/src/Illuminate/Foundation/Testing/Concerns/InteractsWithTestCaseLifecycle.php:217
/home/joseph/projects/RideConnect/vendor/laravel/framework/src/Illuminate/Foundation/Testing/Concerns/InteractsWithTestCaseLifecycle.php:101
/home/joseph/projects/RideConnect/vendor/laravel/framework/src/Illuminate/Foundation/Testing/TestCase.php:63</error>
        </testcase>
        <testcase name="it_preserves_historical_snapshots_across_multiple_trips" file="/home/joseph/projects/RideConnect/tests/Feature/AiMatchingSchemaTest.php" line="36" class="Tests\Feature\AiMatchingSchemaTest" classname="Tests.Feature.AiMatchingSchemaTest" assertions="0" time="0.000000">
          <error type="Illuminate\Database\QueryException">Tests\Feature\AiMatchingSchemaTest::it_preserves_historical_snapshots_across_multiple_trips
Illuminate\Database\QueryException: could not find driver (Connection: sqlite, Database: :memory:, SQL: select exists (select 1 from "main".sqlite_master where name = 'migrations' and type = 'table') as "exists")

/home/joseph/projects/RideConnect/vendor/laravel/framework/src/Illuminate/Database/Connection.php:838
/home/joseph/projects/RideConnect/vendor/laravel/framework/src/Illuminate/Database/Connection.php:794
/home/joseph/projects/RideConnect/vendor/laravel/framework/src/Illuminate/Database/Connection.php:411
/home/joseph/projects/RideConnect/vendor/laravel/framework/src/Illuminate/Database/Connection.php:357
/home/joseph/projects/RideConnect/vendor/laravel/framework/src/Illuminate/Database/Connection.php:374
/home/joseph/projects/RideConnect/vendor/laravel/framework/src/Illuminate/Database/Schema/Builder.php:176
/home/joseph/projects/RideConnect/vendor/laravel/framework/src/Illuminate/Database/Migrations/DatabaseMigrationRepository.php:185
/home/joseph/projects/RideConnect/vendor/laravel/framework/src/Illuminate/Database/Migrations/Migrator.php:758
/home/joseph/projects/RideConnect/vendor/laravel/framework/src/Illuminate/Database/Console/Migrations/MigrateCommand.php:164
/home/joseph/projects/RideConnect/vendor/laravel/framework/src/Illuminate/Support/helpers.php:328
/home/joseph/projects/RideConnect/vendor/laravel/framework/src/Illuminate/Database/Console/Migrations/MigrateCommand.php:164
/home/joseph/projects/RideConnect/vendor/laravel/framework/src/Illuminate/Database/Console/Migrations/MigrateCommand.php:140
/home/joseph/projects/RideConnect/vendor/laravel/framework/src/Illuminate/Database/Console/Migrations/MigrateCommand.php:110
/home/joseph/projects/RideConnect/vendor/laravel/framework/src/Illuminate/Database/Migrations/Migrator.php:671
/home/joseph/projects/RideConnect/vendor/laravel/framework/src/Illuminate/Database/Console/Migrations/MigrateCommand.php:109
/home/joseph/projects/RideConnect/vendor/laravel/framework/src/Illuminate/Database/Console/Migrations/MigrateCommand.php:88
/home/joseph/projects/RideConnect/vendor/laravel/framework/src/Illuminate/Container/BoundMethod.php:36
/home/joseph/projects/RideConnect/vendor/laravel/framework/src/Illuminate/Container/Util.php:43
/home/joseph/projects/RideConnect/vendor/laravel/framework/src/Illuminate/Container/BoundMethod.php:96
/home/joseph/projects/RideConnect/vendor/laravel/framework/src/Illuminate/Container/BoundMethod.php:35
/home/joseph/projects/RideConnect/vendor/laravel/framework/src/Illuminate/Container/Container.php:799
/home/joseph/projects/RideConnect/vendor/laravel/framework/src/Illuminate/Console/Command.php:211
/home/joseph/projects/RideConnect/vendor/symfony/console/Command/Command.php:341
/home/joseph/projects/RideConnect/vendor/laravel/framework/src/Illuminate/Console/Command.php:180
/home/joseph/projects/RideConnect/vendor/laravel/framework/src/Illuminate/Console/Concerns/CallsCommands.php:68
/home/joseph/projects/RideConnect/vendor/laravel/framework/src/Illuminate/Console/Concerns/CallsCommands.php:29
/home/joseph/projects/RideConnect/vendor/laravel/framework/src/Illuminate/Database/Console/Migrations/FreshCommand.php:88
/home/joseph/projects/RideConnect/vendor/laravel/framework/src/Illuminate/Container/BoundMethod.php:36
/home/joseph/projects/RideConnect/vendor/laravel/framework/src/Illuminate/Container/Util.php:43
/home/joseph/projects/RideConnect/vendor/laravel/framework/src/Illuminate/Container/BoundMethod.php:96
/home/joseph/projects/RideConnect/vendor/laravel/framework/src/Illuminate/Container/BoundMethod.php:35
/home/joseph/projects/RideConnect/vendor/laravel/framework/src/Illuminate/Container/Container.php:799
/home/joseph/projects/RideConnect/vendor/laravel/framework/src/Illuminate/Console/Command.php:211
/home/joseph/projects/RideConnect/vendor/symfony/console/Command/Command.php:341
/home/joseph/projects/RideConnect/vendor/laravel/framework/src/Illuminate/Console/Command.php:180
/home/joseph/projects/RideConnect/vendor/symfony/console/Application.php:1094
/home/joseph/projects/RideConnect/vendor/symfony/console/Application.php:356
/home/joseph/projects/RideConnect/vendor/symfony/console/Application.php:195
/home/joseph/projects/RideConnect/vendor/laravel/framework/src/Illuminate/Console/Application.php:165
/home/joseph/projects/RideConnect/vendor/laravel/framework/src/Illuminate/Foundation/Console/Kernel.php:447
/home/joseph/projects/RideConnect/vendor/laravel/framework/src/Illuminate/Testing/PendingCommand.php:451
/home/joseph/projects/RideConnect/vendor/laravel/framework/src/Illuminate/Testing/PendingCommand.php:675
/home/joseph/projects/RideConnect/vendor/laravel/framework/src/Illuminate/Foundation/Testing/Concerns/InteractsWithConsole.php:87
/home/joseph/projects/RideConnect/vendor/laravel/framework/src/Illuminate/Foundation/Testing/RefreshDatabase.php:119
/home/joseph/projects/RideConnect/vendor/laravel/framework/src/Illuminate/Foundation/Testing/RefreshDatabase.php:84
/home/joseph/projects/RideConnect/vendor/laravel/framework/src/Illuminate/Foundation/Testing/RefreshDatabase.php:25
/home/joseph/projects/RideConnect/vendor/laravel/framework/src/Illuminate/Foundation/Testing/Concerns/InteractsWithTestCaseLifecycle.php:217
/home/joseph/projects/RideConnect/vendor/laravel/framework/src/Illuminate/Foundation/Testing/Concerns/InteractsWithTestCaseLifecycle.php:101
/home/joseph/projects/RideConnect/vendor/laravel/framework/src/Illuminate/Foundation/Testing/TestCase.php:63</error>
        </testcase>
        <testcase name="it_keeps_the_relationship_bridge_between_mobile_users_and_users" file="/home/joseph/projects/RideConnect/tests/Feature/AiMatchingSchemaTest.php" line="90" class="Tests\Feature\AiMatchingSchemaTest" classname="Tests.Feature.AiMatchingSchemaTest" assertions="0" time="0.000000">
          <error type="Illuminate\Database\QueryException">Tests\Feature\AiMatchingSchemaTest::it_keeps_the_relationship_bridge_between_mobile_users_and_users
Illuminate\Database\QueryException: could not find driver (Connection: sqlite, Database: :memory:, SQL: select exists (select 1 from "main".sqlite_master where name = 'migrations' and type = 'table') as "exists")

/home/joseph/projects/RideConnect/vendor/laravel/framework/src/Illuminate/Database/Connection.php:838
/home/joseph/projects/RideConnect/vendor/laravel/framework/src/Illuminate/Database/Connection.php:794
/home/joseph/projects/RideConnect/vendor/laravel/framework/src/Illuminate/Database/Connection.php:411
/home/joseph/projects/RideConnect/vendor/laravel/framework/src/Illuminate/Database/Connection.php:357
/home/joseph/projects/RideConnect/vendor/laravel/framework/src/Illuminate/Database/Connection.php:374
/home/joseph/projects/RideConnect/vendor/laravel/framework/src/Illuminate/Database/Schema/Builder.php:176
/home/joseph/projects/RideConnect/vendor/laravel/framework/src/Illuminate/Database/Migrations/DatabaseMigrationRepository.php:185
/home/joseph/projects/RideConnect/vendor/laravel/framework/src/Illuminate/Database/Migrations/Migrator.php:758
/home/joseph/projects/RideConnect/vendor/laravel/framework/src/Illuminate/Database/Console/Migrations/MigrateCommand.php:164
/home/joseph/projects/RideConnect/vendor/laravel/framework/src/Illuminate/Support/helpers.php:328
/home/joseph/projects/RideConnect/vendor/laravel/framework/src/Illuminate/Database/Console/Migrations/MigrateCommand.php:164
/home/joseph/projects/RideConnect/vendor/laravel/framework/src/Illuminate/Database/Console/Migrations/MigrateCommand.php:140
/home/joseph/projects/RideConnect/vendor/laravel/framework/src/Illuminate/Database/Console/Migrations/MigrateCommand.php:110
/home/joseph/projects/RideConnect/vendor/laravel/framework/src/Illuminate/Database/Migrations/Migrator.php:671
/home/joseph/projects/RideConnect/vendor/laravel/framework/src/Illuminate/Database/Console/Migrations/MigrateCommand.php:109
/home/joseph/projects/RideConnect/vendor/laravel/framework/src/Illuminate/Database/Console/Migrations/MigrateCommand.php:88
/home/joseph/projects/RideConnect/vendor/laravel/framework/src/Illuminate/Container/BoundMethod.php:36
/home/joseph/projects/RideConnect/vendor/laravel/framework/src/Illuminate/Container/Util.php:43
/home/joseph/projects/RideConnect/vendor/laravel/framework/src/Illuminate/Container/BoundMethod.php:96
/home/joseph/projects/RideConnect/vendor/laravel/framework/src/Illuminate/Container/BoundMethod.php:35
/home/joseph/projects/RideConnect/vendor/laravel/framework/src/Illuminate/Container/Container.php:799
/home/joseph/projects/RideConnect/vendor/laravel/framework/src/Illuminate/Console/Command.php:211
/home/joseph/projects/RideConnect/vendor/symfony/console/Command/Command.php:341
/home/joseph/projects/RideConnect/vendor/laravel/framework/src/Illuminate/Console/Command.php:180
/home/joseph/projects/RideConnect/vendor/laravel/framework/src/Illuminate/Console/Concerns/CallsCommands.php:68
/home/joseph/projects/RideConnect/vendor/laravel/framework/src/Illuminate/Console/Concerns/CallsCommands.php:29
/home/joseph/projects/RideConnect/vendor/laravel/framework/src/Illuminate/Database/Console/Migrations/FreshCommand.php:88
/home/joseph/projects/RideConnect/vendor/laravel/framework/src/Illuminate/Container/BoundMethod.php:36
/home/joseph/projects/RideConnect/vendor/laravel/framework/src/Illuminate/Container/Util.php:43
/home/joseph/projects/RideConnect/vendor/laravel/framework/src/Illuminate/Container/BoundMethod.php:96
/home/joseph/projects/RideConnect/vendor/laravel/framework/src/Illuminate/Container/BoundMethod.php:35
/home/joseph/projects/RideConnect/vendor/laravel/framework/src/Illuminate/Container/Container.php:799
/home/joseph/projects/RideConnect/vendor/laravel/framework/src/Illuminate/Console/Command.php:211
/home/joseph/projects/RideConnect/vendor/symfony/console/Command/Command.php:341
/home/joseph/projects/RideConnect/vendor/laravel/framework/src/Illuminate/Console/Command.php:180
/home/joseph/projects/RideConnect/vendor/symfony/console/Application.php:1094
/home/joseph/projects/RideConnect/vendor/symfony/console/Application.php:356
/home/joseph/projects/RideConnect/vendor/symfony/console/Application.php:195
/home/joseph/projects/RideConnect/vendor/laravel/framework/src/Illuminate/Console/Application.php:165
/home/joseph/projects/RideConnect/vendor/laravel/framework/src/Illuminate/Foundation/Console/Kernel.php:447
/home/joseph/projects/RideConnect/vendor/laravel/framework/src/Illuminate/Testing/PendingCommand.php:451
/home/joseph/projects/RideConnect/vendor/laravel/framework/src/Illuminate/Testing/PendingCommand.php:675
/home/joseph/projects/RideConnect/vendor/laravel/framework/src/Illuminate/Foundation/Testing/Concerns/InteractsWithConsole.php:87
/home/joseph/projects/RideConnect/vendor/laravel/framework/src/Illuminate/Foundation/Testing/RefreshDatabase.php:119
/home/joseph/projects/RideConnect/vendor/laravel/framework/src/Illuminate/Foundation/Testing/RefreshDatabase.php:84
/home/joseph/projects/RideConnect/vendor/laravel/framework/src/Illuminate/Foundation/Testing/RefreshDatabase.php:25
/home/joseph/projects/RideConnect/vendor/laravel/framework/src/Illuminate/Foundation/Testing/Concerns/InteractsWithTestCaseLifecycle.php:217
/home/joseph/projects/RideConnect/vendor/laravel/framework/src/Illuminate/Foundation/Testing/Concerns/InteractsWithTestCaseLifecycle.php:101
/home/joseph/projects/RideConnect/vendor/laravel/framework/src/Illuminate/Foundation/Testing/TestCase.php:63</error>
        </testcase>
      </testsuite>
      <testsuite name="Tests\Feature\Api\AdminEndpointAccessMatrixTest" file="/home/joseph/projects/RideConnect/tests/Feature/Api/AdminEndpointAccessMatrixTest.php" tests="4" assertions="0" errors="4" failures="0" skipped="0" time="0.000000">
        <testcase name="test_admin_dashboard_access_matrix_per_role" file="/home/joseph/projects/RideConnect/tests/Feature/Api/AdminEndpointAccessMatrixTest.php" line="12" class="Tests\Feature\Api\AdminEndpointAccessMatrixTest" classname="Tests.Feature.Api.AdminEndpointAccessMatrixTest" assertions="0" time="0.000000">
          <error type="Illuminate\Database\QueryException">Tests\Feature\Api\AdminEndpointAccessMatrixTest::test_admin_dashboard_access_matrix_per_role
Illuminate\Database\QueryException: could not find driver (Connection: sqlite, Database: :memory:, SQL: select exists (select 1 from "main".sqlite_master where name = 'migrations' and type = 'table') as "exists")

/home/joseph/projects/RideConnect/vendor/laravel/framework/src/Illuminate/Database/Connection.php:838
/home/joseph/projects/RideConnect/vendor/laravel/framework/src/Illuminate/Database/Connection.php:794
/home/joseph/projects/RideConnect/vendor/laravel/framework/src/Illuminate/Database/Connection.php:411
/home/joseph/projects/RideConnect/vendor/laravel/framework/src/Illuminate/Database/Connection.php:357
/home/joseph/projects/RideConnect/vendor/laravel/framework/src/Illuminate/Database/Connection.php:374
/home/joseph/projects/RideConnect/vendor/laravel/framework/src/Illuminate/Database/Schema/Builder.php:176
/home/joseph/projects/RideConnect/vendor/laravel/framework/src/Illuminate/Database/Migrations/DatabaseMigrationRepository.php:185
/home/joseph/projects/RideConnect/vendor/laravel/framework/src/Illuminate/Database/Migrations/Migrator.php:758
/home/joseph/projects/RideConnect/vendor/laravel/framework/src/Illuminate/Database/Console/Migrations/MigrateCommand.php:164
/home/joseph/projects/RideConnect/vendor/laravel/framework/src/Illuminate/Support/helpers.php:328
/home/joseph/projects/RideConnect/vendor/laravel/framework/src/Illuminate/Database/Console/Migrations/MigrateCommand.php:164
/home/joseph/projects/RideConnect/vendor/laravel/framework/src/Illuminate/Database/Console/Migrations/MigrateCommand.php:140
/home/joseph/projects/RideConnect/vendor/laravel/framework/src/Illuminate/Database/Console/Migrations/MigrateCommand.php:110
/home/joseph/projects/RideConnect/vendor/laravel/framework/src/Illuminate/Database/Migrations/Migrator.php:671
/home/joseph/projects/RideConnect/vendor/laravel/framework/src/Illuminate/Database/Console/Migrations/MigrateCommand.php:109
/home/joseph/projects/RideConnect/vendor/laravel/framework/src/Illuminate/Database/Console/Migrations/MigrateCommand.php:88
/home/joseph/projects/RideConnect/vendor/laravel/framework/src/Illuminate/Container/BoundMethod.php:36
/home/joseph/projects/RideConnect/vendor/laravel/framework/src/Illuminate/Container/Util.php:43
/home/joseph/projects/RideConnect/vendor/laravel/framework/src/Illuminate/Container/BoundMethod.php:96
/home/joseph/projects/RideConnect/vendor/laravel/framework/src/Illuminate/Container/BoundMethod.php:35
/home/joseph/projects/RideConnect/vendor/laravel/framework/src/Illuminate/Container/Container.php:799
/home/joseph/projects/RideConnect/vendor/laravel/framework/src/Illuminate/Console/Command.php:211
/home/joseph/projects/RideConnect/vendor/symfony/console/Command/Command.php:341
/home/joseph/projects/RideConnect/vendor/laravel/framework/src/Illuminate/Console/Command.php:180
/home/joseph/projects/RideConnect/vendor/laravel/framework/src/Illuminate/Console/Concerns/CallsCommands.php:68
/home/joseph/projects/RideConnect/vendor/laravel/framework/src/Illuminate/Console/Concerns/CallsCommands.php:29
/home/joseph/projects/RideConnect/vendor/laravel/framework/src/Illuminate/Database/Console/Migrations/FreshCommand.php:88
/home/joseph/projects/RideConnect/vendor/laravel/framework/src/Illuminate/Container/BoundMethod.php:36
/home/joseph/projects/RideConnect/vendor/laravel/framework/src/Illuminate/Container/Util.php:43
/home/joseph/projects/RideConnect/vendor/laravel/framework/src/Illuminate/Container/BoundMethod.php:96
/home/joseph/projects/RideConnect/vendor/laravel/framework/src/Illuminate/Container/BoundMethod.php:35
/home/joseph/projects/RideConnect/vendor/laravel/framework/src/Illuminate/Container/Container.php:799
/home/joseph/projects/RideConnect/vendor/laravel/framework/src/Illuminate/Console/Command.php:211
/home/joseph/projects/RideConnect/vendor/symfony/console/Command/Command.php:341
/home/joseph/projects/RideConnect/vendor/laravel/framework/src/Illuminate/Console/Command.php:180
/home/joseph/projects/RideConnect/vendor/symfony/console/Application.php:1094
/home/joseph/projects/RideConnect/vendor/symfony/console/Application.php:356
/home/joseph/projects/RideConnect/vendor/symfony/console/Application.php:195
/home/joseph/projects/RideConnect/vendor/laravel/framework/src/Illuminate/Console/Application.php:165
/home/joseph/projects/RideConnect/vendor/laravel/framework/src/Illuminate/Foundation/Console/Kernel.php:447
/home/joseph/projects/RideConnect/vendor/laravel/framework/src/Illuminate/Testing/PendingCommand.php:451
/home/joseph/projects/RideConnect/vendor/laravel/framework/src/Illuminate/Testing/PendingCommand.php:675
/home/joseph/projects/RideConnect/vendor/laravel/framework/src/Illuminate/Foundation/Testing/Concerns/InteractsWithConsole.php:87
/home/joseph/projects/RideConnect/vendor/laravel/framework/src/Illuminate/Foundation/Testing/RefreshDatabase.php:119
/home/joseph/projects/RideConnect/vendor/laravel/framework/src/Illuminate/Foundation/Testing/RefreshDatabase.php:84
/home/joseph/projects/RideConnect/vendor/laravel/framework/src/Illuminate/Foundation/Testing/RefreshDatabase.php:25
/home/joseph/projects/RideConnect/vendor/laravel/framework/src/Illuminate/Foundation/Testing/Concerns/InteractsWithTestCaseLifecycle.php:217
/home/joseph/projects/RideConnect/vendor/laravel/framework/src/Illuminate/Foundation/Testing/Concerns/InteractsWithTestCaseLifecycle.php:101
/home/joseph/projects/RideConnect/vendor/laravel/framework/src/Illuminate/Foundation/Testing/TestCase.php:63</error>
        </testcase>
        <testcase name="test_system_logs_access_matrix_per_role" file="/home/joseph/projects/RideConnect/tests/Feature/Api/AdminEndpointAccessMatrixTest.php" line="26" class="Tests\Feature\Api\AdminEndpointAccessMatrixTest" classname="Tests.Feature.Api.AdminEndpointAccessMatrixTest" assertions="0" time="0.000000">
          <error type="Illuminate\Database\QueryException">Tests\Feature\Api\AdminEndpointAccessMatrixTest::test_system_logs_access_matrix_per_role
Illuminate\Database\QueryException: could not find driver (Connection: sqlite, Database: :memory:, SQL: select exists (select 1 from "main".sqlite_master where name = 'migrations' and type = 'table') as "exists")

/home/joseph/projects/RideConnect/vendor/laravel/framework/src/Illuminate/Database/Connection.php:838
/home/joseph/projects/RideConnect/vendor/laravel/framework/src/Illuminate/Database/Connection.php:794
/home/joseph/projects/RideConnect/vendor/laravel/framework/src/Illuminate/Database/Connection.php:411
/home/joseph/projects/RideConnect/vendor/laravel/framework/src/Illuminate/Database/Connection.php:357
/home/joseph/projects/RideConnect/vendor/laravel/framework/src/Illuminate/Database/Connection.php:374
/home/joseph/projects/RideConnect/vendor/laravel/framework/src/Illuminate/Database/Schema/Builder.php:176
/home/joseph/projects/RideConnect/vendor/laravel/framework/src/Illuminate/Database/Migrations/DatabaseMigrationRepository.php:185
/home/joseph/projects/RideConnect/vendor/laravel/framework/src/Illuminate/Database/Migrations/Migrator.php:758
/home/joseph/projects/RideConnect/vendor/laravel/framework/src/Illuminate/Database/Console/Migrations/MigrateCommand.php:164
/home/joseph/projects/RideConnect/vendor/laravel/framework/src/Illuminate/Support/helpers.php:328
/home/joseph/projects/RideConnect/vendor/laravel/framework/src/Illuminate/Database/Console/Migrations/MigrateCommand.php:164
/home/joseph/projects/RideConnect/vendor/laravel/framework/src/Illuminate/Database/Console/Migrations/MigrateCommand.php:140
/home/joseph/projects/RideConnect/vendor/laravel/framework/src/Illuminate/Database/Console/Migrations/MigrateCommand.php:110
/home/joseph/projects/RideConnect/vendor/laravel/framework/src/Illuminate/Database/Migrations/Migrator.php:671
/home/joseph/projects/RideConnect/vendor/laravel/framework/src/Illuminate/Database/Console/Migrations/MigrateCommand.php:109
/home/joseph/projects/RideConnect/vendor/laravel/framework/src/Illuminate/Database/Console/Migrations/MigrateCommand.php:88
/home/joseph/projects/RideConnect/vendor/laravel/framework/src/Illuminate/Container/BoundMethod.php:36
/home/joseph/projects/RideConnect/vendor/laravel/framework/src/Illuminate/Container/Util.php:43
/home/joseph/projects/RideConnect/vendor/laravel/framework/src/Illuminate/Container/BoundMethod.php:96
/home/joseph/projects/RideConnect/vendor/laravel/framework/src/Illuminate/Container/BoundMethod.php:35
/home/joseph/projects/RideConnect/vendor/laravel/framework/src/Illuminate/Container/Container.php:799
/home/joseph/projects/RideConnect/vendor/laravel/framework/src/Illuminate/Console/Command.php:211
/home/joseph/projects/RideConnect/vendor/symfony/console/Command/Command.php:341
/home/joseph/projects/RideConnect/vendor/laravel/framework/src/Illuminate/Console/Command.php:180
/home/joseph/projects/RideConnect/vendor/laravel/framework/src/Illuminate/Console/Concerns/CallsCommands.php:68
/home/joseph/projects/RideConnect/vendor/laravel/framework/src/Illuminate/Console/Concerns/CallsCommands.php:29
/home/joseph/projects/RideConnect/vendor/laravel/framework/src/Illuminate/Database/Console/Migrations/FreshCommand.php:88
/home/joseph/projects/RideConnect/vendor/laravel/framework/src/Illuminate/Container/BoundMethod.php:36
/home/joseph/projects/RideConnect/vendor/laravel/framework/src/Illuminate/Container/Util.php:43
/home/joseph/projects/RideConnect/vendor/laravel/framework/src/Illuminate/Container/BoundMethod.php:96
/home/joseph/projects/RideConnect/vendor/laravel/framework/src/Illuminate/Container/BoundMethod.php:35
/home/joseph/projects/RideConnect/vendor/laravel/framework/src/Illuminate/Container/Container.php:799
/home/joseph/projects/RideConnect/vendor/laravel/framework/src/Illuminate/Console/Command.php:211
/home/joseph/projects/RideConnect/vendor/symfony/console/Command/Command.php:341
/home/joseph/projects/RideConnect/vendor/laravel/framework/src/Illuminate/Console/Command.php:180
/home/joseph/projects/RideConnect/vendor/symfony/console/Application.php:1094
/home/joseph/projects/RideConnect/vendor/symfony/console/Application.php:356
/home/joseph/projects/RideConnect/vendor/symfony/console/Application.php:195
/home/joseph/projects/RideConnect/vendor/laravel/framework/src/Illuminate/Console/Application.php:165
/home/joseph/projects/RideConnect/vendor/laravel/framework/src/Illuminate/Foundation/Console/Kernel.php:447
/home/joseph/projects/RideConnect/vendor/laravel/framework/src/Illuminate/Testing/PendingCommand.php:451
/home/joseph/projects/RideConnect/vendor/laravel/framework/src/Illuminate/Testing/PendingCommand.php:675
/home/joseph/projects/RideConnect/vendor/laravel/framework/src/Illuminate/Foundation/Testing/Concerns/InteractsWithConsole.php:87
/home/joseph/projects/RideConnect/vendor/laravel/framework/src/Illuminate/Foundation/Testing/RefreshDatabase.php:119
/home/joseph/projects/RideConnect/vendor/laravel/framework/src/Illuminate/Foundation/Testing/RefreshDatabase.php:84
/home/joseph/projects/RideConnect/vendor/laravel/framework/src/Illuminate/Foundation/Testing/RefreshDatabase.php:25
/home/joseph/projects/RideConnect/vendor/laravel/framework/src/Illuminate/Foundation/Testing/Concerns/InteractsWithTestCaseLifecycle.php:217
/home/joseph/projects/RideConnect/vendor/laravel/framework/src/Illuminate/Foundation/Testing/Concerns/InteractsWithTestCaseLifecycle.php:101
/home/joseph/projects/RideConnect/vendor/laravel/framework/src/Illuminate/Foundation/Testing/TestCase.php:63</error>
        </testcase>
        <testcase name="test_finance_export_access_matrix_per_role" file="/home/joseph/projects/RideConnect/tests/Feature/Api/AdminEndpointAccessMatrixTest.php" line="40" class="Tests\Feature\Api\AdminEndpointAccessMatrixTest" classname="Tests.Feature.Api.AdminEndpointAccessMatrixTest" assertions="0" time="0.000000">
          <error type="Illuminate\Database\QueryException">Tests\Feature\Api\AdminEndpointAccessMatrixTest::test_finance_export_access_matrix_per_role
Illuminate\Database\QueryException: could not find driver (Connection: sqlite, Database: :memory:, SQL: select exists (select 1 from "main".sqlite_master where name = 'migrations' and type = 'table') as "exists")

/home/joseph/projects/RideConnect/vendor/laravel/framework/src/Illuminate/Database/Connection.php:838
/home/joseph/projects/RideConnect/vendor/laravel/framework/src/Illuminate/Database/Connection.php:794
/home/joseph/projects/RideConnect/vendor/laravel/framework/src/Illuminate/Database/Connection.php:411
/home/joseph/projects/RideConnect/vendor/laravel/framework/src/Illuminate/Database/Connection.php:357
/home/joseph/projects/RideConnect/vendor/laravel/framework/src/Illuminate/Database/Connection.php:374
/home/joseph/projects/RideConnect/vendor/laravel/framework/src/Illuminate/Database/Schema/Builder.php:176
/home/joseph/projects/RideConnect/vendor/laravel/framework/src/Illuminate/Database/Migrations/DatabaseMigrationRepository.php:185
/home/joseph/projects/RideConnect/vendor/laravel/framework/src/Illuminate/Database/Migrations/Migrator.php:758
/home/joseph/projects/RideConnect/vendor/laravel/framework/src/Illuminate/Database/Console/Migrations/MigrateCommand.php:164
/home/joseph/projects/RideConnect/vendor/laravel/framework/src/Illuminate/Support/helpers.php:328
/home/joseph/projects/RideConnect/vendor/laravel/framework/src/Illuminate/Database/Console/Migrations/MigrateCommand.php:164
/home/joseph/projects/RideConnect/vendor/laravel/framework/src/Illuminate/Database/Console/Migrations/MigrateCommand.php:140
/home/joseph/projects/RideConnect/vendor/laravel/framework/src/Illuminate/Database/Console/Migrations/MigrateCommand.php:110
/home/joseph/projects/RideConnect/vendor/laravel/framework/src/Illuminate/Database/Migrations/Migrator.php:671
/home/joseph/projects/RideConnect/vendor/laravel/framework/src/Illuminate/Database/Console/Migrations/MigrateCommand.php:109
/home/joseph/projects/RideConnect/vendor/laravel/framework/src/Illuminate/Database/Console/Migrations/MigrateCommand.php:88
/home/joseph/projects/RideConnect/vendor/laravel/framework/src/Illuminate/Container/BoundMethod.php:36
/home/joseph/projects/RideConnect/vendor/laravel/framework/src/Illuminate/Container/Util.php:43
/home/joseph/projects/RideConnect/vendor/laravel/framework/src/Illuminate/Container/BoundMethod.php:96
/home/joseph/projects/RideConnect/vendor/laravel/framework/src/Illuminate/Container/BoundMethod.php:35
/home/joseph/projects/RideConnect/vendor/laravel/framework/src/Illuminate/Container/Container.php:799
/home/joseph/projects/RideConnect/vendor/laravel/framework/src/Illuminate/Console/Command.php:211
/home/joseph/projects/RideConnect/vendor/symfony/console/Command/Command.php:341
/home/joseph/projects/RideConnect/vendor/laravel/framework/src/Illuminate/Console/Command.php:180
/home/joseph/projects/RideConnect/vendor/laravel/framework/src/Illuminate/Console/Concerns/CallsCommands.php:68
/home/joseph/projects/RideConnect/vendor/laravel/framework/src/Illuminate/Console/Concerns/CallsCommands.php:29
/home/joseph/projects/RideConnect/vendor/laravel/framework/src/Illuminate/Database/Console/Migrations/FreshCommand.php:88
/home/joseph/projects/RideConnect/vendor/laravel/framework/src/Illuminate/Container/BoundMethod.php:36
/home/joseph/projects/RideConnect/vendor/laravel/framework/src/Illuminate/Container/Util.php:43
/home/joseph/projects/RideConnect/vendor/laravel/framework/src/Illuminate/Container/BoundMethod.php:96
/home/joseph/projects/RideConnect/vendor/laravel/framework/src/Illuminate/Container/BoundMethod.php:35
/home/joseph/projects/RideConnect/vendor/laravel/framework/src/Illuminate/Container/Container.php:799
/home/joseph/projects/RideConnect/vendor/laravel/framework/src/Illuminate/Console/Command.php:211
/home/joseph/projects/RideConnect/vendor/symfony/console/Command/Command.php:341
/home/joseph/projects/RideConnect/vendor/laravel/framework/src/Illuminate/Console/Command.php:180
/home/joseph/projects/RideConnect/vendor/symfony/console/Application.php:1094
/home/joseph/projects/RideConnect/vendor/symfony/console/Application.php:356
/home/joseph/projects/RideConnect/vendor/symfony/console/Application.php:195
/home/joseph/projects/RideConnect/vendor/laravel/framework/src/Illuminate/Console/Application.php:165
/home/joseph/projects/RideConnect/vendor/laravel/framework/src/Illuminate/Foundation/Console/Kernel.php:447
/home/joseph/projects/RideConnect/vendor/laravel/framework/src/Illuminate/Testing/PendingCommand.php:451
/home/joseph/projects/RideConnect/vendor/laravel/framework/src/Illuminate/Testing/PendingCommand.php:675
/home/joseph/projects/RideConnect/vendor/laravel/framework/src/Illuminate/Foundation/Testing/Concerns/InteractsWithConsole.php:87
/home/joseph/projects/RideConnect/vendor/laravel/framework/src/Illuminate/Foundation/Testing/RefreshDatabase.php:119
/home/joseph/projects/RideConnect/vendor/laravel/framework/src/Illuminate/Foundation/Testing/RefreshDatabase.php:84
/home/joseph/projects/RideConnect/vendor/laravel/framework/src/Illuminate/Foundation/Testing/RefreshDatabase.php:25
/home/joseph/projects/RideConnect/vendor/laravel/framework/src/Illuminate/Foundation/Testing/Concerns/InteractsWithTestCaseLifecycle.php:217
/home/joseph/projects/RideConnect/vendor/laravel/framework/src/Illuminate/Foundation/Testing/Concerns/InteractsWithTestCaseLifecycle.php:101
/home/joseph/projects/RideConnect/vendor/laravel/framework/src/Illuminate/Foundation/Testing/TestCase.php:63</error>
        </testcase>
        <testcase name="test_update_role_access_matrix_per_role" file="/home/joseph/projects/RideConnect/tests/Feature/Api/AdminEndpointAccessMatrixTest.php" line="54" class="Tests\Feature\Api\AdminEndpointAccessMatrixTest" classname="Tests.Feature.Api.AdminEndpointAccessMatrixTest" assertions="0" time="0.000000">
          <error type="Illuminate\Database\QueryException">Tests\Feature\Api\AdminEndpointAccessMatrixTest::test_update_role_access_matrix_per_role
Illuminate\Database\QueryException: could not find driver (Connection: sqlite, Database: :memory:, SQL: select exists (select 1 from "main".sqlite_master where name = 'migrations' and type = 'table') as "exists")

/home/joseph/projects/RideConnect/vendor/laravel/framework/src/Illuminate/Database/Connection.php:838
/home/joseph/projects/RideConnect/vendor/laravel/framework/src/Illuminate/Database/Connection.php:794
/home/joseph/projects/RideConnect/vendor/laravel/framework/src/Illuminate/Database/Connection.php:411
/home/joseph/projects/RideConnect/vendor/laravel/framework/src/Illuminate/Database/Connection.php:357
/home/joseph/projects/RideConnect/vendor/laravel/framework/src/Illuminate/Database/Connection.php:374
/home/joseph/projects/RideConnect/vendor/laravel/framework/src/Illuminate/Database/Schema/Builder.php:176
/home/joseph/projects/RideConnect/vendor/laravel/framework/src/Illuminate/Database/Migrations/DatabaseMigrationRepository.php:185
/home/joseph/projects/RideConnect/vendor/laravel/framework/src/Illuminate/Database/Migrations/Migrator.php:758
/home/joseph/projects/RideConnect/vendor/laravel/framework/src/Illuminate/Database/Console/Migrations/MigrateCommand.php:164
/home/joseph/projects/RideConnect/vendor/laravel/framework/src/Illuminate/Support/helpers.php:328
/home/joseph/projects/RideConnect/vendor/laravel/framework/src/Illuminate/Database/Console/Migrations/MigrateCommand.php:164
/home/joseph/projects/RideConnect/vendor/laravel/framework/src/Illuminate/Database/Console/Migrations/MigrateCommand.php:140
/home/joseph/projects/RideConnect/vendor/laravel/framework/src/Illuminate/Database/Console/Migrations/MigrateCommand.php:110
/home/joseph/projects/RideConnect/vendor/laravel/framework/src/Illuminate/Database/Migrations/Migrator.php:671
/home/joseph/projects/RideConnect/vendor/laravel/framework/src/Illuminate/Database/Console/Migrations/MigrateCommand.php:109
/home/joseph/projects/RideConnect/vendor/laravel/framework/src/Illuminate/Database/Console/Migrations/MigrateCommand.php:88
/home/joseph/projects/RideConnect/vendor/laravel/framework/src/Illuminate/Container/BoundMethod.php:36
/home/joseph/projects/RideConnect/vendor/laravel/framework/src/Illuminate/Container/Util.php:43
/home/joseph/projects/RideConnect/vendor/laravel/framework/src/Illuminate/Container/BoundMethod.php:96
/home/joseph/projects/RideConnect/vendor/laravel/framework/src/Illuminate/Container/BoundMethod.php:35
/home/joseph/projects/RideConnect/vendor/laravel/framework/src/Illuminate/Container/Container.php:799
/home/joseph/projects/RideConnect/vendor/laravel/framework/src/Illuminate/Console/Command.php:211
/home/joseph/projects/RideConnect/vendor/symfony/console/Command/Command.php:341
/home/joseph/projects/RideConnect/vendor/laravel/framework/src/Illuminate/Console/Command.php:180
/home/joseph/projects/RideConnect/vendor/laravel/framework/src/Illuminate/Console/Concerns/CallsCommands.php:68
/home/joseph/projects/RideConnect/vendor/laravel/framework/src/Illuminate/Console/Concerns/CallsCommands.php:29
/home/joseph/projects/RideConnect/vendor/laravel/framework/src/Illuminate/Database/Console/Migrations/FreshCommand.php:88
/home/joseph/projects/RideConnect/vendor/laravel/framework/src/Illuminate/Container/BoundMethod.php:36
/home/joseph/projects/RideConnect/vendor/laravel/framework/src/Illuminate/Container/Util.php:43
/home/joseph/projects/RideConnect/vendor/laravel/framework/src/Illuminate/Container/BoundMethod.php:96
/home/joseph/projects/RideConnect/vendor/laravel/framework/src/Illuminate/Container/BoundMethod.php:35
/home/joseph/projects/RideConnect/vendor/laravel/framework/src/Illuminate/Container/Container.php:799
/home/joseph/projects/RideConnect/vendor/laravel/framework/src/Illuminate/Console/Command.php:211
/home/joseph/projects/RideConnect/vendor/symfony/console/Command/Command.php:341
/home/joseph/projects/RideConnect/vendor/laravel/framework/src/Illuminate/Console/Command.php:180
/home/joseph/projects/RideConnect/vendor/symfony/console/Application.php:1094
/home/joseph/projects/RideConnect/vendor/symfony/console/Application.php:356
/home/joseph/projects/RideConnect/vendor/symfony/console/Application.php:195
/home/joseph/projects/RideConnect/vendor/laravel/framework/src/Illuminate/Console/Application.php:165
/home/joseph/projects/RideConnect/vendor/laravel/framework/src/Illuminate/Foundation/Console/Kernel.php:447
/home/joseph/projects/RideConnect/vendor/laravel/framework/src/Illuminate/Testing/PendingCommand.php:451
/home/joseph/projects/RideConnect/vendor/laravel/framework/src/Illuminate/Testing/PendingCommand.php:675
/home/joseph/projects/RideConnect/vendor/laravel/framework/src/Illuminate/Foundation/Testing/Concerns/InteractsWithConsole.php:87
/home/joseph/projects/RideConnect/vendor/laravel/framework/src/Illuminate/Foundation/Testing/RefreshDatabase.php:119
/home/joseph/projects/RideConnect/vendor/laravel/framework/src/Illuminate/Foundation/Testing/RefreshDatabase.php:84
/home/joseph/projects/RideConnect/vendor/laravel/framework/src/Illuminate/Foundation/Testing/RefreshDatabase.php:25
/home/joseph/projects/RideConnect/vendor/laravel/framework/src/Illuminate/Foundation/Testing/Concerns/InteractsWithTestCaseLifecycle.php:217
/home/joseph/projects/RideConnect/vendor/laravel/framework/src/Illuminate/Foundation/Testing/Concerns/InteractsWithTestCaseLifecycle.php:101
/home/joseph/projects/RideConnect/vendor/laravel/framework/src/Illuminate/Foundation/Testing/TestCase.php:63</error>
        </testcase>
      </testsuite>
      <testsuite name="Tests\Feature\Api\MlProxyEndpointsTest" file="/home/joseph/projects/RideConnect/tests/Feature/Api/MlProxyEndpointsTest.php" tests="6" assertions="0" errors="6" failures="0" skipped="0" time="0.000000">
        <testcase name="test_predict_fare_rejects_invalid_feature_count" file="/home/joseph/projects/RideConnect/tests/Feature/Api/MlProxyEndpointsTest.php" line="24" class="Tests\Feature\Api\MlProxyEndpointsTest" classname="Tests.Feature.Api.MlProxyEndpointsTest" assertions="0" time="0.000000">
          <error type="Illuminate\Database\QueryException">Tests\Feature\Api\MlProxyEndpointsTest::test_predict_fare_rejects_invalid_feature_count
Illuminate\Database\QueryException: could not find driver (Connection: sqlite, Database: :memory:, SQL: select exists (select 1 from "main".sqlite_master where name = 'migrations' and type = 'table') as "exists")

/home/joseph/projects/RideConnect/vendor/laravel/framework/src/Illuminate/Database/Connection.php:838
/home/joseph/projects/RideConnect/vendor/laravel/framework/src/Illuminate/Database/Connection.php:794
/home/joseph/projects/RideConnect/vendor/laravel/framework/src/Illuminate/Database/Connection.php:411
/home/joseph/projects/RideConnect/vendor/laravel/framework/src/Illuminate/Database/Connection.php:357
/home/joseph/projects/RideConnect/vendor/laravel/framework/src/Illuminate/Database/Connection.php:374
/home/joseph/projects/RideConnect/vendor/laravel/framework/src/Illuminate/Database/Schema/Builder.php:176
/home/joseph/projects/RideConnect/vendor/laravel/framework/src/Illuminate/Database/Migrations/DatabaseMigrationRepository.php:185
/home/joseph/projects/RideConnect/vendor/laravel/framework/src/Illuminate/Database/Migrations/Migrator.php:758
/home/joseph/projects/RideConnect/vendor/laravel/framework/src/Illuminate/Database/Console/Migrations/MigrateCommand.php:164
/home/joseph/projects/RideConnect/vendor/laravel/framework/src/Illuminate/Support/helpers.php:328
/home/joseph/projects/RideConnect/vendor/laravel/framework/src/Illuminate/Database/Console/Migrations/MigrateCommand.php:164
/home/joseph/projects/RideConnect/vendor/laravel/framework/src/Illuminate/Database/Console/Migrations/MigrateCommand.php:140
/home/joseph/projects/RideConnect/vendor/laravel/framework/src/Illuminate/Database/Console/Migrations/MigrateCommand.php:110
/home/joseph/projects/RideConnect/vendor/laravel/framework/src/Illuminate/Database/Migrations/Migrator.php:671
/home/joseph/projects/RideConnect/vendor/laravel/framework/src/Illuminate/Database/Console/Migrations/MigrateCommand.php:109
/home/joseph/projects/RideConnect/vendor/laravel/framework/src/Illuminate/Database/Console/Migrations/MigrateCommand.php:88
/home/joseph/projects/RideConnect/vendor/laravel/framework/src/Illuminate/Container/BoundMethod.php:36
/home/joseph/projects/RideConnect/vendor/laravel/framework/src/Illuminate/Container/Util.php:43
/home/joseph/projects/RideConnect/vendor/laravel/framework/src/Illuminate/Container/BoundMethod.php:96
/home/joseph/projects/RideConnect/vendor/laravel/framework/src/Illuminate/Container/BoundMethod.php:35
/home/joseph/projects/RideConnect/vendor/laravel/framework/src/Illuminate/Container/Container.php:799
/home/joseph/projects/RideConnect/vendor/laravel/framework/src/Illuminate/Console/Command.php:211
/home/joseph/projects/RideConnect/vendor/symfony/console/Command/Command.php:341
/home/joseph/projects/RideConnect/vendor/laravel/framework/src/Illuminate/Console/Command.php:180
/home/joseph/projects/RideConnect/vendor/laravel/framework/src/Illuminate/Console/Concerns/CallsCommands.php:68
/home/joseph/projects/RideConnect/vendor/laravel/framework/src/Illuminate/Console/Concerns/CallsCommands.php:29
/home/joseph/projects/RideConnect/vendor/laravel/framework/src/Illuminate/Database/Console/Migrations/FreshCommand.php:88
/home/joseph/projects/RideConnect/vendor/laravel/framework/src/Illuminate/Container/BoundMethod.php:36
/home/joseph/projects/RideConnect/vendor/laravel/framework/src/Illuminate/Container/Util.php:43
/home/joseph/projects/RideConnect/vendor/laravel/framework/src/Illuminate/Container/BoundMethod.php:96
/home/joseph/projects/RideConnect/vendor/laravel/framework/src/Illuminate/Container/BoundMethod.php:35
/home/joseph/projects/RideConnect/vendor/laravel/framework/src/Illuminate/Container/Container.php:799
/home/joseph/projects/RideConnect/vendor/laravel/framework/src/Illuminate/Console/Command.php:211
/home/joseph/projects/RideConnect/vendor/symfony/console/Command/Command.php:341
/home/joseph/projects/RideConnect/vendor/laravel/framework/src/Illuminate/Console/Command.php:180
/home/joseph/projects/RideConnect/vendor/symfony/console/Application.php:1094
/home/joseph/projects/RideConnect/vendor/symfony/console/Application.php:356
/home/joseph/projects/RideConnect/vendor/symfony/console/Application.php:195
/home/joseph/projects/RideConnect/vendor/laravel/framework/src/Illuminate/Console/Application.php:165
/home/joseph/projects/RideConnect/vendor/laravel/framework/src/Illuminate/Foundation/Console/Kernel.php:447
/home/joseph/projects/RideConnect/vendor/laravel/framework/src/Illuminate/Testing/PendingCommand.php:451
/home/joseph/projects/RideConnect/vendor/laravel/framework/src/Illuminate/Testing/PendingCommand.php:675
/home/joseph/projects/RideConnect/vendor/laravel/framework/src/Illuminate/Foundation/Testing/Concerns/InteractsWithConsole.php:87
/home/joseph/projects/RideConnect/vendor/laravel/framework/src/Illuminate/Foundation/Testing/RefreshDatabase.php:119
/home/joseph/projects/RideConnect/vendor/laravel/framework/src/Illuminate/Foundation/Testing/RefreshDatabase.php:84
/home/joseph/projects/RideConnect/vendor/laravel/framework/src/Illuminate/Foundation/Testing/RefreshDatabase.php:25
/home/joseph/projects/RideConnect/vendor/laravel/framework/src/Illuminate/Foundation/Testing/Concerns/InteractsWithTestCaseLifecycle.php:217
/home/joseph/projects/RideConnect/vendor/laravel/framework/src/Illuminate/Foundation/Testing/Concerns/InteractsWithTestCaseLifecycle.php:101
/home/joseph/projects/RideConnect/vendor/laravel/framework/src/Illuminate/Foundation/Testing/TestCase.php:63
/home/joseph/projects/RideConnect/tests/Feature/Api/MlProxyEndpointsTest.php:15</error>
        </testcase>
        <testcase name="test_rank_drivers_proxies_successful_response" file="/home/joseph/projects/RideConnect/tests/Feature/Api/MlProxyEndpointsTest.php" line="36" class="Tests\Feature\Api\MlProxyEndpointsTest" classname="Tests.Feature.Api.MlProxyEndpointsTest" assertions="0" time="0.000000">
          <error type="Illuminate\Database\QueryException">Tests\Feature\Api\MlProxyEndpointsTest::test_rank_drivers_proxies_successful_response
Illuminate\Database\QueryException: could not find driver (Connection: sqlite, Database: :memory:, SQL: select exists (select 1 from "main".sqlite_master where name = 'migrations' and type = 'table') as "exists")

/home/joseph/projects/RideConnect/vendor/laravel/framework/src/Illuminate/Database/Connection.php:838
/home/joseph/projects/RideConnect/vendor/laravel/framework/src/Illuminate/Database/Connection.php:794
/home/joseph/projects/RideConnect/vendor/laravel/framework/src/Illuminate/Database/Connection.php:411
/home/joseph/projects/RideConnect/vendor/laravel/framework/src/Illuminate/Database/Connection.php:357
/home/joseph/projects/RideConnect/vendor/laravel/framework/src/Illuminate/Database/Connection.php:374
/home/joseph/projects/RideConnect/vendor/laravel/framework/src/Illuminate/Database/Schema/Builder.php:176
/home/joseph/projects/RideConnect/vendor/laravel/framework/src/Illuminate/Database/Migrations/DatabaseMigrationRepository.php:185
/home/joseph/projects/RideConnect/vendor/laravel/framework/src/Illuminate/Database/Migrations/Migrator.php:758
/home/joseph/projects/RideConnect/vendor/laravel/framework/src/Illuminate/Database/Console/Migrations/MigrateCommand.php:164
/home/joseph/projects/RideConnect/vendor/laravel/framework/src/Illuminate/Support/helpers.php:328
/home/joseph/projects/RideConnect/vendor/laravel/framework/src/Illuminate/Database/Console/Migrations/MigrateCommand.php:164
/home/joseph/projects/RideConnect/vendor/laravel/framework/src/Illuminate/Database/Console/Migrations/MigrateCommand.php:140
/home/joseph/projects/RideConnect/vendor/laravel/framework/src/Illuminate/Database/Console/Migrations/MigrateCommand.php:110
/home/joseph/projects/RideConnect/vendor/laravel/framework/src/Illuminate/Database/Migrations/Migrator.php:671
/home/joseph/projects/RideConnect/vendor/laravel/framework/src/Illuminate/Database/Console/Migrations/MigrateCommand.php:109
/home/joseph/projects/RideConnect/vendor/laravel/framework/src/Illuminate/Database/Console/Migrations/MigrateCommand.php:88
/home/joseph/projects/RideConnect/vendor/laravel/framework/src/Illuminate/Container/BoundMethod.php:36
/home/joseph/projects/RideConnect/vendor/laravel/framework/src/Illuminate/Container/Util.php:43
/home/joseph/projects/RideConnect/vendor/laravel/framework/src/Illuminate/Container/BoundMethod.php:96
/home/joseph/projects/RideConnect/vendor/laravel/framework/src/Illuminate/Container/BoundMethod.php:35
/home/joseph/projects/RideConnect/vendor/laravel/framework/src/Illuminate/Container/Container.php:799
/home/joseph/projects/RideConnect/vendor/laravel/framework/src/Illuminate/Console/Command.php:211
/home/joseph/projects/RideConnect/vendor/symfony/console/Command/Command.php:341
/home/joseph/projects/RideConnect/vendor/laravel/framework/src/Illuminate/Console/Command.php:180
/home/joseph/projects/RideConnect/vendor/laravel/framework/src/Illuminate/Console/Concerns/CallsCommands.php:68
/home/joseph/projects/RideConnect/vendor/laravel/framework/src/Illuminate/Console/Concerns/CallsCommands.php:29
/home/joseph/projects/RideConnect/vendor/laravel/framework/src/Illuminate/Database/Console/Migrations/FreshCommand.php:88
/home/joseph/projects/RideConnect/vendor/laravel/framework/src/Illuminate/Container/BoundMethod.php:36
/home/joseph/projects/RideConnect/vendor/laravel/framework/src/Illuminate/Container/Util.php:43
/home/joseph/projects/RideConnect/vendor/laravel/framework/src/Illuminate/Container/BoundMethod.php:96
/home/joseph/projects/RideConnect/vendor/laravel/framework/src/Illuminate/Container/BoundMethod.php:35
/home/joseph/projects/RideConnect/vendor/laravel/framework/src/Illuminate/Container/Container.php:799
/home/joseph/projects/RideConnect/vendor/laravel/framework/src/Illuminate/Console/Command.php:211
/home/joseph/projects/RideConnect/vendor/symfony/console/Command/Command.php:341
/home/joseph/projects/RideConnect/vendor/laravel/framework/src/Illuminate/Console/Command.php:180
/home/joseph/projects/RideConnect/vendor/symfony/console/Application.php:1094
/home/joseph/projects/RideConnect/vendor/symfony/console/Application.php:356
/home/joseph/projects/RideConnect/vendor/symfony/console/Application.php:195
/home/joseph/projects/RideConnect/vendor/laravel/framework/src/Illuminate/Console/Application.php:165
/home/joseph/projects/RideConnect/vendor/laravel/framework/src/Illuminate/Foundation/Console/Kernel.php:447
/home/joseph/projects/RideConnect/vendor/laravel/framework/src/Illuminate/Testing/PendingCommand.php:451
/home/joseph/projects/RideConnect/vendor/laravel/framework/src/Illuminate/Testing/PendingCommand.php:675
/home/joseph/projects/RideConnect/vendor/laravel/framework/src/Illuminate/Foundation/Testing/Concerns/InteractsWithConsole.php:87
/home/joseph/projects/RideConnect/vendor/laravel/framework/src/Illuminate/Foundation/Testing/RefreshDatabase.php:119
/home/joseph/projects/RideConnect/vendor/laravel/framework/src/Illuminate/Foundation/Testing/RefreshDatabase.php:84
/home/joseph/projects/RideConnect/vendor/laravel/framework/src/Illuminate/Foundation/Testing/RefreshDatabase.php:25
/home/joseph/projects/RideConnect/vendor/laravel/framework/src/Illuminate/Foundation/Testing/Concerns/InteractsWithTestCaseLifecycle.php:217
/home/joseph/projects/RideConnect/vendor/laravel/framework/src/Illuminate/Foundation/Testing/Concerns/InteractsWithTestCaseLifecycle.php:101
/home/joseph/projects/RideConnect/vendor/laravel/framework/src/Illuminate/Foundation/Testing/TestCase.php:63
/home/joseph/projects/RideConnect/tests/Feature/Api/MlProxyEndpointsTest.php:15</error>
        </testcase>
        <testcase name="test_predict_demand_uses_live_contract" file="/home/joseph/projects/RideConnect/tests/Feature/Api/MlProxyEndpointsTest.php" line="62" class="Tests\Feature\Api\MlProxyEndpointsTest" classname="Tests.Feature.Api.MlProxyEndpointsTest" assertions="0" time="0.000000">
          <error type="Illuminate\Database\QueryException">Tests\Feature\Api\MlProxyEndpointsTest::test_predict_demand_uses_live_contract
Illuminate\Database\QueryException: could not find driver (Connection: sqlite, Database: :memory:, SQL: select exists (select 1 from "main".sqlite_master where name = 'migrations' and type = 'table') as "exists")

/home/joseph/projects/RideConnect/vendor/laravel/framework/src/Illuminate/Database/Connection.php:838
/home/joseph/projects/RideConnect/vendor/laravel/framework/src/Illuminate/Database/Connection.php:794
/home/joseph/projects/RideConnect/vendor/laravel/framework/src/Illuminate/Database/Connection.php:411
/home/joseph/projects/RideConnect/vendor/laravel/framework/src/Illuminate/Database/Connection.php:357
/home/joseph/projects/RideConnect/vendor/laravel/framework/src/Illuminate/Database/Connection.php:374
/home/joseph/projects/RideConnect/vendor/laravel/framework/src/Illuminate/Database/Schema/Builder.php:176
/home/joseph/projects/RideConnect/vendor/laravel/framework/src/Illuminate/Database/Migrations/DatabaseMigrationRepository.php:185
/home/joseph/projects/RideConnect/vendor/laravel/framework/src/Illuminate/Database/Migrations/Migrator.php:758
/home/joseph/projects/RideConnect/vendor/laravel/framework/src/Illuminate/Database/Console/Migrations/MigrateCommand.php:164
/home/joseph/projects/RideConnect/vendor/laravel/framework/src/Illuminate/Support/helpers.php:328
/home/joseph/projects/RideConnect/vendor/laravel/framework/src/Illuminate/Database/Console/Migrations/MigrateCommand.php:164
/home/joseph/projects/RideConnect/vendor/laravel/framework/src/Illuminate/Database/Console/Migrations/MigrateCommand.php:140
/home/joseph/projects/RideConnect/vendor/laravel/framework/src/Illuminate/Database/Console/Migrations/MigrateCommand.php:110
/home/joseph/projects/RideConnect/vendor/laravel/framework/src/Illuminate/Database/Migrations/Migrator.php:671
/home/joseph/projects/RideConnect/vendor/laravel/framework/src/Illuminate/Database/Console/Migrations/MigrateCommand.php:109
/home/joseph/projects/RideConnect/vendor/laravel/framework/src/Illuminate/Database/Console/Migrations/MigrateCommand.php:88
/home/joseph/projects/RideConnect/vendor/laravel/framework/src/Illuminate/Container/BoundMethod.php:36
/home/joseph/projects/RideConnect/vendor/laravel/framework/src/Illuminate/Container/Util.php:43
/home/joseph/projects/RideConnect/vendor/laravel/framework/src/Illuminate/Container/BoundMethod.php:96
/home/joseph/projects/RideConnect/vendor/laravel/framework/src/Illuminate/Container/BoundMethod.php:35
/home/joseph/projects/RideConnect/vendor/laravel/framework/src/Illuminate/Container/Container.php:799
/home/joseph/projects/RideConnect/vendor/laravel/framework/src/Illuminate/Console/Command.php:211
/home/joseph/projects/RideConnect/vendor/symfony/console/Command/Command.php:341
/home/joseph/projects/RideConnect/vendor/laravel/framework/src/Illuminate/Console/Command.php:180
/home/joseph/projects/RideConnect/vendor/laravel/framework/src/Illuminate/Console/Concerns/CallsCommands.php:68
/home/joseph/projects/RideConnect/vendor/laravel/framework/src/Illuminate/Console/Concerns/CallsCommands.php:29
/home/joseph/projects/RideConnect/vendor/laravel/framework/src/Illuminate/Database/Console/Migrations/FreshCommand.php:88
/home/joseph/projects/RideConnect/vendor/laravel/framework/src/Illuminate/Container/BoundMethod.php:36
/home/joseph/projects/RideConnect/vendor/laravel/framework/src/Illuminate/Container/Util.php:43
/home/joseph/projects/RideConnect/vendor/laravel/framework/src/Illuminate/Container/BoundMethod.php:96
/home/joseph/projects/RideConnect/vendor/laravel/framework/src/Illuminate/Container/BoundMethod.php:35
/home/joseph/projects/RideConnect/vendor/laravel/framework/src/Illuminate/Container/Container.php:799
/home/joseph/projects/RideConnect/vendor/laravel/framework/src/Illuminate/Console/Command.php:211
/home/joseph/projects/RideConnect/vendor/symfony/console/Command/Command.php:341
/home/joseph/projects/RideConnect/vendor/laravel/framework/src/Illuminate/Console/Command.php:180
/home/joseph/projects/RideConnect/vendor/symfony/console/Application.php:1094
/home/joseph/projects/RideConnect/vendor/symfony/console/Application.php:356
/home/joseph/projects/RideConnect/vendor/symfony/console/Application.php:195
/home/joseph/projects/RideConnect/vendor/laravel/framework/src/Illuminate/Console/Application.php:165
/home/joseph/projects/RideConnect/vendor/laravel/framework/src/Illuminate/Foundation/Console/Kernel.php:447
/home/joseph/projects/RideConnect/vendor/laravel/framework/src/Illuminate/Testing/PendingCommand.php:451
/home/joseph/projects/RideConnect/vendor/laravel/framework/src/Illuminate/Testing/PendingCommand.php:675
/home/joseph/projects/RideConnect/vendor/laravel/framework/src/Illuminate/Foundation/Testing/Concerns/InteractsWithConsole.php:87
/home/joseph/projects/RideConnect/vendor/laravel/framework/src/Illuminate/Foundation/Testing/RefreshDatabase.php:119
/home/joseph/projects/RideConnect/vendor/laravel/framework/src/Illuminate/Foundation/Testing/RefreshDatabase.php:84
/home/joseph/projects/RideConnect/vendor/laravel/framework/src/Illuminate/Foundation/Testing/RefreshDatabase.php:25
/home/joseph/projects/RideConnect/vendor/laravel/framework/src/Illuminate/Foundation/Testing/Concerns/InteractsWithTestCaseLifecycle.php:217
/home/joseph/projects/RideConnect/vendor/laravel/framework/src/Illuminate/Foundation/Testing/Concerns/InteractsWithTestCaseLifecycle.php:101
/home/joseph/projects/RideConnect/vendor/laravel/framework/src/Illuminate/Foundation/Testing/TestCase.php:63
/home/joseph/projects/RideConnect/tests/Feature/Api/MlProxyEndpointsTest.php:15</error>
        </testcase>
        <testcase name="test_predict_demand_rejects_old_features_payload" file="/home/joseph/projects/RideConnect/tests/Feature/Api/MlProxyEndpointsTest.php" line="93" class="Tests\Feature\Api\MlProxyEndpointsTest" classname="Tests.Feature.Api.MlProxyEndpointsTest" assertions="0" time="0.000000">
          <error type="Illuminate\Database\QueryException">Tests\Feature\Api\MlProxyEndpointsTest::test_predict_demand_rejects_old_features_payload
Illuminate\Database\QueryException: could not find driver (Connection: sqlite, Database: :memory:, SQL: select exists (select 1 from "main".sqlite_master where name = 'migrations' and type = 'table') as "exists")

/home/joseph/projects/RideConnect/vendor/laravel/framework/src/Illuminate/Database/Connection.php:838
/home/joseph/projects/RideConnect/vendor/laravel/framework/src/Illuminate/Database/Connection.php:794
/home/joseph/projects/RideConnect/vendor/laravel/framework/src/Illuminate/Database/Connection.php:411
/home/joseph/projects/RideConnect/vendor/laravel/framework/src/Illuminate/Database/Connection.php:357
/home/joseph/projects/RideConnect/vendor/laravel/framework/src/Illuminate/Database/Connection.php:374
/home/joseph/projects/RideConnect/vendor/laravel/framework/src/Illuminate/Database/Schema/Builder.php:176
/home/joseph/projects/RideConnect/vendor/laravel/framework/src/Illuminate/Database/Migrations/DatabaseMigrationRepository.php:185
/home/joseph/projects/RideConnect/vendor/laravel/framework/src/Illuminate/Database/Migrations/Migrator.php:758
/home/joseph/projects/RideConnect/vendor/laravel/framework/src/Illuminate/Database/Console/Migrations/MigrateCommand.php:164
/home/joseph/projects/RideConnect/vendor/laravel/framework/src/Illuminate/Support/helpers.php:328
/home/joseph/projects/RideConnect/vendor/laravel/framework/src/Illuminate/Database/Console/Migrations/MigrateCommand.php:164
/home/joseph/projects/RideConnect/vendor/laravel/framework/src/Illuminate/Database/Console/Migrations/MigrateCommand.php:140
/home/joseph/projects/RideConnect/vendor/laravel/framework/src/Illuminate/Database/Console/Migrations/MigrateCommand.php:110
/home/joseph/projects/RideConnect/vendor/laravel/framework/src/Illuminate/Database/Migrations/Migrator.php:671
/home/joseph/projects/RideConnect/vendor/laravel/framework/src/Illuminate/Database/Console/Migrations/MigrateCommand.php:109
/home/joseph/projects/RideConnect/vendor/laravel/framework/src/Illuminate/Database/Console/Migrations/MigrateCommand.php:88
/home/joseph/projects/RideConnect/vendor/laravel/framework/src/Illuminate/Container/BoundMethod.php:36
/home/joseph/projects/RideConnect/vendor/laravel/framework/src/Illuminate/Container/Util.php:43
/home/joseph/projects/RideConnect/vendor/laravel/framework/src/Illuminate/Container/BoundMethod.php:96
/home/joseph/projects/RideConnect/vendor/laravel/framework/src/Illuminate/Container/BoundMethod.php:35
/home/joseph/projects/RideConnect/vendor/laravel/framework/src/Illuminate/Container/Container.php:799
/home/joseph/projects/RideConnect/vendor/laravel/framework/src/Illuminate/Console/Command.php:211
/home/joseph/projects/RideConnect/vendor/symfony/console/Command/Command.php:341
/home/joseph/projects/RideConnect/vendor/laravel/framework/src/Illuminate/Console/Command.php:180
/home/joseph/projects/RideConnect/vendor/laravel/framework/src/Illuminate/Console/Concerns/CallsCommands.php:68
/home/joseph/projects/RideConnect/vendor/laravel/framework/src/Illuminate/Console/Concerns/CallsCommands.php:29
/home/joseph/projects/RideConnect/vendor/laravel/framework/src/Illuminate/Database/Console/Migrations/FreshCommand.php:88
/home/joseph/projects/RideConnect/vendor/laravel/framework/src/Illuminate/Container/BoundMethod.php:36
/home/joseph/projects/RideConnect/vendor/laravel/framework/src/Illuminate/Container/Util.php:43
/home/joseph/projects/RideConnect/vendor/laravel/framework/src/Illuminate/Container/BoundMethod.php:96
/home/joseph/projects/RideConnect/vendor/laravel/framework/src/Illuminate/Container/BoundMethod.php:35
/home/joseph/projects/RideConnect/vendor/laravel/framework/src/Illuminate/Container/Container.php:799
/home/joseph/projects/RideConnect/vendor/laravel/framework/src/Illuminate/Console/Command.php:211
/home/joseph/projects/RideConnect/vendor/symfony/console/Command/Command.php:341
/home/joseph/projects/RideConnect/vendor/laravel/framework/src/Illuminate/Console/Command.php:180
/home/joseph/projects/RideConnect/vendor/symfony/console/Application.php:1094
/home/joseph/projects/RideConnect/vendor/symfony/console/Application.php:356
/home/joseph/projects/RideConnect/vendor/symfony/console/Application.php:195
/home/joseph/projects/RideConnect/vendor/laravel/framework/src/Illuminate/Console/Application.php:165
/home/joseph/projects/RideConnect/vendor/laravel/framework/src/Illuminate/Foundation/Console/Kernel.php:447
/home/joseph/projects/RideConnect/vendor/laravel/framework/src/Illuminate/Testing/PendingCommand.php:451
/home/joseph/projects/RideConnect/vendor/laravel/framework/src/Illuminate/Testing/PendingCommand.php:675
/home/joseph/projects/RideConnect/vendor/laravel/framework/src/Illuminate/Foundation/Testing/Concerns/InteractsWithConsole.php:87
/home/joseph/projects/RideConnect/vendor/laravel/framework/src/Illuminate/Foundation/Testing/RefreshDatabase.php:119
/home/joseph/projects/RideConnect/vendor/laravel/framework/src/Illuminate/Foundation/Testing/RefreshDatabase.php:84
/home/joseph/projects/RideConnect/vendor/laravel/framework/src/Illuminate/Foundation/Testing/RefreshDatabase.php:25
/home/joseph/projects/RideConnect/vendor/laravel/framework/src/Illuminate/Foundation/Testing/Concerns/InteractsWithTestCaseLifecycle.php:217
/home/joseph/projects/RideConnect/vendor/laravel/framework/src/Illuminate/Foundation/Testing/Concerns/InteractsWithTestCaseLifecycle.php:101
/home/joseph/projects/RideConnect/vendor/laravel/framework/src/Illuminate/Foundation/Testing/TestCase.php:63
/home/joseph/projects/RideConnect/tests/Feature/Api/MlProxyEndpointsTest.php:15</error>
        </testcase>
        <testcase name="test_health_proxies_successful_response" file="/home/joseph/projects/RideConnect/tests/Feature/Api/MlProxyEndpointsTest.php" line="105" class="Tests\Feature\Api\MlProxyEndpointsTest" classname="Tests.Feature.Api.MlProxyEndpointsTest" assertions="0" time="0.000000">
          <error type="Illuminate\Database\QueryException">Tests\Feature\Api\MlProxyEndpointsTest::test_health_proxies_successful_response
Illuminate\Database\QueryException: could not find driver (Connection: sqlite, Database: :memory:, SQL: select exists (select 1 from "main".sqlite_master where name = 'migrations' and type = 'table') as "exists")

/home/joseph/projects/RideConnect/vendor/laravel/framework/src/Illuminate/Database/Connection.php:838
/home/joseph/projects/RideConnect/vendor/laravel/framework/src/Illuminate/Database/Connection.php:794
/home/joseph/projects/RideConnect/vendor/laravel/framework/src/Illuminate/Database/Connection.php:411
/home/joseph/projects/RideConnect/vendor/laravel/framework/src/Illuminate/Database/Connection.php:357
/home/joseph/projects/RideConnect/vendor/laravel/framework/src/Illuminate/Database/Connection.php:374
/home/joseph/projects/RideConnect/vendor/laravel/framework/src/Illuminate/Database/Schema/Builder.php:176
/home/joseph/projects/RideConnect/vendor/laravel/framework/src/Illuminate/Database/Migrations/DatabaseMigrationRepository.php:185
/home/joseph/projects/RideConnect/vendor/laravel/framework/src/Illuminate/Database/Migrations/Migrator.php:758
/home/joseph/projects/RideConnect/vendor/laravel/framework/src/Illuminate/Database/Console/Migrations/MigrateCommand.php:164
/home/joseph/projects/RideConnect/vendor/laravel/framework/src/Illuminate/Support/helpers.php:328
/home/joseph/projects/RideConnect/vendor/laravel/framework/src/Illuminate/Database/Console/Migrations/MigrateCommand.php:164
/home/joseph/projects/RideConnect/vendor/laravel/framework/src/Illuminate/Database/Console/Migrations/MigrateCommand.php:140
/home/joseph/projects/RideConnect/vendor/laravel/framework/src/Illuminate/Database/Console/Migrations/MigrateCommand.php:110
/home/joseph/projects/RideConnect/vendor/laravel/framework/src/Illuminate/Database/Migrations/Migrator.php:671
/home/joseph/projects/RideConnect/vendor/laravel/framework/src/Illuminate/Database/Console/Migrations/MigrateCommand.php:109
/home/joseph/projects/RideConnect/vendor/laravel/framework/src/Illuminate/Database/Console/Migrations/MigrateCommand.php:88
/home/joseph/projects/RideConnect/vendor/laravel/framework/src/Illuminate/Container/BoundMethod.php:36
/home/joseph/projects/RideConnect/vendor/laravel/framework/src/Illuminate/Container/Util.php:43
/home/joseph/projects/RideConnect/vendor/laravel/framework/src/Illuminate/Container/BoundMethod.php:96
/home/joseph/projects/RideConnect/vendor/laravel/framework/src/Illuminate/Container/BoundMethod.php:35
/home/joseph/projects/RideConnect/vendor/laravel/framework/src/Illuminate/Container/Container.php:799
/home/joseph/projects/RideConnect/vendor/laravel/framework/src/Illuminate/Console/Command.php:211
/home/joseph/projects/RideConnect/vendor/symfony/console/Command/Command.php:341
/home/joseph/projects/RideConnect/vendor/laravel/framework/src/Illuminate/Console/Command.php:180
/home/joseph/projects/RideConnect/vendor/laravel/framework/src/Illuminate/Console/Concerns/CallsCommands.php:68
/home/joseph/projects/RideConnect/vendor/laravel/framework/src/Illuminate/Console/Concerns/CallsCommands.php:29
/home/joseph/projects/RideConnect/vendor/laravel/framework/src/Illuminate/Database/Console/Migrations/FreshCommand.php:88
/home/joseph/projects/RideConnect/vendor/laravel/framework/src/Illuminate/Container/BoundMethod.php:36
/home/joseph/projects/RideConnect/vendor/laravel/framework/src/Illuminate/Container/Util.php:43
/home/joseph/projects/RideConnect/vendor/laravel/framework/src/Illuminate/Container/BoundMethod.php:96
/home/joseph/projects/RideConnect/vendor/laravel/framework/src/Illuminate/Container/BoundMethod.php:35
/home/joseph/projects/RideConnect/vendor/laravel/framework/src/Illuminate/Container/Container.php:799
/home/joseph/projects/RideConnect/vendor/laravel/framework/src/Illuminate/Console/Command.php:211
/home/joseph/projects/RideConnect/vendor/symfony/console/Command/Command.php:341
/home/joseph/projects/RideConnect/vendor/laravel/framework/src/Illuminate/Console/Command.php:180
/home/joseph/projects/RideConnect/vendor/symfony/console/Application.php:1094
/home/joseph/projects/RideConnect/vendor/symfony/console/Application.php:356
/home/joseph/projects/RideConnect/vendor/symfony/console/Application.php:195
/home/joseph/projects/RideConnect/vendor/laravel/framework/src/Illuminate/Console/Application.php:165
/home/joseph/projects/RideConnect/vendor/laravel/framework/src/Illuminate/Foundation/Console/Kernel.php:447
/home/joseph/projects/RideConnect/vendor/laravel/framework/src/Illuminate/Testing/PendingCommand.php:451
/home/joseph/projects/RideConnect/vendor/laravel/framework/src/Illuminate/Testing/PendingCommand.php:675
/home/joseph/projects/RideConnect/vendor/laravel/framework/src/Illuminate/Foundation/Testing/Concerns/InteractsWithConsole.php:87
/home/joseph/projects/RideConnect/vendor/laravel/framework/src/Illuminate/Foundation/Testing/RefreshDatabase.php:119
/home/joseph/projects/RideConnect/vendor/laravel/framework/src/Illuminate/Foundation/Testing/RefreshDatabase.php:84
/home/joseph/projects/RideConnect/vendor/laravel/framework/src/Illuminate/Foundation/Testing/RefreshDatabase.php:25
/home/joseph/projects/RideConnect/vendor/laravel/framework/src/Illuminate/Foundation/Testing/Concerns/InteractsWithTestCaseLifecycle.php:217
/home/joseph/projects/RideConnect/vendor/laravel/framework/src/Illuminate/Foundation/Testing/Concerns/InteractsWithTestCaseLifecycle.php:101
/home/joseph/projects/RideConnect/vendor/laravel/framework/src/Illuminate/Foundation/Testing/TestCase.php:63
/home/joseph/projects/RideConnect/tests/Feature/Api/MlProxyEndpointsTest.php:15</error>
        </testcase>
        <testcase name="test_reload_models_proxies_upstream_server_error" file="/home/joseph/projects/RideConnect/tests/Feature/Api/MlProxyEndpointsTest.php" line="127" class="Tests\Feature\Api\MlProxyEndpointsTest" classname="Tests.Feature.Api.MlProxyEndpointsTest" assertions="0" time="0.000000">
          <error type="Illuminate\Database\QueryException">Tests\Feature\Api\MlProxyEndpointsTest::test_reload_models_proxies_upstream_server_error
Illuminate\Database\QueryException: could not find driver (Connection: sqlite, Database: :memory:, SQL: select exists (select 1 from "main".sqlite_master where name = 'migrations' and type = 'table') as "exists")

/home/joseph/projects/RideConnect/vendor/laravel/framework/src/Illuminate/Database/Connection.php:838
/home/joseph/projects/RideConnect/vendor/laravel/framework/src/Illuminate/Database/Connection.php:794
/home/joseph/projects/RideConnect/vendor/laravel/framework/src/Illuminate/Database/Connection.php:411
/home/joseph/projects/RideConnect/vendor/laravel/framework/src/Illuminate/Database/Connection.php:357
/home/joseph/projects/RideConnect/vendor/laravel/framework/src/Illuminate/Database/Connection.php:374
/home/joseph/projects/RideConnect/vendor/laravel/framework/src/Illuminate/Database/Schema/Builder.php:176
/home/joseph/projects/RideConnect/vendor/laravel/framework/src/Illuminate/Database/Migrations/DatabaseMigrationRepository.php:185
/home/joseph/projects/RideConnect/vendor/laravel/framework/src/Illuminate/Database/Migrations/Migrator.php:758
/home/joseph/projects/RideConnect/vendor/laravel/framework/src/Illuminate/Database/Console/Migrations/MigrateCommand.php:164
/home/joseph/projects/RideConnect/vendor/laravel/framework/src/Illuminate/Support/helpers.php:328
/home/joseph/projects/RideConnect/vendor/laravel/framework/src/Illuminate/Database/Console/Migrations/MigrateCommand.php:164
/home/joseph/projects/RideConnect/vendor/laravel/framework/src/Illuminate/Database/Console/Migrations/MigrateCommand.php:140
/home/joseph/projects/RideConnect/vendor/laravel/framework/src/Illuminate/Database/Console/Migrations/MigrateCommand.php:110
/home/joseph/projects/RideConnect/vendor/laravel/framework/src/Illuminate/Database/Migrations/Migrator.php:671
/home/joseph/projects/RideConnect/vendor/laravel/framework/src/Illuminate/Database/Console/Migrations/MigrateCommand.php:109
/home/joseph/projects/RideConnect/vendor/laravel/framework/src/Illuminate/Database/Console/Migrations/MigrateCommand.php:88
/home/joseph/projects/RideConnect/vendor/laravel/framework/src/Illuminate/Container/BoundMethod.php:36
/home/joseph/projects/RideConnect/vendor/laravel/framework/src/Illuminate/Container/Util.php:43
/home/joseph/projects/RideConnect/vendor/laravel/framework/src/Illuminate/Container/BoundMethod.php:96
/home/joseph/projects/RideConnect/vendor/laravel/framework/src/Illuminate/Container/BoundMethod.php:35
/home/joseph/projects/RideConnect/vendor/laravel/framework/src/Illuminate/Container/Container.php:799
/home/joseph/projects/RideConnect/vendor/laravel/framework/src/Illuminate/Console/Command.php:211
/home/joseph/projects/RideConnect/vendor/symfony/console/Command/Command.php:341
/home/joseph/projects/RideConnect/vendor/laravel/framework/src/Illuminate/Console/Command.php:180
/home/joseph/projects/RideConnect/vendor/laravel/framework/src/Illuminate/Console/Concerns/CallsCommands.php:68
/home/joseph/projects/RideConnect/vendor/laravel/framework/src/Illuminate/Console/Concerns/CallsCommands.php:29
/home/joseph/projects/RideConnect/vendor/laravel/framework/src/Illuminate/Database/Console/Migrations/FreshCommand.php:88
/home/joseph/projects/RideConnect/vendor/laravel/framework/src/Illuminate/Container/BoundMethod.php:36
/home/joseph/projects/RideConnect/vendor/laravel/framework/src/Illuminate/Container/Util.php:43
/home/joseph/projects/RideConnect/vendor/laravel/framework/src/Illuminate/Container/BoundMethod.php:96
/home/joseph/projects/RideConnect/vendor/laravel/framework/src/Illuminate/Container/BoundMethod.php:35
/home/joseph/projects/RideConnect/vendor/laravel/framework/src/Illuminate/Container/Container.php:799
/home/joseph/projects/RideConnect/vendor/laravel/framework/src/Illuminate/Console/Command.php:211
/home/joseph/projects/RideConnect/vendor/symfony/console/Command/Command.php:341
/home/joseph/projects/RideConnect/vendor/laravel/framework/src/Illuminate/Console/Command.php:180
/home/joseph/projects/RideConnect/vendor/symfony/console/Application.php:1094
/home/joseph/projects/RideConnect/vendor/symfony/console/Application.php:356
/home/joseph/projects/RideConnect/vendor/symfony/console/Application.php:195
/home/joseph/projects/RideConnect/vendor/laravel/framework/src/Illuminate/Console/Application.php:165
/home/joseph/projects/RideConnect/vendor/laravel/framework/src/Illuminate/Foundation/Console/Kernel.php:447
/home/joseph/projects/RideConnect/vendor/laravel/framework/src/Illuminate/Testing/PendingCommand.php:451
/home/joseph/projects/RideConnect/vendor/laravel/framework/src/Illuminate/Testing/PendingCommand.php:675
/home/joseph/projects/RideConnect/vendor/laravel/framework/src/Illuminate/Foundation/Testing/Concerns/InteractsWithConsole.php:87
/home/joseph/projects/RideConnect/vendor/laravel/framework/src/Illuminate/Foundation/Testing/RefreshDatabase.php:119
/home/joseph/projects/RideConnect/vendor/laravel/framework/src/Illuminate/Foundation/Testing/RefreshDatabase.php:84
/home/joseph/projects/RideConnect/vendor/laravel/framework/src/Illuminate/Foundation/Testing/RefreshDatabase.php:25
/home/joseph/projects/RideConnect/vendor/laravel/framework/src/Illuminate/Foundation/Testing/Concerns/InteractsWithTestCaseLifecycle.php:217
/home/joseph/projects/RideConnect/vendor/laravel/framework/src/Illuminate/Foundation/Testing/Concerns/InteractsWithTestCaseLifecycle.php:101
/home/joseph/projects/RideConnect/vendor/laravel/framework/src/Illuminate/Foundation/Testing/TestCase.php:63
/home/joseph/projects/RideConnect/tests/Feature/Api/MlProxyEndpointsTest.php:15</error>
        </testcase>
      </testsuite>
      <testsuite name="Tests\Feature\Api\PassengerNotificationEndpointsTest" file="/home/joseph/projects/RideConnect/tests/Feature/Api/PassengerNotificationEndpointsTest.php" tests="11" assertions="0" errors="11" failures="0" skipped="0" time="0.000000">
        <testcase name="test_passenger_can_list_only_online_approved_drivers" file="/home/joseph/projects/RideConnect/tests/Feature/Api/PassengerNotificationEndpointsTest.php" line="20" class="Tests\Feature\Api\PassengerNotificationEndpointsTest" classname="Tests.Feature.Api.PassengerNotificationEndpointsTest" assertions="0" time="0.000000">
          <error type="Illuminate\Database\QueryException">Tests\Feature\Api\PassengerNotificationEndpointsTest::test_passenger_can_list_only_online_approved_drivers
Illuminate\Database\QueryException: could not find driver (Connection: sqlite, Database: :memory:, SQL: select exists (select 1 from "main".sqlite_master where name = 'migrations' and type = 'table') as "exists")

/home/joseph/projects/RideConnect/vendor/laravel/framework/src/Illuminate/Database/Connection.php:838
/home/joseph/projects/RideConnect/vendor/laravel/framework/src/Illuminate/Database/Connection.php:794
/home/joseph/projects/RideConnect/vendor/laravel/framework/src/Illuminate/Database/Connection.php:411
/home/joseph/projects/RideConnect/vendor/laravel/framework/src/Illuminate/Database/Connection.php:357
/home/joseph/projects/RideConnect/vendor/laravel/framework/src/Illuminate/Database/Connection.php:374
/home/joseph/projects/RideConnect/vendor/laravel/framework/src/Illuminate/Database/Schema/Builder.php:176
/home/joseph/projects/RideConnect/vendor/laravel/framework/src/Illuminate/Database/Migrations/DatabaseMigrationRepository.php:185
/home/joseph/projects/RideConnect/vendor/laravel/framework/src/Illuminate/Database/Migrations/Migrator.php:758
/home/joseph/projects/RideConnect/vendor/laravel/framework/src/Illuminate/Database/Console/Migrations/MigrateCommand.php:164
/home/joseph/projects/RideConnect/vendor/laravel/framework/src/Illuminate/Support/helpers.php:328
/home/joseph/projects/RideConnect/vendor/laravel/framework/src/Illuminate/Database/Console/Migrations/MigrateCommand.php:164
/home/joseph/projects/RideConnect/vendor/laravel/framework/src/Illuminate/Database/Console/Migrations/MigrateCommand.php:140
/home/joseph/projects/RideConnect/vendor/laravel/framework/src/Illuminate/Database/Console/Migrations/MigrateCommand.php:110
/home/joseph/projects/RideConnect/vendor/laravel/framework/src/Illuminate/Database/Migrations/Migrator.php:671
/home/joseph/projects/RideConnect/vendor/laravel/framework/src/Illuminate/Database/Console/Migrations/MigrateCommand.php:109
/home/joseph/projects/RideConnect/vendor/laravel/framework/src/Illuminate/Database/Console/Migrations/MigrateCommand.php:88
/home/joseph/projects/RideConnect/vendor/laravel/framework/src/Illuminate/Container/BoundMethod.php:36
/home/joseph/projects/RideConnect/vendor/laravel/framework/src/Illuminate/Container/Util.php:43
/home/joseph/projects/RideConnect/vendor/laravel/framework/src/Illuminate/Container/BoundMethod.php:96
/home/joseph/projects/RideConnect/vendor/laravel/framework/src/Illuminate/Container/BoundMethod.php:35
/home/joseph/projects/RideConnect/vendor/laravel/framework/src/Illuminate/Container/Container.php:799
/home/joseph/projects/RideConnect/vendor/laravel/framework/src/Illuminate/Console/Command.php:211
/home/joseph/projects/RideConnect/vendor/symfony/console/Command/Command.php:341
/home/joseph/projects/RideConnect/vendor/laravel/framework/src/Illuminate/Console/Command.php:180
/home/joseph/projects/RideConnect/vendor/laravel/framework/src/Illuminate/Console/Concerns/CallsCommands.php:68
/home/joseph/projects/RideConnect/vendor/laravel/framework/src/Illuminate/Console/Concerns/CallsCommands.php:29
/home/joseph/projects/RideConnect/vendor/laravel/framework/src/Illuminate/Database/Console/Migrations/FreshCommand.php:88
/home/joseph/projects/RideConnect/vendor/laravel/framework/src/Illuminate/Container/BoundMethod.php:36
/home/joseph/projects/RideConnect/vendor/laravel/framework/src/Illuminate/Container/Util.php:43
/home/joseph/projects/RideConnect/vendor/laravel/framework/src/Illuminate/Container/BoundMethod.php:96
/home/joseph/projects/RideConnect/vendor/laravel/framework/src/Illuminate/Container/BoundMethod.php:35
/home/joseph/projects/RideConnect/vendor/laravel/framework/src/Illuminate/Container/Container.php:799
/home/joseph/projects/RideConnect/vendor/laravel/framework/src/Illuminate/Console/Command.php:211
/home/joseph/projects/RideConnect/vendor/symfony/console/Command/Command.php:341
/home/joseph/projects/RideConnect/vendor/laravel/framework/src/Illuminate/Console/Command.php:180
/home/joseph/projects/RideConnect/vendor/symfony/console/Application.php:1094
/home/joseph/projects/RideConnect/vendor/symfony/console/Application.php:356
/home/joseph/projects/RideConnect/vendor/symfony/console/Application.php:195
/home/joseph/projects/RideConnect/vendor/laravel/framework/src/Illuminate/Console/Application.php:165
/home/joseph/projects/RideConnect/vendor/laravel/framework/src/Illuminate/Foundation/Console/Kernel.php:447
/home/joseph/projects/RideConnect/vendor/laravel/framework/src/Illuminate/Testing/PendingCommand.php:451
/home/joseph/projects/RideConnect/vendor/laravel/framework/src/Illuminate/Testing/PendingCommand.php:675
/home/joseph/projects/RideConnect/vendor/laravel/framework/src/Illuminate/Foundation/Testing/Concerns/InteractsWithConsole.php:87
/home/joseph/projects/RideConnect/vendor/laravel/framework/src/Illuminate/Foundation/Testing/RefreshDatabase.php:119
/home/joseph/projects/RideConnect/vendor/laravel/framework/src/Illuminate/Foundation/Testing/RefreshDatabase.php:84
/home/joseph/projects/RideConnect/vendor/laravel/framework/src/Illuminate/Foundation/Testing/RefreshDatabase.php:25
/home/joseph/projects/RideConnect/vendor/laravel/framework/src/Illuminate/Foundation/Testing/Concerns/InteractsWithTestCaseLifecycle.php:217
/home/joseph/projects/RideConnect/vendor/laravel/framework/src/Illuminate/Foundation/Testing/Concerns/InteractsWithTestCaseLifecycle.php:101
/home/joseph/projects/RideConnect/vendor/laravel/framework/src/Illuminate/Foundation/Testing/TestCase.php:63</error>
        </testcase>
        <testcase name="test_passenger_ride_request_creates_trip_and_driver_notification" file="/home/joseph/projects/RideConnect/tests/Feature/Api/PassengerNotificationEndpointsTest.php" line="69" class="Tests\Feature\Api\PassengerNotificationEndpointsTest" classname="Tests.Feature.Api.PassengerNotificationEndpointsTest" assertions="0" time="0.000000">
          <error type="Illuminate\Database\QueryException">Tests\Feature\Api\PassengerNotificationEndpointsTest::test_passenger_ride_request_creates_trip_and_driver_notification
Illuminate\Database\QueryException: could not find driver (Connection: sqlite, Database: :memory:, SQL: select exists (select 1 from "main".sqlite_master where name = 'migrations' and type = 'table') as "exists")

/home/joseph/projects/RideConnect/vendor/laravel/framework/src/Illuminate/Database/Connection.php:838
/home/joseph/projects/RideConnect/vendor/laravel/framework/src/Illuminate/Database/Connection.php:794
/home/joseph/projects/RideConnect/vendor/laravel/framework/src/Illuminate/Database/Connection.php:411
/home/joseph/projects/RideConnect/vendor/laravel/framework/src/Illuminate/Database/Connection.php:357
/home/joseph/projects/RideConnect/vendor/laravel/framework/src/Illuminate/Database/Connection.php:374
/home/joseph/projects/RideConnect/vendor/laravel/framework/src/Illuminate/Database/Schema/Builder.php:176
/home/joseph/projects/RideConnect/vendor/laravel/framework/src/Illuminate/Database/Migrations/DatabaseMigrationRepository.php:185
/home/joseph/projects/RideConnect/vendor/laravel/framework/src/Illuminate/Database/Migrations/Migrator.php:758
/home/joseph/projects/RideConnect/vendor/laravel/framework/src/Illuminate/Database/Console/Migrations/MigrateCommand.php:164
/home/joseph/projects/RideConnect/vendor/laravel/framework/src/Illuminate/Support/helpers.php:328
/home/joseph/projects/RideConnect/vendor/laravel/framework/src/Illuminate/Database/Console/Migrations/MigrateCommand.php:164
/home/joseph/projects/RideConnect/vendor/laravel/framework/src/Illuminate/Database/Console/Migrations/MigrateCommand.php:140
/home/joseph/projects/RideConnect/vendor/laravel/framework/src/Illuminate/Database/Console/Migrations/MigrateCommand.php:110
/home/joseph/projects/RideConnect/vendor/laravel/framework/src/Illuminate/Database/Migrations/Migrator.php:671
/home/joseph/projects/RideConnect/vendor/laravel/framework/src/Illuminate/Database/Console/Migrations/MigrateCommand.php:109
/home/joseph/projects/RideConnect/vendor/laravel/framework/src/Illuminate/Database/Console/Migrations/MigrateCommand.php:88
/home/joseph/projects/RideConnect/vendor/laravel/framework/src/Illuminate/Container/BoundMethod.php:36
/home/joseph/projects/RideConnect/vendor/laravel/framework/src/Illuminate/Container/Util.php:43
/home/joseph/projects/RideConnect/vendor/laravel/framework/src/Illuminate/Container/BoundMethod.php:96
/home/joseph/projects/RideConnect/vendor/laravel/framework/src/Illuminate/Container/BoundMethod.php:35
/home/joseph/projects/RideConnect/vendor/laravel/framework/src/Illuminate/Container/Container.php:799
/home/joseph/projects/RideConnect/vendor/laravel/framework/src/Illuminate/Console/Command.php:211
/home/joseph/projects/RideConnect/vendor/symfony/console/Command/Command.php:341
/home/joseph/projects/RideConnect/vendor/laravel/framework/src/Illuminate/Console/Command.php:180
/home/joseph/projects/RideConnect/vendor/laravel/framework/src/Illuminate/Console/Concerns/CallsCommands.php:68
/home/joseph/projects/RideConnect/vendor/laravel/framework/src/Illuminate/Console/Concerns/CallsCommands.php:29
/home/joseph/projects/RideConnect/vendor/laravel/framework/src/Illuminate/Database/Console/Migrations/FreshCommand.php:88
/home/joseph/projects/RideConnect/vendor/laravel/framework/src/Illuminate/Container/BoundMethod.php:36
/home/joseph/projects/RideConnect/vendor/laravel/framework/src/Illuminate/Container/Util.php:43
/home/joseph/projects/RideConnect/vendor/laravel/framework/src/Illuminate/Container/BoundMethod.php:96
/home/joseph/projects/RideConnect/vendor/laravel/framework/src/Illuminate/Container/BoundMethod.php:35
/home/joseph/projects/RideConnect/vendor/laravel/framework/src/Illuminate/Container/Container.php:799
/home/joseph/projects/RideConnect/vendor/laravel/framework/src/Illuminate/Console/Command.php:211
/home/joseph/projects/RideConnect/vendor/symfony/console/Command/Command.php:341
/home/joseph/projects/RideConnect/vendor/laravel/framework/src/Illuminate/Console/Command.php:180
/home/joseph/projects/RideConnect/vendor/symfony/console/Application.php:1094
/home/joseph/projects/RideConnect/vendor/symfony/console/Application.php:356
/home/joseph/projects/RideConnect/vendor/symfony/console/Application.php:195
/home/joseph/projects/RideConnect/vendor/laravel/framework/src/Illuminate/Console/Application.php:165
/home/joseph/projects/RideConnect/vendor/laravel/framework/src/Illuminate/Foundation/Console/Kernel.php:447
/home/joseph/projects/RideConnect/vendor/laravel/framework/src/Illuminate/Testing/PendingCommand.php:451
/home/joseph/projects/RideConnect/vendor/laravel/framework/src/Illuminate/Testing/PendingCommand.php:675
/home/joseph/projects/RideConnect/vendor/laravel/framework/src/Illuminate/Foundation/Testing/Concerns/InteractsWithConsole.php:87
/home/joseph/projects/RideConnect/vendor/laravel/framework/src/Illuminate/Foundation/Testing/RefreshDatabase.php:119
/home/joseph/projects/RideConnect/vendor/laravel/framework/src/Illuminate/Foundation/Testing/RefreshDatabase.php:84
/home/joseph/projects/RideConnect/vendor/laravel/framework/src/Illuminate/Foundation/Testing/RefreshDatabase.php:25
/home/joseph/projects/RideConnect/vendor/laravel/framework/src/Illuminate/Foundation/Testing/Concerns/InteractsWithTestCaseLifecycle.php:217
/home/joseph/projects/RideConnect/vendor/laravel/framework/src/Illuminate/Foundation/Testing/Concerns/InteractsWithTestCaseLifecycle.php:101
/home/joseph/projects/RideConnect/vendor/laravel/framework/src/Illuminate/Foundation/Testing/TestCase.php:63</error>
        </testcase>
        <testcase name="test_notification_endpoints_read_lifecycle" file="/home/joseph/projects/RideConnect/tests/Feature/Api/PassengerNotificationEndpointsTest.php" line="140" class="Tests\Feature\Api\PassengerNotificationEndpointsTest" classname="Tests.Feature.Api.PassengerNotificationEndpointsTest" assertions="0" time="0.000000">
          <error type="Illuminate\Database\QueryException">Tests\Feature\Api\PassengerNotificationEndpointsTest::test_notification_endpoints_read_lifecycle
Illuminate\Database\QueryException: could not find driver (Connection: sqlite, Database: :memory:, SQL: select exists (select 1 from "main".sqlite_master where name = 'migrations' and type = 'table') as "exists")

/home/joseph/projects/RideConnect/vendor/laravel/framework/src/Illuminate/Database/Connection.php:838
/home/joseph/projects/RideConnect/vendor/laravel/framework/src/Illuminate/Database/Connection.php:794
/home/joseph/projects/RideConnect/vendor/laravel/framework/src/Illuminate/Database/Connection.php:411
/home/joseph/projects/RideConnect/vendor/laravel/framework/src/Illuminate/Database/Connection.php:357
/home/joseph/projects/RideConnect/vendor/laravel/framework/src/Illuminate/Database/Connection.php:374
/home/joseph/projects/RideConnect/vendor/laravel/framework/src/Illuminate/Database/Schema/Builder.php:176
/home/joseph/projects/RideConnect/vendor/laravel/framework/src/Illuminate/Database/Migrations/DatabaseMigrationRepository.php:185
/home/joseph/projects/RideConnect/vendor/laravel/framework/src/Illuminate/Database/Migrations/Migrator.php:758
/home/joseph/projects/RideConnect/vendor/laravel/framework/src/Illuminate/Database/Console/Migrations/MigrateCommand.php:164
/home/joseph/projects/RideConnect/vendor/laravel/framework/src/Illuminate/Support/helpers.php:328
/home/joseph/projects/RideConnect/vendor/laravel/framework/src/Illuminate/Database/Console/Migrations/MigrateCommand.php:164
/home/joseph/projects/RideConnect/vendor/laravel/framework/src/Illuminate/Database/Console/Migrations/MigrateCommand.php:140
/home/joseph/projects/RideConnect/vendor/laravel/framework/src/Illuminate/Database/Console/Migrations/MigrateCommand.php:110
/home/joseph/projects/RideConnect/vendor/laravel/framework/src/Illuminate/Database/Migrations/Migrator.php:671
/home/joseph/projects/RideConnect/vendor/laravel/framework/src/Illuminate/Database/Console/Migrations/MigrateCommand.php:109
/home/joseph/projects/RideConnect/vendor/laravel/framework/src/Illuminate/Database/Console/Migrations/MigrateCommand.php:88
/home/joseph/projects/RideConnect/vendor/laravel/framework/src/Illuminate/Container/BoundMethod.php:36
/home/joseph/projects/RideConnect/vendor/laravel/framework/src/Illuminate/Container/Util.php:43
/home/joseph/projects/RideConnect/vendor/laravel/framework/src/Illuminate/Container/BoundMethod.php:96
/home/joseph/projects/RideConnect/vendor/laravel/framework/src/Illuminate/Container/BoundMethod.php:35
/home/joseph/projects/RideConnect/vendor/laravel/framework/src/Illuminate/Container/Container.php:799
/home/joseph/projects/RideConnect/vendor/laravel/framework/src/Illuminate/Console/Command.php:211
/home/joseph/projects/RideConnect/vendor/symfony/console/Command/Command.php:341
/home/joseph/projects/RideConnect/vendor/laravel/framework/src/Illuminate/Console/Command.php:180
/home/joseph/projects/RideConnect/vendor/laravel/framework/src/Illuminate/Console/Concerns/CallsCommands.php:68
/home/joseph/projects/RideConnect/vendor/laravel/framework/src/Illuminate/Console/Concerns/CallsCommands.php:29
/home/joseph/projects/RideConnect/vendor/laravel/framework/src/Illuminate/Database/Console/Migrations/FreshCommand.php:88
/home/joseph/projects/RideConnect/vendor/laravel/framework/src/Illuminate/Container/BoundMethod.php:36
/home/joseph/projects/RideConnect/vendor/laravel/framework/src/Illuminate/Container/Util.php:43
/home/joseph/projects/RideConnect/vendor/laravel/framework/src/Illuminate/Container/BoundMethod.php:96
/home/joseph/projects/RideConnect/vendor/laravel/framework/src/Illuminate/Container/BoundMethod.php:35
/home/joseph/projects/RideConnect/vendor/laravel/framework/src/Illuminate/Container/Container.php:799
/home/joseph/projects/RideConnect/vendor/laravel/framework/src/Illuminate/Console/Command.php:211
/home/joseph/projects/RideConnect/vendor/symfony/console/Command/Command.php:341
/home/joseph/projects/RideConnect/vendor/laravel/framework/src/Illuminate/Console/Command.php:180
/home/joseph/projects/RideConnect/vendor/symfony/console/Application.php:1094
/home/joseph/projects/RideConnect/vendor/symfony/console/Application.php:356
/home/joseph/projects/RideConnect/vendor/symfony/console/Application.php:195
/home/joseph/projects/RideConnect/vendor/laravel/framework/src/Illuminate/Console/Application.php:165
/home/joseph/projects/RideConnect/vendor/laravel/framework/src/Illuminate/Foundation/Console/Kernel.php:447
/home/joseph/projects/RideConnect/vendor/laravel/framework/src/Illuminate/Testing/PendingCommand.php:451
/home/joseph/projects/RideConnect/vendor/laravel/framework/src/Illuminate/Testing/PendingCommand.php:675
/home/joseph/projects/RideConnect/vendor/laravel/framework/src/Illuminate/Foundation/Testing/Concerns/InteractsWithConsole.php:87
/home/joseph/projects/RideConnect/vendor/laravel/framework/src/Illuminate/Foundation/Testing/RefreshDatabase.php:119
/home/joseph/projects/RideConnect/vendor/laravel/framework/src/Illuminate/Foundation/Testing/RefreshDatabase.php:84
/home/joseph/projects/RideConnect/vendor/laravel/framework/src/Illuminate/Foundation/Testing/RefreshDatabase.php:25
/home/joseph/projects/RideConnect/vendor/laravel/framework/src/Illuminate/Foundation/Testing/Concerns/InteractsWithTestCaseLifecycle.php:217
/home/joseph/projects/RideConnect/vendor/laravel/framework/src/Illuminate/Foundation/Testing/Concerns/InteractsWithTestCaseLifecycle.php:101
/home/joseph/projects/RideConnect/vendor/laravel/framework/src/Illuminate/Foundation/Testing/TestCase.php:63</error>
        </testcase>
        <testcase name="test_user_can_register_and_remove_push_token" file="/home/joseph/projects/RideConnect/tests/Feature/Api/PassengerNotificationEndpointsTest.php" line="175" class="Tests\Feature\Api\PassengerNotificationEndpointsTest" classname="Tests.Feature.Api.PassengerNotificationEndpointsTest" assertions="0" time="0.000000">
          <error type="Illuminate\Database\QueryException">Tests\Feature\Api\PassengerNotificationEndpointsTest::test_user_can_register_and_remove_push_token
Illuminate\Database\QueryException: could not find driver (Connection: sqlite, Database: :memory:, SQL: select exists (select 1 from "main".sqlite_master where name = 'migrations' and type = 'table') as "exists")

/home/joseph/projects/RideConnect/vendor/laravel/framework/src/Illuminate/Database/Connection.php:838
/home/joseph/projects/RideConnect/vendor/laravel/framework/src/Illuminate/Database/Connection.php:794
/home/joseph/projects/RideConnect/vendor/laravel/framework/src/Illuminate/Database/Connection.php:411
/home/joseph/projects/RideConnect/vendor/laravel/framework/src/Illuminate/Database/Connection.php:357
/home/joseph/projects/RideConnect/vendor/laravel/framework/src/Illuminate/Database/Connection.php:374
/home/joseph/projects/RideConnect/vendor/laravel/framework/src/Illuminate/Database/Schema/Builder.php:176
/home/joseph/projects/RideConnect/vendor/laravel/framework/src/Illuminate/Database/Migrations/DatabaseMigrationRepository.php:185
/home/joseph/projects/RideConnect/vendor/laravel/framework/src/Illuminate/Database/Migrations/Migrator.php:758
/home/joseph/projects/RideConnect/vendor/laravel/framework/src/Illuminate/Database/Console/Migrations/MigrateCommand.php:164
/home/joseph/projects/RideConnect/vendor/laravel/framework/src/Illuminate/Support/helpers.php:328
/home/joseph/projects/RideConnect/vendor/laravel/framework/src/Illuminate/Database/Console/Migrations/MigrateCommand.php:164
/home/joseph/projects/RideConnect/vendor/laravel/framework/src/Illuminate/Database/Console/Migrations/MigrateCommand.php:140
/home/joseph/projects/RideConnect/vendor/laravel/framework/src/Illuminate/Database/Console/Migrations/MigrateCommand.php:110
/home/joseph/projects/RideConnect/vendor/laravel/framework/src/Illuminate/Database/Migrations/Migrator.php:671
/home/joseph/projects/RideConnect/vendor/laravel/framework/src/Illuminate/Database/Console/Migrations/MigrateCommand.php:109
/home/joseph/projects/RideConnect/vendor/laravel/framework/src/Illuminate/Database/Console/Migrations/MigrateCommand.php:88
/home/joseph/projects/RideConnect/vendor/laravel/framework/src/Illuminate/Container/BoundMethod.php:36
/home/joseph/projects/RideConnect/vendor/laravel/framework/src/Illuminate/Container/Util.php:43
/home/joseph/projects/RideConnect/vendor/laravel/framework/src/Illuminate/Container/BoundMethod.php:96
/home/joseph/projects/RideConnect/vendor/laravel/framework/src/Illuminate/Container/BoundMethod.php:35
/home/joseph/projects/RideConnect/vendor/laravel/framework/src/Illuminate/Container/Container.php:799
/home/joseph/projects/RideConnect/vendor/laravel/framework/src/Illuminate/Console/Command.php:211
/home/joseph/projects/RideConnect/vendor/symfony/console/Command/Command.php:341
/home/joseph/projects/RideConnect/vendor/laravel/framework/src/Illuminate/Console/Command.php:180
/home/joseph/projects/RideConnect/vendor/laravel/framework/src/Illuminate/Console/Concerns/CallsCommands.php:68
/home/joseph/projects/RideConnect/vendor/laravel/framework/src/Illuminate/Console/Concerns/CallsCommands.php:29
/home/joseph/projects/RideConnect/vendor/laravel/framework/src/Illuminate/Database/Console/Migrations/FreshCommand.php:88
/home/joseph/projects/RideConnect/vendor/laravel/framework/src/Illuminate/Container/BoundMethod.php:36
/home/joseph/projects/RideConnect/vendor/laravel/framework/src/Illuminate/Container/Util.php:43
/home/joseph/projects/RideConnect/vendor/laravel/framework/src/Illuminate/Container/BoundMethod.php:96
/home/joseph/projects/RideConnect/vendor/laravel/framework/src/Illuminate/Container/BoundMethod.php:35
/home/joseph/projects/RideConnect/vendor/laravel/framework/src/Illuminate/Container/Container.php:799
/home/joseph/projects/RideConnect/vendor/laravel/framework/src/Illuminate/Console/Command.php:211
/home/joseph/projects/RideConnect/vendor/symfony/console/Command/Command.php:341
/home/joseph/projects/RideConnect/vendor/laravel/framework/src/Illuminate/Console/Command.php:180
/home/joseph/projects/RideConnect/vendor/symfony/console/Application.php:1094
/home/joseph/projects/RideConnect/vendor/symfony/console/Application.php:356
/home/joseph/projects/RideConnect/vendor/symfony/console/Application.php:195
/home/joseph/projects/RideConnect/vendor/laravel/framework/src/Illuminate/Console/Application.php:165
/home/joseph/projects/RideConnect/vendor/laravel/framework/src/Illuminate/Foundation/Console/Kernel.php:447
/home/joseph/projects/RideConnect/vendor/laravel/framework/src/Illuminate/Testing/PendingCommand.php:451
/home/joseph/projects/RideConnect/vendor/laravel/framework/src/Illuminate/Testing/PendingCommand.php:675
/home/joseph/projects/RideConnect/vendor/laravel/framework/src/Illuminate/Foundation/Testing/Concerns/InteractsWithConsole.php:87
/home/joseph/projects/RideConnect/vendor/laravel/framework/src/Illuminate/Foundation/Testing/RefreshDatabase.php:119
/home/joseph/projects/RideConnect/vendor/laravel/framework/src/Illuminate/Foundation/Testing/RefreshDatabase.php:84
/home/joseph/projects/RideConnect/vendor/laravel/framework/src/Illuminate/Foundation/Testing/RefreshDatabase.php:25
/home/joseph/projects/RideConnect/vendor/laravel/framework/src/Illuminate/Foundation/Testing/Concerns/InteractsWithTestCaseLifecycle.php:217
/home/joseph/projects/RideConnect/vendor/laravel/framework/src/Illuminate/Foundation/Testing/Concerns/InteractsWithTestCaseLifecycle.php:101
/home/joseph/projects/RideConnect/vendor/laravel/framework/src/Illuminate/Foundation/Testing/TestCase.php:63</error>
        </testcase>
        <testcase name="test_clear_actioned_notifications_keeps_non_actioned_notifications" file="/home/joseph/projects/RideConnect/tests/Feature/Api/PassengerNotificationEndpointsTest.php" line="207" class="Tests\Feature\Api\PassengerNotificationEndpointsTest" classname="Tests.Feature.Api.PassengerNotificationEndpointsTest" assertions="0" time="0.000000">
          <error type="Illuminate\Database\QueryException">Tests\Feature\Api\PassengerNotificationEndpointsTest::test_clear_actioned_notifications_keeps_non_actioned_notifications
Illuminate\Database\QueryException: could not find driver (Connection: sqlite, Database: :memory:, SQL: select exists (select 1 from "main".sqlite_master where name = 'migrations' and type = 'table') as "exists")

/home/joseph/projects/RideConnect/vendor/laravel/framework/src/Illuminate/Database/Connection.php:838
/home/joseph/projects/RideConnect/vendor/laravel/framework/src/Illuminate/Database/Connection.php:794
/home/joseph/projects/RideConnect/vendor/laravel/framework/src/Illuminate/Database/Connection.php:411
/home/joseph/projects/RideConnect/vendor/laravel/framework/src/Illuminate/Database/Connection.php:357
/home/joseph/projects/RideConnect/vendor/laravel/framework/src/Illuminate/Database/Connection.php:374
/home/joseph/projects/RideConnect/vendor/laravel/framework/src/Illuminate/Database/Schema/Builder.php:176
/home/joseph/projects/RideConnect/vendor/laravel/framework/src/Illuminate/Database/Migrations/DatabaseMigrationRepository.php:185
/home/joseph/projects/RideConnect/vendor/laravel/framework/src/Illuminate/Database/Migrations/Migrator.php:758
/home/joseph/projects/RideConnect/vendor/laravel/framework/src/Illuminate/Database/Console/Migrations/MigrateCommand.php:164
/home/joseph/projects/RideConnect/vendor/laravel/framework/src/Illuminate/Support/helpers.php:328
/home/joseph/projects/RideConnect/vendor/laravel/framework/src/Illuminate/Database/Console/Migrations/MigrateCommand.php:164
/home/joseph/projects/RideConnect/vendor/laravel/framework/src/Illuminate/Database/Console/Migrations/MigrateCommand.php:140
/home/joseph/projects/RideConnect/vendor/laravel/framework/src/Illuminate/Database/Console/Migrations/MigrateCommand.php:110
/home/joseph/projects/RideConnect/vendor/laravel/framework/src/Illuminate/Database/Migrations/Migrator.php:671
/home/joseph/projects/RideConnect/vendor/laravel/framework/src/Illuminate/Database/Console/Migrations/MigrateCommand.php:109
/home/joseph/projects/RideConnect/vendor/laravel/framework/src/Illuminate/Database/Console/Migrations/MigrateCommand.php:88
/home/joseph/projects/RideConnect/vendor/laravel/framework/src/Illuminate/Container/BoundMethod.php:36
/home/joseph/projects/RideConnect/vendor/laravel/framework/src/Illuminate/Container/Util.php:43
/home/joseph/projects/RideConnect/vendor/laravel/framework/src/Illuminate/Container/BoundMethod.php:96
/home/joseph/projects/RideConnect/vendor/laravel/framework/src/Illuminate/Container/BoundMethod.php:35
/home/joseph/projects/RideConnect/vendor/laravel/framework/src/Illuminate/Container/Container.php:799
/home/joseph/projects/RideConnect/vendor/laravel/framework/src/Illuminate/Console/Command.php:211
/home/joseph/projects/RideConnect/vendor/symfony/console/Command/Command.php:341
/home/joseph/projects/RideConnect/vendor/laravel/framework/src/Illuminate/Console/Command.php:180
/home/joseph/projects/RideConnect/vendor/laravel/framework/src/Illuminate/Console/Concerns/CallsCommands.php:68
/home/joseph/projects/RideConnect/vendor/laravel/framework/src/Illuminate/Console/Concerns/CallsCommands.php:29
/home/joseph/projects/RideConnect/vendor/laravel/framework/src/Illuminate/Database/Console/Migrations/FreshCommand.php:88
/home/joseph/projects/RideConnect/vendor/laravel/framework/src/Illuminate/Container/BoundMethod.php:36
/home/joseph/projects/RideConnect/vendor/laravel/framework/src/Illuminate/Container/Util.php:43
/home/joseph/projects/RideConnect/vendor/laravel/framework/src/Illuminate/Container/BoundMethod.php:96
/home/joseph/projects/RideConnect/vendor/laravel/framework/src/Illuminate/Container/BoundMethod.php:35
/home/joseph/projects/RideConnect/vendor/laravel/framework/src/Illuminate/Container/Container.php:799
/home/joseph/projects/RideConnect/vendor/laravel/framework/src/Illuminate/Console/Command.php:211
/home/joseph/projects/RideConnect/vendor/symfony/console/Command/Command.php:341
/home/joseph/projects/RideConnect/vendor/laravel/framework/src/Illuminate/Console/Command.php:180
/home/joseph/projects/RideConnect/vendor/symfony/console/Application.php:1094
/home/joseph/projects/RideConnect/vendor/symfony/console/Application.php:356
/home/joseph/projects/RideConnect/vendor/symfony/console/Application.php:195
/home/joseph/projects/RideConnect/vendor/laravel/framework/src/Illuminate/Console/Application.php:165
/home/joseph/projects/RideConnect/vendor/laravel/framework/src/Illuminate/Foundation/Console/Kernel.php:447
/home/joseph/projects/RideConnect/vendor/laravel/framework/src/Illuminate/Testing/PendingCommand.php:451
/home/joseph/projects/RideConnect/vendor/laravel/framework/src/Illuminate/Testing/PendingCommand.php:675
/home/joseph/projects/RideConnect/vendor/laravel/framework/src/Illuminate/Foundation/Testing/Concerns/InteractsWithConsole.php:87
/home/joseph/projects/RideConnect/vendor/laravel/framework/src/Illuminate/Foundation/Testing/RefreshDatabase.php:119
/home/joseph/projects/RideConnect/vendor/laravel/framework/src/Illuminate/Foundation/Testing/RefreshDatabase.php:84
/home/joseph/projects/RideConnect/vendor/laravel/framework/src/Illuminate/Foundation/Testing/RefreshDatabase.php:25
/home/joseph/projects/RideConnect/vendor/laravel/framework/src/Illuminate/Foundation/Testing/Concerns/InteractsWithTestCaseLifecycle.php:217
/home/joseph/projects/RideConnect/vendor/laravel/framework/src/Illuminate/Foundation/Testing/Concerns/InteractsWithTestCaseLifecycle.php:101
/home/joseph/projects/RideConnect/vendor/laravel/framework/src/Illuminate/Foundation/Testing/TestCase.php:63</error>
        </testcase>
        <testcase name="test_cannot_delete_non_actioned_notification_but_can_delete_actioned" file="/home/joseph/projects/RideConnect/tests/Feature/Api/PassengerNotificationEndpointsTest.php" line="254" class="Tests\Feature\Api\PassengerNotificationEndpointsTest" classname="Tests.Feature.Api.PassengerNotificationEndpointsTest" assertions="0" time="0.000000">
          <error type="Illuminate\Database\QueryException">Tests\Feature\Api\PassengerNotificationEndpointsTest::test_cannot_delete_non_actioned_notification_but_can_delete_actioned
Illuminate\Database\QueryException: could not find driver (Connection: sqlite, Database: :memory:, SQL: select exists (select 1 from "main".sqlite_master where name = 'migrations' and type = 'table') as "exists")

/home/joseph/projects/RideConnect/vendor/laravel/framework/src/Illuminate/Database/Connection.php:838
/home/joseph/projects/RideConnect/vendor/laravel/framework/src/Illuminate/Database/Connection.php:794
/home/joseph/projects/RideConnect/vendor/laravel/framework/src/Illuminate/Database/Connection.php:411
/home/joseph/projects/RideConnect/vendor/laravel/framework/src/Illuminate/Database/Connection.php:357
/home/joseph/projects/RideConnect/vendor/laravel/framework/src/Illuminate/Database/Connection.php:374
/home/joseph/projects/RideConnect/vendor/laravel/framework/src/Illuminate/Database/Schema/Builder.php:176
/home/joseph/projects/RideConnect/vendor/laravel/framework/src/Illuminate/Database/Migrations/DatabaseMigrationRepository.php:185
/home/joseph/projects/RideConnect/vendor/laravel/framework/src/Illuminate/Database/Migrations/Migrator.php:758
/home/joseph/projects/RideConnect/vendor/laravel/framework/src/Illuminate/Database/Console/Migrations/MigrateCommand.php:164
/home/joseph/projects/RideConnect/vendor/laravel/framework/src/Illuminate/Support/helpers.php:328
/home/joseph/projects/RideConnect/vendor/laravel/framework/src/Illuminate/Database/Console/Migrations/MigrateCommand.php:164
/home/joseph/projects/RideConnect/vendor/laravel/framework/src/Illuminate/Database/Console/Migrations/MigrateCommand.php:140
/home/joseph/projects/RideConnect/vendor/laravel/framework/src/Illuminate/Database/Console/Migrations/MigrateCommand.php:110
/home/joseph/projects/RideConnect/vendor/laravel/framework/src/Illuminate/Database/Migrations/Migrator.php:671
/home/joseph/projects/RideConnect/vendor/laravel/framework/src/Illuminate/Database/Console/Migrations/MigrateCommand.php:109
/home/joseph/projects/RideConnect/vendor/laravel/framework/src/Illuminate/Database/Console/Migrations/MigrateCommand.php:88
/home/joseph/projects/RideConnect/vendor/laravel/framework/src/Illuminate/Container/BoundMethod.php:36
/home/joseph/projects/RideConnect/vendor/laravel/framework/src/Illuminate/Container/Util.php:43
/home/joseph/projects/RideConnect/vendor/laravel/framework/src/Illuminate/Container/BoundMethod.php:96
/home/joseph/projects/RideConnect/vendor/laravel/framework/src/Illuminate/Container/BoundMethod.php:35
/home/joseph/projects/RideConnect/vendor/laravel/framework/src/Illuminate/Container/Container.php:799
/home/joseph/projects/RideConnect/vendor/laravel/framework/src/Illuminate/Console/Command.php:211
/home/joseph/projects/RideConnect/vendor/symfony/console/Command/Command.php:341
/home/joseph/projects/RideConnect/vendor/laravel/framework/src/Illuminate/Console/Command.php:180
/home/joseph/projects/RideConnect/vendor/laravel/framework/src/Illuminate/Console/Concerns/CallsCommands.php:68
/home/joseph/projects/RideConnect/vendor/laravel/framework/src/Illuminate/Console/Concerns/CallsCommands.php:29
/home/joseph/projects/RideConnect/vendor/laravel/framework/src/Illuminate/Database/Console/Migrations/FreshCommand.php:88
/home/joseph/projects/RideConnect/vendor/laravel/framework/src/Illuminate/Container/BoundMethod.php:36
/home/joseph/projects/RideConnect/vendor/laravel/framework/src/Illuminate/Container/Util.php:43
/home/joseph/projects/RideConnect/vendor/laravel/framework/src/Illuminate/Container/BoundMethod.php:96
/home/joseph/projects/RideConnect/vendor/laravel/framework/src/Illuminate/Container/BoundMethod.php:35
/home/joseph/projects/RideConnect/vendor/laravel/framework/src/Illuminate/Container/Container.php:799
/home/joseph/projects/RideConnect/vendor/laravel/framework/src/Illuminate/Console/Command.php:211
/home/joseph/projects/RideConnect/vendor/symfony/console/Command/Command.php:341
/home/joseph/projects/RideConnect/vendor/laravel/framework/src/Illuminate/Console/Command.php:180
/home/joseph/projects/RideConnect/vendor/symfony/console/Application.php:1094
/home/joseph/projects/RideConnect/vendor/symfony/console/Application.php:356
/home/joseph/projects/RideConnect/vendor/symfony/console/Application.php:195
/home/joseph/projects/RideConnect/vendor/laravel/framework/src/Illuminate/Console/Application.php:165
/home/joseph/projects/RideConnect/vendor/laravel/framework/src/Illuminate/Foundation/Console/Kernel.php:447
/home/joseph/projects/RideConnect/vendor/laravel/framework/src/Illuminate/Testing/PendingCommand.php:451
/home/joseph/projects/RideConnect/vendor/laravel/framework/src/Illuminate/Testing/PendingCommand.php:675
/home/joseph/projects/RideConnect/vendor/laravel/framework/src/Illuminate/Foundation/Testing/Concerns/InteractsWithConsole.php:87
/home/joseph/projects/RideConnect/vendor/laravel/framework/src/Illuminate/Foundation/Testing/RefreshDatabase.php:119
/home/joseph/projects/RideConnect/vendor/laravel/framework/src/Illuminate/Foundation/Testing/RefreshDatabase.php:84
/home/joseph/projects/RideConnect/vendor/laravel/framework/src/Illuminate/Foundation/Testing/RefreshDatabase.php:25
/home/joseph/projects/RideConnect/vendor/laravel/framework/src/Illuminate/Foundation/Testing/Concerns/InteractsWithTestCaseLifecycle.php:217
/home/joseph/projects/RideConnect/vendor/laravel/framework/src/Illuminate/Foundation/Testing/Concerns/InteractsWithTestCaseLifecycle.php:101
/home/joseph/projects/RideConnect/vendor/laravel/framework/src/Illuminate/Foundation/Testing/TestCase.php:63</error>
        </testcase>
        <testcase name="test_notifications_list_exposes_can_be_cleared_flag" file="/home/joseph/projects/RideConnect/tests/Feature/Api/PassengerNotificationEndpointsTest.php" line="295" class="Tests\Feature\Api\PassengerNotificationEndpointsTest" classname="Tests.Feature.Api.PassengerNotificationEndpointsTest" assertions="0" time="0.000000">
          <error type="Illuminate\Database\QueryException">Tests\Feature\Api\PassengerNotificationEndpointsTest::test_notifications_list_exposes_can_be_cleared_flag
Illuminate\Database\QueryException: could not find driver (Connection: sqlite, Database: :memory:, SQL: select exists (select 1 from "main".sqlite_master where name = 'migrations' and type = 'table') as "exists")

/home/joseph/projects/RideConnect/vendor/laravel/framework/src/Illuminate/Database/Connection.php:838
/home/joseph/projects/RideConnect/vendor/laravel/framework/src/Illuminate/Database/Connection.php:794
/home/joseph/projects/RideConnect/vendor/laravel/framework/src/Illuminate/Database/Connection.php:411
/home/joseph/projects/RideConnect/vendor/laravel/framework/src/Illuminate/Database/Connection.php:357
/home/joseph/projects/RideConnect/vendor/laravel/framework/src/Illuminate/Database/Connection.php:374
/home/joseph/projects/RideConnect/vendor/laravel/framework/src/Illuminate/Database/Schema/Builder.php:176
/home/joseph/projects/RideConnect/vendor/laravel/framework/src/Illuminate/Database/Migrations/DatabaseMigrationRepository.php:185
/home/joseph/projects/RideConnect/vendor/laravel/framework/src/Illuminate/Database/Migrations/Migrator.php:758
/home/joseph/projects/RideConnect/vendor/laravel/framework/src/Illuminate/Database/Console/Migrations/MigrateCommand.php:164
/home/joseph/projects/RideConnect/vendor/laravel/framework/src/Illuminate/Support/helpers.php:328
/home/joseph/projects/RideConnect/vendor/laravel/framework/src/Illuminate/Database/Console/Migrations/MigrateCommand.php:164
/home/joseph/projects/RideConnect/vendor/laravel/framework/src/Illuminate/Database/Console/Migrations/MigrateCommand.php:140
/home/joseph/projects/RideConnect/vendor/laravel/framework/src/Illuminate/Database/Console/Migrations/MigrateCommand.php:110
/home/joseph/projects/RideConnect/vendor/laravel/framework/src/Illuminate/Database/Migrations/Migrator.php:671
/home/joseph/projects/RideConnect/vendor/laravel/framework/src/Illuminate/Database/Console/Migrations/MigrateCommand.php:109
/home/joseph/projects/RideConnect/vendor/laravel/framework/src/Illuminate/Database/Console/Migrations/MigrateCommand.php:88
/home/joseph/projects/RideConnect/vendor/laravel/framework/src/Illuminate/Container/BoundMethod.php:36
/home/joseph/projects/RideConnect/vendor/laravel/framework/src/Illuminate/Container/Util.php:43
/home/joseph/projects/RideConnect/vendor/laravel/framework/src/Illuminate/Container/BoundMethod.php:96
/home/joseph/projects/RideConnect/vendor/laravel/framework/src/Illuminate/Container/BoundMethod.php:35
/home/joseph/projects/RideConnect/vendor/laravel/framework/src/Illuminate/Container/Container.php:799
/home/joseph/projects/RideConnect/vendor/laravel/framework/src/Illuminate/Console/Command.php:211
/home/joseph/projects/RideConnect/vendor/symfony/console/Command/Command.php:341
/home/joseph/projects/RideConnect/vendor/laravel/framework/src/Illuminate/Console/Command.php:180
/home/joseph/projects/RideConnect/vendor/laravel/framework/src/Illuminate/Console/Concerns/CallsCommands.php:68
/home/joseph/projects/RideConnect/vendor/laravel/framework/src/Illuminate/Console/Concerns/CallsCommands.php:29
/home/joseph/projects/RideConnect/vendor/laravel/framework/src/Illuminate/Database/Console/Migrations/FreshCommand.php:88
/home/joseph/projects/RideConnect/vendor/laravel/framework/src/Illuminate/Container/BoundMethod.php:36
/home/joseph/projects/RideConnect/vendor/laravel/framework/src/Illuminate/Container/Util.php:43
/home/joseph/projects/RideConnect/vendor/laravel/framework/src/Illuminate/Container/BoundMethod.php:96
/home/joseph/projects/RideConnect/vendor/laravel/framework/src/Illuminate/Container/BoundMethod.php:35
/home/joseph/projects/RideConnect/vendor/laravel/framework/src/Illuminate/Container/Container.php:799
/home/joseph/projects/RideConnect/vendor/laravel/framework/src/Illuminate/Console/Command.php:211
/home/joseph/projects/RideConnect/vendor/symfony/console/Command/Command.php:341
/home/joseph/projects/RideConnect/vendor/laravel/framework/src/Illuminate/Console/Command.php:180
/home/joseph/projects/RideConnect/vendor/symfony/console/Application.php:1094
/home/joseph/projects/RideConnect/vendor/symfony/console/Application.php:356
/home/joseph/projects/RideConnect/vendor/symfony/console/Application.php:195
/home/joseph/projects/RideConnect/vendor/laravel/framework/src/Illuminate/Console/Application.php:165
/home/joseph/projects/RideConnect/vendor/laravel/framework/src/Illuminate/Foundation/Console/Kernel.php:447
/home/joseph/projects/RideConnect/vendor/laravel/framework/src/Illuminate/Testing/PendingCommand.php:451
/home/joseph/projects/RideConnect/vendor/laravel/framework/src/Illuminate/Testing/PendingCommand.php:675
/home/joseph/projects/RideConnect/vendor/laravel/framework/src/Illuminate/Foundation/Testing/Concerns/InteractsWithConsole.php:87
/home/joseph/projects/RideConnect/vendor/laravel/framework/src/Illuminate/Foundation/Testing/RefreshDatabase.php:119
/home/joseph/projects/RideConnect/vendor/laravel/framework/src/Illuminate/Foundation/Testing/RefreshDatabase.php:84
/home/joseph/projects/RideConnect/vendor/laravel/framework/src/Illuminate/Foundation/Testing/RefreshDatabase.php:25
/home/joseph/projects/RideConnect/vendor/laravel/framework/src/Illuminate/Foundation/Testing/Concerns/InteractsWithTestCaseLifecycle.php:217
/home/joseph/projects/RideConnect/vendor/laravel/framework/src/Illuminate/Foundation/Testing/Concerns/InteractsWithTestCaseLifecycle.php:101
/home/joseph/projects/RideConnect/vendor/laravel/framework/src/Illuminate/Foundation/Testing/TestCase.php:63</error>
        </testcase>
        <testcase name="test_notifications_can_filter_only_clearable" file="/home/joseph/projects/RideConnect/tests/Feature/Api/PassengerNotificationEndpointsTest.php" line="336" class="Tests\Feature\Api\PassengerNotificationEndpointsTest" classname="Tests.Feature.Api.PassengerNotificationEndpointsTest" assertions="0" time="0.000000">
          <error type="Illuminate\Database\QueryException">Tests\Feature\Api\PassengerNotificationEndpointsTest::test_notifications_can_filter_only_clearable
Illuminate\Database\QueryException: could not find driver (Connection: sqlite, Database: :memory:, SQL: select exists (select 1 from "main".sqlite_master where name = 'migrations' and type = 'table') as "exists")

/home/joseph/projects/RideConnect/vendor/laravel/framework/src/Illuminate/Database/Connection.php:838
/home/joseph/projects/RideConnect/vendor/laravel/framework/src/Illuminate/Database/Connection.php:794
/home/joseph/projects/RideConnect/vendor/laravel/framework/src/Illuminate/Database/Connection.php:411
/home/joseph/projects/RideConnect/vendor/laravel/framework/src/Illuminate/Database/Connection.php:357
/home/joseph/projects/RideConnect/vendor/laravel/framework/src/Illuminate/Database/Connection.php:374
/home/joseph/projects/RideConnect/vendor/laravel/framework/src/Illuminate/Database/Schema/Builder.php:176
/home/joseph/projects/RideConnect/vendor/laravel/framework/src/Illuminate/Database/Migrations/DatabaseMigrationRepository.php:185
/home/joseph/projects/RideConnect/vendor/laravel/framework/src/Illuminate/Database/Migrations/Migrator.php:758
/home/joseph/projects/RideConnect/vendor/laravel/framework/src/Illuminate/Database/Console/Migrations/MigrateCommand.php:164
/home/joseph/projects/RideConnect/vendor/laravel/framework/src/Illuminate/Support/helpers.php:328
/home/joseph/projects/RideConnect/vendor/laravel/framework/src/Illuminate/Database/Console/Migrations/MigrateCommand.php:164
/home/joseph/projects/RideConnect/vendor/laravel/framework/src/Illuminate/Database/Console/Migrations/MigrateCommand.php:140
/home/joseph/projects/RideConnect/vendor/laravel/framework/src/Illuminate/Database/Console/Migrations/MigrateCommand.php:110
/home/joseph/projects/RideConnect/vendor/laravel/framework/src/Illuminate/Database/Migrations/Migrator.php:671
/home/joseph/projects/RideConnect/vendor/laravel/framework/src/Illuminate/Database/Console/Migrations/MigrateCommand.php:109
/home/joseph/projects/RideConnect/vendor/laravel/framework/src/Illuminate/Database/Console/Migrations/MigrateCommand.php:88
/home/joseph/projects/RideConnect/vendor/laravel/framework/src/Illuminate/Container/BoundMethod.php:36
/home/joseph/projects/RideConnect/vendor/laravel/framework/src/Illuminate/Container/Util.php:43
/home/joseph/projects/RideConnect/vendor/laravel/framework/src/Illuminate/Container/BoundMethod.php:96
/home/joseph/projects/RideConnect/vendor/laravel/framework/src/Illuminate/Container/BoundMethod.php:35
/home/joseph/projects/RideConnect/vendor/laravel/framework/src/Illuminate/Container/Container.php:799
/home/joseph/projects/RideConnect/vendor/laravel/framework/src/Illuminate/Console/Command.php:211
/home/joseph/projects/RideConnect/vendor/symfony/console/Command/Command.php:341
/home/joseph/projects/RideConnect/vendor/laravel/framework/src/Illuminate/Console/Command.php:180
/home/joseph/projects/RideConnect/vendor/laravel/framework/src/Illuminate/Console/Concerns/CallsCommands.php:68
/home/joseph/projects/RideConnect/vendor/laravel/framework/src/Illuminate/Console/Concerns/CallsCommands.php:29
/home/joseph/projects/RideConnect/vendor/laravel/framework/src/Illuminate/Database/Console/Migrations/FreshCommand.php:88
/home/joseph/projects/RideConnect/vendor/laravel/framework/src/Illuminate/Container/BoundMethod.php:36
/home/joseph/projects/RideConnect/vendor/laravel/framework/src/Illuminate/Container/Util.php:43
/home/joseph/projects/RideConnect/vendor/laravel/framework/src/Illuminate/Container/BoundMethod.php:96
/home/joseph/projects/RideConnect/vendor/laravel/framework/src/Illuminate/Container/BoundMethod.php:35
/home/joseph/projects/RideConnect/vendor/laravel/framework/src/Illuminate/Container/Container.php:799
/home/joseph/projects/RideConnect/vendor/laravel/framework/src/Illuminate/Console/Command.php:211
/home/joseph/projects/RideConnect/vendor/symfony/console/Command/Command.php:341
/home/joseph/projects/RideConnect/vendor/laravel/framework/src/Illuminate/Console/Command.php:180
/home/joseph/projects/RideConnect/vendor/symfony/console/Application.php:1094
/home/joseph/projects/RideConnect/vendor/symfony/console/Application.php:356
/home/joseph/projects/RideConnect/vendor/symfony/console/Application.php:195
/home/joseph/projects/RideConnect/vendor/laravel/framework/src/Illuminate/Console/Application.php:165
/home/joseph/projects/RideConnect/vendor/laravel/framework/src/Illuminate/Foundation/Console/Kernel.php:447
/home/joseph/projects/RideConnect/vendor/laravel/framework/src/Illuminate/Testing/PendingCommand.php:451
/home/joseph/projects/RideConnect/vendor/laravel/framework/src/Illuminate/Testing/PendingCommand.php:675
/home/joseph/projects/RideConnect/vendor/laravel/framework/src/Illuminate/Foundation/Testing/Concerns/InteractsWithConsole.php:87
/home/joseph/projects/RideConnect/vendor/laravel/framework/src/Illuminate/Foundation/Testing/RefreshDatabase.php:119
/home/joseph/projects/RideConnect/vendor/laravel/framework/src/Illuminate/Foundation/Testing/RefreshDatabase.php:84
/home/joseph/projects/RideConnect/vendor/laravel/framework/src/Illuminate/Foundation/Testing/RefreshDatabase.php:25
/home/joseph/projects/RideConnect/vendor/laravel/framework/src/Illuminate/Foundation/Testing/Concerns/InteractsWithTestCaseLifecycle.php:217
/home/joseph/projects/RideConnect/vendor/laravel/framework/src/Illuminate/Foundation/Testing/Concerns/InteractsWithTestCaseLifecycle.php:101
/home/joseph/projects/RideConnect/vendor/laravel/framework/src/Illuminate/Foundation/Testing/TestCase.php:63</error>
        </testcase>
        <testcase name="test_notifications_can_filter_only_action_required" file="/home/joseph/projects/RideConnect/tests/Feature/Api/PassengerNotificationEndpointsTest.php" line="376" class="Tests\Feature\Api\PassengerNotificationEndpointsTest" classname="Tests.Feature.Api.PassengerNotificationEndpointsTest" assertions="0" time="0.000000">
          <error type="Illuminate\Database\QueryException">Tests\Feature\Api\PassengerNotificationEndpointsTest::test_notifications_can_filter_only_action_required
Illuminate\Database\QueryException: could not find driver (Connection: sqlite, Database: :memory:, SQL: select exists (select 1 from "main".sqlite_master where name = 'migrations' and type = 'table') as "exists")

/home/joseph/projects/RideConnect/vendor/laravel/framework/src/Illuminate/Database/Connection.php:838
/home/joseph/projects/RideConnect/vendor/laravel/framework/src/Illuminate/Database/Connection.php:794
/home/joseph/projects/RideConnect/vendor/laravel/framework/src/Illuminate/Database/Connection.php:411
/home/joseph/projects/RideConnect/vendor/laravel/framework/src/Illuminate/Database/Connection.php:357
/home/joseph/projects/RideConnect/vendor/laravel/framework/src/Illuminate/Database/Connection.php:374
/home/joseph/projects/RideConnect/vendor/laravel/framework/src/Illuminate/Database/Schema/Builder.php:176
/home/joseph/projects/RideConnect/vendor/laravel/framework/src/Illuminate/Database/Migrations/DatabaseMigrationRepository.php:185
/home/joseph/projects/RideConnect/vendor/laravel/framework/src/Illuminate/Database/Migrations/Migrator.php:758
/home/joseph/projects/RideConnect/vendor/laravel/framework/src/Illuminate/Database/Console/Migrations/MigrateCommand.php:164
/home/joseph/projects/RideConnect/vendor/laravel/framework/src/Illuminate/Support/helpers.php:328
/home/joseph/projects/RideConnect/vendor/laravel/framework/src/Illuminate/Database/Console/Migrations/MigrateCommand.php:164
/home/joseph/projects/RideConnect/vendor/laravel/framework/src/Illuminate/Database/Console/Migrations/MigrateCommand.php:140
/home/joseph/projects/RideConnect/vendor/laravel/framework/src/Illuminate/Database/Console/Migrations/MigrateCommand.php:110
/home/joseph/projects/RideConnect/vendor/laravel/framework/src/Illuminate/Database/Migrations/Migrator.php:671
/home/joseph/projects/RideConnect/vendor/laravel/framework/src/Illuminate/Database/Console/Migrations/MigrateCommand.php:109
/home/joseph/projects/RideConnect/vendor/laravel/framework/src/Illuminate/Database/Console/Migrations/MigrateCommand.php:88
/home/joseph/projects/RideConnect/vendor/laravel/framework/src/Illuminate/Container/BoundMethod.php:36
/home/joseph/projects/RideConnect/vendor/laravel/framework/src/Illuminate/Container/Util.php:43
/home/joseph/projects/RideConnect/vendor/laravel/framework/src/Illuminate/Container/BoundMethod.php:96
/home/joseph/projects/RideConnect/vendor/laravel/framework/src/Illuminate/Container/BoundMethod.php:35
/home/joseph/projects/RideConnect/vendor/laravel/framework/src/Illuminate/Container/Container.php:799
/home/joseph/projects/RideConnect/vendor/laravel/framework/src/Illuminate/Console/Command.php:211
/home/joseph/projects/RideConnect/vendor/symfony/console/Command/Command.php:341
/home/joseph/projects/RideConnect/vendor/laravel/framework/src/Illuminate/Console/Command.php:180
/home/joseph/projects/RideConnect/vendor/laravel/framework/src/Illuminate/Console/Concerns/CallsCommands.php:68
/home/joseph/projects/RideConnect/vendor/laravel/framework/src/Illuminate/Console/Concerns/CallsCommands.php:29
/home/joseph/projects/RideConnect/vendor/laravel/framework/src/Illuminate/Database/Console/Migrations/FreshCommand.php:88
/home/joseph/projects/RideConnect/vendor/laravel/framework/src/Illuminate/Container/BoundMethod.php:36
/home/joseph/projects/RideConnect/vendor/laravel/framework/src/Illuminate/Container/Util.php:43
/home/joseph/projects/RideConnect/vendor/laravel/framework/src/Illuminate/Container/BoundMethod.php:96
/home/joseph/projects/RideConnect/vendor/laravel/framework/src/Illuminate/Container/BoundMethod.php:35
/home/joseph/projects/RideConnect/vendor/laravel/framework/src/Illuminate/Container/Container.php:799
/home/joseph/projects/RideConnect/vendor/laravel/framework/src/Illuminate/Console/Command.php:211
/home/joseph/projects/RideConnect/vendor/symfony/console/Command/Command.php:341
/home/joseph/projects/RideConnect/vendor/laravel/framework/src/Illuminate/Console/Command.php:180
/home/joseph/projects/RideConnect/vendor/symfony/console/Application.php:1094
/home/joseph/projects/RideConnect/vendor/symfony/console/Application.php:356
/home/joseph/projects/RideConnect/vendor/symfony/console/Application.php:195
/home/joseph/projects/RideConnect/vendor/laravel/framework/src/Illuminate/Console/Application.php:165
/home/joseph/projects/RideConnect/vendor/laravel/framework/src/Illuminate/Foundation/Console/Kernel.php:447
/home/joseph/projects/RideConnect/vendor/laravel/framework/src/Illuminate/Testing/PendingCommand.php:451
/home/joseph/projects/RideConnect/vendor/laravel/framework/src/Illuminate/Testing/PendingCommand.php:675
/home/joseph/projects/RideConnect/vendor/laravel/framework/src/Illuminate/Foundation/Testing/Concerns/InteractsWithConsole.php:87
/home/joseph/projects/RideConnect/vendor/laravel/framework/src/Illuminate/Foundation/Testing/RefreshDatabase.php:119
/home/joseph/projects/RideConnect/vendor/laravel/framework/src/Illuminate/Foundation/Testing/RefreshDatabase.php:84
/home/joseph/projects/RideConnect/vendor/laravel/framework/src/Illuminate/Foundation/Testing/RefreshDatabase.php:25
/home/joseph/projects/RideConnect/vendor/laravel/framework/src/Illuminate/Foundation/Testing/Concerns/InteractsWithTestCaseLifecycle.php:217
/home/joseph/projects/RideConnect/vendor/laravel/framework/src/Illuminate/Foundation/Testing/Concerns/InteractsWithTestCaseLifecycle.php:101
/home/joseph/projects/RideConnect/vendor/laravel/framework/src/Illuminate/Foundation/Testing/TestCase.php:63</error>
        </testcase>
        <testcase name="test_mobile_notification_dispatch_enqueues_push_delivery_queue_and_tracks_delivery" file="/home/joseph/projects/RideConnect/tests/Feature/Api/PassengerNotificationEndpointsTest.php" line="416" class="Tests\Feature\Api\PassengerNotificationEndpointsTest" classname="Tests.Feature.Api.PassengerNotificationEndpointsTest" assertions="0" time="0.000000">
          <error type="Illuminate\Database\QueryException">Tests\Feature\Api\PassengerNotificationEndpointsTest::test_mobile_notification_dispatch_enqueues_push_delivery_queue_and_tracks_delivery
Illuminate\Database\QueryException: could not find driver (Connection: sqlite, Database: :memory:, SQL: select exists (select 1 from "main".sqlite_master where name = 'migrations' and type = 'table') as "exists")

/home/joseph/projects/RideConnect/vendor/laravel/framework/src/Illuminate/Database/Connection.php:838
/home/joseph/projects/RideConnect/vendor/laravel/framework/src/Illuminate/Database/Connection.php:794
/home/joseph/projects/RideConnect/vendor/laravel/framework/src/Illuminate/Database/Connection.php:411
/home/joseph/projects/RideConnect/vendor/laravel/framework/src/Illuminate/Database/Connection.php:357
/home/joseph/projects/RideConnect/vendor/laravel/framework/src/Illuminate/Database/Connection.php:374
/home/joseph/projects/RideConnect/vendor/laravel/framework/src/Illuminate/Database/Schema/Builder.php:176
/home/joseph/projects/RideConnect/vendor/laravel/framework/src/Illuminate/Database/Migrations/DatabaseMigrationRepository.php:185
/home/joseph/projects/RideConnect/vendor/laravel/framework/src/Illuminate/Database/Migrations/Migrator.php:758
/home/joseph/projects/RideConnect/vendor/laravel/framework/src/Illuminate/Database/Console/Migrations/MigrateCommand.php:164
/home/joseph/projects/RideConnect/vendor/laravel/framework/src/Illuminate/Support/helpers.php:328
/home/joseph/projects/RideConnect/vendor/laravel/framework/src/Illuminate/Database/Console/Migrations/MigrateCommand.php:164
/home/joseph/projects/RideConnect/vendor/laravel/framework/src/Illuminate/Database/Console/Migrations/MigrateCommand.php:140
/home/joseph/projects/RideConnect/vendor/laravel/framework/src/Illuminate/Database/Console/Migrations/MigrateCommand.php:110
/home/joseph/projects/RideConnect/vendor/laravel/framework/src/Illuminate/Database/Migrations/Migrator.php:671
/home/joseph/projects/RideConnect/vendor/laravel/framework/src/Illuminate/Database/Console/Migrations/MigrateCommand.php:109
/home/joseph/projects/RideConnect/vendor/laravel/framework/src/Illuminate/Database/Console/Migrations/MigrateCommand.php:88
/home/joseph/projects/RideConnect/vendor/laravel/framework/src/Illuminate/Container/BoundMethod.php:36
/home/joseph/projects/RideConnect/vendor/laravel/framework/src/Illuminate/Container/Util.php:43
/home/joseph/projects/RideConnect/vendor/laravel/framework/src/Illuminate/Container/BoundMethod.php:96
/home/joseph/projects/RideConnect/vendor/laravel/framework/src/Illuminate/Container/BoundMethod.php:35
/home/joseph/projects/RideConnect/vendor/laravel/framework/src/Illuminate/Container/Container.php:799
/home/joseph/projects/RideConnect/vendor/laravel/framework/src/Illuminate/Console/Command.php:211
/home/joseph/projects/RideConnect/vendor/symfony/console/Command/Command.php:341
/home/joseph/projects/RideConnect/vendor/laravel/framework/src/Illuminate/Console/Command.php:180
/home/joseph/projects/RideConnect/vendor/laravel/framework/src/Illuminate/Console/Concerns/CallsCommands.php:68
/home/joseph/projects/RideConnect/vendor/laravel/framework/src/Illuminate/Console/Concerns/CallsCommands.php:29
/home/joseph/projects/RideConnect/vendor/laravel/framework/src/Illuminate/Database/Console/Migrations/FreshCommand.php:88
/home/joseph/projects/RideConnect/vendor/laravel/framework/src/Illuminate/Container/BoundMethod.php:36
/home/joseph/projects/RideConnect/vendor/laravel/framework/src/Illuminate/Container/Util.php:43
/home/joseph/projects/RideConnect/vendor/laravel/framework/src/Illuminate/Container/BoundMethod.php:96
/home/joseph/projects/RideConnect/vendor/laravel/framework/src/Illuminate/Container/BoundMethod.php:35
/home/joseph/projects/RideConnect/vendor/laravel/framework/src/Illuminate/Container/Container.php:799
/home/joseph/projects/RideConnect/vendor/laravel/framework/src/Illuminate/Console/Command.php:211
/home/joseph/projects/RideConnect/vendor/symfony/console/Command/Command.php:341
/home/joseph/projects/RideConnect/vendor/laravel/framework/src/Illuminate/Console/Command.php:180
/home/joseph/projects/RideConnect/vendor/symfony/console/Application.php:1094
/home/joseph/projects/RideConnect/vendor/symfony/console/Application.php:356
/home/joseph/projects/RideConnect/vendor/symfony/console/Application.php:195
/home/joseph/projects/RideConnect/vendor/laravel/framework/src/Illuminate/Console/Application.php:165
/home/joseph/projects/RideConnect/vendor/laravel/framework/src/Illuminate/Foundation/Console/Kernel.php:447
/home/joseph/projects/RideConnect/vendor/laravel/framework/src/Illuminate/Testing/PendingCommand.php:451
/home/joseph/projects/RideConnect/vendor/laravel/framework/src/Illuminate/Testing/PendingCommand.php:675
/home/joseph/projects/RideConnect/vendor/laravel/framework/src/Illuminate/Foundation/Testing/Concerns/InteractsWithConsole.php:87
/home/joseph/projects/RideConnect/vendor/laravel/framework/src/Illuminate/Foundation/Testing/RefreshDatabase.php:119
/home/joseph/projects/RideConnect/vendor/laravel/framework/src/Illuminate/Foundation/Testing/RefreshDatabase.php:84
/home/joseph/projects/RideConnect/vendor/laravel/framework/src/Illuminate/Foundation/Testing/RefreshDatabase.php:25
/home/joseph/projects/RideConnect/vendor/laravel/framework/src/Illuminate/Foundation/Testing/Concerns/InteractsWithTestCaseLifecycle.php:217
/home/joseph/projects/RideConnect/vendor/laravel/framework/src/Illuminate/Foundation/Testing/Concerns/InteractsWithTestCaseLifecycle.php:101
/home/joseph/projects/RideConnect/vendor/laravel/framework/src/Illuminate/Foundation/Testing/TestCase.php:63</error>
        </testcase>
        <testcase name="test_notification_acknowledgement_endpoint_marks_delivery_acknowledged" file="/home/joseph/projects/RideConnect/tests/Feature/Api/PassengerNotificationEndpointsTest.php" line="459" class="Tests\Feature\Api\PassengerNotificationEndpointsTest" classname="Tests.Feature.Api.PassengerNotificationEndpointsTest" assertions="0" time="0.000000">
          <error type="Illuminate\Database\QueryException">Tests\Feature\Api\PassengerNotificationEndpointsTest::test_notification_acknowledgement_endpoint_marks_delivery_acknowledged
Illuminate\Database\QueryException: could not find driver (Connection: sqlite, Database: :memory:, SQL: select exists (select 1 from "main".sqlite_master where name = 'migrations' and type = 'table') as "exists")

/home/joseph/projects/RideConnect/vendor/laravel/framework/src/Illuminate/Database/Connection.php:838
/home/joseph/projects/RideConnect/vendor/laravel/framework/src/Illuminate/Database/Connection.php:794
/home/joseph/projects/RideConnect/vendor/laravel/framework/src/Illuminate/Database/Connection.php:411
/home/joseph/projects/RideConnect/vendor/laravel/framework/src/Illuminate/Database/Connection.php:357
/home/joseph/projects/RideConnect/vendor/laravel/framework/src/Illuminate/Database/Connection.php:374
/home/joseph/projects/RideConnect/vendor/laravel/framework/src/Illuminate/Database/Schema/Builder.php:176
/home/joseph/projects/RideConnect/vendor/laravel/framework/src/Illuminate/Database/Migrations/DatabaseMigrationRepository.php:185
/home/joseph/projects/RideConnect/vendor/laravel/framework/src/Illuminate/Database/Migrations/Migrator.php:758
/home/joseph/projects/RideConnect/vendor/laravel/framework/src/Illuminate/Database/Console/Migrations/MigrateCommand.php:164
/home/joseph/projects/RideConnect/vendor/laravel/framework/src/Illuminate/Support/helpers.php:328
/home/joseph/projects/RideConnect/vendor/laravel/framework/src/Illuminate/Database/Console/Migrations/MigrateCommand.php:164
/home/joseph/projects/RideConnect/vendor/laravel/framework/src/Illuminate/Database/Console/Migrations/MigrateCommand.php:140
/home/joseph/projects/RideConnect/vendor/laravel/framework/src/Illuminate/Database/Console/Migrations/MigrateCommand.php:110
/home/joseph/projects/RideConnect/vendor/laravel/framework/src/Illuminate/Database/Migrations/Migrator.php:671
/home/joseph/projects/RideConnect/vendor/laravel/framework/src/Illuminate/Database/Console/Migrations/MigrateCommand.php:109
/home/joseph/projects/RideConnect/vendor/laravel/framework/src/Illuminate/Database/Console/Migrations/MigrateCommand.php:88
/home/joseph/projects/RideConnect/vendor/laravel/framework/src/Illuminate/Container/BoundMethod.php:36
/home/joseph/projects/RideConnect/vendor/laravel/framework/src/Illuminate/Container/Util.php:43
/home/joseph/projects/RideConnect/vendor/laravel/framework/src/Illuminate/Container/BoundMethod.php:96
/home/joseph/projects/RideConnect/vendor/laravel/framework/src/Illuminate/Container/BoundMethod.php:35
/home/joseph/projects/RideConnect/vendor/laravel/framework/src/Illuminate/Container/Container.php:799
/home/joseph/projects/RideConnect/vendor/laravel/framework/src/Illuminate/Console/Command.php:211
/home/joseph/projects/RideConnect/vendor/symfony/console/Command/Command.php:341
/home/joseph/projects/RideConnect/vendor/laravel/framework/src/Illuminate/Console/Command.php:180
/home/joseph/projects/RideConnect/vendor/laravel/framework/src/Illuminate/Console/Concerns/CallsCommands.php:68
/home/joseph/projects/RideConnect/vendor/laravel/framework/src/Illuminate/Console/Concerns/CallsCommands.php:29
/home/joseph/projects/RideConnect/vendor/laravel/framework/src/Illuminate/Database/Console/Migrations/FreshCommand.php:88
/home/joseph/projects/RideConnect/vendor/laravel/framework/src/Illuminate/Container/BoundMethod.php:36
/home/joseph/projects/RideConnect/vendor/laravel/framework/src/Illuminate/Container/Util.php:43
/home/joseph/projects/RideConnect/vendor/laravel/framework/src/Illuminate/Container/BoundMethod.php:96
/home/joseph/projects/RideConnect/vendor/laravel/framework/src/Illuminate/Container/BoundMethod.php:35
/home/joseph/projects/RideConnect/vendor/laravel/framework/src/Illuminate/Container/Container.php:799
/home/joseph/projects/RideConnect/vendor/laravel/framework/src/Illuminate/Console/Command.php:211
/home/joseph/projects/RideConnect/vendor/symfony/console/Command/Command.php:341
/home/joseph/projects/RideConnect/vendor/laravel/framework/src/Illuminate/Console/Command.php:180
/home/joseph/projects/RideConnect/vendor/symfony/console/Application.php:1094
/home/joseph/projects/RideConnect/vendor/symfony/console/Application.php:356
/home/joseph/projects/RideConnect/vendor/symfony/console/Application.php:195
/home/joseph/projects/RideConnect/vendor/laravel/framework/src/Illuminate/Console/Application.php:165
/home/joseph/projects/RideConnect/vendor/laravel/framework/src/Illuminate/Foundation/Console/Kernel.php:447
/home/joseph/projects/RideConnect/vendor/laravel/framework/src/Illuminate/Testing/PendingCommand.php:451
/home/joseph/projects/RideConnect/vendor/laravel/framework/src/Illuminate/Testing/PendingCommand.php:675
/home/joseph/projects/RideConnect/vendor/laravel/framework/src/Illuminate/Foundation/Testing/Concerns/InteractsWithConsole.php:87
/home/joseph/projects/RideConnect/vendor/laravel/framework/src/Illuminate/Foundation/Testing/RefreshDatabase.php:119
/home/joseph/projects/RideConnect/vendor/laravel/framework/src/Illuminate/Foundation/Testing/RefreshDatabase.php:84
/home/joseph/projects/RideConnect/vendor/laravel/framework/src/Illuminate/Foundation/Testing/RefreshDatabase.php:25
/home/joseph/projects/RideConnect/vendor/laravel/framework/src/Illuminate/Foundation/Testing/Concerns/InteractsWithTestCaseLifecycle.php:217
/home/joseph/projects/RideConnect/vendor/laravel/framework/src/Illuminate/Foundation/Testing/Concerns/InteractsWithTestCaseLifecycle.php:101
/home/joseph/projects/RideConnect/vendor/laravel/framework/src/Illuminate/Foundation/Testing/TestCase.php:63</error>
        </testcase>
      </testsuite>
      <testsuite name="Tests\Feature\Api\RideCategoryPromotionTest" file="/home/joseph/projects/RideConnect/tests/Feature/Api/RideCategoryPromotionTest.php" tests="3" assertions="0" errors="3" failures="0" skipped="0" time="0.000000">
        <testcase name="test_create_as_booking_when_departure_is_greater_than_six_hours" file="/home/joseph/projects/RideConnect/tests/Feature/Api/RideCategoryPromotionTest.php" line="32" class="Tests\Feature\Api\RideCategoryPromotionTest" classname="Tests.Feature.Api.RideCategoryPromotionTest" assertions="0" time="0.000000">
          <error type="Illuminate\Database\QueryException">Tests\Feature\Api\RideCategoryPromotionTest::test_create_as_booking_when_departure_is_greater_than_six_hours
Illuminate\Database\QueryException: could not find driver (Connection: sqlite, Database: :memory:, SQL: select exists (select 1 from "main".sqlite_master where name = 'migrations' and type = 'table') as "exists")

/home/joseph/projects/RideConnect/vendor/laravel/framework/src/Illuminate/Database/Connection.php:838
/home/joseph/projects/RideConnect/vendor/laravel/framework/src/Illuminate/Database/Connection.php:794
/home/joseph/projects/RideConnect/vendor/laravel/framework/src/Illuminate/Database/Connection.php:411
/home/joseph/projects/RideConnect/vendor/laravel/framework/src/Illuminate/Database/Connection.php:357
/home/joseph/projects/RideConnect/vendor/laravel/framework/src/Illuminate/Database/Connection.php:374
/home/joseph/projects/RideConnect/vendor/laravel/framework/src/Illuminate/Database/Schema/Builder.php:176
/home/joseph/projects/RideConnect/vendor/laravel/framework/src/Illuminate/Database/Migrations/DatabaseMigrationRepository.php:185
/home/joseph/projects/RideConnect/vendor/laravel/framework/src/Illuminate/Database/Migrations/Migrator.php:758
/home/joseph/projects/RideConnect/vendor/laravel/framework/src/Illuminate/Database/Console/Migrations/MigrateCommand.php:164
/home/joseph/projects/RideConnect/vendor/laravel/framework/src/Illuminate/Support/helpers.php:328
/home/joseph/projects/RideConnect/vendor/laravel/framework/src/Illuminate/Database/Console/Migrations/MigrateCommand.php:164
/home/joseph/projects/RideConnect/vendor/laravel/framework/src/Illuminate/Database/Console/Migrations/MigrateCommand.php:140
/home/joseph/projects/RideConnect/vendor/laravel/framework/src/Illuminate/Database/Console/Migrations/MigrateCommand.php:110
/home/joseph/projects/RideConnect/vendor/laravel/framework/src/Illuminate/Database/Migrations/Migrator.php:671
/home/joseph/projects/RideConnect/vendor/laravel/framework/src/Illuminate/Database/Console/Migrations/MigrateCommand.php:109
/home/joseph/projects/RideConnect/vendor/laravel/framework/src/Illuminate/Database/Console/Migrations/MigrateCommand.php:88
/home/joseph/projects/RideConnect/vendor/laravel/framework/src/Illuminate/Container/BoundMethod.php:36
/home/joseph/projects/RideConnect/vendor/laravel/framework/src/Illuminate/Container/Util.php:43
/home/joseph/projects/RideConnect/vendor/laravel/framework/src/Illuminate/Container/BoundMethod.php:96
/home/joseph/projects/RideConnect/vendor/laravel/framework/src/Illuminate/Container/BoundMethod.php:35
/home/joseph/projects/RideConnect/vendor/laravel/framework/src/Illuminate/Container/Container.php:799
/home/joseph/projects/RideConnect/vendor/laravel/framework/src/Illuminate/Console/Command.php:211
/home/joseph/projects/RideConnect/vendor/symfony/console/Command/Command.php:341
/home/joseph/projects/RideConnect/vendor/laravel/framework/src/Illuminate/Console/Command.php:180
/home/joseph/projects/RideConnect/vendor/laravel/framework/src/Illuminate/Console/Concerns/CallsCommands.php:68
/home/joseph/projects/RideConnect/vendor/laravel/framework/src/Illuminate/Console/Concerns/CallsCommands.php:29
/home/joseph/projects/RideConnect/vendor/laravel/framework/src/Illuminate/Database/Console/Migrations/FreshCommand.php:88
/home/joseph/projects/RideConnect/vendor/laravel/framework/src/Illuminate/Container/BoundMethod.php:36
/home/joseph/projects/RideConnect/vendor/laravel/framework/src/Illuminate/Container/Util.php:43
/home/joseph/projects/RideConnect/vendor/laravel/framework/src/Illuminate/Container/BoundMethod.php:96
/home/joseph/projects/RideConnect/vendor/laravel/framework/src/Illuminate/Container/BoundMethod.php:35
/home/joseph/projects/RideConnect/vendor/laravel/framework/src/Illuminate/Container/Container.php:799
/home/joseph/projects/RideConnect/vendor/laravel/framework/src/Illuminate/Console/Command.php:211
/home/joseph/projects/RideConnect/vendor/symfony/console/Command/Command.php:341
/home/joseph/projects/RideConnect/vendor/laravel/framework/src/Illuminate/Console/Command.php:180
/home/joseph/projects/RideConnect/vendor/symfony/console/Application.php:1094
/home/joseph/projects/RideConnect/vendor/symfony/console/Application.php:356
/home/joseph/projects/RideConnect/vendor/symfony/console/Application.php:195
/home/joseph/projects/RideConnect/vendor/laravel/framework/src/Illuminate/Console/Application.php:165
/home/joseph/projects/RideConnect/vendor/laravel/framework/src/Illuminate/Foundation/Console/Kernel.php:447
/home/joseph/projects/RideConnect/vendor/laravel/framework/src/Illuminate/Testing/PendingCommand.php:451
/home/joseph/projects/RideConnect/vendor/laravel/framework/src/Illuminate/Testing/PendingCommand.php:675
/home/joseph/projects/RideConnect/vendor/laravel/framework/src/Illuminate/Foundation/Testing/Concerns/InteractsWithConsole.php:87
/home/joseph/projects/RideConnect/vendor/laravel/framework/src/Illuminate/Foundation/Testing/RefreshDatabase.php:119
/home/joseph/projects/RideConnect/vendor/laravel/framework/src/Illuminate/Foundation/Testing/RefreshDatabase.php:84
/home/joseph/projects/RideConnect/vendor/laravel/framework/src/Illuminate/Foundation/Testing/RefreshDatabase.php:25
/home/joseph/projects/RideConnect/vendor/laravel/framework/src/Illuminate/Foundation/Testing/Concerns/InteractsWithTestCaseLifecycle.php:217
/home/joseph/projects/RideConnect/vendor/laravel/framework/src/Illuminate/Foundation/Testing/Concerns/InteractsWithTestCaseLifecycle.php:101
/home/joseph/projects/RideConnect/vendor/laravel/framework/src/Illuminate/Foundation/Testing/TestCase.php:63
/home/joseph/projects/RideConnect/tests/Feature/Api/RideCategoryPromotionTest.php:22</error>
        </testcase>
        <testcase name="test_create_as_trip_when_departure_is_less_or_equal_to_six_hours" file="/home/joseph/projects/RideConnect/tests/Feature/Api/RideCategoryPromotionTest.php" line="58" class="Tests\Feature\Api\RideCategoryPromotionTest" classname="Tests.Feature.Api.RideCategoryPromotionTest" assertions="0" time="0.000000">
          <error type="Illuminate\Database\QueryException">Tests\Feature\Api\RideCategoryPromotionTest::test_create_as_trip_when_departure_is_less_or_equal_to_six_hours
Illuminate\Database\QueryException: could not find driver (Connection: sqlite, Database: :memory:, SQL: select exists (select 1 from "main".sqlite_master where name = 'migrations' and type = 'table') as "exists")

/home/joseph/projects/RideConnect/vendor/laravel/framework/src/Illuminate/Database/Connection.php:838
/home/joseph/projects/RideConnect/vendor/laravel/framework/src/Illuminate/Database/Connection.php:794
/home/joseph/projects/RideConnect/vendor/laravel/framework/src/Illuminate/Database/Connection.php:411
/home/joseph/projects/RideConnect/vendor/laravel/framework/src/Illuminate/Database/Connection.php:357
/home/joseph/projects/RideConnect/vendor/laravel/framework/src/Illuminate/Database/Connection.php:374
/home/joseph/projects/RideConnect/vendor/laravel/framework/src/Illuminate/Database/Schema/Builder.php:176
/home/joseph/projects/RideConnect/vendor/laravel/framework/src/Illuminate/Database/Migrations/DatabaseMigrationRepository.php:185
/home/joseph/projects/RideConnect/vendor/laravel/framework/src/Illuminate/Database/Migrations/Migrator.php:758
/home/joseph/projects/RideConnect/vendor/laravel/framework/src/Illuminate/Database/Console/Migrations/MigrateCommand.php:164
/home/joseph/projects/RideConnect/vendor/laravel/framework/src/Illuminate/Support/helpers.php:328
/home/joseph/projects/RideConnect/vendor/laravel/framework/src/Illuminate/Database/Console/Migrations/MigrateCommand.php:164
/home/joseph/projects/RideConnect/vendor/laravel/framework/src/Illuminate/Database/Console/Migrations/MigrateCommand.php:140
/home/joseph/projects/RideConnect/vendor/laravel/framework/src/Illuminate/Database/Console/Migrations/MigrateCommand.php:110
/home/joseph/projects/RideConnect/vendor/laravel/framework/src/Illuminate/Database/Migrations/Migrator.php:671
/home/joseph/projects/RideConnect/vendor/laravel/framework/src/Illuminate/Database/Console/Migrations/MigrateCommand.php:109
/home/joseph/projects/RideConnect/vendor/laravel/framework/src/Illuminate/Database/Console/Migrations/MigrateCommand.php:88
/home/joseph/projects/RideConnect/vendor/laravel/framework/src/Illuminate/Container/BoundMethod.php:36
/home/joseph/projects/RideConnect/vendor/laravel/framework/src/Illuminate/Container/Util.php:43
/home/joseph/projects/RideConnect/vendor/laravel/framework/src/Illuminate/Container/BoundMethod.php:96
/home/joseph/projects/RideConnect/vendor/laravel/framework/src/Illuminate/Container/BoundMethod.php:35
/home/joseph/projects/RideConnect/vendor/laravel/framework/src/Illuminate/Container/Container.php:799
/home/joseph/projects/RideConnect/vendor/laravel/framework/src/Illuminate/Console/Command.php:211
/home/joseph/projects/RideConnect/vendor/symfony/console/Command/Command.php:341
/home/joseph/projects/RideConnect/vendor/laravel/framework/src/Illuminate/Console/Command.php:180
/home/joseph/projects/RideConnect/vendor/laravel/framework/src/Illuminate/Console/Concerns/CallsCommands.php:68
/home/joseph/projects/RideConnect/vendor/laravel/framework/src/Illuminate/Console/Concerns/CallsCommands.php:29
/home/joseph/projects/RideConnect/vendor/laravel/framework/src/Illuminate/Database/Console/Migrations/FreshCommand.php:88
/home/joseph/projects/RideConnect/vendor/laravel/framework/src/Illuminate/Container/BoundMethod.php:36
/home/joseph/projects/RideConnect/vendor/laravel/framework/src/Illuminate/Container/Util.php:43
/home/joseph/projects/RideConnect/vendor/laravel/framework/src/Illuminate/Container/BoundMethod.php:96
/home/joseph/projects/RideConnect/vendor/laravel/framework/src/Illuminate/Container/BoundMethod.php:35
/home/joseph/projects/RideConnect/vendor/laravel/framework/src/Illuminate/Container/Container.php:799
/home/joseph/projects/RideConnect/vendor/laravel/framework/src/Illuminate/Console/Command.php:211
/home/joseph/projects/RideConnect/vendor/symfony/console/Command/Command.php:341
/home/joseph/projects/RideConnect/vendor/laravel/framework/src/Illuminate/Console/Command.php:180
/home/joseph/projects/RideConnect/vendor/symfony/console/Application.php:1094
/home/joseph/projects/RideConnect/vendor/symfony/console/Application.php:356
/home/joseph/projects/RideConnect/vendor/symfony/console/Application.php:195
/home/joseph/projects/RideConnect/vendor/laravel/framework/src/Illuminate/Console/Application.php:165
/home/joseph/projects/RideConnect/vendor/laravel/framework/src/Illuminate/Foundation/Console/Kernel.php:447
/home/joseph/projects/RideConnect/vendor/laravel/framework/src/Illuminate/Testing/PendingCommand.php:451
/home/joseph/projects/RideConnect/vendor/laravel/framework/src/Illuminate/Testing/PendingCommand.php:675
/home/joseph/projects/RideConnect/vendor/laravel/framework/src/Illuminate/Foundation/Testing/Concerns/InteractsWithConsole.php:87
/home/joseph/projects/RideConnect/vendor/laravel/framework/src/Illuminate/Foundation/Testing/RefreshDatabase.php:119
/home/joseph/projects/RideConnect/vendor/laravel/framework/src/Illuminate/Foundation/Testing/RefreshDatabase.php:84
/home/joseph/projects/RideConnect/vendor/laravel/framework/src/Illuminate/Foundation/Testing/RefreshDatabase.php:25
/home/joseph/projects/RideConnect/vendor/laravel/framework/src/Illuminate/Foundation/Testing/Concerns/InteractsWithTestCaseLifecycle.php:217
/home/joseph/projects/RideConnect/vendor/laravel/framework/src/Illuminate/Foundation/Testing/Concerns/InteractsWithTestCaseLifecycle.php:101
/home/joseph/projects/RideConnect/vendor/laravel/framework/src/Illuminate/Foundation/Testing/TestCase.php:63
/home/joseph/projects/RideConnect/tests/Feature/Api/RideCategoryPromotionTest.php:22</error>
        </testcase>
        <testcase name="test_convert_existing_booking_to_trip_when_threshold_is_crossed" file="/home/joseph/projects/RideConnect/tests/Feature/Api/RideCategoryPromotionTest.php" line="85" class="Tests\Feature\Api\RideCategoryPromotionTest" classname="Tests.Feature.Api.RideCategoryPromotionTest" assertions="0" time="0.000000">
          <error type="Illuminate\Database\QueryException">Tests\Feature\Api\RideCategoryPromotionTest::test_convert_existing_booking_to_trip_when_threshold_is_crossed
Illuminate\Database\QueryException: could not find driver (Connection: sqlite, Database: :memory:, SQL: select exists (select 1 from "main".sqlite_master where name = 'migrations' and type = 'table') as "exists")

/home/joseph/projects/RideConnect/vendor/laravel/framework/src/Illuminate/Database/Connection.php:838
/home/joseph/projects/RideConnect/vendor/laravel/framework/src/Illuminate/Database/Connection.php:794
/home/joseph/projects/RideConnect/vendor/laravel/framework/src/Illuminate/Database/Connection.php:411
/home/joseph/projects/RideConnect/vendor/laravel/framework/src/Illuminate/Database/Connection.php:357
/home/joseph/projects/RideConnect/vendor/laravel/framework/src/Illuminate/Database/Connection.php:374
/home/joseph/projects/RideConnect/vendor/laravel/framework/src/Illuminate/Database/Schema/Builder.php:176
/home/joseph/projects/RideConnect/vendor/laravel/framework/src/Illuminate/Database/Migrations/DatabaseMigrationRepository.php:185
/home/joseph/projects/RideConnect/vendor/laravel/framework/src/Illuminate/Database/Migrations/Migrator.php:758
/home/joseph/projects/RideConnect/vendor/laravel/framework/src/Illuminate/Database/Console/Migrations/MigrateCommand.php:164
/home/joseph/projects/RideConnect/vendor/laravel/framework/src/Illuminate/Support/helpers.php:328
/home/joseph/projects/RideConnect/vendor/laravel/framework/src/Illuminate/Database/Console/Migrations/MigrateCommand.php:164
/home/joseph/projects/RideConnect/vendor/laravel/framework/src/Illuminate/Database/Console/Migrations/MigrateCommand.php:140
/home/joseph/projects/RideConnect/vendor/laravel/framework/src/Illuminate/Database/Console/Migrations/MigrateCommand.php:110
/home/joseph/projects/RideConnect/vendor/laravel/framework/src/Illuminate/Database/Migrations/Migrator.php:671
/home/joseph/projects/RideConnect/vendor/laravel/framework/src/Illuminate/Database/Console/Migrations/MigrateCommand.php:109
/home/joseph/projects/RideConnect/vendor/laravel/framework/src/Illuminate/Database/Console/Migrations/MigrateCommand.php:88
/home/joseph/projects/RideConnect/vendor/laravel/framework/src/Illuminate/Container/BoundMethod.php:36
/home/joseph/projects/RideConnect/vendor/laravel/framework/src/Illuminate/Container/Util.php:43
/home/joseph/projects/RideConnect/vendor/laravel/framework/src/Illuminate/Container/BoundMethod.php:96
/home/joseph/projects/RideConnect/vendor/laravel/framework/src/Illuminate/Container/BoundMethod.php:35
/home/joseph/projects/RideConnect/vendor/laravel/framework/src/Illuminate/Container/Container.php:799
/home/joseph/projects/RideConnect/vendor/laravel/framework/src/Illuminate/Console/Command.php:211
/home/joseph/projects/RideConnect/vendor/symfony/console/Command/Command.php:341
/home/joseph/projects/RideConnect/vendor/laravel/framework/src/Illuminate/Console/Command.php:180
/home/joseph/projects/RideConnect/vendor/laravel/framework/src/Illuminate/Console/Concerns/CallsCommands.php:68
/home/joseph/projects/RideConnect/vendor/laravel/framework/src/Illuminate/Console/Concerns/CallsCommands.php:29
/home/joseph/projects/RideConnect/vendor/laravel/framework/src/Illuminate/Database/Console/Migrations/FreshCommand.php:88
/home/joseph/projects/RideConnect/vendor/laravel/framework/src/Illuminate/Container/BoundMethod.php:36
/home/joseph/projects/RideConnect/vendor/laravel/framework/src/Illuminate/Container/Util.php:43
/home/joseph/projects/RideConnect/vendor/laravel/framework/src/Illuminate/Container/BoundMethod.php:96
/home/joseph/projects/RideConnect/vendor/laravel/framework/src/Illuminate/Container/BoundMethod.php:35
/home/joseph/projects/RideConnect/vendor/laravel/framework/src/Illuminate/Container/Container.php:799
/home/joseph/projects/RideConnect/vendor/laravel/framework/src/Illuminate/Console/Command.php:211
/home/joseph/projects/RideConnect/vendor/symfony/console/Command/Command.php:341
/home/joseph/projects/RideConnect/vendor/laravel/framework/src/Illuminate/Console/Command.php:180
/home/joseph/projects/RideConnect/vendor/symfony/console/Application.php:1094
/home/joseph/projects/RideConnect/vendor/symfony/console/Application.php:356
/home/joseph/projects/RideConnect/vendor/symfony/console/Application.php:195
/home/joseph/projects/RideConnect/vendor/laravel/framework/src/Illuminate/Console/Application.php:165
/home/joseph/projects/RideConnect/vendor/laravel/framework/src/Illuminate/Foundation/Console/Kernel.php:447
/home/joseph/projects/RideConnect/vendor/laravel/framework/src/Illuminate/Testing/PendingCommand.php:451
/home/joseph/projects/RideConnect/vendor/laravel/framework/src/Illuminate/Testing/PendingCommand.php:675
/home/joseph/projects/RideConnect/vendor/laravel/framework/src/Illuminate/Foundation/Testing/Concerns/InteractsWithConsole.php:87
/home/joseph/projects/RideConnect/vendor/laravel/framework/src/Illuminate/Foundation/Testing/RefreshDatabase.php:119
/home/joseph/projects/RideConnect/vendor/laravel/framework/src/Illuminate/Foundation/Testing/RefreshDatabase.php:84
/home/joseph/projects/RideConnect/vendor/laravel/framework/src/Illuminate/Foundation/Testing/RefreshDatabase.php:25
/home/joseph/projects/RideConnect/vendor/laravel/framework/src/Illuminate/Foundation/Testing/Concerns/InteractsWithTestCaseLifecycle.php:217
/home/joseph/projects/RideConnect/vendor/laravel/framework/src/Illuminate/Foundation/Testing/Concerns/InteractsWithTestCaseLifecycle.php:101
/home/joseph/projects/RideConnect/vendor/laravel/framework/src/Illuminate/Foundation/Testing/TestCase.php:63
/home/joseph/projects/RideConnect/tests/Feature/Api/RideCategoryPromotionTest.php:22</error>
        </testcase>
      </testsuite>
      <testsuite name="Tests\Feature\AuthLoginRedirectTest" file="/home/joseph/projects/RideConnect/tests/Feature/AuthLoginRedirectTest.php" tests="5" assertions="0" errors="5" failures="0" skipped="0" time="0.000000">
        <testcase name="test_super_admin_redirects_to_super_dashboard" file="/home/joseph/projects/RideConnect/tests/Feature/AuthLoginRedirectTest.php" line="26" class="Tests\Feature\AuthLoginRedirectTest" classname="Tests.Feature.AuthLoginRedirectTest" assertions="0" time="0.000000">
          <error type="Illuminate\Database\QueryException">Tests\Feature\AuthLoginRedirectTest::test_super_admin_redirects_to_super_dashboard
Illuminate\Database\QueryException: could not find driver (Connection: sqlite, Database: :memory:, SQL: select exists (select 1 from "main".sqlite_master where name = 'migrations' and type = 'table') as "exists")

/home/joseph/projects/RideConnect/vendor/laravel/framework/src/Illuminate/Database/Connection.php:838
/home/joseph/projects/RideConnect/vendor/laravel/framework/src/Illuminate/Database/Connection.php:794
/home/joseph/projects/RideConnect/vendor/laravel/framework/src/Illuminate/Database/Connection.php:411
/home/joseph/projects/RideConnect/vendor/laravel/framework/src/Illuminate/Database/Connection.php:357
/home/joseph/projects/RideConnect/vendor/laravel/framework/src/Illuminate/Database/Connection.php:374
/home/joseph/projects/RideConnect/vendor/laravel/framework/src/Illuminate/Database/Schema/Builder.php:176
/home/joseph/projects/RideConnect/vendor/laravel/framework/src/Illuminate/Database/Migrations/DatabaseMigrationRepository.php:185
/home/joseph/projects/RideConnect/vendor/laravel/framework/src/Illuminate/Database/Migrations/Migrator.php:758
/home/joseph/projects/RideConnect/vendor/laravel/framework/src/Illuminate/Database/Console/Migrations/MigrateCommand.php:164
/home/joseph/projects/RideConnect/vendor/laravel/framework/src/Illuminate/Support/helpers.php:328
/home/joseph/projects/RideConnect/vendor/laravel/framework/src/Illuminate/Database/Console/Migrations/MigrateCommand.php:164
/home/joseph/projects/RideConnect/vendor/laravel/framework/src/Illuminate/Database/Console/Migrations/MigrateCommand.php:140
/home/joseph/projects/RideConnect/vendor/laravel/framework/src/Illuminate/Database/Console/Migrations/MigrateCommand.php:110
/home/joseph/projects/RideConnect/vendor/laravel/framework/src/Illuminate/Database/Migrations/Migrator.php:671
/home/joseph/projects/RideConnect/vendor/laravel/framework/src/Illuminate/Database/Console/Migrations/MigrateCommand.php:109
/home/joseph/projects/RideConnect/vendor/laravel/framework/src/Illuminate/Database/Console/Migrations/MigrateCommand.php:88
/home/joseph/projects/RideConnect/vendor/laravel/framework/src/Illuminate/Container/BoundMethod.php:36
/home/joseph/projects/RideConnect/vendor/laravel/framework/src/Illuminate/Container/Util.php:43
/home/joseph/projects/RideConnect/vendor/laravel/framework/src/Illuminate/Container/BoundMethod.php:96
/home/joseph/projects/RideConnect/vendor/laravel/framework/src/Illuminate/Container/BoundMethod.php:35
/home/joseph/projects/RideConnect/vendor/laravel/framework/src/Illuminate/Container/Container.php:799
/home/joseph/projects/RideConnect/vendor/laravel/framework/src/Illuminate/Console/Command.php:211
/home/joseph/projects/RideConnect/vendor/symfony/console/Command/Command.php:341
/home/joseph/projects/RideConnect/vendor/laravel/framework/src/Illuminate/Console/Command.php:180
/home/joseph/projects/RideConnect/vendor/laravel/framework/src/Illuminate/Console/Concerns/CallsCommands.php:68
/home/joseph/projects/RideConnect/vendor/laravel/framework/src/Illuminate/Console/Concerns/CallsCommands.php:29
/home/joseph/projects/RideConnect/vendor/laravel/framework/src/Illuminate/Database/Console/Migrations/FreshCommand.php:88
/home/joseph/projects/RideConnect/vendor/laravel/framework/src/Illuminate/Container/BoundMethod.php:36
/home/joseph/projects/RideConnect/vendor/laravel/framework/src/Illuminate/Container/Util.php:43
/home/joseph/projects/RideConnect/vendor/laravel/framework/src/Illuminate/Container/BoundMethod.php:96
/home/joseph/projects/RideConnect/vendor/laravel/framework/src/Illuminate/Container/BoundMethod.php:35
/home/joseph/projects/RideConnect/vendor/laravel/framework/src/Illuminate/Container/Container.php:799
/home/joseph/projects/RideConnect/vendor/laravel/framework/src/Illuminate/Console/Command.php:211
/home/joseph/projects/RideConnect/vendor/symfony/console/Command/Command.php:341
/home/joseph/projects/RideConnect/vendor/laravel/framework/src/Illuminate/Console/Command.php:180
/home/joseph/projects/RideConnect/vendor/symfony/console/Application.php:1094
/home/joseph/projects/RideConnect/vendor/symfony/console/Application.php:356
/home/joseph/projects/RideConnect/vendor/symfony/console/Application.php:195
/home/joseph/projects/RideConnect/vendor/laravel/framework/src/Illuminate/Console/Application.php:165
/home/joseph/projects/RideConnect/vendor/laravel/framework/src/Illuminate/Foundation/Console/Kernel.php:447
/home/joseph/projects/RideConnect/vendor/laravel/framework/src/Illuminate/Testing/PendingCommand.php:451
/home/joseph/projects/RideConnect/vendor/laravel/framework/src/Illuminate/Testing/PendingCommand.php:675
/home/joseph/projects/RideConnect/vendor/laravel/framework/src/Illuminate/Foundation/Testing/Concerns/InteractsWithConsole.php:87
/home/joseph/projects/RideConnect/vendor/laravel/framework/src/Illuminate/Foundation/Testing/RefreshDatabase.php:119
/home/joseph/projects/RideConnect/vendor/laravel/framework/src/Illuminate/Foundation/Testing/RefreshDatabase.php:84
/home/joseph/projects/RideConnect/vendor/laravel/framework/src/Illuminate/Foundation/Testing/RefreshDatabase.php:25
/home/joseph/projects/RideConnect/vendor/laravel/framework/src/Illuminate/Foundation/Testing/Concerns/InteractsWithTestCaseLifecycle.php:217
/home/joseph/projects/RideConnect/vendor/laravel/framework/src/Illuminate/Foundation/Testing/Concerns/InteractsWithTestCaseLifecycle.php:101
/home/joseph/projects/RideConnect/vendor/laravel/framework/src/Illuminate/Foundation/Testing/TestCase.php:63</error>
        </testcase>
        <testcase name="test_admin_redirects_to_admin_dashboard" file="/home/joseph/projects/RideConnect/tests/Feature/AuthLoginRedirectTest.php" line="35" class="Tests\Feature\AuthLoginRedirectTest" classname="Tests.Feature.AuthLoginRedirectTest" assertions="0" time="0.000000">
          <error type="Illuminate\Database\QueryException">Tests\Feature\AuthLoginRedirectTest::test_admin_redirects_to_admin_dashboard
Illuminate\Database\QueryException: could not find driver (Connection: sqlite, Database: :memory:, SQL: select exists (select 1 from "main".sqlite_master where name = 'migrations' and type = 'table') as "exists")

/home/joseph/projects/RideConnect/vendor/laravel/framework/src/Illuminate/Database/Connection.php:838
/home/joseph/projects/RideConnect/vendor/laravel/framework/src/Illuminate/Database/Connection.php:794
/home/joseph/projects/RideConnect/vendor/laravel/framework/src/Illuminate/Database/Connection.php:411
/home/joseph/projects/RideConnect/vendor/laravel/framework/src/Illuminate/Database/Connection.php:357
/home/joseph/projects/RideConnect/vendor/laravel/framework/src/Illuminate/Database/Connection.php:374
/home/joseph/projects/RideConnect/vendor/laravel/framework/src/Illuminate/Database/Schema/Builder.php:176
/home/joseph/projects/RideConnect/vendor/laravel/framework/src/Illuminate/Database/Migrations/DatabaseMigrationRepository.php:185
/home/joseph/projects/RideConnect/vendor/laravel/framework/src/Illuminate/Database/Migrations/Migrator.php:758
/home/joseph/projects/RideConnect/vendor/laravel/framework/src/Illuminate/Database/Console/Migrations/MigrateCommand.php:164
/home/joseph/projects/RideConnect/vendor/laravel/framework/src/Illuminate/Support/helpers.php:328
/home/joseph/projects/RideConnect/vendor/laravel/framework/src/Illuminate/Database/Console/Migrations/MigrateCommand.php:164
/home/joseph/projects/RideConnect/vendor/laravel/framework/src/Illuminate/Database/Console/Migrations/MigrateCommand.php:140
/home/joseph/projects/RideConnect/vendor/laravel/framework/src/Illuminate/Database/Console/Migrations/MigrateCommand.php:110
/home/joseph/projects/RideConnect/vendor/laravel/framework/src/Illuminate/Database/Migrations/Migrator.php:671
/home/joseph/projects/RideConnect/vendor/laravel/framework/src/Illuminate/Database/Console/Migrations/MigrateCommand.php:109
/home/joseph/projects/RideConnect/vendor/laravel/framework/src/Illuminate/Database/Console/Migrations/MigrateCommand.php:88
/home/joseph/projects/RideConnect/vendor/laravel/framework/src/Illuminate/Container/BoundMethod.php:36
/home/joseph/projects/RideConnect/vendor/laravel/framework/src/Illuminate/Container/Util.php:43
/home/joseph/projects/RideConnect/vendor/laravel/framework/src/Illuminate/Container/BoundMethod.php:96
/home/joseph/projects/RideConnect/vendor/laravel/framework/src/Illuminate/Container/BoundMethod.php:35
/home/joseph/projects/RideConnect/vendor/laravel/framework/src/Illuminate/Container/Container.php:799
/home/joseph/projects/RideConnect/vendor/laravel/framework/src/Illuminate/Console/Command.php:211
/home/joseph/projects/RideConnect/vendor/symfony/console/Command/Command.php:341
/home/joseph/projects/RideConnect/vendor/laravel/framework/src/Illuminate/Console/Command.php:180
/home/joseph/projects/RideConnect/vendor/laravel/framework/src/Illuminate/Console/Concerns/CallsCommands.php:68
/home/joseph/projects/RideConnect/vendor/laravel/framework/src/Illuminate/Console/Concerns/CallsCommands.php:29
/home/joseph/projects/RideConnect/vendor/laravel/framework/src/Illuminate/Database/Console/Migrations/FreshCommand.php:88
/home/joseph/projects/RideConnect/vendor/laravel/framework/src/Illuminate/Container/BoundMethod.php:36
/home/joseph/projects/RideConnect/vendor/laravel/framework/src/Illuminate/Container/Util.php:43
/home/joseph/projects/RideConnect/vendor/laravel/framework/src/Illuminate/Container/BoundMethod.php:96
/home/joseph/projects/RideConnect/vendor/laravel/framework/src/Illuminate/Container/BoundMethod.php:35
/home/joseph/projects/RideConnect/vendor/laravel/framework/src/Illuminate/Container/Container.php:799
/home/joseph/projects/RideConnect/vendor/laravel/framework/src/Illuminate/Console/Command.php:211
/home/joseph/projects/RideConnect/vendor/symfony/console/Command/Command.php:341
/home/joseph/projects/RideConnect/vendor/laravel/framework/src/Illuminate/Console/Command.php:180
/home/joseph/projects/RideConnect/vendor/symfony/console/Application.php:1094
/home/joseph/projects/RideConnect/vendor/symfony/console/Application.php:356
/home/joseph/projects/RideConnect/vendor/symfony/console/Application.php:195
/home/joseph/projects/RideConnect/vendor/laravel/framework/src/Illuminate/Console/Application.php:165
/home/joseph/projects/RideConnect/vendor/laravel/framework/src/Illuminate/Foundation/Console/Kernel.php:447
/home/joseph/projects/RideConnect/vendor/laravel/framework/src/Illuminate/Testing/PendingCommand.php:451
/home/joseph/projects/RideConnect/vendor/laravel/framework/src/Illuminate/Testing/PendingCommand.php:675
/home/joseph/projects/RideConnect/vendor/laravel/framework/src/Illuminate/Foundation/Testing/Concerns/InteractsWithConsole.php:87
/home/joseph/projects/RideConnect/vendor/laravel/framework/src/Illuminate/Foundation/Testing/RefreshDatabase.php:119
/home/joseph/projects/RideConnect/vendor/laravel/framework/src/Illuminate/Foundation/Testing/RefreshDatabase.php:84
/home/joseph/projects/RideConnect/vendor/laravel/framework/src/Illuminate/Foundation/Testing/RefreshDatabase.php:25
/home/joseph/projects/RideConnect/vendor/laravel/framework/src/Illuminate/Foundation/Testing/Concerns/InteractsWithTestCaseLifecycle.php:217
/home/joseph/projects/RideConnect/vendor/laravel/framework/src/Illuminate/Foundation/Testing/Concerns/InteractsWithTestCaseLifecycle.php:101
/home/joseph/projects/RideConnect/vendor/laravel/framework/src/Illuminate/Foundation/Testing/TestCase.php:63</error>
        </testcase>
        <testcase name="test_officer_redirects_to_officer_panel_root" file="/home/joseph/projects/RideConnect/tests/Feature/AuthLoginRedirectTest.php" line="44" class="Tests\Feature\AuthLoginRedirectTest" classname="Tests.Feature.AuthLoginRedirectTest" assertions="0" time="0.000000">
          <error type="Illuminate\Database\QueryException">Tests\Feature\AuthLoginRedirectTest::test_officer_redirects_to_officer_panel_root
Illuminate\Database\QueryException: could not find driver (Connection: sqlite, Database: :memory:, SQL: select exists (select 1 from "main".sqlite_master where name = 'migrations' and type = 'table') as "exists")

/home/joseph/projects/RideConnect/vendor/laravel/framework/src/Illuminate/Database/Connection.php:838
/home/joseph/projects/RideConnect/vendor/laravel/framework/src/Illuminate/Database/Connection.php:794
/home/joseph/projects/RideConnect/vendor/laravel/framework/src/Illuminate/Database/Connection.php:411
/home/joseph/projects/RideConnect/vendor/laravel/framework/src/Illuminate/Database/Connection.php:357
/home/joseph/projects/RideConnect/vendor/laravel/framework/src/Illuminate/Database/Connection.php:374
/home/joseph/projects/RideConnect/vendor/laravel/framework/src/Illuminate/Database/Schema/Builder.php:176
/home/joseph/projects/RideConnect/vendor/laravel/framework/src/Illuminate/Database/Migrations/DatabaseMigrationRepository.php:185
/home/joseph/projects/RideConnect/vendor/laravel/framework/src/Illuminate/Database/Migrations/Migrator.php:758
/home/joseph/projects/RideConnect/vendor/laravel/framework/src/Illuminate/Database/Console/Migrations/MigrateCommand.php:164
/home/joseph/projects/RideConnect/vendor/laravel/framework/src/Illuminate/Support/helpers.php:328
/home/joseph/projects/RideConnect/vendor/laravel/framework/src/Illuminate/Database/Console/Migrations/MigrateCommand.php:164
/home/joseph/projects/RideConnect/vendor/laravel/framework/src/Illuminate/Database/Console/Migrations/MigrateCommand.php:140
/home/joseph/projects/RideConnect/vendor/laravel/framework/src/Illuminate/Database/Console/Migrations/MigrateCommand.php:110
/home/joseph/projects/RideConnect/vendor/laravel/framework/src/Illuminate/Database/Migrations/Migrator.php:671
/home/joseph/projects/RideConnect/vendor/laravel/framework/src/Illuminate/Database/Console/Migrations/MigrateCommand.php:109
/home/joseph/projects/RideConnect/vendor/laravel/framework/src/Illuminate/Database/Console/Migrations/MigrateCommand.php:88
/home/joseph/projects/RideConnect/vendor/laravel/framework/src/Illuminate/Container/BoundMethod.php:36
/home/joseph/projects/RideConnect/vendor/laravel/framework/src/Illuminate/Container/Util.php:43
/home/joseph/projects/RideConnect/vendor/laravel/framework/src/Illuminate/Container/BoundMethod.php:96
/home/joseph/projects/RideConnect/vendor/laravel/framework/src/Illuminate/Container/BoundMethod.php:35
/home/joseph/projects/RideConnect/vendor/laravel/framework/src/Illuminate/Container/Container.php:799
/home/joseph/projects/RideConnect/vendor/laravel/framework/src/Illuminate/Console/Command.php:211
/home/joseph/projects/RideConnect/vendor/symfony/console/Command/Command.php:341
/home/joseph/projects/RideConnect/vendor/laravel/framework/src/Illuminate/Console/Command.php:180
/home/joseph/projects/RideConnect/vendor/laravel/framework/src/Illuminate/Console/Concerns/CallsCommands.php:68
/home/joseph/projects/RideConnect/vendor/laravel/framework/src/Illuminate/Console/Concerns/CallsCommands.php:29
/home/joseph/projects/RideConnect/vendor/laravel/framework/src/Illuminate/Database/Console/Migrations/FreshCommand.php:88
/home/joseph/projects/RideConnect/vendor/laravel/framework/src/Illuminate/Container/BoundMethod.php:36
/home/joseph/projects/RideConnect/vendor/laravel/framework/src/Illuminate/Container/Util.php:43
/home/joseph/projects/RideConnect/vendor/laravel/framework/src/Illuminate/Container/BoundMethod.php:96
/home/joseph/projects/RideConnect/vendor/laravel/framework/src/Illuminate/Container/BoundMethod.php:35
/home/joseph/projects/RideConnect/vendor/laravel/framework/src/Illuminate/Container/Container.php:799
/home/joseph/projects/RideConnect/vendor/laravel/framework/src/Illuminate/Console/Command.php:211
/home/joseph/projects/RideConnect/vendor/symfony/console/Command/Command.php:341
/home/joseph/projects/RideConnect/vendor/laravel/framework/src/Illuminate/Console/Command.php:180
/home/joseph/projects/RideConnect/vendor/symfony/console/Application.php:1094
/home/joseph/projects/RideConnect/vendor/symfony/console/Application.php:356
/home/joseph/projects/RideConnect/vendor/symfony/console/Application.php:195
/home/joseph/projects/RideConnect/vendor/laravel/framework/src/Illuminate/Console/Application.php:165
/home/joseph/projects/RideConnect/vendor/laravel/framework/src/Illuminate/Foundation/Console/Kernel.php:447
/home/joseph/projects/RideConnect/vendor/laravel/framework/src/Illuminate/Testing/PendingCommand.php:451
/home/joseph/projects/RideConnect/vendor/laravel/framework/src/Illuminate/Testing/PendingCommand.php:675
/home/joseph/projects/RideConnect/vendor/laravel/framework/src/Illuminate/Foundation/Testing/Concerns/InteractsWithConsole.php:87
/home/joseph/projects/RideConnect/vendor/laravel/framework/src/Illuminate/Foundation/Testing/RefreshDatabase.php:119
/home/joseph/projects/RideConnect/vendor/laravel/framework/src/Illuminate/Foundation/Testing/RefreshDatabase.php:84
/home/joseph/projects/RideConnect/vendor/laravel/framework/src/Illuminate/Foundation/Testing/RefreshDatabase.php:25
/home/joseph/projects/RideConnect/vendor/laravel/framework/src/Illuminate/Foundation/Testing/Concerns/InteractsWithTestCaseLifecycle.php:217
/home/joseph/projects/RideConnect/vendor/laravel/framework/src/Illuminate/Foundation/Testing/Concerns/InteractsWithTestCaseLifecycle.php:101
/home/joseph/projects/RideConnect/vendor/laravel/framework/src/Illuminate/Foundation/Testing/TestCase.php:63</error>
        </testcase>
        <testcase name="test_accountant_redirects_to_accountant_panel_root" file="/home/joseph/projects/RideConnect/tests/Feature/AuthLoginRedirectTest.php" line="53" class="Tests\Feature\AuthLoginRedirectTest" classname="Tests.Feature.AuthLoginRedirectTest" assertions="0" time="0.000000">
          <error type="Illuminate\Database\QueryException">Tests\Feature\AuthLoginRedirectTest::test_accountant_redirects_to_accountant_panel_root
Illuminate\Database\QueryException: could not find driver (Connection: sqlite, Database: :memory:, SQL: select exists (select 1 from "main".sqlite_master where name = 'migrations' and type = 'table') as "exists")

/home/joseph/projects/RideConnect/vendor/laravel/framework/src/Illuminate/Database/Connection.php:838
/home/joseph/projects/RideConnect/vendor/laravel/framework/src/Illuminate/Database/Connection.php:794
/home/joseph/projects/RideConnect/vendor/laravel/framework/src/Illuminate/Database/Connection.php:411
/home/joseph/projects/RideConnect/vendor/laravel/framework/src/Illuminate/Database/Connection.php:357
/home/joseph/projects/RideConnect/vendor/laravel/framework/src/Illuminate/Database/Connection.php:374
/home/joseph/projects/RideConnect/vendor/laravel/framework/src/Illuminate/Database/Schema/Builder.php:176
/home/joseph/projects/RideConnect/vendor/laravel/framework/src/Illuminate/Database/Migrations/DatabaseMigrationRepository.php:185
/home/joseph/projects/RideConnect/vendor/laravel/framework/src/Illuminate/Database/Migrations/Migrator.php:758
/home/joseph/projects/RideConnect/vendor/laravel/framework/src/Illuminate/Database/Console/Migrations/MigrateCommand.php:164
/home/joseph/projects/RideConnect/vendor/laravel/framework/src/Illuminate/Support/helpers.php:328
/home/joseph/projects/RideConnect/vendor/laravel/framework/src/Illuminate/Database/Console/Migrations/MigrateCommand.php:164
/home/joseph/projects/RideConnect/vendor/laravel/framework/src/Illuminate/Database/Console/Migrations/MigrateCommand.php:140
/home/joseph/projects/RideConnect/vendor/laravel/framework/src/Illuminate/Database/Console/Migrations/MigrateCommand.php:110
/home/joseph/projects/RideConnect/vendor/laravel/framework/src/Illuminate/Database/Migrations/Migrator.php:671
/home/joseph/projects/RideConnect/vendor/laravel/framework/src/Illuminate/Database/Console/Migrations/MigrateCommand.php:109
/home/joseph/projects/RideConnect/vendor/laravel/framework/src/Illuminate/Database/Console/Migrations/MigrateCommand.php:88
/home/joseph/projects/RideConnect/vendor/laravel/framework/src/Illuminate/Container/BoundMethod.php:36
/home/joseph/projects/RideConnect/vendor/laravel/framework/src/Illuminate/Container/Util.php:43
/home/joseph/projects/RideConnect/vendor/laravel/framework/src/Illuminate/Container/BoundMethod.php:96
/home/joseph/projects/RideConnect/vendor/laravel/framework/src/Illuminate/Container/BoundMethod.php:35
/home/joseph/projects/RideConnect/vendor/laravel/framework/src/Illuminate/Container/Container.php:799
/home/joseph/projects/RideConnect/vendor/laravel/framework/src/Illuminate/Console/Command.php:211
/home/joseph/projects/RideConnect/vendor/symfony/console/Command/Command.php:341
/home/joseph/projects/RideConnect/vendor/laravel/framework/src/Illuminate/Console/Command.php:180
/home/joseph/projects/RideConnect/vendor/laravel/framework/src/Illuminate/Console/Concerns/CallsCommands.php:68
/home/joseph/projects/RideConnect/vendor/laravel/framework/src/Illuminate/Console/Concerns/CallsCommands.php:29
/home/joseph/projects/RideConnect/vendor/laravel/framework/src/Illuminate/Database/Console/Migrations/FreshCommand.php:88
/home/joseph/projects/RideConnect/vendor/laravel/framework/src/Illuminate/Container/BoundMethod.php:36
/home/joseph/projects/RideConnect/vendor/laravel/framework/src/Illuminate/Container/Util.php:43
/home/joseph/projects/RideConnect/vendor/laravel/framework/src/Illuminate/Container/BoundMethod.php:96
/home/joseph/projects/RideConnect/vendor/laravel/framework/src/Illuminate/Container/BoundMethod.php:35
/home/joseph/projects/RideConnect/vendor/laravel/framework/src/Illuminate/Container/Container.php:799
/home/joseph/projects/RideConnect/vendor/laravel/framework/src/Illuminate/Console/Command.php:211
/home/joseph/projects/RideConnect/vendor/symfony/console/Command/Command.php:341
/home/joseph/projects/RideConnect/vendor/laravel/framework/src/Illuminate/Console/Command.php:180
/home/joseph/projects/RideConnect/vendor/symfony/console/Application.php:1094
/home/joseph/projects/RideConnect/vendor/symfony/console/Application.php:356
/home/joseph/projects/RideConnect/vendor/symfony/console/Application.php:195
/home/joseph/projects/RideConnect/vendor/laravel/framework/src/Illuminate/Console/Application.php:165
/home/joseph/projects/RideConnect/vendor/laravel/framework/src/Illuminate/Foundation/Console/Kernel.php:447
/home/joseph/projects/RideConnect/vendor/laravel/framework/src/Illuminate/Testing/PendingCommand.php:451
/home/joseph/projects/RideConnect/vendor/laravel/framework/src/Illuminate/Testing/PendingCommand.php:675
/home/joseph/projects/RideConnect/vendor/laravel/framework/src/Illuminate/Foundation/Testing/Concerns/InteractsWithConsole.php:87
/home/joseph/projects/RideConnect/vendor/laravel/framework/src/Illuminate/Foundation/Testing/RefreshDatabase.php:119
/home/joseph/projects/RideConnect/vendor/laravel/framework/src/Illuminate/Foundation/Testing/RefreshDatabase.php:84
/home/joseph/projects/RideConnect/vendor/laravel/framework/src/Illuminate/Foundation/Testing/RefreshDatabase.php:25
/home/joseph/projects/RideConnect/vendor/laravel/framework/src/Illuminate/Foundation/Testing/Concerns/InteractsWithTestCaseLifecycle.php:217
/home/joseph/projects/RideConnect/vendor/laravel/framework/src/Illuminate/Foundation/Testing/Concerns/InteractsWithTestCaseLifecycle.php:101
/home/joseph/projects/RideConnect/vendor/laravel/framework/src/Illuminate/Foundation/Testing/TestCase.php:63</error>
        </testcase>
        <testcase name="test_mobile_user_redirects_to_dashboard" file="/home/joseph/projects/RideConnect/tests/Feature/AuthLoginRedirectTest.php" line="62" class="Tests\Feature\AuthLoginRedirectTest" classname="Tests.Feature.AuthLoginRedirectTest" assertions="0" time="0.000000">
          <error type="Illuminate\Database\QueryException">Tests\Feature\AuthLoginRedirectTest::test_mobile_user_redirects_to_dashboard
Illuminate\Database\QueryException: could not find driver (Connection: sqlite, Database: :memory:, SQL: select exists (select 1 from "main".sqlite_master where name = 'migrations' and type = 'table') as "exists")

/home/joseph/projects/RideConnect/vendor/laravel/framework/src/Illuminate/Database/Connection.php:838
/home/joseph/projects/RideConnect/vendor/laravel/framework/src/Illuminate/Database/Connection.php:794
/home/joseph/projects/RideConnect/vendor/laravel/framework/src/Illuminate/Database/Connection.php:411
/home/joseph/projects/RideConnect/vendor/laravel/framework/src/Illuminate/Database/Connection.php:357
/home/joseph/projects/RideConnect/vendor/laravel/framework/src/Illuminate/Database/Connection.php:374
/home/joseph/projects/RideConnect/vendor/laravel/framework/src/Illuminate/Database/Schema/Builder.php:176
/home/joseph/projects/RideConnect/vendor/laravel/framework/src/Illuminate/Database/Migrations/DatabaseMigrationRepository.php:185
/home/joseph/projects/RideConnect/vendor/laravel/framework/src/Illuminate/Database/Migrations/Migrator.php:758
/home/joseph/projects/RideConnect/vendor/laravel/framework/src/Illuminate/Database/Console/Migrations/MigrateCommand.php:164
/home/joseph/projects/RideConnect/vendor/laravel/framework/src/Illuminate/Support/helpers.php:328
/home/joseph/projects/RideConnect/vendor/laravel/framework/src/Illuminate/Database/Console/Migrations/MigrateCommand.php:164
/home/joseph/projects/RideConnect/vendor/laravel/framework/src/Illuminate/Database/Console/Migrations/MigrateCommand.php:140
/home/joseph/projects/RideConnect/vendor/laravel/framework/src/Illuminate/Database/Console/Migrations/MigrateCommand.php:110
/home/joseph/projects/RideConnect/vendor/laravel/framework/src/Illuminate/Database/Migrations/Migrator.php:671
/home/joseph/projects/RideConnect/vendor/laravel/framework/src/Illuminate/Database/Console/Migrations/MigrateCommand.php:109
/home/joseph/projects/RideConnect/vendor/laravel/framework/src/Illuminate/Database/Console/Migrations/MigrateCommand.php:88
/home/joseph/projects/RideConnect/vendor/laravel/framework/src/Illuminate/Container/BoundMethod.php:36
/home/joseph/projects/RideConnect/vendor/laravel/framework/src/Illuminate/Container/Util.php:43
/home/joseph/projects/RideConnect/vendor/laravel/framework/src/Illuminate/Container/BoundMethod.php:96
/home/joseph/projects/RideConnect/vendor/laravel/framework/src/Illuminate/Container/BoundMethod.php:35
/home/joseph/projects/RideConnect/vendor/laravel/framework/src/Illuminate/Container/Container.php:799
/home/joseph/projects/RideConnect/vendor/laravel/framework/src/Illuminate/Console/Command.php:211
/home/joseph/projects/RideConnect/vendor/symfony/console/Command/Command.php:341
/home/joseph/projects/RideConnect/vendor/laravel/framework/src/Illuminate/Console/Command.php:180
/home/joseph/projects/RideConnect/vendor/laravel/framework/src/Illuminate/Console/Concerns/CallsCommands.php:68
/home/joseph/projects/RideConnect/vendor/laravel/framework/src/Illuminate/Console/Concerns/CallsCommands.php:29
/home/joseph/projects/RideConnect/vendor/laravel/framework/src/Illuminate/Database/Console/Migrations/FreshCommand.php:88
/home/joseph/projects/RideConnect/vendor/laravel/framework/src/Illuminate/Container/BoundMethod.php:36
/home/joseph/projects/RideConnect/vendor/laravel/framework/src/Illuminate/Container/Util.php:43
/home/joseph/projects/RideConnect/vendor/laravel/framework/src/Illuminate/Container/BoundMethod.php:96
/home/joseph/projects/RideConnect/vendor/laravel/framework/src/Illuminate/Container/BoundMethod.php:35
/home/joseph/projects/RideConnect/vendor/laravel/framework/src/Illuminate/Container/Container.php:799
/home/joseph/projects/RideConnect/vendor/laravel/framework/src/Illuminate/Console/Command.php:211
/home/joseph/projects/RideConnect/vendor/symfony/console/Command/Command.php:341
/home/joseph/projects/RideConnect/vendor/laravel/framework/src/Illuminate/Console/Command.php:180
/home/joseph/projects/RideConnect/vendor/symfony/console/Application.php:1094
/home/joseph/projects/RideConnect/vendor/symfony/console/Application.php:356
/home/joseph/projects/RideConnect/vendor/symfony/console/Application.php:195
/home/joseph/projects/RideConnect/vendor/laravel/framework/src/Illuminate/Console/Application.php:165
/home/joseph/projects/RideConnect/vendor/laravel/framework/src/Illuminate/Foundation/Console/Kernel.php:447
/home/joseph/projects/RideConnect/vendor/laravel/framework/src/Illuminate/Testing/PendingCommand.php:451
/home/joseph/projects/RideConnect/vendor/laravel/framework/src/Illuminate/Testing/PendingCommand.php:675
/home/joseph/projects/RideConnect/vendor/laravel/framework/src/Illuminate/Foundation/Testing/Concerns/InteractsWithConsole.php:87
/home/joseph/projects/RideConnect/vendor/laravel/framework/src/Illuminate/Foundation/Testing/RefreshDatabase.php:119
/home/joseph/projects/RideConnect/vendor/laravel/framework/src/Illuminate/Foundation/Testing/RefreshDatabase.php:84
/home/joseph/projects/RideConnect/vendor/laravel/framework/src/Illuminate/Foundation/Testing/RefreshDatabase.php:25
/home/joseph/projects/RideConnect/vendor/laravel/framework/src/Illuminate/Foundation/Testing/Concerns/InteractsWithTestCaseLifecycle.php:217
/home/joseph/projects/RideConnect/vendor/laravel/framework/src/Illuminate/Foundation/Testing/Concerns/InteractsWithTestCaseLifecycle.php:101
/home/joseph/projects/RideConnect/vendor/laravel/framework/src/Illuminate/Foundation/Testing/TestCase.php:63</error>
        </testcase>
      </testsuite>
      <testsuite name="Tests\Feature\BookingConcurrencySafetyTest" file="/home/joseph/projects/RideConnect/tests/Feature/BookingConcurrencySafetyTest.php" tests="6" assertions="0" errors="6" failures="0" skipped="0" time="0.000000">
        <testcase name="concurrent_booking_does_not_overbook_with_lock" file="/home/joseph/projects/RideConnect/tests/Feature/BookingConcurrencySafetyTest.php" line="17" class="Tests\Feature\BookingConcurrencySafetyTest" classname="Tests.Feature.BookingConcurrencySafetyTest" assertions="0" time="0.000000">
          <error type="Illuminate\Database\QueryException">Tests\Feature\BookingConcurrencySafetyTest::concurrent_booking_does_not_overbook_with_lock
Illuminate\Database\QueryException: could not find driver (Connection: sqlite, Database: :memory:, SQL: select exists (select 1 from "main".sqlite_master where name = 'migrations' and type = 'table') as "exists")

/home/joseph/projects/RideConnect/vendor/laravel/framework/src/Illuminate/Database/Connection.php:838
/home/joseph/projects/RideConnect/vendor/laravel/framework/src/Illuminate/Database/Connection.php:794
/home/joseph/projects/RideConnect/vendor/laravel/framework/src/Illuminate/Database/Connection.php:411
/home/joseph/projects/RideConnect/vendor/laravel/framework/src/Illuminate/Database/Connection.php:357
/home/joseph/projects/RideConnect/vendor/laravel/framework/src/Illuminate/Database/Connection.php:374
/home/joseph/projects/RideConnect/vendor/laravel/framework/src/Illuminate/Database/Schema/Builder.php:176
/home/joseph/projects/RideConnect/vendor/laravel/framework/src/Illuminate/Database/Migrations/DatabaseMigrationRepository.php:185
/home/joseph/projects/RideConnect/vendor/laravel/framework/src/Illuminate/Database/Migrations/Migrator.php:758
/home/joseph/projects/RideConnect/vendor/laravel/framework/src/Illuminate/Database/Console/Migrations/MigrateCommand.php:164
/home/joseph/projects/RideConnect/vendor/laravel/framework/src/Illuminate/Support/helpers.php:328
/home/joseph/projects/RideConnect/vendor/laravel/framework/src/Illuminate/Database/Console/Migrations/MigrateCommand.php:164
/home/joseph/projects/RideConnect/vendor/laravel/framework/src/Illuminate/Database/Console/Migrations/MigrateCommand.php:140
/home/joseph/projects/RideConnect/vendor/laravel/framework/src/Illuminate/Database/Console/Migrations/MigrateCommand.php:110
/home/joseph/projects/RideConnect/vendor/laravel/framework/src/Illuminate/Database/Migrations/Migrator.php:671
/home/joseph/projects/RideConnect/vendor/laravel/framework/src/Illuminate/Database/Console/Migrations/MigrateCommand.php:109
/home/joseph/projects/RideConnect/vendor/laravel/framework/src/Illuminate/Database/Console/Migrations/MigrateCommand.php:88
/home/joseph/projects/RideConnect/vendor/laravel/framework/src/Illuminate/Container/BoundMethod.php:36
/home/joseph/projects/RideConnect/vendor/laravel/framework/src/Illuminate/Container/Util.php:43
/home/joseph/projects/RideConnect/vendor/laravel/framework/src/Illuminate/Container/BoundMethod.php:96
/home/joseph/projects/RideConnect/vendor/laravel/framework/src/Illuminate/Container/BoundMethod.php:35
/home/joseph/projects/RideConnect/vendor/laravel/framework/src/Illuminate/Container/Container.php:799
/home/joseph/projects/RideConnect/vendor/laravel/framework/src/Illuminate/Console/Command.php:211
/home/joseph/projects/RideConnect/vendor/symfony/console/Command/Command.php:341
/home/joseph/projects/RideConnect/vendor/laravel/framework/src/Illuminate/Console/Command.php:180
/home/joseph/projects/RideConnect/vendor/laravel/framework/src/Illuminate/Console/Concerns/CallsCommands.php:68
/home/joseph/projects/RideConnect/vendor/laravel/framework/src/Illuminate/Console/Concerns/CallsCommands.php:29
/home/joseph/projects/RideConnect/vendor/laravel/framework/src/Illuminate/Database/Console/Migrations/FreshCommand.php:88
/home/joseph/projects/RideConnect/vendor/laravel/framework/src/Illuminate/Container/BoundMethod.php:36
/home/joseph/projects/RideConnect/vendor/laravel/framework/src/Illuminate/Container/Util.php:43
/home/joseph/projects/RideConnect/vendor/laravel/framework/src/Illuminate/Container/BoundMethod.php:96
/home/joseph/projects/RideConnect/vendor/laravel/framework/src/Illuminate/Container/BoundMethod.php:35
/home/joseph/projects/RideConnect/vendor/laravel/framework/src/Illuminate/Container/Container.php:799
/home/joseph/projects/RideConnect/vendor/laravel/framework/src/Illuminate/Console/Command.php:211
/home/joseph/projects/RideConnect/vendor/symfony/console/Command/Command.php:341
/home/joseph/projects/RideConnect/vendor/laravel/framework/src/Illuminate/Console/Command.php:180
/home/joseph/projects/RideConnect/vendor/symfony/console/Application.php:1094
/home/joseph/projects/RideConnect/vendor/symfony/console/Application.php:356
/home/joseph/projects/RideConnect/vendor/symfony/console/Application.php:195
/home/joseph/projects/RideConnect/vendor/laravel/framework/src/Illuminate/Console/Application.php:165
/home/joseph/projects/RideConnect/vendor/laravel/framework/src/Illuminate/Foundation/Console/Kernel.php:447
/home/joseph/projects/RideConnect/vendor/laravel/framework/src/Illuminate/Testing/PendingCommand.php:451
/home/joseph/projects/RideConnect/vendor/laravel/framework/src/Illuminate/Testing/PendingCommand.php:675
/home/joseph/projects/RideConnect/vendor/laravel/framework/src/Illuminate/Foundation/Testing/Concerns/InteractsWithConsole.php:87
/home/joseph/projects/RideConnect/vendor/laravel/framework/src/Illuminate/Foundation/Testing/RefreshDatabase.php:119
/home/joseph/projects/RideConnect/vendor/laravel/framework/src/Illuminate/Foundation/Testing/RefreshDatabase.php:84
/home/joseph/projects/RideConnect/vendor/laravel/framework/src/Illuminate/Foundation/Testing/RefreshDatabase.php:25
/home/joseph/projects/RideConnect/vendor/laravel/framework/src/Illuminate/Foundation/Testing/Concerns/InteractsWithTestCaseLifecycle.php:217
/home/joseph/projects/RideConnect/vendor/laravel/framework/src/Illuminate/Foundation/Testing/Concerns/InteractsWithTestCaseLifecycle.php:101
/home/joseph/projects/RideConnect/vendor/laravel/framework/src/Illuminate/Foundation/Testing/TestCase.php:63</error>
        </testcase>
        <testcase name="booking_validation_uses_ride_policy" file="/home/joseph/projects/RideConnect/tests/Feature/BookingConcurrencySafetyTest.php" line="78" class="Tests\Feature\BookingConcurrencySafetyTest" classname="Tests.Feature.BookingConcurrencySafetyTest" assertions="0" time="0.000000">
          <error type="Illuminate\Database\QueryException">Tests\Feature\BookingConcurrencySafetyTest::booking_validation_uses_ride_policy
Illuminate\Database\QueryException: could not find driver (Connection: sqlite, Database: :memory:, SQL: select exists (select 1 from "main".sqlite_master where name = 'migrations' and type = 'table') as "exists")

/home/joseph/projects/RideConnect/vendor/laravel/framework/src/Illuminate/Database/Connection.php:838
/home/joseph/projects/RideConnect/vendor/laravel/framework/src/Illuminate/Database/Connection.php:794
/home/joseph/projects/RideConnect/vendor/laravel/framework/src/Illuminate/Database/Connection.php:411
/home/joseph/projects/RideConnect/vendor/laravel/framework/src/Illuminate/Database/Connection.php:357
/home/joseph/projects/RideConnect/vendor/laravel/framework/src/Illuminate/Database/Connection.php:374
/home/joseph/projects/RideConnect/vendor/laravel/framework/src/Illuminate/Database/Schema/Builder.php:176
/home/joseph/projects/RideConnect/vendor/laravel/framework/src/Illuminate/Database/Migrations/DatabaseMigrationRepository.php:185
/home/joseph/projects/RideConnect/vendor/laravel/framework/src/Illuminate/Database/Migrations/Migrator.php:758
/home/joseph/projects/RideConnect/vendor/laravel/framework/src/Illuminate/Database/Console/Migrations/MigrateCommand.php:164
/home/joseph/projects/RideConnect/vendor/laravel/framework/src/Illuminate/Support/helpers.php:328
/home/joseph/projects/RideConnect/vendor/laravel/framework/src/Illuminate/Database/Console/Migrations/MigrateCommand.php:164
/home/joseph/projects/RideConnect/vendor/laravel/framework/src/Illuminate/Database/Console/Migrations/MigrateCommand.php:140
/home/joseph/projects/RideConnect/vendor/laravel/framework/src/Illuminate/Database/Console/Migrations/MigrateCommand.php:110
/home/joseph/projects/RideConnect/vendor/laravel/framework/src/Illuminate/Database/Migrations/Migrator.php:671
/home/joseph/projects/RideConnect/vendor/laravel/framework/src/Illuminate/Database/Console/Migrations/MigrateCommand.php:109
/home/joseph/projects/RideConnect/vendor/laravel/framework/src/Illuminate/Database/Console/Migrations/MigrateCommand.php:88
/home/joseph/projects/RideConnect/vendor/laravel/framework/src/Illuminate/Container/BoundMethod.php:36
/home/joseph/projects/RideConnect/vendor/laravel/framework/src/Illuminate/Container/Util.php:43
/home/joseph/projects/RideConnect/vendor/laravel/framework/src/Illuminate/Container/BoundMethod.php:96
/home/joseph/projects/RideConnect/vendor/laravel/framework/src/Illuminate/Container/BoundMethod.php:35
/home/joseph/projects/RideConnect/vendor/laravel/framework/src/Illuminate/Container/Container.php:799
/home/joseph/projects/RideConnect/vendor/laravel/framework/src/Illuminate/Console/Command.php:211
/home/joseph/projects/RideConnect/vendor/symfony/console/Command/Command.php:341
/home/joseph/projects/RideConnect/vendor/laravel/framework/src/Illuminate/Console/Command.php:180
/home/joseph/projects/RideConnect/vendor/laravel/framework/src/Illuminate/Console/Concerns/CallsCommands.php:68
/home/joseph/projects/RideConnect/vendor/laravel/framework/src/Illuminate/Console/Concerns/CallsCommands.php:29
/home/joseph/projects/RideConnect/vendor/laravel/framework/src/Illuminate/Database/Console/Migrations/FreshCommand.php:88
/home/joseph/projects/RideConnect/vendor/laravel/framework/src/Illuminate/Container/BoundMethod.php:36
/home/joseph/projects/RideConnect/vendor/laravel/framework/src/Illuminate/Container/Util.php:43
/home/joseph/projects/RideConnect/vendor/laravel/framework/src/Illuminate/Container/BoundMethod.php:96
/home/joseph/projects/RideConnect/vendor/laravel/framework/src/Illuminate/Container/BoundMethod.php:35
/home/joseph/projects/RideConnect/vendor/laravel/framework/src/Illuminate/Container/Container.php:799
/home/joseph/projects/RideConnect/vendor/laravel/framework/src/Illuminate/Console/Command.php:211
/home/joseph/projects/RideConnect/vendor/symfony/console/Command/Command.php:341
/home/joseph/projects/RideConnect/vendor/laravel/framework/src/Illuminate/Console/Command.php:180
/home/joseph/projects/RideConnect/vendor/symfony/console/Application.php:1094
/home/joseph/projects/RideConnect/vendor/symfony/console/Application.php:356
/home/joseph/projects/RideConnect/vendor/symfony/console/Application.php:195
/home/joseph/projects/RideConnect/vendor/laravel/framework/src/Illuminate/Console/Application.php:165
/home/joseph/projects/RideConnect/vendor/laravel/framework/src/Illuminate/Foundation/Console/Kernel.php:447
/home/joseph/projects/RideConnect/vendor/laravel/framework/src/Illuminate/Testing/PendingCommand.php:451
/home/joseph/projects/RideConnect/vendor/laravel/framework/src/Illuminate/Testing/PendingCommand.php:675
/home/joseph/projects/RideConnect/vendor/laravel/framework/src/Illuminate/Foundation/Testing/Concerns/InteractsWithConsole.php:87
/home/joseph/projects/RideConnect/vendor/laravel/framework/src/Illuminate/Foundation/Testing/RefreshDatabase.php:119
/home/joseph/projects/RideConnect/vendor/laravel/framework/src/Illuminate/Foundation/Testing/RefreshDatabase.php:84
/home/joseph/projects/RideConnect/vendor/laravel/framework/src/Illuminate/Foundation/Testing/RefreshDatabase.php:25
/home/joseph/projects/RideConnect/vendor/laravel/framework/src/Illuminate/Foundation/Testing/Concerns/InteractsWithTestCaseLifecycle.php:217
/home/joseph/projects/RideConnect/vendor/laravel/framework/src/Illuminate/Foundation/Testing/Concerns/InteractsWithTestCaseLifecycle.php:101
/home/joseph/projects/RideConnect/vendor/laravel/framework/src/Illuminate/Foundation/Testing/TestCase.php:63</error>
        </testcase>
        <testcase name="booking_prevents_departed_ride" file="/home/joseph/projects/RideConnect/tests/Feature/BookingConcurrencySafetyTest.php" line="114" class="Tests\Feature\BookingConcurrencySafetyTest" classname="Tests.Feature.BookingConcurrencySafetyTest" assertions="0" time="0.000000">
          <error type="Illuminate\Database\QueryException">Tests\Feature\BookingConcurrencySafetyTest::booking_prevents_departed_ride
Illuminate\Database\QueryException: could not find driver (Connection: sqlite, Database: :memory:, SQL: select exists (select 1 from "main".sqlite_master where name = 'migrations' and type = 'table') as "exists")

/home/joseph/projects/RideConnect/vendor/laravel/framework/src/Illuminate/Database/Connection.php:838
/home/joseph/projects/RideConnect/vendor/laravel/framework/src/Illuminate/Database/Connection.php:794
/home/joseph/projects/RideConnect/vendor/laravel/framework/src/Illuminate/Database/Connection.php:411
/home/joseph/projects/RideConnect/vendor/laravel/framework/src/Illuminate/Database/Connection.php:357
/home/joseph/projects/RideConnect/vendor/laravel/framework/src/Illuminate/Database/Connection.php:374
/home/joseph/projects/RideConnect/vendor/laravel/framework/src/Illuminate/Database/Schema/Builder.php:176
/home/joseph/projects/RideConnect/vendor/laravel/framework/src/Illuminate/Database/Migrations/DatabaseMigrationRepository.php:185
/home/joseph/projects/RideConnect/vendor/laravel/framework/src/Illuminate/Database/Migrations/Migrator.php:758
/home/joseph/projects/RideConnect/vendor/laravel/framework/src/Illuminate/Database/Console/Migrations/MigrateCommand.php:164
/home/joseph/projects/RideConnect/vendor/laravel/framework/src/Illuminate/Support/helpers.php:328
/home/joseph/projects/RideConnect/vendor/laravel/framework/src/Illuminate/Database/Console/Migrations/MigrateCommand.php:164
/home/joseph/projects/RideConnect/vendor/laravel/framework/src/Illuminate/Database/Console/Migrations/MigrateCommand.php:140
/home/joseph/projects/RideConnect/vendor/laravel/framework/src/Illuminate/Database/Console/Migrations/MigrateCommand.php:110
/home/joseph/projects/RideConnect/vendor/laravel/framework/src/Illuminate/Database/Migrations/Migrator.php:671
/home/joseph/projects/RideConnect/vendor/laravel/framework/src/Illuminate/Database/Console/Migrations/MigrateCommand.php:109
/home/joseph/projects/RideConnect/vendor/laravel/framework/src/Illuminate/Database/Console/Migrations/MigrateCommand.php:88
/home/joseph/projects/RideConnect/vendor/laravel/framework/src/Illuminate/Container/BoundMethod.php:36
/home/joseph/projects/RideConnect/vendor/laravel/framework/src/Illuminate/Container/Util.php:43
/home/joseph/projects/RideConnect/vendor/laravel/framework/src/Illuminate/Container/BoundMethod.php:96
/home/joseph/projects/RideConnect/vendor/laravel/framework/src/Illuminate/Container/BoundMethod.php:35
/home/joseph/projects/RideConnect/vendor/laravel/framework/src/Illuminate/Container/Container.php:799
/home/joseph/projects/RideConnect/vendor/laravel/framework/src/Illuminate/Console/Command.php:211
/home/joseph/projects/RideConnect/vendor/symfony/console/Command/Command.php:341
/home/joseph/projects/RideConnect/vendor/laravel/framework/src/Illuminate/Console/Command.php:180
/home/joseph/projects/RideConnect/vendor/laravel/framework/src/Illuminate/Console/Concerns/CallsCommands.php:68
/home/joseph/projects/RideConnect/vendor/laravel/framework/src/Illuminate/Console/Concerns/CallsCommands.php:29
/home/joseph/projects/RideConnect/vendor/laravel/framework/src/Illuminate/Database/Console/Migrations/FreshCommand.php:88
/home/joseph/projects/RideConnect/vendor/laravel/framework/src/Illuminate/Container/BoundMethod.php:36
/home/joseph/projects/RideConnect/vendor/laravel/framework/src/Illuminate/Container/Util.php:43
/home/joseph/projects/RideConnect/vendor/laravel/framework/src/Illuminate/Container/BoundMethod.php:96
/home/joseph/projects/RideConnect/vendor/laravel/framework/src/Illuminate/Container/BoundMethod.php:35
/home/joseph/projects/RideConnect/vendor/laravel/framework/src/Illuminate/Container/Container.php:799
/home/joseph/projects/RideConnect/vendor/laravel/framework/src/Illuminate/Console/Command.php:211
/home/joseph/projects/RideConnect/vendor/symfony/console/Command/Command.php:341
/home/joseph/projects/RideConnect/vendor/laravel/framework/src/Illuminate/Console/Command.php:180
/home/joseph/projects/RideConnect/vendor/symfony/console/Application.php:1094
/home/joseph/projects/RideConnect/vendor/symfony/console/Application.php:356
/home/joseph/projects/RideConnect/vendor/symfony/console/Application.php:195
/home/joseph/projects/RideConnect/vendor/laravel/framework/src/Illuminate/Console/Application.php:165
/home/joseph/projects/RideConnect/vendor/laravel/framework/src/Illuminate/Foundation/Console/Kernel.php:447
/home/joseph/projects/RideConnect/vendor/laravel/framework/src/Illuminate/Testing/PendingCommand.php:451
/home/joseph/projects/RideConnect/vendor/laravel/framework/src/Illuminate/Testing/PendingCommand.php:675
/home/joseph/projects/RideConnect/vendor/laravel/framework/src/Illuminate/Foundation/Testing/Concerns/InteractsWithConsole.php:87
/home/joseph/projects/RideConnect/vendor/laravel/framework/src/Illuminate/Foundation/Testing/RefreshDatabase.php:119
/home/joseph/projects/RideConnect/vendor/laravel/framework/src/Illuminate/Foundation/Testing/RefreshDatabase.php:84
/home/joseph/projects/RideConnect/vendor/laravel/framework/src/Illuminate/Foundation/Testing/RefreshDatabase.php:25
/home/joseph/projects/RideConnect/vendor/laravel/framework/src/Illuminate/Foundation/Testing/Concerns/InteractsWithTestCaseLifecycle.php:217
/home/joseph/projects/RideConnect/vendor/laravel/framework/src/Illuminate/Foundation/Testing/Concerns/InteractsWithTestCaseLifecycle.php:101
/home/joseph/projects/RideConnect/vendor/laravel/framework/src/Illuminate/Foundation/Testing/TestCase.php:63</error>
        </testcase>
        <testcase name="api_contract_includes_ride_rules" file="/home/joseph/projects/RideConnect/tests/Feature/BookingConcurrencySafetyTest.php" line="152" class="Tests\Feature\BookingConcurrencySafetyTest" classname="Tests.Feature.BookingConcurrencySafetyTest" assertions="0" time="0.000000">
          <error type="Illuminate\Database\QueryException">Tests\Feature\BookingConcurrencySafetyTest::api_contract_includes_ride_rules
Illuminate\Database\QueryException: could not find driver (Connection: sqlite, Database: :memory:, SQL: select exists (select 1 from "main".sqlite_master where name = 'migrations' and type = 'table') as "exists")

/home/joseph/projects/RideConnect/vendor/laravel/framework/src/Illuminate/Database/Connection.php:838
/home/joseph/projects/RideConnect/vendor/laravel/framework/src/Illuminate/Database/Connection.php:794
/home/joseph/projects/RideConnect/vendor/laravel/framework/src/Illuminate/Database/Connection.php:411
/home/joseph/projects/RideConnect/vendor/laravel/framework/src/Illuminate/Database/Connection.php:357
/home/joseph/projects/RideConnect/vendor/laravel/framework/src/Illuminate/Database/Connection.php:374
/home/joseph/projects/RideConnect/vendor/laravel/framework/src/Illuminate/Database/Schema/Builder.php:176
/home/joseph/projects/RideConnect/vendor/laravel/framework/src/Illuminate/Database/Migrations/DatabaseMigrationRepository.php:185
/home/joseph/projects/RideConnect/vendor/laravel/framework/src/Illuminate/Database/Migrations/Migrator.php:758
/home/joseph/projects/RideConnect/vendor/laravel/framework/src/Illuminate/Database/Console/Migrations/MigrateCommand.php:164
/home/joseph/projects/RideConnect/vendor/laravel/framework/src/Illuminate/Support/helpers.php:328
/home/joseph/projects/RideConnect/vendor/laravel/framework/src/Illuminate/Database/Console/Migrations/MigrateCommand.php:164
/home/joseph/projects/RideConnect/vendor/laravel/framework/src/Illuminate/Database/Console/Migrations/MigrateCommand.php:140
/home/joseph/projects/RideConnect/vendor/laravel/framework/src/Illuminate/Database/Console/Migrations/MigrateCommand.php:110
/home/joseph/projects/RideConnect/vendor/laravel/framework/src/Illuminate/Database/Migrations/Migrator.php:671
/home/joseph/projects/RideConnect/vendor/laravel/framework/src/Illuminate/Database/Console/Migrations/MigrateCommand.php:109
/home/joseph/projects/RideConnect/vendor/laravel/framework/src/Illuminate/Database/Console/Migrations/MigrateCommand.php:88
/home/joseph/projects/RideConnect/vendor/laravel/framework/src/Illuminate/Container/BoundMethod.php:36
/home/joseph/projects/RideConnect/vendor/laravel/framework/src/Illuminate/Container/Util.php:43
/home/joseph/projects/RideConnect/vendor/laravel/framework/src/Illuminate/Container/BoundMethod.php:96
/home/joseph/projects/RideConnect/vendor/laravel/framework/src/Illuminate/Container/BoundMethod.php:35
/home/joseph/projects/RideConnect/vendor/laravel/framework/src/Illuminate/Container/Container.php:799
/home/joseph/projects/RideConnect/vendor/laravel/framework/src/Illuminate/Console/Command.php:211
/home/joseph/projects/RideConnect/vendor/symfony/console/Command/Command.php:341
/home/joseph/projects/RideConnect/vendor/laravel/framework/src/Illuminate/Console/Command.php:180
/home/joseph/projects/RideConnect/vendor/laravel/framework/src/Illuminate/Console/Concerns/CallsCommands.php:68
/home/joseph/projects/RideConnect/vendor/laravel/framework/src/Illuminate/Console/Concerns/CallsCommands.php:29
/home/joseph/projects/RideConnect/vendor/laravel/framework/src/Illuminate/Database/Console/Migrations/FreshCommand.php:88
/home/joseph/projects/RideConnect/vendor/laravel/framework/src/Illuminate/Container/BoundMethod.php:36
/home/joseph/projects/RideConnect/vendor/laravel/framework/src/Illuminate/Container/Util.php:43
/home/joseph/projects/RideConnect/vendor/laravel/framework/src/Illuminate/Container/BoundMethod.php:96
/home/joseph/projects/RideConnect/vendor/laravel/framework/src/Illuminate/Container/BoundMethod.php:35
/home/joseph/projects/RideConnect/vendor/laravel/framework/src/Illuminate/Container/Container.php:799
/home/joseph/projects/RideConnect/vendor/laravel/framework/src/Illuminate/Console/Command.php:211
/home/joseph/projects/RideConnect/vendor/symfony/console/Command/Command.php:341
/home/joseph/projects/RideConnect/vendor/laravel/framework/src/Illuminate/Console/Command.php:180
/home/joseph/projects/RideConnect/vendor/symfony/console/Application.php:1094
/home/joseph/projects/RideConnect/vendor/symfony/console/Application.php:356
/home/joseph/projects/RideConnect/vendor/symfony/console/Application.php:195
/home/joseph/projects/RideConnect/vendor/laravel/framework/src/Illuminate/Console/Application.php:165
/home/joseph/projects/RideConnect/vendor/laravel/framework/src/Illuminate/Foundation/Console/Kernel.php:447
/home/joseph/projects/RideConnect/vendor/laravel/framework/src/Illuminate/Testing/PendingCommand.php:451
/home/joseph/projects/RideConnect/vendor/laravel/framework/src/Illuminate/Testing/PendingCommand.php:675
/home/joseph/projects/RideConnect/vendor/laravel/framework/src/Illuminate/Foundation/Testing/Concerns/InteractsWithConsole.php:87
/home/joseph/projects/RideConnect/vendor/laravel/framework/src/Illuminate/Foundation/Testing/RefreshDatabase.php:119
/home/joseph/projects/RideConnect/vendor/laravel/framework/src/Illuminate/Foundation/Testing/RefreshDatabase.php:84
/home/joseph/projects/RideConnect/vendor/laravel/framework/src/Illuminate/Foundation/Testing/RefreshDatabase.php:25
/home/joseph/projects/RideConnect/vendor/laravel/framework/src/Illuminate/Foundation/Testing/Concerns/InteractsWithTestCaseLifecycle.php:217
/home/joseph/projects/RideConnect/vendor/laravel/framework/src/Illuminate/Foundation/Testing/Concerns/InteractsWithTestCaseLifecycle.php:101
/home/joseph/projects/RideConnect/vendor/laravel/framework/src/Illuminate/Foundation/Testing/TestCase.php:63</error>
        </testcase>
        <testcase name="ride_rules_correctly_indicate_scheduled_car_can_book" file="/home/joseph/projects/RideConnect/tests/Feature/BookingConcurrencySafetyTest.php" line="186" class="Tests\Feature\BookingConcurrencySafetyTest" classname="Tests.Feature.BookingConcurrencySafetyTest" assertions="0" time="0.000000">
          <error type="Illuminate\Database\QueryException">Tests\Feature\BookingConcurrencySafetyTest::ride_rules_correctly_indicate_scheduled_car_can_book
Illuminate\Database\QueryException: could not find driver (Connection: sqlite, Database: :memory:, SQL: select exists (select 1 from "main".sqlite_master where name = 'migrations' and type = 'table') as "exists")

/home/joseph/projects/RideConnect/vendor/laravel/framework/src/Illuminate/Database/Connection.php:838
/home/joseph/projects/RideConnect/vendor/laravel/framework/src/Illuminate/Database/Connection.php:794
/home/joseph/projects/RideConnect/vendor/laravel/framework/src/Illuminate/Database/Connection.php:411
/home/joseph/projects/RideConnect/vendor/laravel/framework/src/Illuminate/Database/Connection.php:357
/home/joseph/projects/RideConnect/vendor/laravel/framework/src/Illuminate/Database/Connection.php:374
/home/joseph/projects/RideConnect/vendor/laravel/framework/src/Illuminate/Database/Schema/Builder.php:176
/home/joseph/projects/RideConnect/vendor/laravel/framework/src/Illuminate/Database/Migrations/DatabaseMigrationRepository.php:185
/home/joseph/projects/RideConnect/vendor/laravel/framework/src/Illuminate/Database/Migrations/Migrator.php:758
/home/joseph/projects/RideConnect/vendor/laravel/framework/src/Illuminate/Database/Console/Migrations/MigrateCommand.php:164
/home/joseph/projects/RideConnect/vendor/laravel/framework/src/Illuminate/Support/helpers.php:328
/home/joseph/projects/RideConnect/vendor/laravel/framework/src/Illuminate/Database/Console/Migrations/MigrateCommand.php:164
/home/joseph/projects/RideConnect/vendor/laravel/framework/src/Illuminate/Database/Console/Migrations/MigrateCommand.php:140
/home/joseph/projects/RideConnect/vendor/laravel/framework/src/Illuminate/Database/Console/Migrations/MigrateCommand.php:110
/home/joseph/projects/RideConnect/vendor/laravel/framework/src/Illuminate/Database/Migrations/Migrator.php:671
/home/joseph/projects/RideConnect/vendor/laravel/framework/src/Illuminate/Database/Console/Migrations/MigrateCommand.php:109
/home/joseph/projects/RideConnect/vendor/laravel/framework/src/Illuminate/Database/Console/Migrations/MigrateCommand.php:88
/home/joseph/projects/RideConnect/vendor/laravel/framework/src/Illuminate/Container/BoundMethod.php:36
/home/joseph/projects/RideConnect/vendor/laravel/framework/src/Illuminate/Container/Util.php:43
/home/joseph/projects/RideConnect/vendor/laravel/framework/src/Illuminate/Container/BoundMethod.php:96
/home/joseph/projects/RideConnect/vendor/laravel/framework/src/Illuminate/Container/BoundMethod.php:35
/home/joseph/projects/RideConnect/vendor/laravel/framework/src/Illuminate/Container/Container.php:799
/home/joseph/projects/RideConnect/vendor/laravel/framework/src/Illuminate/Console/Command.php:211
/home/joseph/projects/RideConnect/vendor/symfony/console/Command/Command.php:341
/home/joseph/projects/RideConnect/vendor/laravel/framework/src/Illuminate/Console/Command.php:180
/home/joseph/projects/RideConnect/vendor/laravel/framework/src/Illuminate/Console/Concerns/CallsCommands.php:68
/home/joseph/projects/RideConnect/vendor/laravel/framework/src/Illuminate/Console/Concerns/CallsCommands.php:29
/home/joseph/projects/RideConnect/vendor/laravel/framework/src/Illuminate/Database/Console/Migrations/FreshCommand.php:88
/home/joseph/projects/RideConnect/vendor/laravel/framework/src/Illuminate/Container/BoundMethod.php:36
/home/joseph/projects/RideConnect/vendor/laravel/framework/src/Illuminate/Container/Util.php:43
/home/joseph/projects/RideConnect/vendor/laravel/framework/src/Illuminate/Container/BoundMethod.php:96
/home/joseph/projects/RideConnect/vendor/laravel/framework/src/Illuminate/Container/BoundMethod.php:35
/home/joseph/projects/RideConnect/vendor/laravel/framework/src/Illuminate/Container/Container.php:799
/home/joseph/projects/RideConnect/vendor/laravel/framework/src/Illuminate/Console/Command.php:211
/home/joseph/projects/RideConnect/vendor/symfony/console/Command/Command.php:341
/home/joseph/projects/RideConnect/vendor/laravel/framework/src/Illuminate/Console/Command.php:180
/home/joseph/projects/RideConnect/vendor/symfony/console/Application.php:1094
/home/joseph/projects/RideConnect/vendor/symfony/console/Application.php:356
/home/joseph/projects/RideConnect/vendor/symfony/console/Application.php:195
/home/joseph/projects/RideConnect/vendor/laravel/framework/src/Illuminate/Console/Application.php:165
/home/joseph/projects/RideConnect/vendor/laravel/framework/src/Illuminate/Foundation/Console/Kernel.php:447
/home/joseph/projects/RideConnect/vendor/laravel/framework/src/Illuminate/Testing/PendingCommand.php:451
/home/joseph/projects/RideConnect/vendor/laravel/framework/src/Illuminate/Testing/PendingCommand.php:675
/home/joseph/projects/RideConnect/vendor/laravel/framework/src/Illuminate/Foundation/Testing/Concerns/InteractsWithConsole.php:87
/home/joseph/projects/RideConnect/vendor/laravel/framework/src/Illuminate/Foundation/Testing/RefreshDatabase.php:119
/home/joseph/projects/RideConnect/vendor/laravel/framework/src/Illuminate/Foundation/Testing/RefreshDatabase.php:84
/home/joseph/projects/RideConnect/vendor/laravel/framework/src/Illuminate/Foundation/Testing/RefreshDatabase.php:25
/home/joseph/projects/RideConnect/vendor/laravel/framework/src/Illuminate/Foundation/Testing/Concerns/InteractsWithTestCaseLifecycle.php:217
/home/joseph/projects/RideConnect/vendor/laravel/framework/src/Illuminate/Foundation/Testing/Concerns/InteractsWithTestCaseLifecycle.php:101
/home/joseph/projects/RideConnect/vendor/laravel/framework/src/Illuminate/Foundation/Testing/TestCase.php:63</error>
        </testcase>
        <testcase name="ride_rules_correctly_indicate_ondemand_car_can_request_trip" file="/home/joseph/projects/RideConnect/tests/Feature/BookingConcurrencySafetyTest.php" line="208" class="Tests\Feature\BookingConcurrencySafetyTest" classname="Tests.Feature.BookingConcurrencySafetyTest" assertions="0" time="0.000000">
          <error type="Illuminate\Database\QueryException">Tests\Feature\BookingConcurrencySafetyTest::ride_rules_correctly_indicate_ondemand_car_can_request_trip
Illuminate\Database\QueryException: could not find driver (Connection: sqlite, Database: :memory:, SQL: select exists (select 1 from "main".sqlite_master where name = 'migrations' and type = 'table') as "exists")

/home/joseph/projects/RideConnect/vendor/laravel/framework/src/Illuminate/Database/Connection.php:838
/home/joseph/projects/RideConnect/vendor/laravel/framework/src/Illuminate/Database/Connection.php:794
/home/joseph/projects/RideConnect/vendor/laravel/framework/src/Illuminate/Database/Connection.php:411
/home/joseph/projects/RideConnect/vendor/laravel/framework/src/Illuminate/Database/Connection.php:357
/home/joseph/projects/RideConnect/vendor/laravel/framework/src/Illuminate/Database/Connection.php:374
/home/joseph/projects/RideConnect/vendor/laravel/framework/src/Illuminate/Database/Schema/Builder.php:176
/home/joseph/projects/RideConnect/vendor/laravel/framework/src/Illuminate/Database/Migrations/DatabaseMigrationRepository.php:185
/home/joseph/projects/RideConnect/vendor/laravel/framework/src/Illuminate/Database/Migrations/Migrator.php:758
/home/joseph/projects/RideConnect/vendor/laravel/framework/src/Illuminate/Database/Console/Migrations/MigrateCommand.php:164
/home/joseph/projects/RideConnect/vendor/laravel/framework/src/Illuminate/Support/helpers.php:328
/home/joseph/projects/RideConnect/vendor/laravel/framework/src/Illuminate/Database/Console/Migrations/MigrateCommand.php:164
/home/joseph/projects/RideConnect/vendor/laravel/framework/src/Illuminate/Database/Console/Migrations/MigrateCommand.php:140
/home/joseph/projects/RideConnect/vendor/laravel/framework/src/Illuminate/Database/Console/Migrations/MigrateCommand.php:110
/home/joseph/projects/RideConnect/vendor/laravel/framework/src/Illuminate/Database/Migrations/Migrator.php:671
/home/joseph/projects/RideConnect/vendor/laravel/framework/src/Illuminate/Database/Console/Migrations/MigrateCommand.php:109
/home/joseph/projects/RideConnect/vendor/laravel/framework/src/Illuminate/Database/Console/Migrations/MigrateCommand.php:88
/home/joseph/projects/RideConnect/vendor/laravel/framework/src/Illuminate/Container/BoundMethod.php:36
/home/joseph/projects/RideConnect/vendor/laravel/framework/src/Illuminate/Container/Util.php:43
/home/joseph/projects/RideConnect/vendor/laravel/framework/src/Illuminate/Container/BoundMethod.php:96
/home/joseph/projects/RideConnect/vendor/laravel/framework/src/Illuminate/Container/BoundMethod.php:35
/home/joseph/projects/RideConnect/vendor/laravel/framework/src/Illuminate/Container/Container.php:799
/home/joseph/projects/RideConnect/vendor/laravel/framework/src/Illuminate/Console/Command.php:211
/home/joseph/projects/RideConnect/vendor/symfony/console/Command/Command.php:341
/home/joseph/projects/RideConnect/vendor/laravel/framework/src/Illuminate/Console/Command.php:180
/home/joseph/projects/RideConnect/vendor/laravel/framework/src/Illuminate/Console/Concerns/CallsCommands.php:68
/home/joseph/projects/RideConnect/vendor/laravel/framework/src/Illuminate/Console/Concerns/CallsCommands.php:29
/home/joseph/projects/RideConnect/vendor/laravel/framework/src/Illuminate/Database/Console/Migrations/FreshCommand.php:88
/home/joseph/projects/RideConnect/vendor/laravel/framework/src/Illuminate/Container/BoundMethod.php:36
/home/joseph/projects/RideConnect/vendor/laravel/framework/src/Illuminate/Container/Util.php:43
/home/joseph/projects/RideConnect/vendor/laravel/framework/src/Illuminate/Container/BoundMethod.php:96
/home/joseph/projects/RideConnect/vendor/laravel/framework/src/Illuminate/Container/BoundMethod.php:35
/home/joseph/projects/RideConnect/vendor/laravel/framework/src/Illuminate/Container/Container.php:799
/home/joseph/projects/RideConnect/vendor/laravel/framework/src/Illuminate/Console/Command.php:211
/home/joseph/projects/RideConnect/vendor/symfony/console/Command/Command.php:341
/home/joseph/projects/RideConnect/vendor/laravel/framework/src/Illuminate/Console/Command.php:180
/home/joseph/projects/RideConnect/vendor/symfony/console/Application.php:1094
/home/joseph/projects/RideConnect/vendor/symfony/console/Application.php:356
/home/joseph/projects/RideConnect/vendor/symfony/console/Application.php:195
/home/joseph/projects/RideConnect/vendor/laravel/framework/src/Illuminate/Console/Application.php:165
/home/joseph/projects/RideConnect/vendor/laravel/framework/src/Illuminate/Foundation/Console/Kernel.php:447
/home/joseph/projects/RideConnect/vendor/laravel/framework/src/Illuminate/Testing/PendingCommand.php:451
/home/joseph/projects/RideConnect/vendor/laravel/framework/src/Illuminate/Testing/PendingCommand.php:675
/home/joseph/projects/RideConnect/vendor/laravel/framework/src/Illuminate/Foundation/Testing/Concerns/InteractsWithConsole.php:87
/home/joseph/projects/RideConnect/vendor/laravel/framework/src/Illuminate/Foundation/Testing/RefreshDatabase.php:119
/home/joseph/projects/RideConnect/vendor/laravel/framework/src/Illuminate/Foundation/Testing/RefreshDatabase.php:84
/home/joseph/projects/RideConnect/vendor/laravel/framework/src/Illuminate/Foundation/Testing/RefreshDatabase.php:25
/home/joseph/projects/RideConnect/vendor/laravel/framework/src/Illuminate/Foundation/Testing/Concerns/InteractsWithTestCaseLifecycle.php:217
/home/joseph/projects/RideConnect/vendor/laravel/framework/src/Illuminate/Foundation/Testing/Concerns/InteractsWithTestCaseLifecycle.php:101
/home/joseph/projects/RideConnect/vendor/laravel/framework/src/Illuminate/Foundation/Testing/TestCase.php:63</error>
        </testcase>
      </testsuite>
      <testsuite name="Tests\Feature\ComplianceReportTest" file="/home/joseph/projects/RideConnect/tests/Feature/ComplianceReportTest.php" tests="6" assertions="0" errors="6" failures="0" skipped="0" time="0.000000">
        <testcase name="test_requesting_report_creates_pending_record" file="/home/joseph/projects/RideConnect/tests/Feature/ComplianceReportTest.php" line="44" class="Tests\Feature\ComplianceReportTest" classname="Tests.Feature.ComplianceReportTest" assertions="0" time="0.000000">
          <error type="Illuminate\Database\QueryException">Tests\Feature\ComplianceReportTest::test_requesting_report_creates_pending_record
Illuminate\Database\QueryException: could not find driver (Connection: sqlite, Database: :memory:, SQL: select exists (select 1 from "main".sqlite_master where name = 'migrations' and type = 'table') as "exists")

/home/joseph/projects/RideConnect/vendor/laravel/framework/src/Illuminate/Database/Connection.php:838
/home/joseph/projects/RideConnect/vendor/laravel/framework/src/Illuminate/Database/Connection.php:794
/home/joseph/projects/RideConnect/vendor/laravel/framework/src/Illuminate/Database/Connection.php:411
/home/joseph/projects/RideConnect/vendor/laravel/framework/src/Illuminate/Database/Connection.php:357
/home/joseph/projects/RideConnect/vendor/laravel/framework/src/Illuminate/Database/Connection.php:374
/home/joseph/projects/RideConnect/vendor/laravel/framework/src/Illuminate/Database/Schema/Builder.php:176
/home/joseph/projects/RideConnect/vendor/laravel/framework/src/Illuminate/Database/Migrations/DatabaseMigrationRepository.php:185
/home/joseph/projects/RideConnect/vendor/laravel/framework/src/Illuminate/Database/Migrations/Migrator.php:758
/home/joseph/projects/RideConnect/vendor/laravel/framework/src/Illuminate/Database/Console/Migrations/MigrateCommand.php:164
/home/joseph/projects/RideConnect/vendor/laravel/framework/src/Illuminate/Support/helpers.php:328
/home/joseph/projects/RideConnect/vendor/laravel/framework/src/Illuminate/Database/Console/Migrations/MigrateCommand.php:164
/home/joseph/projects/RideConnect/vendor/laravel/framework/src/Illuminate/Database/Console/Migrations/MigrateCommand.php:140
/home/joseph/projects/RideConnect/vendor/laravel/framework/src/Illuminate/Database/Console/Migrations/MigrateCommand.php:110
/home/joseph/projects/RideConnect/vendor/laravel/framework/src/Illuminate/Database/Migrations/Migrator.php:671
/home/joseph/projects/RideConnect/vendor/laravel/framework/src/Illuminate/Database/Console/Migrations/MigrateCommand.php:109
/home/joseph/projects/RideConnect/vendor/laravel/framework/src/Illuminate/Database/Console/Migrations/MigrateCommand.php:88
/home/joseph/projects/RideConnect/vendor/laravel/framework/src/Illuminate/Container/BoundMethod.php:36
/home/joseph/projects/RideConnect/vendor/laravel/framework/src/Illuminate/Container/Util.php:43
/home/joseph/projects/RideConnect/vendor/laravel/framework/src/Illuminate/Container/BoundMethod.php:96
/home/joseph/projects/RideConnect/vendor/laravel/framework/src/Illuminate/Container/BoundMethod.php:35
/home/joseph/projects/RideConnect/vendor/laravel/framework/src/Illuminate/Container/Container.php:799
/home/joseph/projects/RideConnect/vendor/laravel/framework/src/Illuminate/Console/Command.php:211
/home/joseph/projects/RideConnect/vendor/symfony/console/Command/Command.php:341
/home/joseph/projects/RideConnect/vendor/laravel/framework/src/Illuminate/Console/Command.php:180
/home/joseph/projects/RideConnect/vendor/laravel/framework/src/Illuminate/Console/Concerns/CallsCommands.php:68
/home/joseph/projects/RideConnect/vendor/laravel/framework/src/Illuminate/Console/Concerns/CallsCommands.php:29
/home/joseph/projects/RideConnect/vendor/laravel/framework/src/Illuminate/Database/Console/Migrations/FreshCommand.php:88
/home/joseph/projects/RideConnect/vendor/laravel/framework/src/Illuminate/Container/BoundMethod.php:36
/home/joseph/projects/RideConnect/vendor/laravel/framework/src/Illuminate/Container/Util.php:43
/home/joseph/projects/RideConnect/vendor/laravel/framework/src/Illuminate/Container/BoundMethod.php:96
/home/joseph/projects/RideConnect/vendor/laravel/framework/src/Illuminate/Container/BoundMethod.php:35
/home/joseph/projects/RideConnect/vendor/laravel/framework/src/Illuminate/Container/Container.php:799
/home/joseph/projects/RideConnect/vendor/laravel/framework/src/Illuminate/Console/Command.php:211
/home/joseph/projects/RideConnect/vendor/symfony/console/Command/Command.php:341
/home/joseph/projects/RideConnect/vendor/laravel/framework/src/Illuminate/Console/Command.php:180
/home/joseph/projects/RideConnect/vendor/symfony/console/Application.php:1094
/home/joseph/projects/RideConnect/vendor/symfony/console/Application.php:356
/home/joseph/projects/RideConnect/vendor/symfony/console/Application.php:195
/home/joseph/projects/RideConnect/vendor/laravel/framework/src/Illuminate/Console/Application.php:165
/home/joseph/projects/RideConnect/vendor/laravel/framework/src/Illuminate/Foundation/Console/Kernel.php:447
/home/joseph/projects/RideConnect/vendor/laravel/framework/src/Illuminate/Testing/PendingCommand.php:451
/home/joseph/projects/RideConnect/vendor/laravel/framework/src/Illuminate/Testing/PendingCommand.php:675
/home/joseph/projects/RideConnect/vendor/laravel/framework/src/Illuminate/Foundation/Testing/Concerns/InteractsWithConsole.php:87
/home/joseph/projects/RideConnect/vendor/laravel/framework/src/Illuminate/Foundation/Testing/RefreshDatabase.php:119
/home/joseph/projects/RideConnect/vendor/laravel/framework/src/Illuminate/Foundation/Testing/RefreshDatabase.php:84
/home/joseph/projects/RideConnect/vendor/laravel/framework/src/Illuminate/Foundation/Testing/RefreshDatabase.php:25
/home/joseph/projects/RideConnect/vendor/laravel/framework/src/Illuminate/Foundation/Testing/Concerns/InteractsWithTestCaseLifecycle.php:217
/home/joseph/projects/RideConnect/vendor/laravel/framework/src/Illuminate/Foundation/Testing/Concerns/InteractsWithTestCaseLifecycle.php:101
/home/joseph/projects/RideConnect/vendor/laravel/framework/src/Illuminate/Foundation/Testing/TestCase.php:63
/home/joseph/projects/RideConnect/tests/Feature/ComplianceReportTest.php:32</error>
        </testcase>
        <testcase name="test_csv_report_generates_and_marks_ready" file="/home/joseph/projects/RideConnect/tests/Feature/ComplianceReportTest.php" line="66" class="Tests\Feature\ComplianceReportTest" classname="Tests.Feature.ComplianceReportTest" assertions="0" time="0.000000">
          <error type="Illuminate\Database\QueryException">Tests\Feature\ComplianceReportTest::test_csv_report_generates_and_marks_ready
Illuminate\Database\QueryException: could not find driver (Connection: sqlite, Database: :memory:, SQL: select exists (select 1 from "main".sqlite_master where name = 'migrations' and type = 'table') as "exists")

/home/joseph/projects/RideConnect/vendor/laravel/framework/src/Illuminate/Database/Connection.php:838
/home/joseph/projects/RideConnect/vendor/laravel/framework/src/Illuminate/Database/Connection.php:794
/home/joseph/projects/RideConnect/vendor/laravel/framework/src/Illuminate/Database/Connection.php:411
/home/joseph/projects/RideConnect/vendor/laravel/framework/src/Illuminate/Database/Connection.php:357
/home/joseph/projects/RideConnect/vendor/laravel/framework/src/Illuminate/Database/Connection.php:374
/home/joseph/projects/RideConnect/vendor/laravel/framework/src/Illuminate/Database/Schema/Builder.php:176
/home/joseph/projects/RideConnect/vendor/laravel/framework/src/Illuminate/Database/Migrations/DatabaseMigrationRepository.php:185
/home/joseph/projects/RideConnect/vendor/laravel/framework/src/Illuminate/Database/Migrations/Migrator.php:758
/home/joseph/projects/RideConnect/vendor/laravel/framework/src/Illuminate/Database/Console/Migrations/MigrateCommand.php:164
/home/joseph/projects/RideConnect/vendor/laravel/framework/src/Illuminate/Support/helpers.php:328
/home/joseph/projects/RideConnect/vendor/laravel/framework/src/Illuminate/Database/Console/Migrations/MigrateCommand.php:164
/home/joseph/projects/RideConnect/vendor/laravel/framework/src/Illuminate/Database/Console/Migrations/MigrateCommand.php:140
/home/joseph/projects/RideConnect/vendor/laravel/framework/src/Illuminate/Database/Console/Migrations/MigrateCommand.php:110
/home/joseph/projects/RideConnect/vendor/laravel/framework/src/Illuminate/Database/Migrations/Migrator.php:671
/home/joseph/projects/RideConnect/vendor/laravel/framework/src/Illuminate/Database/Console/Migrations/MigrateCommand.php:109
/home/joseph/projects/RideConnect/vendor/laravel/framework/src/Illuminate/Database/Console/Migrations/MigrateCommand.php:88
/home/joseph/projects/RideConnect/vendor/laravel/framework/src/Illuminate/Container/BoundMethod.php:36
/home/joseph/projects/RideConnect/vendor/laravel/framework/src/Illuminate/Container/Util.php:43
/home/joseph/projects/RideConnect/vendor/laravel/framework/src/Illuminate/Container/BoundMethod.php:96
/home/joseph/projects/RideConnect/vendor/laravel/framework/src/Illuminate/Container/BoundMethod.php:35
/home/joseph/projects/RideConnect/vendor/laravel/framework/src/Illuminate/Container/Container.php:799
/home/joseph/projects/RideConnect/vendor/laravel/framework/src/Illuminate/Console/Command.php:211
/home/joseph/projects/RideConnect/vendor/symfony/console/Command/Command.php:341
/home/joseph/projects/RideConnect/vendor/laravel/framework/src/Illuminate/Console/Command.php:180
/home/joseph/projects/RideConnect/vendor/laravel/framework/src/Illuminate/Console/Concerns/CallsCommands.php:68
/home/joseph/projects/RideConnect/vendor/laravel/framework/src/Illuminate/Console/Concerns/CallsCommands.php:29
/home/joseph/projects/RideConnect/vendor/laravel/framework/src/Illuminate/Database/Console/Migrations/FreshCommand.php:88
/home/joseph/projects/RideConnect/vendor/laravel/framework/src/Illuminate/Container/BoundMethod.php:36
/home/joseph/projects/RideConnect/vendor/laravel/framework/src/Illuminate/Container/Util.php:43
/home/joseph/projects/RideConnect/vendor/laravel/framework/src/Illuminate/Container/BoundMethod.php:96
/home/joseph/projects/RideConnect/vendor/laravel/framework/src/Illuminate/Container/BoundMethod.php:35
/home/joseph/projects/RideConnect/vendor/laravel/framework/src/Illuminate/Container/Container.php:799
/home/joseph/projects/RideConnect/vendor/laravel/framework/src/Illuminate/Console/Command.php:211
/home/joseph/projects/RideConnect/vendor/symfony/console/Command/Command.php:341
/home/joseph/projects/RideConnect/vendor/laravel/framework/src/Illuminate/Console/Command.php:180
/home/joseph/projects/RideConnect/vendor/symfony/console/Application.php:1094
/home/joseph/projects/RideConnect/vendor/symfony/console/Application.php:356
/home/joseph/projects/RideConnect/vendor/symfony/console/Application.php:195
/home/joseph/projects/RideConnect/vendor/laravel/framework/src/Illuminate/Console/Application.php:165
/home/joseph/projects/RideConnect/vendor/laravel/framework/src/Illuminate/Foundation/Console/Kernel.php:447
/home/joseph/projects/RideConnect/vendor/laravel/framework/src/Illuminate/Testing/PendingCommand.php:451
/home/joseph/projects/RideConnect/vendor/laravel/framework/src/Illuminate/Testing/PendingCommand.php:675
/home/joseph/projects/RideConnect/vendor/laravel/framework/src/Illuminate/Foundation/Testing/Concerns/InteractsWithConsole.php:87
/home/joseph/projects/RideConnect/vendor/laravel/framework/src/Illuminate/Foundation/Testing/RefreshDatabase.php:119
/home/joseph/projects/RideConnect/vendor/laravel/framework/src/Illuminate/Foundation/Testing/RefreshDatabase.php:84
/home/joseph/projects/RideConnect/vendor/laravel/framework/src/Illuminate/Foundation/Testing/RefreshDatabase.php:25
/home/joseph/projects/RideConnect/vendor/laravel/framework/src/Illuminate/Foundation/Testing/Concerns/InteractsWithTestCaseLifecycle.php:217
/home/joseph/projects/RideConnect/vendor/laravel/framework/src/Illuminate/Foundation/Testing/Concerns/InteractsWithTestCaseLifecycle.php:101
/home/joseph/projects/RideConnect/vendor/laravel/framework/src/Illuminate/Foundation/Testing/TestCase.php:63
/home/joseph/projects/RideConnect/tests/Feature/ComplianceReportTest.php:32</error>
        </testcase>
        <testcase name="test_csv_report_file_is_valid_utf8" file="/home/joseph/projects/RideConnect/tests/Feature/ComplianceReportTest.php" line="85" class="Tests\Feature\ComplianceReportTest" classname="Tests.Feature.ComplianceReportTest" assertions="0" time="0.000000">
          <error type="Illuminate\Database\QueryException">Tests\Feature\ComplianceReportTest::test_csv_report_file_is_valid_utf8
Illuminate\Database\QueryException: could not find driver (Connection: sqlite, Database: :memory:, SQL: select exists (select 1 from "main".sqlite_master where name = 'migrations' and type = 'table') as "exists")

/home/joseph/projects/RideConnect/vendor/laravel/framework/src/Illuminate/Database/Connection.php:838
/home/joseph/projects/RideConnect/vendor/laravel/framework/src/Illuminate/Database/Connection.php:794
/home/joseph/projects/RideConnect/vendor/laravel/framework/src/Illuminate/Database/Connection.php:411
/home/joseph/projects/RideConnect/vendor/laravel/framework/src/Illuminate/Database/Connection.php:357
/home/joseph/projects/RideConnect/vendor/laravel/framework/src/Illuminate/Database/Connection.php:374
/home/joseph/projects/RideConnect/vendor/laravel/framework/src/Illuminate/Database/Schema/Builder.php:176
/home/joseph/projects/RideConnect/vendor/laravel/framework/src/Illuminate/Database/Migrations/DatabaseMigrationRepository.php:185
/home/joseph/projects/RideConnect/vendor/laravel/framework/src/Illuminate/Database/Migrations/Migrator.php:758
/home/joseph/projects/RideConnect/vendor/laravel/framework/src/Illuminate/Database/Console/Migrations/MigrateCommand.php:164
/home/joseph/projects/RideConnect/vendor/laravel/framework/src/Illuminate/Support/helpers.php:328
/home/joseph/projects/RideConnect/vendor/laravel/framework/src/Illuminate/Database/Console/Migrations/MigrateCommand.php:164
/home/joseph/projects/RideConnect/vendor/laravel/framework/src/Illuminate/Database/Console/Migrations/MigrateCommand.php:140
/home/joseph/projects/RideConnect/vendor/laravel/framework/src/Illuminate/Database/Console/Migrations/MigrateCommand.php:110
/home/joseph/projects/RideConnect/vendor/laravel/framework/src/Illuminate/Database/Migrations/Migrator.php:671
/home/joseph/projects/RideConnect/vendor/laravel/framework/src/Illuminate/Database/Console/Migrations/MigrateCommand.php:109
/home/joseph/projects/RideConnect/vendor/laravel/framework/src/Illuminate/Database/Console/Migrations/MigrateCommand.php:88
/home/joseph/projects/RideConnect/vendor/laravel/framework/src/Illuminate/Container/BoundMethod.php:36
/home/joseph/projects/RideConnect/vendor/laravel/framework/src/Illuminate/Container/Util.php:43
/home/joseph/projects/RideConnect/vendor/laravel/framework/src/Illuminate/Container/BoundMethod.php:96
/home/joseph/projects/RideConnect/vendor/laravel/framework/src/Illuminate/Container/BoundMethod.php:35
/home/joseph/projects/RideConnect/vendor/laravel/framework/src/Illuminate/Container/Container.php:799
/home/joseph/projects/RideConnect/vendor/laravel/framework/src/Illuminate/Console/Command.php:211
/home/joseph/projects/RideConnect/vendor/symfony/console/Command/Command.php:341
/home/joseph/projects/RideConnect/vendor/laravel/framework/src/Illuminate/Console/Command.php:180
/home/joseph/projects/RideConnect/vendor/laravel/framework/src/Illuminate/Console/Concerns/CallsCommands.php:68
/home/joseph/projects/RideConnect/vendor/laravel/framework/src/Illuminate/Console/Concerns/CallsCommands.php:29
/home/joseph/projects/RideConnect/vendor/laravel/framework/src/Illuminate/Database/Console/Migrations/FreshCommand.php:88
/home/joseph/projects/RideConnect/vendor/laravel/framework/src/Illuminate/Container/BoundMethod.php:36
/home/joseph/projects/RideConnect/vendor/laravel/framework/src/Illuminate/Container/Util.php:43
/home/joseph/projects/RideConnect/vendor/laravel/framework/src/Illuminate/Container/BoundMethod.php:96
/home/joseph/projects/RideConnect/vendor/laravel/framework/src/Illuminate/Container/BoundMethod.php:35
/home/joseph/projects/RideConnect/vendor/laravel/framework/src/Illuminate/Container/Container.php:799
/home/joseph/projects/RideConnect/vendor/laravel/framework/src/Illuminate/Console/Command.php:211
/home/joseph/projects/RideConnect/vendor/symfony/console/Command/Command.php:341
/home/joseph/projects/RideConnect/vendor/laravel/framework/src/Illuminate/Console/Command.php:180
/home/joseph/projects/RideConnect/vendor/symfony/console/Application.php:1094
/home/joseph/projects/RideConnect/vendor/symfony/console/Application.php:356
/home/joseph/projects/RideConnect/vendor/symfony/console/Application.php:195
/home/joseph/projects/RideConnect/vendor/laravel/framework/src/Illuminate/Console/Application.php:165
/home/joseph/projects/RideConnect/vendor/laravel/framework/src/Illuminate/Foundation/Console/Kernel.php:447
/home/joseph/projects/RideConnect/vendor/laravel/framework/src/Illuminate/Testing/PendingCommand.php:451
/home/joseph/projects/RideConnect/vendor/laravel/framework/src/Illuminate/Testing/PendingCommand.php:675
/home/joseph/projects/RideConnect/vendor/laravel/framework/src/Illuminate/Foundation/Testing/Concerns/InteractsWithConsole.php:87
/home/joseph/projects/RideConnect/vendor/laravel/framework/src/Illuminate/Foundation/Testing/RefreshDatabase.php:119
/home/joseph/projects/RideConnect/vendor/laravel/framework/src/Illuminate/Foundation/Testing/RefreshDatabase.php:84
/home/joseph/projects/RideConnect/vendor/laravel/framework/src/Illuminate/Foundation/Testing/RefreshDatabase.php:25
/home/joseph/projects/RideConnect/vendor/laravel/framework/src/Illuminate/Foundation/Testing/Concerns/InteractsWithTestCaseLifecycle.php:217
/home/joseph/projects/RideConnect/vendor/laravel/framework/src/Illuminate/Foundation/Testing/Concerns/InteractsWithTestCaseLifecycle.php:101
/home/joseph/projects/RideConnect/vendor/laravel/framework/src/Illuminate/Foundation/Testing/TestCase.php:63
/home/joseph/projects/RideConnect/tests/Feature/ComplianceReportTest.php:32</error>
        </testcase>
        <testcase name="test_json_report_generates_valid_json" file="/home/joseph/projects/RideConnect/tests/Feature/ComplianceReportTest.php" line="107" class="Tests\Feature\ComplianceReportTest" classname="Tests.Feature.ComplianceReportTest" assertions="0" time="0.000000">
          <error type="Illuminate\Database\QueryException">Tests\Feature\ComplianceReportTest::test_json_report_generates_valid_json
Illuminate\Database\QueryException: could not find driver (Connection: sqlite, Database: :memory:, SQL: select exists (select 1 from "main".sqlite_master where name = 'migrations' and type = 'table') as "exists")

/home/joseph/projects/RideConnect/vendor/laravel/framework/src/Illuminate/Database/Connection.php:838
/home/joseph/projects/RideConnect/vendor/laravel/framework/src/Illuminate/Database/Connection.php:794
/home/joseph/projects/RideConnect/vendor/laravel/framework/src/Illuminate/Database/Connection.php:411
/home/joseph/projects/RideConnect/vendor/laravel/framework/src/Illuminate/Database/Connection.php:357
/home/joseph/projects/RideConnect/vendor/laravel/framework/src/Illuminate/Database/Connection.php:374
/home/joseph/projects/RideConnect/vendor/laravel/framework/src/Illuminate/Database/Schema/Builder.php:176
/home/joseph/projects/RideConnect/vendor/laravel/framework/src/Illuminate/Database/Migrations/DatabaseMigrationRepository.php:185
/home/joseph/projects/RideConnect/vendor/laravel/framework/src/Illuminate/Database/Migrations/Migrator.php:758
/home/joseph/projects/RideConnect/vendor/laravel/framework/src/Illuminate/Database/Console/Migrations/MigrateCommand.php:164
/home/joseph/projects/RideConnect/vendor/laravel/framework/src/Illuminate/Support/helpers.php:328
/home/joseph/projects/RideConnect/vendor/laravel/framework/src/Illuminate/Database/Console/Migrations/MigrateCommand.php:164
/home/joseph/projects/RideConnect/vendor/laravel/framework/src/Illuminate/Database/Console/Migrations/MigrateCommand.php:140
/home/joseph/projects/RideConnect/vendor/laravel/framework/src/Illuminate/Database/Console/Migrations/MigrateCommand.php:110
/home/joseph/projects/RideConnect/vendor/laravel/framework/src/Illuminate/Database/Migrations/Migrator.php:671
/home/joseph/projects/RideConnect/vendor/laravel/framework/src/Illuminate/Database/Console/Migrations/MigrateCommand.php:109
/home/joseph/projects/RideConnect/vendor/laravel/framework/src/Illuminate/Database/Console/Migrations/MigrateCommand.php:88
/home/joseph/projects/RideConnect/vendor/laravel/framework/src/Illuminate/Container/BoundMethod.php:36
/home/joseph/projects/RideConnect/vendor/laravel/framework/src/Illuminate/Container/Util.php:43
/home/joseph/projects/RideConnect/vendor/laravel/framework/src/Illuminate/Container/BoundMethod.php:96
/home/joseph/projects/RideConnect/vendor/laravel/framework/src/Illuminate/Container/BoundMethod.php:35
/home/joseph/projects/RideConnect/vendor/laravel/framework/src/Illuminate/Container/Container.php:799
/home/joseph/projects/RideConnect/vendor/laravel/framework/src/Illuminate/Console/Command.php:211
/home/joseph/projects/RideConnect/vendor/symfony/console/Command/Command.php:341
/home/joseph/projects/RideConnect/vendor/laravel/framework/src/Illuminate/Console/Command.php:180
/home/joseph/projects/RideConnect/vendor/laravel/framework/src/Illuminate/Console/Concerns/CallsCommands.php:68
/home/joseph/projects/RideConnect/vendor/laravel/framework/src/Illuminate/Console/Concerns/CallsCommands.php:29
/home/joseph/projects/RideConnect/vendor/laravel/framework/src/Illuminate/Database/Console/Migrations/FreshCommand.php:88
/home/joseph/projects/RideConnect/vendor/laravel/framework/src/Illuminate/Container/BoundMethod.php:36
/home/joseph/projects/RideConnect/vendor/laravel/framework/src/Illuminate/Container/Util.php:43
/home/joseph/projects/RideConnect/vendor/laravel/framework/src/Illuminate/Container/BoundMethod.php:96
/home/joseph/projects/RideConnect/vendor/laravel/framework/src/Illuminate/Container/BoundMethod.php:35
/home/joseph/projects/RideConnect/vendor/laravel/framework/src/Illuminate/Container/Container.php:799
/home/joseph/projects/RideConnect/vendor/laravel/framework/src/Illuminate/Console/Command.php:211
/home/joseph/projects/RideConnect/vendor/symfony/console/Command/Command.php:341
/home/joseph/projects/RideConnect/vendor/laravel/framework/src/Illuminate/Console/Command.php:180
/home/joseph/projects/RideConnect/vendor/symfony/console/Application.php:1094
/home/joseph/projects/RideConnect/vendor/symfony/console/Application.php:356
/home/joseph/projects/RideConnect/vendor/symfony/console/Application.php:195
/home/joseph/projects/RideConnect/vendor/laravel/framework/src/Illuminate/Console/Application.php:165
/home/joseph/projects/RideConnect/vendor/laravel/framework/src/Illuminate/Foundation/Console/Kernel.php:447
/home/joseph/projects/RideConnect/vendor/laravel/framework/src/Illuminate/Testing/PendingCommand.php:451
/home/joseph/projects/RideConnect/vendor/laravel/framework/src/Illuminate/Testing/PendingCommand.php:675
/home/joseph/projects/RideConnect/vendor/laravel/framework/src/Illuminate/Foundation/Testing/Concerns/InteractsWithConsole.php:87
/home/joseph/projects/RideConnect/vendor/laravel/framework/src/Illuminate/Foundation/Testing/RefreshDatabase.php:119
/home/joseph/projects/RideConnect/vendor/laravel/framework/src/Illuminate/Foundation/Testing/RefreshDatabase.php:84
/home/joseph/projects/RideConnect/vendor/laravel/framework/src/Illuminate/Foundation/Testing/RefreshDatabase.php:25
/home/joseph/projects/RideConnect/vendor/laravel/framework/src/Illuminate/Foundation/Testing/Concerns/InteractsWithTestCaseLifecycle.php:217
/home/joseph/projects/RideConnect/vendor/laravel/framework/src/Illuminate/Foundation/Testing/Concerns/InteractsWithTestCaseLifecycle.php:101
/home/joseph/projects/RideConnect/vendor/laravel/framework/src/Illuminate/Foundation/Testing/TestCase.php:63
/home/joseph/projects/RideConnect/tests/Feature/ComplianceReportTest.php:32</error>
        </testcase>
        <testcase name="test_generated_report_stores_row_count_in_summary" file="/home/joseph/projects/RideConnect/tests/Feature/ComplianceReportTest.php" line="135" class="Tests\Feature\ComplianceReportTest" classname="Tests.Feature.ComplianceReportTest" assertions="0" time="0.000000">
          <error type="Illuminate\Database\QueryException">Tests\Feature\ComplianceReportTest::test_generated_report_stores_row_count_in_summary
Illuminate\Database\QueryException: could not find driver (Connection: sqlite, Database: :memory:, SQL: select exists (select 1 from "main".sqlite_master where name = 'migrations' and type = 'table') as "exists")

/home/joseph/projects/RideConnect/vendor/laravel/framework/src/Illuminate/Database/Connection.php:838
/home/joseph/projects/RideConnect/vendor/laravel/framework/src/Illuminate/Database/Connection.php:794
/home/joseph/projects/RideConnect/vendor/laravel/framework/src/Illuminate/Database/Connection.php:411
/home/joseph/projects/RideConnect/vendor/laravel/framework/src/Illuminate/Database/Connection.php:357
/home/joseph/projects/RideConnect/vendor/laravel/framework/src/Illuminate/Database/Connection.php:374
/home/joseph/projects/RideConnect/vendor/laravel/framework/src/Illuminate/Database/Schema/Builder.php:176
/home/joseph/projects/RideConnect/vendor/laravel/framework/src/Illuminate/Database/Migrations/DatabaseMigrationRepository.php:185
/home/joseph/projects/RideConnect/vendor/laravel/framework/src/Illuminate/Database/Migrations/Migrator.php:758
/home/joseph/projects/RideConnect/vendor/laravel/framework/src/Illuminate/Database/Console/Migrations/MigrateCommand.php:164
/home/joseph/projects/RideConnect/vendor/laravel/framework/src/Illuminate/Support/helpers.php:328
/home/joseph/projects/RideConnect/vendor/laravel/framework/src/Illuminate/Database/Console/Migrations/MigrateCommand.php:164
/home/joseph/projects/RideConnect/vendor/laravel/framework/src/Illuminate/Database/Console/Migrations/MigrateCommand.php:140
/home/joseph/projects/RideConnect/vendor/laravel/framework/src/Illuminate/Database/Console/Migrations/MigrateCommand.php:110
/home/joseph/projects/RideConnect/vendor/laravel/framework/src/Illuminate/Database/Migrations/Migrator.php:671
/home/joseph/projects/RideConnect/vendor/laravel/framework/src/Illuminate/Database/Console/Migrations/MigrateCommand.php:109
/home/joseph/projects/RideConnect/vendor/laravel/framework/src/Illuminate/Database/Console/Migrations/MigrateCommand.php:88
/home/joseph/projects/RideConnect/vendor/laravel/framework/src/Illuminate/Container/BoundMethod.php:36
/home/joseph/projects/RideConnect/vendor/laravel/framework/src/Illuminate/Container/Util.php:43
/home/joseph/projects/RideConnect/vendor/laravel/framework/src/Illuminate/Container/BoundMethod.php:96
/home/joseph/projects/RideConnect/vendor/laravel/framework/src/Illuminate/Container/BoundMethod.php:35
/home/joseph/projects/RideConnect/vendor/laravel/framework/src/Illuminate/Container/Container.php:799
/home/joseph/projects/RideConnect/vendor/laravel/framework/src/Illuminate/Console/Command.php:211
/home/joseph/projects/RideConnect/vendor/symfony/console/Command/Command.php:341
/home/joseph/projects/RideConnect/vendor/laravel/framework/src/Illuminate/Console/Command.php:180
/home/joseph/projects/RideConnect/vendor/laravel/framework/src/Illuminate/Console/Concerns/CallsCommands.php:68
/home/joseph/projects/RideConnect/vendor/laravel/framework/src/Illuminate/Console/Concerns/CallsCommands.php:29
/home/joseph/projects/RideConnect/vendor/laravel/framework/src/Illuminate/Database/Console/Migrations/FreshCommand.php:88
/home/joseph/projects/RideConnect/vendor/laravel/framework/src/Illuminate/Container/BoundMethod.php:36
/home/joseph/projects/RideConnect/vendor/laravel/framework/src/Illuminate/Container/Util.php:43
/home/joseph/projects/RideConnect/vendor/laravel/framework/src/Illuminate/Container/BoundMethod.php:96
/home/joseph/projects/RideConnect/vendor/laravel/framework/src/Illuminate/Container/BoundMethod.php:35
/home/joseph/projects/RideConnect/vendor/laravel/framework/src/Illuminate/Container/Container.php:799
/home/joseph/projects/RideConnect/vendor/laravel/framework/src/Illuminate/Console/Command.php:211
/home/joseph/projects/RideConnect/vendor/symfony/console/Command/Command.php:341
/home/joseph/projects/RideConnect/vendor/laravel/framework/src/Illuminate/Console/Command.php:180
/home/joseph/projects/RideConnect/vendor/symfony/console/Application.php:1094
/home/joseph/projects/RideConnect/vendor/symfony/console/Application.php:356
/home/joseph/projects/RideConnect/vendor/symfony/console/Application.php:195
/home/joseph/projects/RideConnect/vendor/laravel/framework/src/Illuminate/Console/Application.php:165
/home/joseph/projects/RideConnect/vendor/laravel/framework/src/Illuminate/Foundation/Console/Kernel.php:447
/home/joseph/projects/RideConnect/vendor/laravel/framework/src/Illuminate/Testing/PendingCommand.php:451
/home/joseph/projects/RideConnect/vendor/laravel/framework/src/Illuminate/Testing/PendingCommand.php:675
/home/joseph/projects/RideConnect/vendor/laravel/framework/src/Illuminate/Foundation/Testing/Concerns/InteractsWithConsole.php:87
/home/joseph/projects/RideConnect/vendor/laravel/framework/src/Illuminate/Foundation/Testing/RefreshDatabase.php:119
/home/joseph/projects/RideConnect/vendor/laravel/framework/src/Illuminate/Foundation/Testing/RefreshDatabase.php:84
/home/joseph/projects/RideConnect/vendor/laravel/framework/src/Illuminate/Foundation/Testing/RefreshDatabase.php:25
/home/joseph/projects/RideConnect/vendor/laravel/framework/src/Illuminate/Foundation/Testing/Concerns/InteractsWithTestCaseLifecycle.php:217
/home/joseph/projects/RideConnect/vendor/laravel/framework/src/Illuminate/Foundation/Testing/Concerns/InteractsWithTestCaseLifecycle.php:101
/home/joseph/projects/RideConnect/vendor/laravel/framework/src/Illuminate/Foundation/Testing/TestCase.php:63
/home/joseph/projects/RideConnect/tests/Feature/ComplianceReportTest.php:32</error>
        </testcase>
        <testcase name="test_unknown_report_type_marks_status_as_failed" file="/home/joseph/projects/RideConnect/tests/Feature/ComplianceReportTest.php" line="157" class="Tests\Feature\ComplianceReportTest" classname="Tests.Feature.ComplianceReportTest" assertions="0" time="0.000000">
          <error type="Illuminate\Database\QueryException">Tests\Feature\ComplianceReportTest::test_unknown_report_type_marks_status_as_failed
Illuminate\Database\QueryException: could not find driver (Connection: sqlite, Database: :memory:, SQL: select exists (select 1 from "main".sqlite_master where name = 'migrations' and type = 'table') as "exists")

/home/joseph/projects/RideConnect/vendor/laravel/framework/src/Illuminate/Database/Connection.php:838
/home/joseph/projects/RideConnect/vendor/laravel/framework/src/Illuminate/Database/Connection.php:794
/home/joseph/projects/RideConnect/vendor/laravel/framework/src/Illuminate/Database/Connection.php:411
/home/joseph/projects/RideConnect/vendor/laravel/framework/src/Illuminate/Database/Connection.php:357
/home/joseph/projects/RideConnect/vendor/laravel/framework/src/Illuminate/Database/Connection.php:374
/home/joseph/projects/RideConnect/vendor/laravel/framework/src/Illuminate/Database/Schema/Builder.php:176
/home/joseph/projects/RideConnect/vendor/laravel/framework/src/Illuminate/Database/Migrations/DatabaseMigrationRepository.php:185
/home/joseph/projects/RideConnect/vendor/laravel/framework/src/Illuminate/Database/Migrations/Migrator.php:758
/home/joseph/projects/RideConnect/vendor/laravel/framework/src/Illuminate/Database/Console/Migrations/MigrateCommand.php:164
/home/joseph/projects/RideConnect/vendor/laravel/framework/src/Illuminate/Support/helpers.php:328
/home/joseph/projects/RideConnect/vendor/laravel/framework/src/Illuminate/Database/Console/Migrations/MigrateCommand.php:164
/home/joseph/projects/RideConnect/vendor/laravel/framework/src/Illuminate/Database/Console/Migrations/MigrateCommand.php:140
/home/joseph/projects/RideConnect/vendor/laravel/framework/src/Illuminate/Database/Console/Migrations/MigrateCommand.php:110
/home/joseph/projects/RideConnect/vendor/laravel/framework/src/Illuminate/Database/Migrations/Migrator.php:671
/home/joseph/projects/RideConnect/vendor/laravel/framework/src/Illuminate/Database/Console/Migrations/MigrateCommand.php:109
/home/joseph/projects/RideConnect/vendor/laravel/framework/src/Illuminate/Database/Console/Migrations/MigrateCommand.php:88
/home/joseph/projects/RideConnect/vendor/laravel/framework/src/Illuminate/Container/BoundMethod.php:36
/home/joseph/projects/RideConnect/vendor/laravel/framework/src/Illuminate/Container/Util.php:43
/home/joseph/projects/RideConnect/vendor/laravel/framework/src/Illuminate/Container/BoundMethod.php:96
/home/joseph/projects/RideConnect/vendor/laravel/framework/src/Illuminate/Container/BoundMethod.php:35
/home/joseph/projects/RideConnect/vendor/laravel/framework/src/Illuminate/Container/Container.php:799
/home/joseph/projects/RideConnect/vendor/laravel/framework/src/Illuminate/Console/Command.php:211
/home/joseph/projects/RideConnect/vendor/symfony/console/Command/Command.php:341
/home/joseph/projects/RideConnect/vendor/laravel/framework/src/Illuminate/Console/Command.php:180
/home/joseph/projects/RideConnect/vendor/laravel/framework/src/Illuminate/Console/Concerns/CallsCommands.php:68
/home/joseph/projects/RideConnect/vendor/laravel/framework/src/Illuminate/Console/Concerns/CallsCommands.php:29
/home/joseph/projects/RideConnect/vendor/laravel/framework/src/Illuminate/Database/Console/Migrations/FreshCommand.php:88
/home/joseph/projects/RideConnect/vendor/laravel/framework/src/Illuminate/Container/BoundMethod.php:36
/home/joseph/projects/RideConnect/vendor/laravel/framework/src/Illuminate/Container/Util.php:43
/home/joseph/projects/RideConnect/vendor/laravel/framework/src/Illuminate/Container/BoundMethod.php:96
/home/joseph/projects/RideConnect/vendor/laravel/framework/src/Illuminate/Container/BoundMethod.php:35
/home/joseph/projects/RideConnect/vendor/laravel/framework/src/Illuminate/Container/Container.php:799
/home/joseph/projects/RideConnect/vendor/laravel/framework/src/Illuminate/Console/Command.php:211
/home/joseph/projects/RideConnect/vendor/symfony/console/Command/Command.php:341
/home/joseph/projects/RideConnect/vendor/laravel/framework/src/Illuminate/Console/Command.php:180
/home/joseph/projects/RideConnect/vendor/symfony/console/Application.php:1094
/home/joseph/projects/RideConnect/vendor/symfony/console/Application.php:356
/home/joseph/projects/RideConnect/vendor/symfony/console/Application.php:195
/home/joseph/projects/RideConnect/vendor/laravel/framework/src/Illuminate/Console/Application.php:165
/home/joseph/projects/RideConnect/vendor/laravel/framework/src/Illuminate/Foundation/Console/Kernel.php:447
/home/joseph/projects/RideConnect/vendor/laravel/framework/src/Illuminate/Testing/PendingCommand.php:451
/home/joseph/projects/RideConnect/vendor/laravel/framework/src/Illuminate/Testing/PendingCommand.php:675
/home/joseph/projects/RideConnect/vendor/laravel/framework/src/Illuminate/Foundation/Testing/Concerns/InteractsWithConsole.php:87
/home/joseph/projects/RideConnect/vendor/laravel/framework/src/Illuminate/Foundation/Testing/RefreshDatabase.php:119
/home/joseph/projects/RideConnect/vendor/laravel/framework/src/Illuminate/Foundation/Testing/RefreshDatabase.php:84
/home/joseph/projects/RideConnect/vendor/laravel/framework/src/Illuminate/Foundation/Testing/RefreshDatabase.php:25
/home/joseph/projects/RideConnect/vendor/laravel/framework/src/Illuminate/Foundation/Testing/Concerns/InteractsWithTestCaseLifecycle.php:217
/home/joseph/projects/RideConnect/vendor/laravel/framework/src/Illuminate/Foundation/Testing/Concerns/InteractsWithTestCaseLifecycle.php:101
/home/joseph/projects/RideConnect/vendor/laravel/framework/src/Illuminate/Foundation/Testing/TestCase.php:63
/home/joseph/projects/RideConnect/tests/Feature/ComplianceReportTest.php:32</error>
        </testcase>
      </testsuite>
      <testsuite name="Tests\Feature\Console\BackfillPlatformHealthSnapshotsTest" file="/home/joseph/projects/RideConnect/tests/Feature/Console/BackfillPlatformHealthSnapshotsTest.php" tests="1" assertions="0" errors="1" failures="0" skipped="0" time="0.000000">
        <testcase name="test_backfill_platform_health_snapshots_seeds_initial_row" file="/home/joseph/projects/RideConnect/tests/Feature/Console/BackfillPlatformHealthSnapshotsTest.php" line="11" class="Tests\Feature\Console\BackfillPlatformHealthSnapshotsTest" classname="Tests.Feature.Console.BackfillPlatformHealthSnapshotsTest" assertions="0" time="0.000000">
          <error type="Illuminate\Database\QueryException">Tests\Feature\Console\BackfillPlatformHealthSnapshotsTest::test_backfill_platform_health_snapshots_seeds_initial_row
Illuminate\Database\QueryException: could not find driver (Connection: sqlite, Database: :memory:, SQL: select exists (select 1 from "main".sqlite_master where name = 'migrations' and type = 'table') as "exists")

/home/joseph/projects/RideConnect/vendor/laravel/framework/src/Illuminate/Database/Connection.php:838
/home/joseph/projects/RideConnect/vendor/laravel/framework/src/Illuminate/Database/Connection.php:794
/home/joseph/projects/RideConnect/vendor/laravel/framework/src/Illuminate/Database/Connection.php:411
/home/joseph/projects/RideConnect/vendor/laravel/framework/src/Illuminate/Database/Connection.php:357
/home/joseph/projects/RideConnect/vendor/laravel/framework/src/Illuminate/Database/Connection.php:374
/home/joseph/projects/RideConnect/vendor/laravel/framework/src/Illuminate/Database/Schema/Builder.php:176
/home/joseph/projects/RideConnect/vendor/laravel/framework/src/Illuminate/Database/Migrations/DatabaseMigrationRepository.php:185
/home/joseph/projects/RideConnect/vendor/laravel/framework/src/Illuminate/Database/Migrations/Migrator.php:758
/home/joseph/projects/RideConnect/vendor/laravel/framework/src/Illuminate/Database/Console/Migrations/MigrateCommand.php:164
/home/joseph/projects/RideConnect/vendor/laravel/framework/src/Illuminate/Support/helpers.php:328
/home/joseph/projects/RideConnect/vendor/laravel/framework/src/Illuminate/Database/Console/Migrations/MigrateCommand.php:164
/home/joseph/projects/RideConnect/vendor/laravel/framework/src/Illuminate/Database/Console/Migrations/MigrateCommand.php:140
/home/joseph/projects/RideConnect/vendor/laravel/framework/src/Illuminate/Database/Console/Migrations/MigrateCommand.php:110
/home/joseph/projects/RideConnect/vendor/laravel/framework/src/Illuminate/Database/Migrations/Migrator.php:671
/home/joseph/projects/RideConnect/vendor/laravel/framework/src/Illuminate/Database/Console/Migrations/MigrateCommand.php:109
/home/joseph/projects/RideConnect/vendor/laravel/framework/src/Illuminate/Database/Console/Migrations/MigrateCommand.php:88
/home/joseph/projects/RideConnect/vendor/laravel/framework/src/Illuminate/Container/BoundMethod.php:36
/home/joseph/projects/RideConnect/vendor/laravel/framework/src/Illuminate/Container/Util.php:43
/home/joseph/projects/RideConnect/vendor/laravel/framework/src/Illuminate/Container/BoundMethod.php:96
/home/joseph/projects/RideConnect/vendor/laravel/framework/src/Illuminate/Container/BoundMethod.php:35
/home/joseph/projects/RideConnect/vendor/laravel/framework/src/Illuminate/Container/Container.php:799
/home/joseph/projects/RideConnect/vendor/laravel/framework/src/Illuminate/Console/Command.php:211
/home/joseph/projects/RideConnect/vendor/symfony/console/Command/Command.php:341
/home/joseph/projects/RideConnect/vendor/laravel/framework/src/Illuminate/Console/Command.php:180
/home/joseph/projects/RideConnect/vendor/laravel/framework/src/Illuminate/Console/Concerns/CallsCommands.php:68
/home/joseph/projects/RideConnect/vendor/laravel/framework/src/Illuminate/Console/Concerns/CallsCommands.php:29
/home/joseph/projects/RideConnect/vendor/laravel/framework/src/Illuminate/Database/Console/Migrations/FreshCommand.php:88
/home/joseph/projects/RideConnect/vendor/laravel/framework/src/Illuminate/Container/BoundMethod.php:36
/home/joseph/projects/RideConnect/vendor/laravel/framework/src/Illuminate/Container/Util.php:43
/home/joseph/projects/RideConnect/vendor/laravel/framework/src/Illuminate/Container/BoundMethod.php:96
/home/joseph/projects/RideConnect/vendor/laravel/framework/src/Illuminate/Container/BoundMethod.php:35
/home/joseph/projects/RideConnect/vendor/laravel/framework/src/Illuminate/Container/Container.php:799
/home/joseph/projects/RideConnect/vendor/laravel/framework/src/Illuminate/Console/Command.php:211
/home/joseph/projects/RideConnect/vendor/symfony/console/Command/Command.php:341
/home/joseph/projects/RideConnect/vendor/laravel/framework/src/Illuminate/Console/Command.php:180
/home/joseph/projects/RideConnect/vendor/symfony/console/Application.php:1094
/home/joseph/projects/RideConnect/vendor/symfony/console/Application.php:356
/home/joseph/projects/RideConnect/vendor/symfony/console/Application.php:195
/home/joseph/projects/RideConnect/vendor/laravel/framework/src/Illuminate/Console/Application.php:165
/home/joseph/projects/RideConnect/vendor/laravel/framework/src/Illuminate/Foundation/Console/Kernel.php:447
/home/joseph/projects/RideConnect/vendor/laravel/framework/src/Illuminate/Testing/PendingCommand.php:451
/home/joseph/projects/RideConnect/vendor/laravel/framework/src/Illuminate/Testing/PendingCommand.php:675
/home/joseph/projects/RideConnect/vendor/laravel/framework/src/Illuminate/Foundation/Testing/Concerns/InteractsWithConsole.php:87
/home/joseph/projects/RideConnect/vendor/laravel/framework/src/Illuminate/Foundation/Testing/RefreshDatabase.php:119
/home/joseph/projects/RideConnect/vendor/laravel/framework/src/Illuminate/Foundation/Testing/RefreshDatabase.php:84
/home/joseph/projects/RideConnect/vendor/laravel/framework/src/Illuminate/Foundation/Testing/RefreshDatabase.php:25
/home/joseph/projects/RideConnect/vendor/laravel/framework/src/Illuminate/Foundation/Testing/Concerns/InteractsWithTestCaseLifecycle.php:217
/home/joseph/projects/RideConnect/vendor/laravel/framework/src/Illuminate/Foundation/Testing/Concerns/InteractsWithTestCaseLifecycle.php:101
/home/joseph/projects/RideConnect/vendor/laravel/framework/src/Illuminate/Foundation/Testing/TestCase.php:63</error>
        </testcase>
      </testsuite>
      <testsuite name="Tests\Feature\CreateTestUsersSeederTest" file="/home/joseph/projects/RideConnect/tests/Feature/CreateTestUsersSeederTest.php" tests="1" assertions="0" errors="1" failures="0" skipped="0" time="0.000000">
        <testcase name="test_seeded_manager_users_are_approved_for_filament_access" file="/home/joseph/projects/RideConnect/tests/Feature/CreateTestUsersSeederTest.php" line="11" class="Tests\Feature\CreateTestUsersSeederTest" classname="Tests.Feature.CreateTestUsersSeederTest" assertions="0" time="0.000000">
          <error type="Illuminate\Database\QueryException">Tests\Feature\CreateTestUsersSeederTest::test_seeded_manager_users_are_approved_for_filament_access
Illuminate\Database\QueryException: could not find driver (Connection: sqlite, Database: :memory:, SQL: select exists (select 1 from "main".sqlite_master where name = 'migrations' and type = 'table') as "exists")

/home/joseph/projects/RideConnect/vendor/laravel/framework/src/Illuminate/Database/Connection.php:838
/home/joseph/projects/RideConnect/vendor/laravel/framework/src/Illuminate/Database/Connection.php:794
/home/joseph/projects/RideConnect/vendor/laravel/framework/src/Illuminate/Database/Connection.php:411
/home/joseph/projects/RideConnect/vendor/laravel/framework/src/Illuminate/Database/Connection.php:357
/home/joseph/projects/RideConnect/vendor/laravel/framework/src/Illuminate/Database/Connection.php:374
/home/joseph/projects/RideConnect/vendor/laravel/framework/src/Illuminate/Database/Schema/Builder.php:176
/home/joseph/projects/RideConnect/vendor/laravel/framework/src/Illuminate/Database/Migrations/DatabaseMigrationRepository.php:185
/home/joseph/projects/RideConnect/vendor/laravel/framework/src/Illuminate/Database/Migrations/Migrator.php:758
/home/joseph/projects/RideConnect/vendor/laravel/framework/src/Illuminate/Database/Console/Migrations/MigrateCommand.php:164
/home/joseph/projects/RideConnect/vendor/laravel/framework/src/Illuminate/Support/helpers.php:328
/home/joseph/projects/RideConnect/vendor/laravel/framework/src/Illuminate/Database/Console/Migrations/MigrateCommand.php:164
/home/joseph/projects/RideConnect/vendor/laravel/framework/src/Illuminate/Database/Console/Migrations/MigrateCommand.php:140
/home/joseph/projects/RideConnect/vendor/laravel/framework/src/Illuminate/Database/Console/Migrations/MigrateCommand.php:110
/home/joseph/projects/RideConnect/vendor/laravel/framework/src/Illuminate/Database/Migrations/Migrator.php:671
/home/joseph/projects/RideConnect/vendor/laravel/framework/src/Illuminate/Database/Console/Migrations/MigrateCommand.php:109
/home/joseph/projects/RideConnect/vendor/laravel/framework/src/Illuminate/Database/Console/Migrations/MigrateCommand.php:88
/home/joseph/projects/RideConnect/vendor/laravel/framework/src/Illuminate/Container/BoundMethod.php:36
/home/joseph/projects/RideConnect/vendor/laravel/framework/src/Illuminate/Container/Util.php:43
/home/joseph/projects/RideConnect/vendor/laravel/framework/src/Illuminate/Container/BoundMethod.php:96
/home/joseph/projects/RideConnect/vendor/laravel/framework/src/Illuminate/Container/BoundMethod.php:35
/home/joseph/projects/RideConnect/vendor/laravel/framework/src/Illuminate/Container/Container.php:799
/home/joseph/projects/RideConnect/vendor/laravel/framework/src/Illuminate/Console/Command.php:211
/home/joseph/projects/RideConnect/vendor/symfony/console/Command/Command.php:341
/home/joseph/projects/RideConnect/vendor/laravel/framework/src/Illuminate/Console/Command.php:180
/home/joseph/projects/RideConnect/vendor/laravel/framework/src/Illuminate/Console/Concerns/CallsCommands.php:68
/home/joseph/projects/RideConnect/vendor/laravel/framework/src/Illuminate/Console/Concerns/CallsCommands.php:29
/home/joseph/projects/RideConnect/vendor/laravel/framework/src/Illuminate/Database/Console/Migrations/FreshCommand.php:88
/home/joseph/projects/RideConnect/vendor/laravel/framework/src/Illuminate/Container/BoundMethod.php:36
/home/joseph/projects/RideConnect/vendor/laravel/framework/src/Illuminate/Container/Util.php:43
/home/joseph/projects/RideConnect/vendor/laravel/framework/src/Illuminate/Container/BoundMethod.php:96
/home/joseph/projects/RideConnect/vendor/laravel/framework/src/Illuminate/Container/BoundMethod.php:35
/home/joseph/projects/RideConnect/vendor/laravel/framework/src/Illuminate/Container/Container.php:799
/home/joseph/projects/RideConnect/vendor/laravel/framework/src/Illuminate/Console/Command.php:211
/home/joseph/projects/RideConnect/vendor/symfony/console/Command/Command.php:341
/home/joseph/projects/RideConnect/vendor/laravel/framework/src/Illuminate/Console/Command.php:180
/home/joseph/projects/RideConnect/vendor/symfony/console/Application.php:1094
/home/joseph/projects/RideConnect/vendor/symfony/console/Application.php:356
/home/joseph/projects/RideConnect/vendor/symfony/console/Application.php:195
/home/joseph/projects/RideConnect/vendor/laravel/framework/src/Illuminate/Console/Application.php:165
/home/joseph/projects/RideConnect/vendor/laravel/framework/src/Illuminate/Foundation/Console/Kernel.php:447
/home/joseph/projects/RideConnect/vendor/laravel/framework/src/Illuminate/Testing/PendingCommand.php:451
/home/joseph/projects/RideConnect/vendor/laravel/framework/src/Illuminate/Testing/PendingCommand.php:675
/home/joseph/projects/RideConnect/vendor/laravel/framework/src/Illuminate/Foundation/Testing/Concerns/InteractsWithConsole.php:87
/home/joseph/projects/RideConnect/vendor/laravel/framework/src/Illuminate/Foundation/Testing/RefreshDatabase.php:119
/home/joseph/projects/RideConnect/vendor/laravel/framework/src/Illuminate/Foundation/Testing/RefreshDatabase.php:84
/home/joseph/projects/RideConnect/vendor/laravel/framework/src/Illuminate/Foundation/Testing/RefreshDatabase.php:25
/home/joseph/projects/RideConnect/vendor/laravel/framework/src/Illuminate/Foundation/Testing/Concerns/InteractsWithTestCaseLifecycle.php:217
/home/joseph/projects/RideConnect/vendor/laravel/framework/src/Illuminate/Foundation/Testing/Concerns/InteractsWithTestCaseLifecycle.php:101
/home/joseph/projects/RideConnect/vendor/laravel/framework/src/Illuminate/Foundation/Testing/TestCase.php:63</error>
        </testcase>
      </testsuite>
      <testsuite name="Tests\Feature\DashboardRoutingTest" file="/home/joseph/projects/RideConnect/tests/Feature/DashboardRoutingTest.php" tests="11" assertions="0" errors="11" failures="0" skipped="0" time="0.000000">
        <testcase name="test_super_admin_can_access_super_dashboard_logic" file="/home/joseph/projects/RideConnect/tests/Feature/DashboardRoutingTest.php" line="52" class="Tests\Feature\DashboardRoutingTest" classname="Tests.Feature.DashboardRoutingTest" assertions="0" time="0.000000">
          <error type="Illuminate\Database\QueryException">Tests\Feature\DashboardRoutingTest::test_super_admin_can_access_super_dashboard_logic
Illuminate\Database\QueryException: could not find driver (Connection: sqlite, Database: :memory:, SQL: select exists (select 1 from "main".sqlite_master where name = 'migrations' and type = 'table') as "exists")

/home/joseph/projects/RideConnect/vendor/laravel/framework/src/Illuminate/Database/Connection.php:838
/home/joseph/projects/RideConnect/vendor/laravel/framework/src/Illuminate/Database/Connection.php:794
/home/joseph/projects/RideConnect/vendor/laravel/framework/src/Illuminate/Database/Connection.php:411
/home/joseph/projects/RideConnect/vendor/laravel/framework/src/Illuminate/Database/Connection.php:357
/home/joseph/projects/RideConnect/vendor/laravel/framework/src/Illuminate/Database/Connection.php:374
/home/joseph/projects/RideConnect/vendor/laravel/framework/src/Illuminate/Database/Schema/Builder.php:176
/home/joseph/projects/RideConnect/vendor/laravel/framework/src/Illuminate/Database/Migrations/DatabaseMigrationRepository.php:185
/home/joseph/projects/RideConnect/vendor/laravel/framework/src/Illuminate/Database/Migrations/Migrator.php:758
/home/joseph/projects/RideConnect/vendor/laravel/framework/src/Illuminate/Database/Console/Migrations/MigrateCommand.php:164
/home/joseph/projects/RideConnect/vendor/laravel/framework/src/Illuminate/Support/helpers.php:328
/home/joseph/projects/RideConnect/vendor/laravel/framework/src/Illuminate/Database/Console/Migrations/MigrateCommand.php:164
/home/joseph/projects/RideConnect/vendor/laravel/framework/src/Illuminate/Database/Console/Migrations/MigrateCommand.php:140
/home/joseph/projects/RideConnect/vendor/laravel/framework/src/Illuminate/Database/Console/Migrations/MigrateCommand.php:110
/home/joseph/projects/RideConnect/vendor/laravel/framework/src/Illuminate/Database/Migrations/Migrator.php:671
/home/joseph/projects/RideConnect/vendor/laravel/framework/src/Illuminate/Database/Console/Migrations/MigrateCommand.php:109
/home/joseph/projects/RideConnect/vendor/laravel/framework/src/Illuminate/Database/Console/Migrations/MigrateCommand.php:88
/home/joseph/projects/RideConnect/vendor/laravel/framework/src/Illuminate/Container/BoundMethod.php:36
/home/joseph/projects/RideConnect/vendor/laravel/framework/src/Illuminate/Container/Util.php:43
/home/joseph/projects/RideConnect/vendor/laravel/framework/src/Illuminate/Container/BoundMethod.php:96
/home/joseph/projects/RideConnect/vendor/laravel/framework/src/Illuminate/Container/BoundMethod.php:35
/home/joseph/projects/RideConnect/vendor/laravel/framework/src/Illuminate/Container/Container.php:799
/home/joseph/projects/RideConnect/vendor/laravel/framework/src/Illuminate/Console/Command.php:211
/home/joseph/projects/RideConnect/vendor/symfony/console/Command/Command.php:341
/home/joseph/projects/RideConnect/vendor/laravel/framework/src/Illuminate/Console/Command.php:180
/home/joseph/projects/RideConnect/vendor/laravel/framework/src/Illuminate/Console/Concerns/CallsCommands.php:68
/home/joseph/projects/RideConnect/vendor/laravel/framework/src/Illuminate/Console/Concerns/CallsCommands.php:29
/home/joseph/projects/RideConnect/vendor/laravel/framework/src/Illuminate/Database/Console/Migrations/FreshCommand.php:88
/home/joseph/projects/RideConnect/vendor/laravel/framework/src/Illuminate/Container/BoundMethod.php:36
/home/joseph/projects/RideConnect/vendor/laravel/framework/src/Illuminate/Container/Util.php:43
/home/joseph/projects/RideConnect/vendor/laravel/framework/src/Illuminate/Container/BoundMethod.php:96
/home/joseph/projects/RideConnect/vendor/laravel/framework/src/Illuminate/Container/BoundMethod.php:35
/home/joseph/projects/RideConnect/vendor/laravel/framework/src/Illuminate/Container/Container.php:799
/home/joseph/projects/RideConnect/vendor/laravel/framework/src/Illuminate/Console/Command.php:211
/home/joseph/projects/RideConnect/vendor/symfony/console/Command/Command.php:341
/home/joseph/projects/RideConnect/vendor/laravel/framework/src/Illuminate/Console/Command.php:180
/home/joseph/projects/RideConnect/vendor/symfony/console/Application.php:1094
/home/joseph/projects/RideConnect/vendor/symfony/console/Application.php:356
/home/joseph/projects/RideConnect/vendor/symfony/console/Application.php:195
/home/joseph/projects/RideConnect/vendor/laravel/framework/src/Illuminate/Console/Application.php:165
/home/joseph/projects/RideConnect/vendor/laravel/framework/src/Illuminate/Foundation/Console/Kernel.php:447
/home/joseph/projects/RideConnect/vendor/laravel/framework/src/Illuminate/Testing/PendingCommand.php:451
/home/joseph/projects/RideConnect/vendor/laravel/framework/src/Illuminate/Testing/PendingCommand.php:675
/home/joseph/projects/RideConnect/vendor/laravel/framework/src/Illuminate/Foundation/Testing/Concerns/InteractsWithConsole.php:87
/home/joseph/projects/RideConnect/vendor/laravel/framework/src/Illuminate/Foundation/Testing/RefreshDatabase.php:119
/home/joseph/projects/RideConnect/vendor/laravel/framework/src/Illuminate/Foundation/Testing/RefreshDatabase.php:84
/home/joseph/projects/RideConnect/vendor/laravel/framework/src/Illuminate/Foundation/Testing/RefreshDatabase.php:25
/home/joseph/projects/RideConnect/vendor/laravel/framework/src/Illuminate/Foundation/Testing/Concerns/InteractsWithTestCaseLifecycle.php:217
/home/joseph/projects/RideConnect/vendor/laravel/framework/src/Illuminate/Foundation/Testing/Concerns/InteractsWithTestCaseLifecycle.php:101
/home/joseph/projects/RideConnect/vendor/laravel/framework/src/Illuminate/Foundation/Testing/TestCase.php:63
/home/joseph/projects/RideConnect/tests/Feature/DashboardRoutingTest.php:21</error>
        </testcase>
        <testcase name="test_admin_can_access_admin_dashboard_logic" file="/home/joseph/projects/RideConnect/tests/Feature/DashboardRoutingTest.php" line="66" class="Tests\Feature\DashboardRoutingTest" classname="Tests.Feature.DashboardRoutingTest" assertions="0" time="0.000000">
          <error type="Illuminate\Database\QueryException">Tests\Feature\DashboardRoutingTest::test_admin_can_access_admin_dashboard_logic
Illuminate\Database\QueryException: could not find driver (Connection: sqlite, Database: :memory:, SQL: select exists (select 1 from "main".sqlite_master where name = 'migrations' and type = 'table') as "exists")

/home/joseph/projects/RideConnect/vendor/laravel/framework/src/Illuminate/Database/Connection.php:838
/home/joseph/projects/RideConnect/vendor/laravel/framework/src/Illuminate/Database/Connection.php:794
/home/joseph/projects/RideConnect/vendor/laravel/framework/src/Illuminate/Database/Connection.php:411
/home/joseph/projects/RideConnect/vendor/laravel/framework/src/Illuminate/Database/Connection.php:357
/home/joseph/projects/RideConnect/vendor/laravel/framework/src/Illuminate/Database/Connection.php:374
/home/joseph/projects/RideConnect/vendor/laravel/framework/src/Illuminate/Database/Schema/Builder.php:176
/home/joseph/projects/RideConnect/vendor/laravel/framework/src/Illuminate/Database/Migrations/DatabaseMigrationRepository.php:185
/home/joseph/projects/RideConnect/vendor/laravel/framework/src/Illuminate/Database/Migrations/Migrator.php:758
/home/joseph/projects/RideConnect/vendor/laravel/framework/src/Illuminate/Database/Console/Migrations/MigrateCommand.php:164
/home/joseph/projects/RideConnect/vendor/laravel/framework/src/Illuminate/Support/helpers.php:328
/home/joseph/projects/RideConnect/vendor/laravel/framework/src/Illuminate/Database/Console/Migrations/MigrateCommand.php:164
/home/joseph/projects/RideConnect/vendor/laravel/framework/src/Illuminate/Database/Console/Migrations/MigrateCommand.php:140
/home/joseph/projects/RideConnect/vendor/laravel/framework/src/Illuminate/Database/Console/Migrations/MigrateCommand.php:110
/home/joseph/projects/RideConnect/vendor/laravel/framework/src/Illuminate/Database/Migrations/Migrator.php:671
/home/joseph/projects/RideConnect/vendor/laravel/framework/src/Illuminate/Database/Console/Migrations/MigrateCommand.php:109
/home/joseph/projects/RideConnect/vendor/laravel/framework/src/Illuminate/Database/Console/Migrations/MigrateCommand.php:88
/home/joseph/projects/RideConnect/vendor/laravel/framework/src/Illuminate/Container/BoundMethod.php:36
/home/joseph/projects/RideConnect/vendor/laravel/framework/src/Illuminate/Container/Util.php:43
/home/joseph/projects/RideConnect/vendor/laravel/framework/src/Illuminate/Container/BoundMethod.php:96
/home/joseph/projects/RideConnect/vendor/laravel/framework/src/Illuminate/Container/BoundMethod.php:35
/home/joseph/projects/RideConnect/vendor/laravel/framework/src/Illuminate/Container/Container.php:799
/home/joseph/projects/RideConnect/vendor/laravel/framework/src/Illuminate/Console/Command.php:211
/home/joseph/projects/RideConnect/vendor/symfony/console/Command/Command.php:341
/home/joseph/projects/RideConnect/vendor/laravel/framework/src/Illuminate/Console/Command.php:180
/home/joseph/projects/RideConnect/vendor/laravel/framework/src/Illuminate/Console/Concerns/CallsCommands.php:68
/home/joseph/projects/RideConnect/vendor/laravel/framework/src/Illuminate/Console/Concerns/CallsCommands.php:29
/home/joseph/projects/RideConnect/vendor/laravel/framework/src/Illuminate/Database/Console/Migrations/FreshCommand.php:88
/home/joseph/projects/RideConnect/vendor/laravel/framework/src/Illuminate/Container/BoundMethod.php:36
/home/joseph/projects/RideConnect/vendor/laravel/framework/src/Illuminate/Container/Util.php:43
/home/joseph/projects/RideConnect/vendor/laravel/framework/src/Illuminate/Container/BoundMethod.php:96
/home/joseph/projects/RideConnect/vendor/laravel/framework/src/Illuminate/Container/BoundMethod.php:35
/home/joseph/projects/RideConnect/vendor/laravel/framework/src/Illuminate/Container/Container.php:799
/home/joseph/projects/RideConnect/vendor/laravel/framework/src/Illuminate/Console/Command.php:211
/home/joseph/projects/RideConnect/vendor/symfony/console/Command/Command.php:341
/home/joseph/projects/RideConnect/vendor/laravel/framework/src/Illuminate/Console/Command.php:180
/home/joseph/projects/RideConnect/vendor/symfony/console/Application.php:1094
/home/joseph/projects/RideConnect/vendor/symfony/console/Application.php:356
/home/joseph/projects/RideConnect/vendor/symfony/console/Application.php:195
/home/joseph/projects/RideConnect/vendor/laravel/framework/src/Illuminate/Console/Application.php:165
/home/joseph/projects/RideConnect/vendor/laravel/framework/src/Illuminate/Foundation/Console/Kernel.php:447
/home/joseph/projects/RideConnect/vendor/laravel/framework/src/Illuminate/Testing/PendingCommand.php:451
/home/joseph/projects/RideConnect/vendor/laravel/framework/src/Illuminate/Testing/PendingCommand.php:675
/home/joseph/projects/RideConnect/vendor/laravel/framework/src/Illuminate/Foundation/Testing/Concerns/InteractsWithConsole.php:87
/home/joseph/projects/RideConnect/vendor/laravel/framework/src/Illuminate/Foundation/Testing/RefreshDatabase.php:119
/home/joseph/projects/RideConnect/vendor/laravel/framework/src/Illuminate/Foundation/Testing/RefreshDatabase.php:84
/home/joseph/projects/RideConnect/vendor/laravel/framework/src/Illuminate/Foundation/Testing/RefreshDatabase.php:25
/home/joseph/projects/RideConnect/vendor/laravel/framework/src/Illuminate/Foundation/Testing/Concerns/InteractsWithTestCaseLifecycle.php:217
/home/joseph/projects/RideConnect/vendor/laravel/framework/src/Illuminate/Foundation/Testing/Concerns/InteractsWithTestCaseLifecycle.php:101
/home/joseph/projects/RideConnect/vendor/laravel/framework/src/Illuminate/Foundation/Testing/TestCase.php:63
/home/joseph/projects/RideConnect/tests/Feature/DashboardRoutingTest.php:21</error>
        </testcase>
        <testcase name="test_accountant_can_access_accountant_dashboard_logic" file="/home/joseph/projects/RideConnect/tests/Feature/DashboardRoutingTest.php" line="81" class="Tests\Feature\DashboardRoutingTest" classname="Tests.Feature.DashboardRoutingTest" assertions="0" time="0.000000">
          <error type="Illuminate\Database\QueryException">Tests\Feature\DashboardRoutingTest::test_accountant_can_access_accountant_dashboard_logic
Illuminate\Database\QueryException: could not find driver (Connection: sqlite, Database: :memory:, SQL: select exists (select 1 from "main".sqlite_master where name = 'migrations' and type = 'table') as "exists")

/home/joseph/projects/RideConnect/vendor/laravel/framework/src/Illuminate/Database/Connection.php:838
/home/joseph/projects/RideConnect/vendor/laravel/framework/src/Illuminate/Database/Connection.php:794
/home/joseph/projects/RideConnect/vendor/laravel/framework/src/Illuminate/Database/Connection.php:411
/home/joseph/projects/RideConnect/vendor/laravel/framework/src/Illuminate/Database/Connection.php:357
/home/joseph/projects/RideConnect/vendor/laravel/framework/src/Illuminate/Database/Connection.php:374
/home/joseph/projects/RideConnect/vendor/laravel/framework/src/Illuminate/Database/Schema/Builder.php:176
/home/joseph/projects/RideConnect/vendor/laravel/framework/src/Illuminate/Database/Migrations/DatabaseMigrationRepository.php:185
/home/joseph/projects/RideConnect/vendor/laravel/framework/src/Illuminate/Database/Migrations/Migrator.php:758
/home/joseph/projects/RideConnect/vendor/laravel/framework/src/Illuminate/Database/Console/Migrations/MigrateCommand.php:164
/home/joseph/projects/RideConnect/vendor/laravel/framework/src/Illuminate/Support/helpers.php:328
/home/joseph/projects/RideConnect/vendor/laravel/framework/src/Illuminate/Database/Console/Migrations/MigrateCommand.php:164
/home/joseph/projects/RideConnect/vendor/laravel/framework/src/Illuminate/Database/Console/Migrations/MigrateCommand.php:140
/home/joseph/projects/RideConnect/vendor/laravel/framework/src/Illuminate/Database/Console/Migrations/MigrateCommand.php:110
/home/joseph/projects/RideConnect/vendor/laravel/framework/src/Illuminate/Database/Migrations/Migrator.php:671
/home/joseph/projects/RideConnect/vendor/laravel/framework/src/Illuminate/Database/Console/Migrations/MigrateCommand.php:109
/home/joseph/projects/RideConnect/vendor/laravel/framework/src/Illuminate/Database/Console/Migrations/MigrateCommand.php:88
/home/joseph/projects/RideConnect/vendor/laravel/framework/src/Illuminate/Container/BoundMethod.php:36
/home/joseph/projects/RideConnect/vendor/laravel/framework/src/Illuminate/Container/Util.php:43
/home/joseph/projects/RideConnect/vendor/laravel/framework/src/Illuminate/Container/BoundMethod.php:96
/home/joseph/projects/RideConnect/vendor/laravel/framework/src/Illuminate/Container/BoundMethod.php:35
/home/joseph/projects/RideConnect/vendor/laravel/framework/src/Illuminate/Container/Container.php:799
/home/joseph/projects/RideConnect/vendor/laravel/framework/src/Illuminate/Console/Command.php:211
/home/joseph/projects/RideConnect/vendor/symfony/console/Command/Command.php:341
/home/joseph/projects/RideConnect/vendor/laravel/framework/src/Illuminate/Console/Command.php:180
/home/joseph/projects/RideConnect/vendor/laravel/framework/src/Illuminate/Console/Concerns/CallsCommands.php:68
/home/joseph/projects/RideConnect/vendor/laravel/framework/src/Illuminate/Console/Concerns/CallsCommands.php:29
/home/joseph/projects/RideConnect/vendor/laravel/framework/src/Illuminate/Database/Console/Migrations/FreshCommand.php:88
/home/joseph/projects/RideConnect/vendor/laravel/framework/src/Illuminate/Container/BoundMethod.php:36
/home/joseph/projects/RideConnect/vendor/laravel/framework/src/Illuminate/Container/Util.php:43
/home/joseph/projects/RideConnect/vendor/laravel/framework/src/Illuminate/Container/BoundMethod.php:96
/home/joseph/projects/RideConnect/vendor/laravel/framework/src/Illuminate/Container/BoundMethod.php:35
/home/joseph/projects/RideConnect/vendor/laravel/framework/src/Illuminate/Container/Container.php:799
/home/joseph/projects/RideConnect/vendor/laravel/framework/src/Illuminate/Console/Command.php:211
/home/joseph/projects/RideConnect/vendor/symfony/console/Command/Command.php:341
/home/joseph/projects/RideConnect/vendor/laravel/framework/src/Illuminate/Console/Command.php:180
/home/joseph/projects/RideConnect/vendor/symfony/console/Application.php:1094
/home/joseph/projects/RideConnect/vendor/symfony/console/Application.php:356
/home/joseph/projects/RideConnect/vendor/symfony/console/Application.php:195
/home/joseph/projects/RideConnect/vendor/laravel/framework/src/Illuminate/Console/Application.php:165
/home/joseph/projects/RideConnect/vendor/laravel/framework/src/Illuminate/Foundation/Console/Kernel.php:447
/home/joseph/projects/RideConnect/vendor/laravel/framework/src/Illuminate/Testing/PendingCommand.php:451
/home/joseph/projects/RideConnect/vendor/laravel/framework/src/Illuminate/Testing/PendingCommand.php:675
/home/joseph/projects/RideConnect/vendor/laravel/framework/src/Illuminate/Foundation/Testing/Concerns/InteractsWithConsole.php:87
/home/joseph/projects/RideConnect/vendor/laravel/framework/src/Illuminate/Foundation/Testing/RefreshDatabase.php:119
/home/joseph/projects/RideConnect/vendor/laravel/framework/src/Illuminate/Foundation/Testing/RefreshDatabase.php:84
/home/joseph/projects/RideConnect/vendor/laravel/framework/src/Illuminate/Foundation/Testing/RefreshDatabase.php:25
/home/joseph/projects/RideConnect/vendor/laravel/framework/src/Illuminate/Foundation/Testing/Concerns/InteractsWithTestCaseLifecycle.php:217
/home/joseph/projects/RideConnect/vendor/laravel/framework/src/Illuminate/Foundation/Testing/Concerns/InteractsWithTestCaseLifecycle.php:101
/home/joseph/projects/RideConnect/vendor/laravel/framework/src/Illuminate/Foundation/Testing/TestCase.php:63
/home/joseph/projects/RideConnect/tests/Feature/DashboardRoutingTest.php:21</error>
        </testcase>
        <testcase name="test_officer_can_access_officer_dashboard_logic" file="/home/joseph/projects/RideConnect/tests/Feature/DashboardRoutingTest.php" line="95" class="Tests\Feature\DashboardRoutingTest" classname="Tests.Feature.DashboardRoutingTest" assertions="0" time="0.000000">
          <error type="Illuminate\Database\QueryException">Tests\Feature\DashboardRoutingTest::test_officer_can_access_officer_dashboard_logic
Illuminate\Database\QueryException: could not find driver (Connection: sqlite, Database: :memory:, SQL: select exists (select 1 from "main".sqlite_master where name = 'migrations' and type = 'table') as "exists")

/home/joseph/projects/RideConnect/vendor/laravel/framework/src/Illuminate/Database/Connection.php:838
/home/joseph/projects/RideConnect/vendor/laravel/framework/src/Illuminate/Database/Connection.php:794
/home/joseph/projects/RideConnect/vendor/laravel/framework/src/Illuminate/Database/Connection.php:411
/home/joseph/projects/RideConnect/vendor/laravel/framework/src/Illuminate/Database/Connection.php:357
/home/joseph/projects/RideConnect/vendor/laravel/framework/src/Illuminate/Database/Connection.php:374
/home/joseph/projects/RideConnect/vendor/laravel/framework/src/Illuminate/Database/Schema/Builder.php:176
/home/joseph/projects/RideConnect/vendor/laravel/framework/src/Illuminate/Database/Migrations/DatabaseMigrationRepository.php:185
/home/joseph/projects/RideConnect/vendor/laravel/framework/src/Illuminate/Database/Migrations/Migrator.php:758
/home/joseph/projects/RideConnect/vendor/laravel/framework/src/Illuminate/Database/Console/Migrations/MigrateCommand.php:164
/home/joseph/projects/RideConnect/vendor/laravel/framework/src/Illuminate/Support/helpers.php:328
/home/joseph/projects/RideConnect/vendor/laravel/framework/src/Illuminate/Database/Console/Migrations/MigrateCommand.php:164
/home/joseph/projects/RideConnect/vendor/laravel/framework/src/Illuminate/Database/Console/Migrations/MigrateCommand.php:140
/home/joseph/projects/RideConnect/vendor/laravel/framework/src/Illuminate/Database/Console/Migrations/MigrateCommand.php:110
/home/joseph/projects/RideConnect/vendor/laravel/framework/src/Illuminate/Database/Migrations/Migrator.php:671
/home/joseph/projects/RideConnect/vendor/laravel/framework/src/Illuminate/Database/Console/Migrations/MigrateCommand.php:109
/home/joseph/projects/RideConnect/vendor/laravel/framework/src/Illuminate/Database/Console/Migrations/MigrateCommand.php:88
/home/joseph/projects/RideConnect/vendor/laravel/framework/src/Illuminate/Container/BoundMethod.php:36
/home/joseph/projects/RideConnect/vendor/laravel/framework/src/Illuminate/Container/Util.php:43
/home/joseph/projects/RideConnect/vendor/laravel/framework/src/Illuminate/Container/BoundMethod.php:96
/home/joseph/projects/RideConnect/vendor/laravel/framework/src/Illuminate/Container/BoundMethod.php:35
/home/joseph/projects/RideConnect/vendor/laravel/framework/src/Illuminate/Container/Container.php:799
/home/joseph/projects/RideConnect/vendor/laravel/framework/src/Illuminate/Console/Command.php:211
/home/joseph/projects/RideConnect/vendor/symfony/console/Command/Command.php:341
/home/joseph/projects/RideConnect/vendor/laravel/framework/src/Illuminate/Console/Command.php:180
/home/joseph/projects/RideConnect/vendor/laravel/framework/src/Illuminate/Console/Concerns/CallsCommands.php:68
/home/joseph/projects/RideConnect/vendor/laravel/framework/src/Illuminate/Console/Concerns/CallsCommands.php:29
/home/joseph/projects/RideConnect/vendor/laravel/framework/src/Illuminate/Database/Console/Migrations/FreshCommand.php:88
/home/joseph/projects/RideConnect/vendor/laravel/framework/src/Illuminate/Container/BoundMethod.php:36
/home/joseph/projects/RideConnect/vendor/laravel/framework/src/Illuminate/Container/Util.php:43
/home/joseph/projects/RideConnect/vendor/laravel/framework/src/Illuminate/Container/BoundMethod.php:96
/home/joseph/projects/RideConnect/vendor/laravel/framework/src/Illuminate/Container/BoundMethod.php:35
/home/joseph/projects/RideConnect/vendor/laravel/framework/src/Illuminate/Container/Container.php:799
/home/joseph/projects/RideConnect/vendor/laravel/framework/src/Illuminate/Console/Command.php:211
/home/joseph/projects/RideConnect/vendor/symfony/console/Command/Command.php:341
/home/joseph/projects/RideConnect/vendor/laravel/framework/src/Illuminate/Console/Command.php:180
/home/joseph/projects/RideConnect/vendor/symfony/console/Application.php:1094
/home/joseph/projects/RideConnect/vendor/symfony/console/Application.php:356
/home/joseph/projects/RideConnect/vendor/symfony/console/Application.php:195
/home/joseph/projects/RideConnect/vendor/laravel/framework/src/Illuminate/Console/Application.php:165
/home/joseph/projects/RideConnect/vendor/laravel/framework/src/Illuminate/Foundation/Console/Kernel.php:447
/home/joseph/projects/RideConnect/vendor/laravel/framework/src/Illuminate/Testing/PendingCommand.php:451
/home/joseph/projects/RideConnect/vendor/laravel/framework/src/Illuminate/Testing/PendingCommand.php:675
/home/joseph/projects/RideConnect/vendor/laravel/framework/src/Illuminate/Foundation/Testing/Concerns/InteractsWithConsole.php:87
/home/joseph/projects/RideConnect/vendor/laravel/framework/src/Illuminate/Foundation/Testing/RefreshDatabase.php:119
/home/joseph/projects/RideConnect/vendor/laravel/framework/src/Illuminate/Foundation/Testing/RefreshDatabase.php:84
/home/joseph/projects/RideConnect/vendor/laravel/framework/src/Illuminate/Foundation/Testing/RefreshDatabase.php:25
/home/joseph/projects/RideConnect/vendor/laravel/framework/src/Illuminate/Foundation/Testing/Concerns/InteractsWithTestCaseLifecycle.php:217
/home/joseph/projects/RideConnect/vendor/laravel/framework/src/Illuminate/Foundation/Testing/Concerns/InteractsWithTestCaseLifecycle.php:101
/home/joseph/projects/RideConnect/vendor/laravel/framework/src/Illuminate/Foundation/Testing/TestCase.php:63
/home/joseph/projects/RideConnect/tests/Feature/DashboardRoutingTest.php:21</error>
        </testcase>
        <testcase name="test_driver_can_access_driver_dashboard_logic" file="/home/joseph/projects/RideConnect/tests/Feature/DashboardRoutingTest.php" line="109" class="Tests\Feature\DashboardRoutingTest" classname="Tests.Feature.DashboardRoutingTest" assertions="0" time="0.000000">
          <error type="Illuminate\Database\QueryException">Tests\Feature\DashboardRoutingTest::test_driver_can_access_driver_dashboard_logic
Illuminate\Database\QueryException: could not find driver (Connection: sqlite, Database: :memory:, SQL: select exists (select 1 from "main".sqlite_master where name = 'migrations' and type = 'table') as "exists")

/home/joseph/projects/RideConnect/vendor/laravel/framework/src/Illuminate/Database/Connection.php:838
/home/joseph/projects/RideConnect/vendor/laravel/framework/src/Illuminate/Database/Connection.php:794
/home/joseph/projects/RideConnect/vendor/laravel/framework/src/Illuminate/Database/Connection.php:411
/home/joseph/projects/RideConnect/vendor/laravel/framework/src/Illuminate/Database/Connection.php:357
/home/joseph/projects/RideConnect/vendor/laravel/framework/src/Illuminate/Database/Connection.php:374
/home/joseph/projects/RideConnect/vendor/laravel/framework/src/Illuminate/Database/Schema/Builder.php:176
/home/joseph/projects/RideConnect/vendor/laravel/framework/src/Illuminate/Database/Migrations/DatabaseMigrationRepository.php:185
/home/joseph/projects/RideConnect/vendor/laravel/framework/src/Illuminate/Database/Migrations/Migrator.php:758
/home/joseph/projects/RideConnect/vendor/laravel/framework/src/Illuminate/Database/Console/Migrations/MigrateCommand.php:164
/home/joseph/projects/RideConnect/vendor/laravel/framework/src/Illuminate/Support/helpers.php:328
/home/joseph/projects/RideConnect/vendor/laravel/framework/src/Illuminate/Database/Console/Migrations/MigrateCommand.php:164
/home/joseph/projects/RideConnect/vendor/laravel/framework/src/Illuminate/Database/Console/Migrations/MigrateCommand.php:140
/home/joseph/projects/RideConnect/vendor/laravel/framework/src/Illuminate/Database/Console/Migrations/MigrateCommand.php:110
/home/joseph/projects/RideConnect/vendor/laravel/framework/src/Illuminate/Database/Migrations/Migrator.php:671
/home/joseph/projects/RideConnect/vendor/laravel/framework/src/Illuminate/Database/Console/Migrations/MigrateCommand.php:109
/home/joseph/projects/RideConnect/vendor/laravel/framework/src/Illuminate/Database/Console/Migrations/MigrateCommand.php:88
/home/joseph/projects/RideConnect/vendor/laravel/framework/src/Illuminate/Container/BoundMethod.php:36
/home/joseph/projects/RideConnect/vendor/laravel/framework/src/Illuminate/Container/Util.php:43
/home/joseph/projects/RideConnect/vendor/laravel/framework/src/Illuminate/Container/BoundMethod.php:96
/home/joseph/projects/RideConnect/vendor/laravel/framework/src/Illuminate/Container/BoundMethod.php:35
/home/joseph/projects/RideConnect/vendor/laravel/framework/src/Illuminate/Container/Container.php:799
/home/joseph/projects/RideConnect/vendor/laravel/framework/src/Illuminate/Console/Command.php:211
/home/joseph/projects/RideConnect/vendor/symfony/console/Command/Command.php:341
/home/joseph/projects/RideConnect/vendor/laravel/framework/src/Illuminate/Console/Command.php:180
/home/joseph/projects/RideConnect/vendor/laravel/framework/src/Illuminate/Console/Concerns/CallsCommands.php:68
/home/joseph/projects/RideConnect/vendor/laravel/framework/src/Illuminate/Console/Concerns/CallsCommands.php:29
/home/joseph/projects/RideConnect/vendor/laravel/framework/src/Illuminate/Database/Console/Migrations/FreshCommand.php:88
/home/joseph/projects/RideConnect/vendor/laravel/framework/src/Illuminate/Container/BoundMethod.php:36
/home/joseph/projects/RideConnect/vendor/laravel/framework/src/Illuminate/Container/Util.php:43
/home/joseph/projects/RideConnect/vendor/laravel/framework/src/Illuminate/Container/BoundMethod.php:96
/home/joseph/projects/RideConnect/vendor/laravel/framework/src/Illuminate/Container/BoundMethod.php:35
/home/joseph/projects/RideConnect/vendor/laravel/framework/src/Illuminate/Container/Container.php:799
/home/joseph/projects/RideConnect/vendor/laravel/framework/src/Illuminate/Console/Command.php:211
/home/joseph/projects/RideConnect/vendor/symfony/console/Command/Command.php:341
/home/joseph/projects/RideConnect/vendor/laravel/framework/src/Illuminate/Console/Command.php:180
/home/joseph/projects/RideConnect/vendor/symfony/console/Application.php:1094
/home/joseph/projects/RideConnect/vendor/symfony/console/Application.php:356
/home/joseph/projects/RideConnect/vendor/symfony/console/Application.php:195
/home/joseph/projects/RideConnect/vendor/laravel/framework/src/Illuminate/Console/Application.php:165
/home/joseph/projects/RideConnect/vendor/laravel/framework/src/Illuminate/Foundation/Console/Kernel.php:447
/home/joseph/projects/RideConnect/vendor/laravel/framework/src/Illuminate/Testing/PendingCommand.php:451
/home/joseph/projects/RideConnect/vendor/laravel/framework/src/Illuminate/Testing/PendingCommand.php:675
/home/joseph/projects/RideConnect/vendor/laravel/framework/src/Illuminate/Foundation/Testing/Concerns/InteractsWithConsole.php:87
/home/joseph/projects/RideConnect/vendor/laravel/framework/src/Illuminate/Foundation/Testing/RefreshDatabase.php:119
/home/joseph/projects/RideConnect/vendor/laravel/framework/src/Illuminate/Foundation/Testing/RefreshDatabase.php:84
/home/joseph/projects/RideConnect/vendor/laravel/framework/src/Illuminate/Foundation/Testing/RefreshDatabase.php:25
/home/joseph/projects/RideConnect/vendor/laravel/framework/src/Illuminate/Foundation/Testing/Concerns/InteractsWithTestCaseLifecycle.php:217
/home/joseph/projects/RideConnect/vendor/laravel/framework/src/Illuminate/Foundation/Testing/Concerns/InteractsWithTestCaseLifecycle.php:101
/home/joseph/projects/RideConnect/vendor/laravel/framework/src/Illuminate/Foundation/Testing/TestCase.php:63
/home/joseph/projects/RideConnect/tests/Feature/DashboardRoutingTest.php:21</error>
        </testcase>
        <testcase name="test_passenger_can_access_passenger_dashboard_logic" file="/home/joseph/projects/RideConnect/tests/Feature/DashboardRoutingTest.php" line="123" class="Tests\Feature\DashboardRoutingTest" classname="Tests.Feature.DashboardRoutingTest" assertions="0" time="0.000000">
          <error type="Illuminate\Database\QueryException">Tests\Feature\DashboardRoutingTest::test_passenger_can_access_passenger_dashboard_logic
Illuminate\Database\QueryException: could not find driver (Connection: sqlite, Database: :memory:, SQL: select exists (select 1 from "main".sqlite_master where name = 'migrations' and type = 'table') as "exists")

/home/joseph/projects/RideConnect/vendor/laravel/framework/src/Illuminate/Database/Connection.php:838
/home/joseph/projects/RideConnect/vendor/laravel/framework/src/Illuminate/Database/Connection.php:794
/home/joseph/projects/RideConnect/vendor/laravel/framework/src/Illuminate/Database/Connection.php:411
/home/joseph/projects/RideConnect/vendor/laravel/framework/src/Illuminate/Database/Connection.php:357
/home/joseph/projects/RideConnect/vendor/laravel/framework/src/Illuminate/Database/Connection.php:374
/home/joseph/projects/RideConnect/vendor/laravel/framework/src/Illuminate/Database/Schema/Builder.php:176
/home/joseph/projects/RideConnect/vendor/laravel/framework/src/Illuminate/Database/Migrations/DatabaseMigrationRepository.php:185
/home/joseph/projects/RideConnect/vendor/laravel/framework/src/Illuminate/Database/Migrations/Migrator.php:758
/home/joseph/projects/RideConnect/vendor/laravel/framework/src/Illuminate/Database/Console/Migrations/MigrateCommand.php:164
/home/joseph/projects/RideConnect/vendor/laravel/framework/src/Illuminate/Support/helpers.php:328
/home/joseph/projects/RideConnect/vendor/laravel/framework/src/Illuminate/Database/Console/Migrations/MigrateCommand.php:164
/home/joseph/projects/RideConnect/vendor/laravel/framework/src/Illuminate/Database/Console/Migrations/MigrateCommand.php:140
/home/joseph/projects/RideConnect/vendor/laravel/framework/src/Illuminate/Database/Console/Migrations/MigrateCommand.php:110
/home/joseph/projects/RideConnect/vendor/laravel/framework/src/Illuminate/Database/Migrations/Migrator.php:671
/home/joseph/projects/RideConnect/vendor/laravel/framework/src/Illuminate/Database/Console/Migrations/MigrateCommand.php:109
/home/joseph/projects/RideConnect/vendor/laravel/framework/src/Illuminate/Database/Console/Migrations/MigrateCommand.php:88
/home/joseph/projects/RideConnect/vendor/laravel/framework/src/Illuminate/Container/BoundMethod.php:36
/home/joseph/projects/RideConnect/vendor/laravel/framework/src/Illuminate/Container/Util.php:43
/home/joseph/projects/RideConnect/vendor/laravel/framework/src/Illuminate/Container/BoundMethod.php:96
/home/joseph/projects/RideConnect/vendor/laravel/framework/src/Illuminate/Container/BoundMethod.php:35
/home/joseph/projects/RideConnect/vendor/laravel/framework/src/Illuminate/Container/Container.php:799
/home/joseph/projects/RideConnect/vendor/laravel/framework/src/Illuminate/Console/Command.php:211
/home/joseph/projects/RideConnect/vendor/symfony/console/Command/Command.php:341
/home/joseph/projects/RideConnect/vendor/laravel/framework/src/Illuminate/Console/Command.php:180
/home/joseph/projects/RideConnect/vendor/laravel/framework/src/Illuminate/Console/Concerns/CallsCommands.php:68
/home/joseph/projects/RideConnect/vendor/laravel/framework/src/Illuminate/Console/Concerns/CallsCommands.php:29
/home/joseph/projects/RideConnect/vendor/laravel/framework/src/Illuminate/Database/Console/Migrations/FreshCommand.php:88
/home/joseph/projects/RideConnect/vendor/laravel/framework/src/Illuminate/Container/BoundMethod.php:36
/home/joseph/projects/RideConnect/vendor/laravel/framework/src/Illuminate/Container/Util.php:43
/home/joseph/projects/RideConnect/vendor/laravel/framework/src/Illuminate/Container/BoundMethod.php:96
/home/joseph/projects/RideConnect/vendor/laravel/framework/src/Illuminate/Container/BoundMethod.php:35
/home/joseph/projects/RideConnect/vendor/laravel/framework/src/Illuminate/Container/Container.php:799
/home/joseph/projects/RideConnect/vendor/laravel/framework/src/Illuminate/Console/Command.php:211
/home/joseph/projects/RideConnect/vendor/symfony/console/Command/Command.php:341
/home/joseph/projects/RideConnect/vendor/laravel/framework/src/Illuminate/Console/Command.php:180
/home/joseph/projects/RideConnect/vendor/symfony/console/Application.php:1094
/home/joseph/projects/RideConnect/vendor/symfony/console/Application.php:356
/home/joseph/projects/RideConnect/vendor/symfony/console/Application.php:195
/home/joseph/projects/RideConnect/vendor/laravel/framework/src/Illuminate/Console/Application.php:165
/home/joseph/projects/RideConnect/vendor/laravel/framework/src/Illuminate/Foundation/Console/Kernel.php:447
/home/joseph/projects/RideConnect/vendor/laravel/framework/src/Illuminate/Testing/PendingCommand.php:451
/home/joseph/projects/RideConnect/vendor/laravel/framework/src/Illuminate/Testing/PendingCommand.php:675
/home/joseph/projects/RideConnect/vendor/laravel/framework/src/Illuminate/Foundation/Testing/Concerns/InteractsWithConsole.php:87
/home/joseph/projects/RideConnect/vendor/laravel/framework/src/Illuminate/Foundation/Testing/RefreshDatabase.php:119
/home/joseph/projects/RideConnect/vendor/laravel/framework/src/Illuminate/Foundation/Testing/RefreshDatabase.php:84
/home/joseph/projects/RideConnect/vendor/laravel/framework/src/Illuminate/Foundation/Testing/RefreshDatabase.php:25
/home/joseph/projects/RideConnect/vendor/laravel/framework/src/Illuminate/Foundation/Testing/Concerns/InteractsWithTestCaseLifecycle.php:217
/home/joseph/projects/RideConnect/vendor/laravel/framework/src/Illuminate/Foundation/Testing/Concerns/InteractsWithTestCaseLifecycle.php:101
/home/joseph/projects/RideConnect/vendor/laravel/framework/src/Illuminate/Foundation/Testing/TestCase.php:63
/home/joseph/projects/RideConnect/tests/Feature/DashboardRoutingTest.php:21</error>
        </testcase>
        <testcase name="test_unauthenticated_cannot_access_dashboards_logic" file="/home/joseph/projects/RideConnect/tests/Feature/DashboardRoutingTest.php" line="137" class="Tests\Feature\DashboardRoutingTest" classname="Tests.Feature.DashboardRoutingTest" assertions="0" time="0.000000">
          <error type="Illuminate\Database\QueryException">Tests\Feature\DashboardRoutingTest::test_unauthenticated_cannot_access_dashboards_logic
Illuminate\Database\QueryException: could not find driver (Connection: sqlite, Database: :memory:, SQL: select exists (select 1 from "main".sqlite_master where name = 'migrations' and type = 'table') as "exists")

/home/joseph/projects/RideConnect/vendor/laravel/framework/src/Illuminate/Database/Connection.php:838
/home/joseph/projects/RideConnect/vendor/laravel/framework/src/Illuminate/Database/Connection.php:794
/home/joseph/projects/RideConnect/vendor/laravel/framework/src/Illuminate/Database/Connection.php:411
/home/joseph/projects/RideConnect/vendor/laravel/framework/src/Illuminate/Database/Connection.php:357
/home/joseph/projects/RideConnect/vendor/laravel/framework/src/Illuminate/Database/Connection.php:374
/home/joseph/projects/RideConnect/vendor/laravel/framework/src/Illuminate/Database/Schema/Builder.php:176
/home/joseph/projects/RideConnect/vendor/laravel/framework/src/Illuminate/Database/Migrations/DatabaseMigrationRepository.php:185
/home/joseph/projects/RideConnect/vendor/laravel/framework/src/Illuminate/Database/Migrations/Migrator.php:758
/home/joseph/projects/RideConnect/vendor/laravel/framework/src/Illuminate/Database/Console/Migrations/MigrateCommand.php:164
/home/joseph/projects/RideConnect/vendor/laravel/framework/src/Illuminate/Support/helpers.php:328
/home/joseph/projects/RideConnect/vendor/laravel/framework/src/Illuminate/Database/Console/Migrations/MigrateCommand.php:164
/home/joseph/projects/RideConnect/vendor/laravel/framework/src/Illuminate/Database/Console/Migrations/MigrateCommand.php:140
/home/joseph/projects/RideConnect/vendor/laravel/framework/src/Illuminate/Database/Console/Migrations/MigrateCommand.php:110
/home/joseph/projects/RideConnect/vendor/laravel/framework/src/Illuminate/Database/Migrations/Migrator.php:671
/home/joseph/projects/RideConnect/vendor/laravel/framework/src/Illuminate/Database/Console/Migrations/MigrateCommand.php:109
/home/joseph/projects/RideConnect/vendor/laravel/framework/src/Illuminate/Database/Console/Migrations/MigrateCommand.php:88
/home/joseph/projects/RideConnect/vendor/laravel/framework/src/Illuminate/Container/BoundMethod.php:36
/home/joseph/projects/RideConnect/vendor/laravel/framework/src/Illuminate/Container/Util.php:43
/home/joseph/projects/RideConnect/vendor/laravel/framework/src/Illuminate/Container/BoundMethod.php:96
/home/joseph/projects/RideConnect/vendor/laravel/framework/src/Illuminate/Container/BoundMethod.php:35
/home/joseph/projects/RideConnect/vendor/laravel/framework/src/Illuminate/Container/Container.php:799
/home/joseph/projects/RideConnect/vendor/laravel/framework/src/Illuminate/Console/Command.php:211
/home/joseph/projects/RideConnect/vendor/symfony/console/Command/Command.php:341
/home/joseph/projects/RideConnect/vendor/laravel/framework/src/Illuminate/Console/Command.php:180
/home/joseph/projects/RideConnect/vendor/laravel/framework/src/Illuminate/Console/Concerns/CallsCommands.php:68
/home/joseph/projects/RideConnect/vendor/laravel/framework/src/Illuminate/Console/Concerns/CallsCommands.php:29
/home/joseph/projects/RideConnect/vendor/laravel/framework/src/Illuminate/Database/Console/Migrations/FreshCommand.php:88
/home/joseph/projects/RideConnect/vendor/laravel/framework/src/Illuminate/Container/BoundMethod.php:36
/home/joseph/projects/RideConnect/vendor/laravel/framework/src/Illuminate/Container/Util.php:43
/home/joseph/projects/RideConnect/vendor/laravel/framework/src/Illuminate/Container/BoundMethod.php:96
/home/joseph/projects/RideConnect/vendor/laravel/framework/src/Illuminate/Container/BoundMethod.php:35
/home/joseph/projects/RideConnect/vendor/laravel/framework/src/Illuminate/Container/Container.php:799
/home/joseph/projects/RideConnect/vendor/laravel/framework/src/Illuminate/Console/Command.php:211
/home/joseph/projects/RideConnect/vendor/symfony/console/Command/Command.php:341
/home/joseph/projects/RideConnect/vendor/laravel/framework/src/Illuminate/Console/Command.php:180
/home/joseph/projects/RideConnect/vendor/symfony/console/Application.php:1094
/home/joseph/projects/RideConnect/vendor/symfony/console/Application.php:356
/home/joseph/projects/RideConnect/vendor/symfony/console/Application.php:195
/home/joseph/projects/RideConnect/vendor/laravel/framework/src/Illuminate/Console/Application.php:165
/home/joseph/projects/RideConnect/vendor/laravel/framework/src/Illuminate/Foundation/Console/Kernel.php:447
/home/joseph/projects/RideConnect/vendor/laravel/framework/src/Illuminate/Testing/PendingCommand.php:451
/home/joseph/projects/RideConnect/vendor/laravel/framework/src/Illuminate/Testing/PendingCommand.php:675
/home/joseph/projects/RideConnect/vendor/laravel/framework/src/Illuminate/Foundation/Testing/Concerns/InteractsWithConsole.php:87
/home/joseph/projects/RideConnect/vendor/laravel/framework/src/Illuminate/Foundation/Testing/RefreshDatabase.php:119
/home/joseph/projects/RideConnect/vendor/laravel/framework/src/Illuminate/Foundation/Testing/RefreshDatabase.php:84
/home/joseph/projects/RideConnect/vendor/laravel/framework/src/Illuminate/Foundation/Testing/RefreshDatabase.php:25
/home/joseph/projects/RideConnect/vendor/laravel/framework/src/Illuminate/Foundation/Testing/Concerns/InteractsWithTestCaseLifecycle.php:217
/home/joseph/projects/RideConnect/vendor/laravel/framework/src/Illuminate/Foundation/Testing/Concerns/InteractsWithTestCaseLifecycle.php:101
/home/joseph/projects/RideConnect/vendor/laravel/framework/src/Illuminate/Foundation/Testing/TestCase.php:63
/home/joseph/projects/RideConnect/tests/Feature/DashboardRoutingTest.php:21</error>
        </testcase>
        <testcase name="test_dashboard_page_class_exists_for_role_redirect_logic" file="/home/joseph/projects/RideConnect/tests/Feature/DashboardRoutingTest.php" line="152" class="Tests\Feature\DashboardRoutingTest" classname="Tests.Feature.DashboardRoutingTest" assertions="0" time="0.000000">
          <error type="Illuminate\Database\QueryException">Tests\Feature\DashboardRoutingTest::test_dashboard_page_class_exists_for_role_redirect_logic
Illuminate\Database\QueryException: could not find driver (Connection: sqlite, Database: :memory:, SQL: select exists (select 1 from "main".sqlite_master where name = 'migrations' and type = 'table') as "exists")

/home/joseph/projects/RideConnect/vendor/laravel/framework/src/Illuminate/Database/Connection.php:838
/home/joseph/projects/RideConnect/vendor/laravel/framework/src/Illuminate/Database/Connection.php:794
/home/joseph/projects/RideConnect/vendor/laravel/framework/src/Illuminate/Database/Connection.php:411
/home/joseph/projects/RideConnect/vendor/laravel/framework/src/Illuminate/Database/Connection.php:357
/home/joseph/projects/RideConnect/vendor/laravel/framework/src/Illuminate/Database/Connection.php:374
/home/joseph/projects/RideConnect/vendor/laravel/framework/src/Illuminate/Database/Schema/Builder.php:176
/home/joseph/projects/RideConnect/vendor/laravel/framework/src/Illuminate/Database/Migrations/DatabaseMigrationRepository.php:185
/home/joseph/projects/RideConnect/vendor/laravel/framework/src/Illuminate/Database/Migrations/Migrator.php:758
/home/joseph/projects/RideConnect/vendor/laravel/framework/src/Illuminate/Database/Console/Migrations/MigrateCommand.php:164
/home/joseph/projects/RideConnect/vendor/laravel/framework/src/Illuminate/Support/helpers.php:328
/home/joseph/projects/RideConnect/vendor/laravel/framework/src/Illuminate/Database/Console/Migrations/MigrateCommand.php:164
/home/joseph/projects/RideConnect/vendor/laravel/framework/src/Illuminate/Database/Console/Migrations/MigrateCommand.php:140
/home/joseph/projects/RideConnect/vendor/laravel/framework/src/Illuminate/Database/Console/Migrations/MigrateCommand.php:110
/home/joseph/projects/RideConnect/vendor/laravel/framework/src/Illuminate/Database/Migrations/Migrator.php:671
/home/joseph/projects/RideConnect/vendor/laravel/framework/src/Illuminate/Database/Console/Migrations/MigrateCommand.php:109
/home/joseph/projects/RideConnect/vendor/laravel/framework/src/Illuminate/Database/Console/Migrations/MigrateCommand.php:88
/home/joseph/projects/RideConnect/vendor/laravel/framework/src/Illuminate/Container/BoundMethod.php:36
/home/joseph/projects/RideConnect/vendor/laravel/framework/src/Illuminate/Container/Util.php:43
/home/joseph/projects/RideConnect/vendor/laravel/framework/src/Illuminate/Container/BoundMethod.php:96
/home/joseph/projects/RideConnect/vendor/laravel/framework/src/Illuminate/Container/BoundMethod.php:35
/home/joseph/projects/RideConnect/vendor/laravel/framework/src/Illuminate/Container/Container.php:799
/home/joseph/projects/RideConnect/vendor/laravel/framework/src/Illuminate/Console/Command.php:211
/home/joseph/projects/RideConnect/vendor/symfony/console/Command/Command.php:341
/home/joseph/projects/RideConnect/vendor/laravel/framework/src/Illuminate/Console/Command.php:180
/home/joseph/projects/RideConnect/vendor/laravel/framework/src/Illuminate/Console/Concerns/CallsCommands.php:68
/home/joseph/projects/RideConnect/vendor/laravel/framework/src/Illuminate/Console/Concerns/CallsCommands.php:29
/home/joseph/projects/RideConnect/vendor/laravel/framework/src/Illuminate/Database/Console/Migrations/FreshCommand.php:88
/home/joseph/projects/RideConnect/vendor/laravel/framework/src/Illuminate/Container/BoundMethod.php:36
/home/joseph/projects/RideConnect/vendor/laravel/framework/src/Illuminate/Container/Util.php:43
/home/joseph/projects/RideConnect/vendor/laravel/framework/src/Illuminate/Container/BoundMethod.php:96
/home/joseph/projects/RideConnect/vendor/laravel/framework/src/Illuminate/Container/BoundMethod.php:35
/home/joseph/projects/RideConnect/vendor/laravel/framework/src/Illuminate/Container/Container.php:799
/home/joseph/projects/RideConnect/vendor/laravel/framework/src/Illuminate/Console/Command.php:211
/home/joseph/projects/RideConnect/vendor/symfony/console/Command/Command.php:341
/home/joseph/projects/RideConnect/vendor/laravel/framework/src/Illuminate/Console/Command.php:180
/home/joseph/projects/RideConnect/vendor/symfony/console/Application.php:1094
/home/joseph/projects/RideConnect/vendor/symfony/console/Application.php:356
/home/joseph/projects/RideConnect/vendor/symfony/console/Application.php:195
/home/joseph/projects/RideConnect/vendor/laravel/framework/src/Illuminate/Console/Application.php:165
/home/joseph/projects/RideConnect/vendor/laravel/framework/src/Illuminate/Foundation/Console/Kernel.php:447
/home/joseph/projects/RideConnect/vendor/laravel/framework/src/Illuminate/Testing/PendingCommand.php:451
/home/joseph/projects/RideConnect/vendor/laravel/framework/src/Illuminate/Testing/PendingCommand.php:675
/home/joseph/projects/RideConnect/vendor/laravel/framework/src/Illuminate/Foundation/Testing/Concerns/InteractsWithConsole.php:87
/home/joseph/projects/RideConnect/vendor/laravel/framework/src/Illuminate/Foundation/Testing/RefreshDatabase.php:119
/home/joseph/projects/RideConnect/vendor/laravel/framework/src/Illuminate/Foundation/Testing/RefreshDatabase.php:84
/home/joseph/projects/RideConnect/vendor/laravel/framework/src/Illuminate/Foundation/Testing/RefreshDatabase.php:25
/home/joseph/projects/RideConnect/vendor/laravel/framework/src/Illuminate/Foundation/Testing/Concerns/InteractsWithTestCaseLifecycle.php:217
/home/joseph/projects/RideConnect/vendor/laravel/framework/src/Illuminate/Foundation/Testing/Concerns/InteractsWithTestCaseLifecycle.php:101
/home/joseph/projects/RideConnect/vendor/laravel/framework/src/Illuminate/Foundation/Testing/TestCase.php:63
/home/joseph/projects/RideConnect/tests/Feature/DashboardRoutingTest.php:21</error>
        </testcase>
        <testcase name="test_admin_cannot_access_super_dashboard_logic" file="/home/joseph/projects/RideConnect/tests/Feature/DashboardRoutingTest.php" line="164" class="Tests\Feature\DashboardRoutingTest" classname="Tests.Feature.DashboardRoutingTest" assertions="0" time="0.000000">
          <error type="Illuminate\Database\QueryException">Tests\Feature\DashboardRoutingTest::test_admin_cannot_access_super_dashboard_logic
Illuminate\Database\QueryException: could not find driver (Connection: sqlite, Database: :memory:, SQL: select exists (select 1 from "main".sqlite_master where name = 'migrations' and type = 'table') as "exists")

/home/joseph/projects/RideConnect/vendor/laravel/framework/src/Illuminate/Database/Connection.php:838
/home/joseph/projects/RideConnect/vendor/laravel/framework/src/Illuminate/Database/Connection.php:794
/home/joseph/projects/RideConnect/vendor/laravel/framework/src/Illuminate/Database/Connection.php:411
/home/joseph/projects/RideConnect/vendor/laravel/framework/src/Illuminate/Database/Connection.php:357
/home/joseph/projects/RideConnect/vendor/laravel/framework/src/Illuminate/Database/Connection.php:374
/home/joseph/projects/RideConnect/vendor/laravel/framework/src/Illuminate/Database/Schema/Builder.php:176
/home/joseph/projects/RideConnect/vendor/laravel/framework/src/Illuminate/Database/Migrations/DatabaseMigrationRepository.php:185
/home/joseph/projects/RideConnect/vendor/laravel/framework/src/Illuminate/Database/Migrations/Migrator.php:758
/home/joseph/projects/RideConnect/vendor/laravel/framework/src/Illuminate/Database/Console/Migrations/MigrateCommand.php:164
/home/joseph/projects/RideConnect/vendor/laravel/framework/src/Illuminate/Support/helpers.php:328
/home/joseph/projects/RideConnect/vendor/laravel/framework/src/Illuminate/Database/Console/Migrations/MigrateCommand.php:164
/home/joseph/projects/RideConnect/vendor/laravel/framework/src/Illuminate/Database/Console/Migrations/MigrateCommand.php:140
/home/joseph/projects/RideConnect/vendor/laravel/framework/src/Illuminate/Database/Console/Migrations/MigrateCommand.php:110
/home/joseph/projects/RideConnect/vendor/laravel/framework/src/Illuminate/Database/Migrations/Migrator.php:671
/home/joseph/projects/RideConnect/vendor/laravel/framework/src/Illuminate/Database/Console/Migrations/MigrateCommand.php:109
/home/joseph/projects/RideConnect/vendor/laravel/framework/src/Illuminate/Database/Console/Migrations/MigrateCommand.php:88
/home/joseph/projects/RideConnect/vendor/laravel/framework/src/Illuminate/Container/BoundMethod.php:36
/home/joseph/projects/RideConnect/vendor/laravel/framework/src/Illuminate/Container/Util.php:43
/home/joseph/projects/RideConnect/vendor/laravel/framework/src/Illuminate/Container/BoundMethod.php:96
/home/joseph/projects/RideConnect/vendor/laravel/framework/src/Illuminate/Container/BoundMethod.php:35
/home/joseph/projects/RideConnect/vendor/laravel/framework/src/Illuminate/Container/Container.php:799
/home/joseph/projects/RideConnect/vendor/laravel/framework/src/Illuminate/Console/Command.php:211
/home/joseph/projects/RideConnect/vendor/symfony/console/Command/Command.php:341
/home/joseph/projects/RideConnect/vendor/laravel/framework/src/Illuminate/Console/Command.php:180
/home/joseph/projects/RideConnect/vendor/laravel/framework/src/Illuminate/Console/Concerns/CallsCommands.php:68
/home/joseph/projects/RideConnect/vendor/laravel/framework/src/Illuminate/Console/Concerns/CallsCommands.php:29
/home/joseph/projects/RideConnect/vendor/laravel/framework/src/Illuminate/Database/Console/Migrations/FreshCommand.php:88
/home/joseph/projects/RideConnect/vendor/laravel/framework/src/Illuminate/Container/BoundMethod.php:36
/home/joseph/projects/RideConnect/vendor/laravel/framework/src/Illuminate/Container/Util.php:43
/home/joseph/projects/RideConnect/vendor/laravel/framework/src/Illuminate/Container/BoundMethod.php:96
/home/joseph/projects/RideConnect/vendor/laravel/framework/src/Illuminate/Container/BoundMethod.php:35
/home/joseph/projects/RideConnect/vendor/laravel/framework/src/Illuminate/Container/Container.php:799
/home/joseph/projects/RideConnect/vendor/laravel/framework/src/Illuminate/Console/Command.php:211
/home/joseph/projects/RideConnect/vendor/symfony/console/Command/Command.php:341
/home/joseph/projects/RideConnect/vendor/laravel/framework/src/Illuminate/Console/Command.php:180
/home/joseph/projects/RideConnect/vendor/symfony/console/Application.php:1094
/home/joseph/projects/RideConnect/vendor/symfony/console/Application.php:356
/home/joseph/projects/RideConnect/vendor/symfony/console/Application.php:195
/home/joseph/projects/RideConnect/vendor/laravel/framework/src/Illuminate/Console/Application.php:165
/home/joseph/projects/RideConnect/vendor/laravel/framework/src/Illuminate/Foundation/Console/Kernel.php:447
/home/joseph/projects/RideConnect/vendor/laravel/framework/src/Illuminate/Testing/PendingCommand.php:451
/home/joseph/projects/RideConnect/vendor/laravel/framework/src/Illuminate/Testing/PendingCommand.php:675
/home/joseph/projects/RideConnect/vendor/laravel/framework/src/Illuminate/Foundation/Testing/Concerns/InteractsWithConsole.php:87
/home/joseph/projects/RideConnect/vendor/laravel/framework/src/Illuminate/Foundation/Testing/RefreshDatabase.php:119
/home/joseph/projects/RideConnect/vendor/laravel/framework/src/Illuminate/Foundation/Testing/RefreshDatabase.php:84
/home/joseph/projects/RideConnect/vendor/laravel/framework/src/Illuminate/Foundation/Testing/RefreshDatabase.php:25
/home/joseph/projects/RideConnect/vendor/laravel/framework/src/Illuminate/Foundation/Testing/Concerns/InteractsWithTestCaseLifecycle.php:217
/home/joseph/projects/RideConnect/vendor/laravel/framework/src/Illuminate/Foundation/Testing/Concerns/InteractsWithTestCaseLifecycle.php:101
/home/joseph/projects/RideConnect/vendor/laravel/framework/src/Illuminate/Foundation/Testing/TestCase.php:63
/home/joseph/projects/RideConnect/tests/Feature/DashboardRoutingTest.php:21</error>
        </testcase>
        <testcase name="test_driver_dashboard_widgets_and_columns_resolve" file="/home/joseph/projects/RideConnect/tests/Feature/DashboardRoutingTest.php" line="176" class="Tests\Feature\DashboardRoutingTest" classname="Tests.Feature.DashboardRoutingTest" assertions="0" time="0.000000">
          <error type="Illuminate\Database\QueryException">Tests\Feature\DashboardRoutingTest::test_driver_dashboard_widgets_and_columns_resolve
Illuminate\Database\QueryException: could not find driver (Connection: sqlite, Database: :memory:, SQL: select exists (select 1 from "main".sqlite_master where name = 'migrations' and type = 'table') as "exists")

/home/joseph/projects/RideConnect/vendor/laravel/framework/src/Illuminate/Database/Connection.php:838
/home/joseph/projects/RideConnect/vendor/laravel/framework/src/Illuminate/Database/Connection.php:794
/home/joseph/projects/RideConnect/vendor/laravel/framework/src/Illuminate/Database/Connection.php:411
/home/joseph/projects/RideConnect/vendor/laravel/framework/src/Illuminate/Database/Connection.php:357
/home/joseph/projects/RideConnect/vendor/laravel/framework/src/Illuminate/Database/Connection.php:374
/home/joseph/projects/RideConnect/vendor/laravel/framework/src/Illuminate/Database/Schema/Builder.php:176
/home/joseph/projects/RideConnect/vendor/laravel/framework/src/Illuminate/Database/Migrations/DatabaseMigrationRepository.php:185
/home/joseph/projects/RideConnect/vendor/laravel/framework/src/Illuminate/Database/Migrations/Migrator.php:758
/home/joseph/projects/RideConnect/vendor/laravel/framework/src/Illuminate/Database/Console/Migrations/MigrateCommand.php:164
/home/joseph/projects/RideConnect/vendor/laravel/framework/src/Illuminate/Support/helpers.php:328
/home/joseph/projects/RideConnect/vendor/laravel/framework/src/Illuminate/Database/Console/Migrations/MigrateCommand.php:164
/home/joseph/projects/RideConnect/vendor/laravel/framework/src/Illuminate/Database/Console/Migrations/MigrateCommand.php:140
/home/joseph/projects/RideConnect/vendor/laravel/framework/src/Illuminate/Database/Console/Migrations/MigrateCommand.php:110
/home/joseph/projects/RideConnect/vendor/laravel/framework/src/Illuminate/Database/Migrations/Migrator.php:671
/home/joseph/projects/RideConnect/vendor/laravel/framework/src/Illuminate/Database/Console/Migrations/MigrateCommand.php:109
/home/joseph/projects/RideConnect/vendor/laravel/framework/src/Illuminate/Database/Console/Migrations/MigrateCommand.php:88
/home/joseph/projects/RideConnect/vendor/laravel/framework/src/Illuminate/Container/BoundMethod.php:36
/home/joseph/projects/RideConnect/vendor/laravel/framework/src/Illuminate/Container/Util.php:43
/home/joseph/projects/RideConnect/vendor/laravel/framework/src/Illuminate/Container/BoundMethod.php:96
/home/joseph/projects/RideConnect/vendor/laravel/framework/src/Illuminate/Container/BoundMethod.php:35
/home/joseph/projects/RideConnect/vendor/laravel/framework/src/Illuminate/Container/Container.php:799
/home/joseph/projects/RideConnect/vendor/laravel/framework/src/Illuminate/Console/Command.php:211
/home/joseph/projects/RideConnect/vendor/symfony/console/Command/Command.php:341
/home/joseph/projects/RideConnect/vendor/laravel/framework/src/Illuminate/Console/Command.php:180
/home/joseph/projects/RideConnect/vendor/laravel/framework/src/Illuminate/Console/Concerns/CallsCommands.php:68
/home/joseph/projects/RideConnect/vendor/laravel/framework/src/Illuminate/Console/Concerns/CallsCommands.php:29
/home/joseph/projects/RideConnect/vendor/laravel/framework/src/Illuminate/Database/Console/Migrations/FreshCommand.php:88
/home/joseph/projects/RideConnect/vendor/laravel/framework/src/Illuminate/Container/BoundMethod.php:36
/home/joseph/projects/RideConnect/vendor/laravel/framework/src/Illuminate/Container/Util.php:43
/home/joseph/projects/RideConnect/vendor/laravel/framework/src/Illuminate/Container/BoundMethod.php:96
/home/joseph/projects/RideConnect/vendor/laravel/framework/src/Illuminate/Container/BoundMethod.php:35
/home/joseph/projects/RideConnect/vendor/laravel/framework/src/Illuminate/Container/Container.php:799
/home/joseph/projects/RideConnect/vendor/laravel/framework/src/Illuminate/Console/Command.php:211
/home/joseph/projects/RideConnect/vendor/symfony/console/Command/Command.php:341
/home/joseph/projects/RideConnect/vendor/laravel/framework/src/Illuminate/Console/Command.php:180
/home/joseph/projects/RideConnect/vendor/symfony/console/Application.php:1094
/home/joseph/projects/RideConnect/vendor/symfony/console/Application.php:356
/home/joseph/projects/RideConnect/vendor/symfony/console/Application.php:195
/home/joseph/projects/RideConnect/vendor/laravel/framework/src/Illuminate/Console/Application.php:165
/home/joseph/projects/RideConnect/vendor/laravel/framework/src/Illuminate/Foundation/Console/Kernel.php:447
/home/joseph/projects/RideConnect/vendor/laravel/framework/src/Illuminate/Testing/PendingCommand.php:451
/home/joseph/projects/RideConnect/vendor/laravel/framework/src/Illuminate/Testing/PendingCommand.php:675
/home/joseph/projects/RideConnect/vendor/laravel/framework/src/Illuminate/Foundation/Testing/Concerns/InteractsWithConsole.php:87
/home/joseph/projects/RideConnect/vendor/laravel/framework/src/Illuminate/Foundation/Testing/RefreshDatabase.php:119
/home/joseph/projects/RideConnect/vendor/laravel/framework/src/Illuminate/Foundation/Testing/RefreshDatabase.php:84
/home/joseph/projects/RideConnect/vendor/laravel/framework/src/Illuminate/Foundation/Testing/RefreshDatabase.php:25
/home/joseph/projects/RideConnect/vendor/laravel/framework/src/Illuminate/Foundation/Testing/Concerns/InteractsWithTestCaseLifecycle.php:217
/home/joseph/projects/RideConnect/vendor/laravel/framework/src/Illuminate/Foundation/Testing/Concerns/InteractsWithTestCaseLifecycle.php:101
/home/joseph/projects/RideConnect/vendor/laravel/framework/src/Illuminate/Foundation/Testing/TestCase.php:63
/home/joseph/projects/RideConnect/tests/Feature/DashboardRoutingTest.php:21</error>
        </testcase>
        <testcase name="test_passenger_dashboard_widgets_and_columns_resolve" file="/home/joseph/projects/RideConnect/tests/Feature/DashboardRoutingTest.php" line="191" class="Tests\Feature\DashboardRoutingTest" classname="Tests.Feature.DashboardRoutingTest" assertions="0" time="0.000000">
          <error type="Illuminate\Database\QueryException">Tests\Feature\DashboardRoutingTest::test_passenger_dashboard_widgets_and_columns_resolve
Illuminate\Database\QueryException: could not find driver (Connection: sqlite, Database: :memory:, SQL: select exists (select 1 from "main".sqlite_master where name = 'migrations' and type = 'table') as "exists")

/home/joseph/projects/RideConnect/vendor/laravel/framework/src/Illuminate/Database/Connection.php:838
/home/joseph/projects/RideConnect/vendor/laravel/framework/src/Illuminate/Database/Connection.php:794
/home/joseph/projects/RideConnect/vendor/laravel/framework/src/Illuminate/Database/Connection.php:411
/home/joseph/projects/RideConnect/vendor/laravel/framework/src/Illuminate/Database/Connection.php:357
/home/joseph/projects/RideConnect/vendor/laravel/framework/src/Illuminate/Database/Connection.php:374
/home/joseph/projects/RideConnect/vendor/laravel/framework/src/Illuminate/Database/Schema/Builder.php:176
/home/joseph/projects/RideConnect/vendor/laravel/framework/src/Illuminate/Database/Migrations/DatabaseMigrationRepository.php:185
/home/joseph/projects/RideConnect/vendor/laravel/framework/src/Illuminate/Database/Migrations/Migrator.php:758
/home/joseph/projects/RideConnect/vendor/laravel/framework/src/Illuminate/Database/Console/Migrations/MigrateCommand.php:164
/home/joseph/projects/RideConnect/vendor/laravel/framework/src/Illuminate/Support/helpers.php:328
/home/joseph/projects/RideConnect/vendor/laravel/framework/src/Illuminate/Database/Console/Migrations/MigrateCommand.php:164
/home/joseph/projects/RideConnect/vendor/laravel/framework/src/Illuminate/Database/Console/Migrations/MigrateCommand.php:140
/home/joseph/projects/RideConnect/vendor/laravel/framework/src/Illuminate/Database/Console/Migrations/MigrateCommand.php:110
/home/joseph/projects/RideConnect/vendor/laravel/framework/src/Illuminate/Database/Migrations/Migrator.php:671
/home/joseph/projects/RideConnect/vendor/laravel/framework/src/Illuminate/Database/Console/Migrations/MigrateCommand.php:109
/home/joseph/projects/RideConnect/vendor/laravel/framework/src/Illuminate/Database/Console/Migrations/MigrateCommand.php:88
/home/joseph/projects/RideConnect/vendor/laravel/framework/src/Illuminate/Container/BoundMethod.php:36
/home/joseph/projects/RideConnect/vendor/laravel/framework/src/Illuminate/Container/Util.php:43
/home/joseph/projects/RideConnect/vendor/laravel/framework/src/Illuminate/Container/BoundMethod.php:96
/home/joseph/projects/RideConnect/vendor/laravel/framework/src/Illuminate/Container/BoundMethod.php:35
/home/joseph/projects/RideConnect/vendor/laravel/framework/src/Illuminate/Container/Container.php:799
/home/joseph/projects/RideConnect/vendor/laravel/framework/src/Illuminate/Console/Command.php:211
/home/joseph/projects/RideConnect/vendor/symfony/console/Command/Command.php:341
/home/joseph/projects/RideConnect/vendor/laravel/framework/src/Illuminate/Console/Command.php:180
/home/joseph/projects/RideConnect/vendor/laravel/framework/src/Illuminate/Console/Concerns/CallsCommands.php:68
/home/joseph/projects/RideConnect/vendor/laravel/framework/src/Illuminate/Console/Concerns/CallsCommands.php:29
/home/joseph/projects/RideConnect/vendor/laravel/framework/src/Illuminate/Database/Console/Migrations/FreshCommand.php:88
/home/joseph/projects/RideConnect/vendor/laravel/framework/src/Illuminate/Container/BoundMethod.php:36
/home/joseph/projects/RideConnect/vendor/laravel/framework/src/Illuminate/Container/Util.php:43
/home/joseph/projects/RideConnect/vendor/laravel/framework/src/Illuminate/Container/BoundMethod.php:96
/home/joseph/projects/RideConnect/vendor/laravel/framework/src/Illuminate/Container/BoundMethod.php:35
/home/joseph/projects/RideConnect/vendor/laravel/framework/src/Illuminate/Container/Container.php:799
/home/joseph/projects/RideConnect/vendor/laravel/framework/src/Illuminate/Console/Command.php:211
/home/joseph/projects/RideConnect/vendor/symfony/console/Command/Command.php:341
/home/joseph/projects/RideConnect/vendor/laravel/framework/src/Illuminate/Console/Command.php:180
/home/joseph/projects/RideConnect/vendor/symfony/console/Application.php:1094
/home/joseph/projects/RideConnect/vendor/symfony/console/Application.php:356
/home/joseph/projects/RideConnect/vendor/symfony/console/Application.php:195
/home/joseph/projects/RideConnect/vendor/laravel/framework/src/Illuminate/Console/Application.php:165
/home/joseph/projects/RideConnect/vendor/laravel/framework/src/Illuminate/Foundation/Console/Kernel.php:447
/home/joseph/projects/RideConnect/vendor/laravel/framework/src/Illuminate/Testing/PendingCommand.php:451
/home/joseph/projects/RideConnect/vendor/laravel/framework/src/Illuminate/Testing/PendingCommand.php:675
/home/joseph/projects/RideConnect/vendor/laravel/framework/src/Illuminate/Foundation/Testing/Concerns/InteractsWithConsole.php:87
/home/joseph/projects/RideConnect/vendor/laravel/framework/src/Illuminate/Foundation/Testing/RefreshDatabase.php:119
/home/joseph/projects/RideConnect/vendor/laravel/framework/src/Illuminate/Foundation/Testing/RefreshDatabase.php:84
/home/joseph/projects/RideConnect/vendor/laravel/framework/src/Illuminate/Foundation/Testing/RefreshDatabase.php:25
/home/joseph/projects/RideConnect/vendor/laravel/framework/src/Illuminate/Foundation/Testing/Concerns/InteractsWithTestCaseLifecycle.php:217
/home/joseph/projects/RideConnect/vendor/laravel/framework/src/Illuminate/Foundation/Testing/Concerns/InteractsWithTestCaseLifecycle.php:101
/home/joseph/projects/RideConnect/vendor/laravel/framework/src/Illuminate/Foundation/Testing/TestCase.php:63
/home/joseph/projects/RideConnect/tests/Feature/DashboardRoutingTest.php:21</error>
        </testcase>
      </testsuite>
      <testsuite name="Tests\Feature\DomainEventsEmissionTest" file="/home/joseph/projects/RideConnect/tests/Feature/DomainEventsEmissionTest.php" tests="2" assertions="0" errors="2" failures="0" skipped="0" time="0.000000">
        <testcase name="booking_and_trip_events_are_emitted" file="/home/joseph/projects/RideConnect/tests/Feature/DomainEventsEmissionTest.php" line="25" class="Tests\Feature\DomainEventsEmissionTest" classname="Tests.Feature.DomainEventsEmissionTest" assertions="0" time="0.000000">
          <error type="Illuminate\Database\QueryException">Tests\Feature\DomainEventsEmissionTest::booking_and_trip_events_are_emitted
Illuminate\Database\QueryException: could not find driver (Connection: sqlite, Database: :memory:, SQL: select exists (select 1 from "main".sqlite_master where name = 'migrations' and type = 'table') as "exists")

/home/joseph/projects/RideConnect/vendor/laravel/framework/src/Illuminate/Database/Connection.php:838
/home/joseph/projects/RideConnect/vendor/laravel/framework/src/Illuminate/Database/Connection.php:794
/home/joseph/projects/RideConnect/vendor/laravel/framework/src/Illuminate/Database/Connection.php:411
/home/joseph/projects/RideConnect/vendor/laravel/framework/src/Illuminate/Database/Connection.php:357
/home/joseph/projects/RideConnect/vendor/laravel/framework/src/Illuminate/Database/Connection.php:374
/home/joseph/projects/RideConnect/vendor/laravel/framework/src/Illuminate/Database/Schema/Builder.php:176
/home/joseph/projects/RideConnect/vendor/laravel/framework/src/Illuminate/Database/Migrations/DatabaseMigrationRepository.php:185
/home/joseph/projects/RideConnect/vendor/laravel/framework/src/Illuminate/Database/Migrations/Migrator.php:758
/home/joseph/projects/RideConnect/vendor/laravel/framework/src/Illuminate/Database/Console/Migrations/MigrateCommand.php:164
/home/joseph/projects/RideConnect/vendor/laravel/framework/src/Illuminate/Support/helpers.php:328
/home/joseph/projects/RideConnect/vendor/laravel/framework/src/Illuminate/Database/Console/Migrations/MigrateCommand.php:164
/home/joseph/projects/RideConnect/vendor/laravel/framework/src/Illuminate/Database/Console/Migrations/MigrateCommand.php:140
/home/joseph/projects/RideConnect/vendor/laravel/framework/src/Illuminate/Database/Console/Migrations/MigrateCommand.php:110
/home/joseph/projects/RideConnect/vendor/laravel/framework/src/Illuminate/Database/Migrations/Migrator.php:671
/home/joseph/projects/RideConnect/vendor/laravel/framework/src/Illuminate/Database/Console/Migrations/MigrateCommand.php:109
/home/joseph/projects/RideConnect/vendor/laravel/framework/src/Illuminate/Database/Console/Migrations/MigrateCommand.php:88
/home/joseph/projects/RideConnect/vendor/laravel/framework/src/Illuminate/Container/BoundMethod.php:36
/home/joseph/projects/RideConnect/vendor/laravel/framework/src/Illuminate/Container/Util.php:43
/home/joseph/projects/RideConnect/vendor/laravel/framework/src/Illuminate/Container/BoundMethod.php:96
/home/joseph/projects/RideConnect/vendor/laravel/framework/src/Illuminate/Container/BoundMethod.php:35
/home/joseph/projects/RideConnect/vendor/laravel/framework/src/Illuminate/Container/Container.php:799
/home/joseph/projects/RideConnect/vendor/laravel/framework/src/Illuminate/Console/Command.php:211
/home/joseph/projects/RideConnect/vendor/symfony/console/Command/Command.php:341
/home/joseph/projects/RideConnect/vendor/laravel/framework/src/Illuminate/Console/Command.php:180
/home/joseph/projects/RideConnect/vendor/laravel/framework/src/Illuminate/Console/Concerns/CallsCommands.php:68
/home/joseph/projects/RideConnect/vendor/laravel/framework/src/Illuminate/Console/Concerns/CallsCommands.php:29
/home/joseph/projects/RideConnect/vendor/laravel/framework/src/Illuminate/Database/Console/Migrations/FreshCommand.php:88
/home/joseph/projects/RideConnect/vendor/laravel/framework/src/Illuminate/Container/BoundMethod.php:36
/home/joseph/projects/RideConnect/vendor/laravel/framework/src/Illuminate/Container/Util.php:43
/home/joseph/projects/RideConnect/vendor/laravel/framework/src/Illuminate/Container/BoundMethod.php:96
/home/joseph/projects/RideConnect/vendor/laravel/framework/src/Illuminate/Container/BoundMethod.php:35
/home/joseph/projects/RideConnect/vendor/laravel/framework/src/Illuminate/Container/Container.php:799
/home/joseph/projects/RideConnect/vendor/laravel/framework/src/Illuminate/Console/Command.php:211
/home/joseph/projects/RideConnect/vendor/symfony/console/Command/Command.php:341
/home/joseph/projects/RideConnect/vendor/laravel/framework/src/Illuminate/Console/Command.php:180
/home/joseph/projects/RideConnect/vendor/symfony/console/Application.php:1094
/home/joseph/projects/RideConnect/vendor/symfony/console/Application.php:356
/home/joseph/projects/RideConnect/vendor/symfony/console/Application.php:195
/home/joseph/projects/RideConnect/vendor/laravel/framework/src/Illuminate/Console/Application.php:165
/home/joseph/projects/RideConnect/vendor/laravel/framework/src/Illuminate/Foundation/Console/Kernel.php:447
/home/joseph/projects/RideConnect/vendor/laravel/framework/src/Illuminate/Testing/PendingCommand.php:451
/home/joseph/projects/RideConnect/vendor/laravel/framework/src/Illuminate/Testing/PendingCommand.php:675
/home/joseph/projects/RideConnect/vendor/laravel/framework/src/Illuminate/Foundation/Testing/Concerns/InteractsWithConsole.php:87
/home/joseph/projects/RideConnect/vendor/laravel/framework/src/Illuminate/Foundation/Testing/RefreshDatabase.php:119
/home/joseph/projects/RideConnect/vendor/laravel/framework/src/Illuminate/Foundation/Testing/RefreshDatabase.php:84
/home/joseph/projects/RideConnect/vendor/laravel/framework/src/Illuminate/Foundation/Testing/RefreshDatabase.php:25
/home/joseph/projects/RideConnect/vendor/laravel/framework/src/Illuminate/Foundation/Testing/Concerns/InteractsWithTestCaseLifecycle.php:217
/home/joseph/projects/RideConnect/vendor/laravel/framework/src/Illuminate/Foundation/Testing/Concerns/InteractsWithTestCaseLifecycle.php:101
/home/joseph/projects/RideConnect/vendor/laravel/framework/src/Illuminate/Foundation/Testing/TestCase.php:63</error>
        </testcase>
        <testcase name="ride_created_event_is_emitted" file="/home/joseph/projects/RideConnect/tests/Feature/DomainEventsEmissionTest.php" line="88" class="Tests\Feature\DomainEventsEmissionTest" classname="Tests.Feature.DomainEventsEmissionTest" assertions="0" time="0.000000">
          <error type="Illuminate\Database\QueryException">Tests\Feature\DomainEventsEmissionTest::ride_created_event_is_emitted
Illuminate\Database\QueryException: could not find driver (Connection: sqlite, Database: :memory:, SQL: select exists (select 1 from "main".sqlite_master where name = 'migrations' and type = 'table') as "exists")

/home/joseph/projects/RideConnect/vendor/laravel/framework/src/Illuminate/Database/Connection.php:838
/home/joseph/projects/RideConnect/vendor/laravel/framework/src/Illuminate/Database/Connection.php:794
/home/joseph/projects/RideConnect/vendor/laravel/framework/src/Illuminate/Database/Connection.php:411
/home/joseph/projects/RideConnect/vendor/laravel/framework/src/Illuminate/Database/Connection.php:357
/home/joseph/projects/RideConnect/vendor/laravel/framework/src/Illuminate/Database/Connection.php:374
/home/joseph/projects/RideConnect/vendor/laravel/framework/src/Illuminate/Database/Schema/Builder.php:176
/home/joseph/projects/RideConnect/vendor/laravel/framework/src/Illuminate/Database/Migrations/DatabaseMigrationRepository.php:185
/home/joseph/projects/RideConnect/vendor/laravel/framework/src/Illuminate/Database/Migrations/Migrator.php:758
/home/joseph/projects/RideConnect/vendor/laravel/framework/src/Illuminate/Database/Console/Migrations/MigrateCommand.php:164
/home/joseph/projects/RideConnect/vendor/laravel/framework/src/Illuminate/Support/helpers.php:328
/home/joseph/projects/RideConnect/vendor/laravel/framework/src/Illuminate/Database/Console/Migrations/MigrateCommand.php:164
/home/joseph/projects/RideConnect/vendor/laravel/framework/src/Illuminate/Database/Console/Migrations/MigrateCommand.php:140
/home/joseph/projects/RideConnect/vendor/laravel/framework/src/Illuminate/Database/Console/Migrations/MigrateCommand.php:110
/home/joseph/projects/RideConnect/vendor/laravel/framework/src/Illuminate/Database/Migrations/Migrator.php:671
/home/joseph/projects/RideConnect/vendor/laravel/framework/src/Illuminate/Database/Console/Migrations/MigrateCommand.php:109
/home/joseph/projects/RideConnect/vendor/laravel/framework/src/Illuminate/Database/Console/Migrations/MigrateCommand.php:88
/home/joseph/projects/RideConnect/vendor/laravel/framework/src/Illuminate/Container/BoundMethod.php:36
/home/joseph/projects/RideConnect/vendor/laravel/framework/src/Illuminate/Container/Util.php:43
/home/joseph/projects/RideConnect/vendor/laravel/framework/src/Illuminate/Container/BoundMethod.php:96
/home/joseph/projects/RideConnect/vendor/laravel/framework/src/Illuminate/Container/BoundMethod.php:35
/home/joseph/projects/RideConnect/vendor/laravel/framework/src/Illuminate/Container/Container.php:799
/home/joseph/projects/RideConnect/vendor/laravel/framework/src/Illuminate/Console/Command.php:211
/home/joseph/projects/RideConnect/vendor/symfony/console/Command/Command.php:341
/home/joseph/projects/RideConnect/vendor/laravel/framework/src/Illuminate/Console/Command.php:180
/home/joseph/projects/RideConnect/vendor/laravel/framework/src/Illuminate/Console/Concerns/CallsCommands.php:68
/home/joseph/projects/RideConnect/vendor/laravel/framework/src/Illuminate/Console/Concerns/CallsCommands.php:29
/home/joseph/projects/RideConnect/vendor/laravel/framework/src/Illuminate/Database/Console/Migrations/FreshCommand.php:88
/home/joseph/projects/RideConnect/vendor/laravel/framework/src/Illuminate/Container/BoundMethod.php:36
/home/joseph/projects/RideConnect/vendor/laravel/framework/src/Illuminate/Container/Util.php:43
/home/joseph/projects/RideConnect/vendor/laravel/framework/src/Illuminate/Container/BoundMethod.php:96
/home/joseph/projects/RideConnect/vendor/laravel/framework/src/Illuminate/Container/BoundMethod.php:35
/home/joseph/projects/RideConnect/vendor/laravel/framework/src/Illuminate/Container/Container.php:799
/home/joseph/projects/RideConnect/vendor/laravel/framework/src/Illuminate/Console/Command.php:211
/home/joseph/projects/RideConnect/vendor/symfony/console/Command/Command.php:341
/home/joseph/projects/RideConnect/vendor/laravel/framework/src/Illuminate/Console/Command.php:180
/home/joseph/projects/RideConnect/vendor/symfony/console/Application.php:1094
/home/joseph/projects/RideConnect/vendor/symfony/console/Application.php:356
/home/joseph/projects/RideConnect/vendor/symfony/console/Application.php:195
/home/joseph/projects/RideConnect/vendor/laravel/framework/src/Illuminate/Console/Application.php:165
/home/joseph/projects/RideConnect/vendor/laravel/framework/src/Illuminate/Foundation/Console/Kernel.php:447
/home/joseph/projects/RideConnect/vendor/laravel/framework/src/Illuminate/Testing/PendingCommand.php:451
/home/joseph/projects/RideConnect/vendor/laravel/framework/src/Illuminate/Testing/PendingCommand.php:675
/home/joseph/projects/RideConnect/vendor/laravel/framework/src/Illuminate/Foundation/Testing/Concerns/InteractsWithConsole.php:87
/home/joseph/projects/RideConnect/vendor/laravel/framework/src/Illuminate/Foundation/Testing/RefreshDatabase.php:119
/home/joseph/projects/RideConnect/vendor/laravel/framework/src/Illuminate/Foundation/Testing/RefreshDatabase.php:84
/home/joseph/projects/RideConnect/vendor/laravel/framework/src/Illuminate/Foundation/Testing/RefreshDatabase.php:25
/home/joseph/projects/RideConnect/vendor/laravel/framework/src/Illuminate/Foundation/Testing/Concerns/InteractsWithTestCaseLifecycle.php:217
/home/joseph/projects/RideConnect/vendor/laravel/framework/src/Illuminate/Foundation/Testing/Concerns/InteractsWithTestCaseLifecycle.php:101
/home/joseph/projects/RideConnect/vendor/laravel/framework/src/Illuminate/Foundation/Testing/TestCase.php:63</error>
        </testcase>
      </testsuite>
      <testsuite name="Tests\Feature\DriverApiTest" file="/home/joseph/projects/RideConnect/tests/Feature/DriverApiTest.php" tests="8" assertions="0" errors="8" failures="0" skipped="0" time="0.000000">
        <testcase name="test_update_driver_status" file="/home/joseph/projects/RideConnect/tests/Feature/DriverApiTest.php" line="62" class="Tests\Feature\DriverApiTest" classname="Tests.Feature.DriverApiTest" assertions="0" time="0.000000">
          <error type="Illuminate\Database\QueryException">Tests\Feature\DriverApiTest::test_update_driver_status
Illuminate\Database\QueryException: could not find driver (Connection: sqlite, Database: :memory:, SQL: select exists (select 1 from "main".sqlite_master where name = 'migrations' and type = 'table') as "exists")

/home/joseph/projects/RideConnect/vendor/laravel/framework/src/Illuminate/Database/Connection.php:838
/home/joseph/projects/RideConnect/vendor/laravel/framework/src/Illuminate/Database/Connection.php:794
/home/joseph/projects/RideConnect/vendor/laravel/framework/src/Illuminate/Database/Connection.php:411
/home/joseph/projects/RideConnect/vendor/laravel/framework/src/Illuminate/Database/Connection.php:357
/home/joseph/projects/RideConnect/vendor/laravel/framework/src/Illuminate/Database/Connection.php:374
/home/joseph/projects/RideConnect/vendor/laravel/framework/src/Illuminate/Database/Schema/Builder.php:176
/home/joseph/projects/RideConnect/vendor/laravel/framework/src/Illuminate/Database/Migrations/DatabaseMigrationRepository.php:185
/home/joseph/projects/RideConnect/vendor/laravel/framework/src/Illuminate/Database/Migrations/Migrator.php:758
/home/joseph/projects/RideConnect/vendor/laravel/framework/src/Illuminate/Database/Console/Migrations/MigrateCommand.php:164
/home/joseph/projects/RideConnect/vendor/laravel/framework/src/Illuminate/Support/helpers.php:328
/home/joseph/projects/RideConnect/vendor/laravel/framework/src/Illuminate/Database/Console/Migrations/MigrateCommand.php:164
/home/joseph/projects/RideConnect/vendor/laravel/framework/src/Illuminate/Database/Console/Migrations/MigrateCommand.php:140
/home/joseph/projects/RideConnect/vendor/laravel/framework/src/Illuminate/Database/Console/Migrations/MigrateCommand.php:110
/home/joseph/projects/RideConnect/vendor/laravel/framework/src/Illuminate/Database/Migrations/Migrator.php:671
/home/joseph/projects/RideConnect/vendor/laravel/framework/src/Illuminate/Database/Console/Migrations/MigrateCommand.php:109
/home/joseph/projects/RideConnect/vendor/laravel/framework/src/Illuminate/Database/Console/Migrations/MigrateCommand.php:88
/home/joseph/projects/RideConnect/vendor/laravel/framework/src/Illuminate/Container/BoundMethod.php:36
/home/joseph/projects/RideConnect/vendor/laravel/framework/src/Illuminate/Container/Util.php:43
/home/joseph/projects/RideConnect/vendor/laravel/framework/src/Illuminate/Container/BoundMethod.php:96
/home/joseph/projects/RideConnect/vendor/laravel/framework/src/Illuminate/Container/BoundMethod.php:35
/home/joseph/projects/RideConnect/vendor/laravel/framework/src/Illuminate/Container/Container.php:799
/home/joseph/projects/RideConnect/vendor/laravel/framework/src/Illuminate/Console/Command.php:211
/home/joseph/projects/RideConnect/vendor/symfony/console/Command/Command.php:341
/home/joseph/projects/RideConnect/vendor/laravel/framework/src/Illuminate/Console/Command.php:180
/home/joseph/projects/RideConnect/vendor/laravel/framework/src/Illuminate/Console/Concerns/CallsCommands.php:68
/home/joseph/projects/RideConnect/vendor/laravel/framework/src/Illuminate/Console/Concerns/CallsCommands.php:29
/home/joseph/projects/RideConnect/vendor/laravel/framework/src/Illuminate/Database/Console/Migrations/FreshCommand.php:88
/home/joseph/projects/RideConnect/vendor/laravel/framework/src/Illuminate/Container/BoundMethod.php:36
/home/joseph/projects/RideConnect/vendor/laravel/framework/src/Illuminate/Container/Util.php:43
/home/joseph/projects/RideConnect/vendor/laravel/framework/src/Illuminate/Container/BoundMethod.php:96
/home/joseph/projects/RideConnect/vendor/laravel/framework/src/Illuminate/Container/BoundMethod.php:35
/home/joseph/projects/RideConnect/vendor/laravel/framework/src/Illuminate/Container/Container.php:799
/home/joseph/projects/RideConnect/vendor/laravel/framework/src/Illuminate/Console/Command.php:211
/home/joseph/projects/RideConnect/vendor/symfony/console/Command/Command.php:341
/home/joseph/projects/RideConnect/vendor/laravel/framework/src/Illuminate/Console/Command.php:180
/home/joseph/projects/RideConnect/vendor/symfony/console/Application.php:1094
/home/joseph/projects/RideConnect/vendor/symfony/console/Application.php:356
/home/joseph/projects/RideConnect/vendor/symfony/console/Application.php:195
/home/joseph/projects/RideConnect/vendor/laravel/framework/src/Illuminate/Console/Application.php:165
/home/joseph/projects/RideConnect/vendor/laravel/framework/src/Illuminate/Foundation/Console/Kernel.php:447
/home/joseph/projects/RideConnect/vendor/laravel/framework/src/Illuminate/Testing/PendingCommand.php:451
/home/joseph/projects/RideConnect/vendor/laravel/framework/src/Illuminate/Testing/PendingCommand.php:675
/home/joseph/projects/RideConnect/vendor/laravel/framework/src/Illuminate/Foundation/Testing/Concerns/InteractsWithConsole.php:87
/home/joseph/projects/RideConnect/vendor/laravel/framework/src/Illuminate/Foundation/Testing/RefreshDatabase.php:119
/home/joseph/projects/RideConnect/vendor/laravel/framework/src/Illuminate/Foundation/Testing/RefreshDatabase.php:84
/home/joseph/projects/RideConnect/vendor/laravel/framework/src/Illuminate/Foundation/Testing/RefreshDatabase.php:25
/home/joseph/projects/RideConnect/vendor/laravel/framework/src/Illuminate/Foundation/Testing/Concerns/InteractsWithTestCaseLifecycle.php:217
/home/joseph/projects/RideConnect/vendor/laravel/framework/src/Illuminate/Foundation/Testing/Concerns/InteractsWithTestCaseLifecycle.php:101
/home/joseph/projects/RideConnect/vendor/laravel/framework/src/Illuminate/Foundation/Testing/TestCase.php:63
/home/joseph/projects/RideConnect/tests/Feature/DriverApiTest.php:28</error>
        </testcase>
        <testcase name="test_get_available_trips" file="/home/joseph/projects/RideConnect/tests/Feature/DriverApiTest.php" line="78" class="Tests\Feature\DriverApiTest" classname="Tests.Feature.DriverApiTest" assertions="0" time="0.000000">
          <error type="Illuminate\Database\QueryException">Tests\Feature\DriverApiTest::test_get_available_trips
Illuminate\Database\QueryException: could not find driver (Connection: sqlite, Database: :memory:, SQL: select exists (select 1 from "main".sqlite_master where name = 'migrations' and type = 'table') as "exists")

/home/joseph/projects/RideConnect/vendor/laravel/framework/src/Illuminate/Database/Connection.php:838
/home/joseph/projects/RideConnect/vendor/laravel/framework/src/Illuminate/Database/Connection.php:794
/home/joseph/projects/RideConnect/vendor/laravel/framework/src/Illuminate/Database/Connection.php:411
/home/joseph/projects/RideConnect/vendor/laravel/framework/src/Illuminate/Database/Connection.php:357
/home/joseph/projects/RideConnect/vendor/laravel/framework/src/Illuminate/Database/Connection.php:374
/home/joseph/projects/RideConnect/vendor/laravel/framework/src/Illuminate/Database/Schema/Builder.php:176
/home/joseph/projects/RideConnect/vendor/laravel/framework/src/Illuminate/Database/Migrations/DatabaseMigrationRepository.php:185
/home/joseph/projects/RideConnect/vendor/laravel/framework/src/Illuminate/Database/Migrations/Migrator.php:758
/home/joseph/projects/RideConnect/vendor/laravel/framework/src/Illuminate/Database/Console/Migrations/MigrateCommand.php:164
/home/joseph/projects/RideConnect/vendor/laravel/framework/src/Illuminate/Support/helpers.php:328
/home/joseph/projects/RideConnect/vendor/laravel/framework/src/Illuminate/Database/Console/Migrations/MigrateCommand.php:164
/home/joseph/projects/RideConnect/vendor/laravel/framework/src/Illuminate/Database/Console/Migrations/MigrateCommand.php:140
/home/joseph/projects/RideConnect/vendor/laravel/framework/src/Illuminate/Database/Console/Migrations/MigrateCommand.php:110
/home/joseph/projects/RideConnect/vendor/laravel/framework/src/Illuminate/Database/Migrations/Migrator.php:671
/home/joseph/projects/RideConnect/vendor/laravel/framework/src/Illuminate/Database/Console/Migrations/MigrateCommand.php:109
/home/joseph/projects/RideConnect/vendor/laravel/framework/src/Illuminate/Database/Console/Migrations/MigrateCommand.php:88
/home/joseph/projects/RideConnect/vendor/laravel/framework/src/Illuminate/Container/BoundMethod.php:36
/home/joseph/projects/RideConnect/vendor/laravel/framework/src/Illuminate/Container/Util.php:43
/home/joseph/projects/RideConnect/vendor/laravel/framework/src/Illuminate/Container/BoundMethod.php:96
/home/joseph/projects/RideConnect/vendor/laravel/framework/src/Illuminate/Container/BoundMethod.php:35
/home/joseph/projects/RideConnect/vendor/laravel/framework/src/Illuminate/Container/Container.php:799
/home/joseph/projects/RideConnect/vendor/laravel/framework/src/Illuminate/Console/Command.php:211
/home/joseph/projects/RideConnect/vendor/symfony/console/Command/Command.php:341
/home/joseph/projects/RideConnect/vendor/laravel/framework/src/Illuminate/Console/Command.php:180
/home/joseph/projects/RideConnect/vendor/laravel/framework/src/Illuminate/Console/Concerns/CallsCommands.php:68
/home/joseph/projects/RideConnect/vendor/laravel/framework/src/Illuminate/Console/Concerns/CallsCommands.php:29
/home/joseph/projects/RideConnect/vendor/laravel/framework/src/Illuminate/Database/Console/Migrations/FreshCommand.php:88
/home/joseph/projects/RideConnect/vendor/laravel/framework/src/Illuminate/Container/BoundMethod.php:36
/home/joseph/projects/RideConnect/vendor/laravel/framework/src/Illuminate/Container/Util.php:43
/home/joseph/projects/RideConnect/vendor/laravel/framework/src/Illuminate/Container/BoundMethod.php:96
/home/joseph/projects/RideConnect/vendor/laravel/framework/src/Illuminate/Container/BoundMethod.php:35
/home/joseph/projects/RideConnect/vendor/laravel/framework/src/Illuminate/Container/Container.php:799
/home/joseph/projects/RideConnect/vendor/laravel/framework/src/Illuminate/Console/Command.php:211
/home/joseph/projects/RideConnect/vendor/symfony/console/Command/Command.php:341
/home/joseph/projects/RideConnect/vendor/laravel/framework/src/Illuminate/Console/Command.php:180
/home/joseph/projects/RideConnect/vendor/symfony/console/Application.php:1094
/home/joseph/projects/RideConnect/vendor/symfony/console/Application.php:356
/home/joseph/projects/RideConnect/vendor/symfony/console/Application.php:195
/home/joseph/projects/RideConnect/vendor/laravel/framework/src/Illuminate/Console/Application.php:165
/home/joseph/projects/RideConnect/vendor/laravel/framework/src/Illuminate/Foundation/Console/Kernel.php:447
/home/joseph/projects/RideConnect/vendor/laravel/framework/src/Illuminate/Testing/PendingCommand.php:451
/home/joseph/projects/RideConnect/vendor/laravel/framework/src/Illuminate/Testing/PendingCommand.php:675
/home/joseph/projects/RideConnect/vendor/laravel/framework/src/Illuminate/Foundation/Testing/Concerns/InteractsWithConsole.php:87
/home/joseph/projects/RideConnect/vendor/laravel/framework/src/Illuminate/Foundation/Testing/RefreshDatabase.php:119
/home/joseph/projects/RideConnect/vendor/laravel/framework/src/Illuminate/Foundation/Testing/RefreshDatabase.php:84
/home/joseph/projects/RideConnect/vendor/laravel/framework/src/Illuminate/Foundation/Testing/RefreshDatabase.php:25
/home/joseph/projects/RideConnect/vendor/laravel/framework/src/Illuminate/Foundation/Testing/Concerns/InteractsWithTestCaseLifecycle.php:217
/home/joseph/projects/RideConnect/vendor/laravel/framework/src/Illuminate/Foundation/Testing/Concerns/InteractsWithTestCaseLifecycle.php:101
/home/joseph/projects/RideConnect/vendor/laravel/framework/src/Illuminate/Foundation/Testing/TestCase.php:63
/home/joseph/projects/RideConnect/tests/Feature/DriverApiTest.php:28</error>
        </testcase>
        <testcase name="test_accept_trip" file="/home/joseph/projects/RideConnect/tests/Feature/DriverApiTest.php" line="124" class="Tests\Feature\DriverApiTest" classname="Tests.Feature.DriverApiTest" assertions="0" time="0.000000">
          <error type="Illuminate\Database\QueryException">Tests\Feature\DriverApiTest::test_accept_trip
Illuminate\Database\QueryException: could not find driver (Connection: sqlite, Database: :memory:, SQL: select exists (select 1 from "main".sqlite_master where name = 'migrations' and type = 'table') as "exists")

/home/joseph/projects/RideConnect/vendor/laravel/framework/src/Illuminate/Database/Connection.php:838
/home/joseph/projects/RideConnect/vendor/laravel/framework/src/Illuminate/Database/Connection.php:794
/home/joseph/projects/RideConnect/vendor/laravel/framework/src/Illuminate/Database/Connection.php:411
/home/joseph/projects/RideConnect/vendor/laravel/framework/src/Illuminate/Database/Connection.php:357
/home/joseph/projects/RideConnect/vendor/laravel/framework/src/Illuminate/Database/Connection.php:374
/home/joseph/projects/RideConnect/vendor/laravel/framework/src/Illuminate/Database/Schema/Builder.php:176
/home/joseph/projects/RideConnect/vendor/laravel/framework/src/Illuminate/Database/Migrations/DatabaseMigrationRepository.php:185
/home/joseph/projects/RideConnect/vendor/laravel/framework/src/Illuminate/Database/Migrations/Migrator.php:758
/home/joseph/projects/RideConnect/vendor/laravel/framework/src/Illuminate/Database/Console/Migrations/MigrateCommand.php:164
/home/joseph/projects/RideConnect/vendor/laravel/framework/src/Illuminate/Support/helpers.php:328
/home/joseph/projects/RideConnect/vendor/laravel/framework/src/Illuminate/Database/Console/Migrations/MigrateCommand.php:164
/home/joseph/projects/RideConnect/vendor/laravel/framework/src/Illuminate/Database/Console/Migrations/MigrateCommand.php:140
/home/joseph/projects/RideConnect/vendor/laravel/framework/src/Illuminate/Database/Console/Migrations/MigrateCommand.php:110
/home/joseph/projects/RideConnect/vendor/laravel/framework/src/Illuminate/Database/Migrations/Migrator.php:671
/home/joseph/projects/RideConnect/vendor/laravel/framework/src/Illuminate/Database/Console/Migrations/MigrateCommand.php:109
/home/joseph/projects/RideConnect/vendor/laravel/framework/src/Illuminate/Database/Console/Migrations/MigrateCommand.php:88
/home/joseph/projects/RideConnect/vendor/laravel/framework/src/Illuminate/Container/BoundMethod.php:36
/home/joseph/projects/RideConnect/vendor/laravel/framework/src/Illuminate/Container/Util.php:43
/home/joseph/projects/RideConnect/vendor/laravel/framework/src/Illuminate/Container/BoundMethod.php:96
/home/joseph/projects/RideConnect/vendor/laravel/framework/src/Illuminate/Container/BoundMethod.php:35
/home/joseph/projects/RideConnect/vendor/laravel/framework/src/Illuminate/Container/Container.php:799
/home/joseph/projects/RideConnect/vendor/laravel/framework/src/Illuminate/Console/Command.php:211
/home/joseph/projects/RideConnect/vendor/symfony/console/Command/Command.php:341
/home/joseph/projects/RideConnect/vendor/laravel/framework/src/Illuminate/Console/Command.php:180
/home/joseph/projects/RideConnect/vendor/laravel/framework/src/Illuminate/Console/Concerns/CallsCommands.php:68
/home/joseph/projects/RideConnect/vendor/laravel/framework/src/Illuminate/Console/Concerns/CallsCommands.php:29
/home/joseph/projects/RideConnect/vendor/laravel/framework/src/Illuminate/Database/Console/Migrations/FreshCommand.php:88
/home/joseph/projects/RideConnect/vendor/laravel/framework/src/Illuminate/Container/BoundMethod.php:36
/home/joseph/projects/RideConnect/vendor/laravel/framework/src/Illuminate/Container/Util.php:43
/home/joseph/projects/RideConnect/vendor/laravel/framework/src/Illuminate/Container/BoundMethod.php:96
/home/joseph/projects/RideConnect/vendor/laravel/framework/src/Illuminate/Container/BoundMethod.php:35
/home/joseph/projects/RideConnect/vendor/laravel/framework/src/Illuminate/Container/Container.php:799
/home/joseph/projects/RideConnect/vendor/laravel/framework/src/Illuminate/Console/Command.php:211
/home/joseph/projects/RideConnect/vendor/symfony/console/Command/Command.php:341
/home/joseph/projects/RideConnect/vendor/laravel/framework/src/Illuminate/Console/Command.php:180
/home/joseph/projects/RideConnect/vendor/symfony/console/Application.php:1094
/home/joseph/projects/RideConnect/vendor/symfony/console/Application.php:356
/home/joseph/projects/RideConnect/vendor/symfony/console/Application.php:195
/home/joseph/projects/RideConnect/vendor/laravel/framework/src/Illuminate/Console/Application.php:165
/home/joseph/projects/RideConnect/vendor/laravel/framework/src/Illuminate/Foundation/Console/Kernel.php:447
/home/joseph/projects/RideConnect/vendor/laravel/framework/src/Illuminate/Testing/PendingCommand.php:451
/home/joseph/projects/RideConnect/vendor/laravel/framework/src/Illuminate/Testing/PendingCommand.php:675
/home/joseph/projects/RideConnect/vendor/laravel/framework/src/Illuminate/Foundation/Testing/Concerns/InteractsWithConsole.php:87
/home/joseph/projects/RideConnect/vendor/laravel/framework/src/Illuminate/Foundation/Testing/RefreshDatabase.php:119
/home/joseph/projects/RideConnect/vendor/laravel/framework/src/Illuminate/Foundation/Testing/RefreshDatabase.php:84
/home/joseph/projects/RideConnect/vendor/laravel/framework/src/Illuminate/Foundation/Testing/RefreshDatabase.php:25
/home/joseph/projects/RideConnect/vendor/laravel/framework/src/Illuminate/Foundation/Testing/Concerns/InteractsWithTestCaseLifecycle.php:217
/home/joseph/projects/RideConnect/vendor/laravel/framework/src/Illuminate/Foundation/Testing/Concerns/InteractsWithTestCaseLifecycle.php:101
/home/joseph/projects/RideConnect/vendor/laravel/framework/src/Illuminate/Foundation/Testing/TestCase.php:63
/home/joseph/projects/RideConnect/tests/Feature/DriverApiTest.php:28</error>
        </testcase>
        <testcase name="test_update_location" file="/home/joseph/projects/RideConnect/tests/Feature/DriverApiTest.php" line="162" class="Tests\Feature\DriverApiTest" classname="Tests.Feature.DriverApiTest" assertions="0" time="0.000000">
          <error type="Illuminate\Database\QueryException">Tests\Feature\DriverApiTest::test_update_location
Illuminate\Database\QueryException: could not find driver (Connection: sqlite, Database: :memory:, SQL: select exists (select 1 from "main".sqlite_master where name = 'migrations' and type = 'table') as "exists")

/home/joseph/projects/RideConnect/vendor/laravel/framework/src/Illuminate/Database/Connection.php:838
/home/joseph/projects/RideConnect/vendor/laravel/framework/src/Illuminate/Database/Connection.php:794
/home/joseph/projects/RideConnect/vendor/laravel/framework/src/Illuminate/Database/Connection.php:411
/home/joseph/projects/RideConnect/vendor/laravel/framework/src/Illuminate/Database/Connection.php:357
/home/joseph/projects/RideConnect/vendor/laravel/framework/src/Illuminate/Database/Connection.php:374
/home/joseph/projects/RideConnect/vendor/laravel/framework/src/Illuminate/Database/Schema/Builder.php:176
/home/joseph/projects/RideConnect/vendor/laravel/framework/src/Illuminate/Database/Migrations/DatabaseMigrationRepository.php:185
/home/joseph/projects/RideConnect/vendor/laravel/framework/src/Illuminate/Database/Migrations/Migrator.php:758
/home/joseph/projects/RideConnect/vendor/laravel/framework/src/Illuminate/Database/Console/Migrations/MigrateCommand.php:164
/home/joseph/projects/RideConnect/vendor/laravel/framework/src/Illuminate/Support/helpers.php:328
/home/joseph/projects/RideConnect/vendor/laravel/framework/src/Illuminate/Database/Console/Migrations/MigrateCommand.php:164
/home/joseph/projects/RideConnect/vendor/laravel/framework/src/Illuminate/Database/Console/Migrations/MigrateCommand.php:140
/home/joseph/projects/RideConnect/vendor/laravel/framework/src/Illuminate/Database/Console/Migrations/MigrateCommand.php:110
/home/joseph/projects/RideConnect/vendor/laravel/framework/src/Illuminate/Database/Migrations/Migrator.php:671
/home/joseph/projects/RideConnect/vendor/laravel/framework/src/Illuminate/Database/Console/Migrations/MigrateCommand.php:109
/home/joseph/projects/RideConnect/vendor/laravel/framework/src/Illuminate/Database/Console/Migrations/MigrateCommand.php:88
/home/joseph/projects/RideConnect/vendor/laravel/framework/src/Illuminate/Container/BoundMethod.php:36
/home/joseph/projects/RideConnect/vendor/laravel/framework/src/Illuminate/Container/Util.php:43
/home/joseph/projects/RideConnect/vendor/laravel/framework/src/Illuminate/Container/BoundMethod.php:96
/home/joseph/projects/RideConnect/vendor/laravel/framework/src/Illuminate/Container/BoundMethod.php:35
/home/joseph/projects/RideConnect/vendor/laravel/framework/src/Illuminate/Container/Container.php:799
/home/joseph/projects/RideConnect/vendor/laravel/framework/src/Illuminate/Console/Command.php:211
/home/joseph/projects/RideConnect/vendor/symfony/console/Command/Command.php:341
/home/joseph/projects/RideConnect/vendor/laravel/framework/src/Illuminate/Console/Command.php:180
/home/joseph/projects/RideConnect/vendor/laravel/framework/src/Illuminate/Console/Concerns/CallsCommands.php:68
/home/joseph/projects/RideConnect/vendor/laravel/framework/src/Illuminate/Console/Concerns/CallsCommands.php:29
/home/joseph/projects/RideConnect/vendor/laravel/framework/src/Illuminate/Database/Console/Migrations/FreshCommand.php:88
/home/joseph/projects/RideConnect/vendor/laravel/framework/src/Illuminate/Container/BoundMethod.php:36
/home/joseph/projects/RideConnect/vendor/laravel/framework/src/Illuminate/Container/Util.php:43
/home/joseph/projects/RideConnect/vendor/laravel/framework/src/Illuminate/Container/BoundMethod.php:96
/home/joseph/projects/RideConnect/vendor/laravel/framework/src/Illuminate/Container/BoundMethod.php:35
/home/joseph/projects/RideConnect/vendor/laravel/framework/src/Illuminate/Container/Container.php:799
/home/joseph/projects/RideConnect/vendor/laravel/framework/src/Illuminate/Console/Command.php:211
/home/joseph/projects/RideConnect/vendor/symfony/console/Command/Command.php:341
/home/joseph/projects/RideConnect/vendor/laravel/framework/src/Illuminate/Console/Command.php:180
/home/joseph/projects/RideConnect/vendor/symfony/console/Application.php:1094
/home/joseph/projects/RideConnect/vendor/symfony/console/Application.php:356
/home/joseph/projects/RideConnect/vendor/symfony/console/Application.php:195
/home/joseph/projects/RideConnect/vendor/laravel/framework/src/Illuminate/Console/Application.php:165
/home/joseph/projects/RideConnect/vendor/laravel/framework/src/Illuminate/Foundation/Console/Kernel.php:447
/home/joseph/projects/RideConnect/vendor/laravel/framework/src/Illuminate/Testing/PendingCommand.php:451
/home/joseph/projects/RideConnect/vendor/laravel/framework/src/Illuminate/Testing/PendingCommand.php:675
/home/joseph/projects/RideConnect/vendor/laravel/framework/src/Illuminate/Foundation/Testing/Concerns/InteractsWithConsole.php:87
/home/joseph/projects/RideConnect/vendor/laravel/framework/src/Illuminate/Foundation/Testing/RefreshDatabase.php:119
/home/joseph/projects/RideConnect/vendor/laravel/framework/src/Illuminate/Foundation/Testing/RefreshDatabase.php:84
/home/joseph/projects/RideConnect/vendor/laravel/framework/src/Illuminate/Foundation/Testing/RefreshDatabase.php:25
/home/joseph/projects/RideConnect/vendor/laravel/framework/src/Illuminate/Foundation/Testing/Concerns/InteractsWithTestCaseLifecycle.php:217
/home/joseph/projects/RideConnect/vendor/laravel/framework/src/Illuminate/Foundation/Testing/Concerns/InteractsWithTestCaseLifecycle.php:101
/home/joseph/projects/RideConnect/vendor/laravel/framework/src/Illuminate/Foundation/Testing/TestCase.php:63
/home/joseph/projects/RideConnect/tests/Feature/DriverApiTest.php:28</error>
        </testcase>
        <testcase name="test_start_trip" file="/home/joseph/projects/RideConnect/tests/Feature/DriverApiTest.php" line="186" class="Tests\Feature\DriverApiTest" classname="Tests.Feature.DriverApiTest" assertions="0" time="0.000000">
          <error type="Illuminate\Database\QueryException">Tests\Feature\DriverApiTest::test_start_trip
Illuminate\Database\QueryException: could not find driver (Connection: sqlite, Database: :memory:, SQL: select exists (select 1 from "main".sqlite_master where name = 'migrations' and type = 'table') as "exists")

/home/joseph/projects/RideConnect/vendor/laravel/framework/src/Illuminate/Database/Connection.php:838
/home/joseph/projects/RideConnect/vendor/laravel/framework/src/Illuminate/Database/Connection.php:794
/home/joseph/projects/RideConnect/vendor/laravel/framework/src/Illuminate/Database/Connection.php:411
/home/joseph/projects/RideConnect/vendor/laravel/framework/src/Illuminate/Database/Connection.php:357
/home/joseph/projects/RideConnect/vendor/laravel/framework/src/Illuminate/Database/Connection.php:374
/home/joseph/projects/RideConnect/vendor/laravel/framework/src/Illuminate/Database/Schema/Builder.php:176
/home/joseph/projects/RideConnect/vendor/laravel/framework/src/Illuminate/Database/Migrations/DatabaseMigrationRepository.php:185
/home/joseph/projects/RideConnect/vendor/laravel/framework/src/Illuminate/Database/Migrations/Migrator.php:758
/home/joseph/projects/RideConnect/vendor/laravel/framework/src/Illuminate/Database/Console/Migrations/MigrateCommand.php:164
/home/joseph/projects/RideConnect/vendor/laravel/framework/src/Illuminate/Support/helpers.php:328
/home/joseph/projects/RideConnect/vendor/laravel/framework/src/Illuminate/Database/Console/Migrations/MigrateCommand.php:164
/home/joseph/projects/RideConnect/vendor/laravel/framework/src/Illuminate/Database/Console/Migrations/MigrateCommand.php:140
/home/joseph/projects/RideConnect/vendor/laravel/framework/src/Illuminate/Database/Console/Migrations/MigrateCommand.php:110
/home/joseph/projects/RideConnect/vendor/laravel/framework/src/Illuminate/Database/Migrations/Migrator.php:671
/home/joseph/projects/RideConnect/vendor/laravel/framework/src/Illuminate/Database/Console/Migrations/MigrateCommand.php:109
/home/joseph/projects/RideConnect/vendor/laravel/framework/src/Illuminate/Database/Console/Migrations/MigrateCommand.php:88
/home/joseph/projects/RideConnect/vendor/laravel/framework/src/Illuminate/Container/BoundMethod.php:36
/home/joseph/projects/RideConnect/vendor/laravel/framework/src/Illuminate/Container/Util.php:43
/home/joseph/projects/RideConnect/vendor/laravel/framework/src/Illuminate/Container/BoundMethod.php:96
/home/joseph/projects/RideConnect/vendor/laravel/framework/src/Illuminate/Container/BoundMethod.php:35
/home/joseph/projects/RideConnect/vendor/laravel/framework/src/Illuminate/Container/Container.php:799
/home/joseph/projects/RideConnect/vendor/laravel/framework/src/Illuminate/Console/Command.php:211
/home/joseph/projects/RideConnect/vendor/symfony/console/Command/Command.php:341
/home/joseph/projects/RideConnect/vendor/laravel/framework/src/Illuminate/Console/Command.php:180
/home/joseph/projects/RideConnect/vendor/laravel/framework/src/Illuminate/Console/Concerns/CallsCommands.php:68
/home/joseph/projects/RideConnect/vendor/laravel/framework/src/Illuminate/Console/Concerns/CallsCommands.php:29
/home/joseph/projects/RideConnect/vendor/laravel/framework/src/Illuminate/Database/Console/Migrations/FreshCommand.php:88
/home/joseph/projects/RideConnect/vendor/laravel/framework/src/Illuminate/Container/BoundMethod.php:36
/home/joseph/projects/RideConnect/vendor/laravel/framework/src/Illuminate/Container/Util.php:43
/home/joseph/projects/RideConnect/vendor/laravel/framework/src/Illuminate/Container/BoundMethod.php:96
/home/joseph/projects/RideConnect/vendor/laravel/framework/src/Illuminate/Container/BoundMethod.php:35
/home/joseph/projects/RideConnect/vendor/laravel/framework/src/Illuminate/Container/Container.php:799
/home/joseph/projects/RideConnect/vendor/laravel/framework/src/Illuminate/Console/Command.php:211
/home/joseph/projects/RideConnect/vendor/symfony/console/Command/Command.php:341
/home/joseph/projects/RideConnect/vendor/laravel/framework/src/Illuminate/Console/Command.php:180
/home/joseph/projects/RideConnect/vendor/symfony/console/Application.php:1094
/home/joseph/projects/RideConnect/vendor/symfony/console/Application.php:356
/home/joseph/projects/RideConnect/vendor/symfony/console/Application.php:195
/home/joseph/projects/RideConnect/vendor/laravel/framework/src/Illuminate/Console/Application.php:165
/home/joseph/projects/RideConnect/vendor/laravel/framework/src/Illuminate/Foundation/Console/Kernel.php:447
/home/joseph/projects/RideConnect/vendor/laravel/framework/src/Illuminate/Testing/PendingCommand.php:451
/home/joseph/projects/RideConnect/vendor/laravel/framework/src/Illuminate/Testing/PendingCommand.php:675
/home/joseph/projects/RideConnect/vendor/laravel/framework/src/Illuminate/Foundation/Testing/Concerns/InteractsWithConsole.php:87
/home/joseph/projects/RideConnect/vendor/laravel/framework/src/Illuminate/Foundation/Testing/RefreshDatabase.php:119
/home/joseph/projects/RideConnect/vendor/laravel/framework/src/Illuminate/Foundation/Testing/RefreshDatabase.php:84
/home/joseph/projects/RideConnect/vendor/laravel/framework/src/Illuminate/Foundation/Testing/RefreshDatabase.php:25
/home/joseph/projects/RideConnect/vendor/laravel/framework/src/Illuminate/Foundation/Testing/Concerns/InteractsWithTestCaseLifecycle.php:217
/home/joseph/projects/RideConnect/vendor/laravel/framework/src/Illuminate/Foundation/Testing/Concerns/InteractsWithTestCaseLifecycle.php:101
/home/joseph/projects/RideConnect/vendor/laravel/framework/src/Illuminate/Foundation/Testing/TestCase.php:63
/home/joseph/projects/RideConnect/tests/Feature/DriverApiTest.php:28</error>
        </testcase>
        <testcase name="test_complete_trip" file="/home/joseph/projects/RideConnect/tests/Feature/DriverApiTest.php" line="209" class="Tests\Feature\DriverApiTest" classname="Tests.Feature.DriverApiTest" assertions="0" time="0.000000">
          <error type="Illuminate\Database\QueryException">Tests\Feature\DriverApiTest::test_complete_trip
Illuminate\Database\QueryException: could not find driver (Connection: sqlite, Database: :memory:, SQL: select exists (select 1 from "main".sqlite_master where name = 'migrations' and type = 'table') as "exists")

/home/joseph/projects/RideConnect/vendor/laravel/framework/src/Illuminate/Database/Connection.php:838
/home/joseph/projects/RideConnect/vendor/laravel/framework/src/Illuminate/Database/Connection.php:794
/home/joseph/projects/RideConnect/vendor/laravel/framework/src/Illuminate/Database/Connection.php:411
/home/joseph/projects/RideConnect/vendor/laravel/framework/src/Illuminate/Database/Connection.php:357
/home/joseph/projects/RideConnect/vendor/laravel/framework/src/Illuminate/Database/Connection.php:374
/home/joseph/projects/RideConnect/vendor/laravel/framework/src/Illuminate/Database/Schema/Builder.php:176
/home/joseph/projects/RideConnect/vendor/laravel/framework/src/Illuminate/Database/Migrations/DatabaseMigrationRepository.php:185
/home/joseph/projects/RideConnect/vendor/laravel/framework/src/Illuminate/Database/Migrations/Migrator.php:758
/home/joseph/projects/RideConnect/vendor/laravel/framework/src/Illuminate/Database/Console/Migrations/MigrateCommand.php:164
/home/joseph/projects/RideConnect/vendor/laravel/framework/src/Illuminate/Support/helpers.php:328
/home/joseph/projects/RideConnect/vendor/laravel/framework/src/Illuminate/Database/Console/Migrations/MigrateCommand.php:164
/home/joseph/projects/RideConnect/vendor/laravel/framework/src/Illuminate/Database/Console/Migrations/MigrateCommand.php:140
/home/joseph/projects/RideConnect/vendor/laravel/framework/src/Illuminate/Database/Console/Migrations/MigrateCommand.php:110
/home/joseph/projects/RideConnect/vendor/laravel/framework/src/Illuminate/Database/Migrations/Migrator.php:671
/home/joseph/projects/RideConnect/vendor/laravel/framework/src/Illuminate/Database/Console/Migrations/MigrateCommand.php:109
/home/joseph/projects/RideConnect/vendor/laravel/framework/src/Illuminate/Database/Console/Migrations/MigrateCommand.php:88
/home/joseph/projects/RideConnect/vendor/laravel/framework/src/Illuminate/Container/BoundMethod.php:36
/home/joseph/projects/RideConnect/vendor/laravel/framework/src/Illuminate/Container/Util.php:43
/home/joseph/projects/RideConnect/vendor/laravel/framework/src/Illuminate/Container/BoundMethod.php:96
/home/joseph/projects/RideConnect/vendor/laravel/framework/src/Illuminate/Container/BoundMethod.php:35
/home/joseph/projects/RideConnect/vendor/laravel/framework/src/Illuminate/Container/Container.php:799
/home/joseph/projects/RideConnect/vendor/laravel/framework/src/Illuminate/Console/Command.php:211
/home/joseph/projects/RideConnect/vendor/symfony/console/Command/Command.php:341
/home/joseph/projects/RideConnect/vendor/laravel/framework/src/Illuminate/Console/Command.php:180
/home/joseph/projects/RideConnect/vendor/laravel/framework/src/Illuminate/Console/Concerns/CallsCommands.php:68
/home/joseph/projects/RideConnect/vendor/laravel/framework/src/Illuminate/Console/Concerns/CallsCommands.php:29
/home/joseph/projects/RideConnect/vendor/laravel/framework/src/Illuminate/Database/Console/Migrations/FreshCommand.php:88
/home/joseph/projects/RideConnect/vendor/laravel/framework/src/Illuminate/Container/BoundMethod.php:36
/home/joseph/projects/RideConnect/vendor/laravel/framework/src/Illuminate/Container/Util.php:43
/home/joseph/projects/RideConnect/vendor/laravel/framework/src/Illuminate/Container/BoundMethod.php:96
/home/joseph/projects/RideConnect/vendor/laravel/framework/src/Illuminate/Container/BoundMethod.php:35
/home/joseph/projects/RideConnect/vendor/laravel/framework/src/Illuminate/Container/Container.php:799
/home/joseph/projects/RideConnect/vendor/laravel/framework/src/Illuminate/Console/Command.php:211
/home/joseph/projects/RideConnect/vendor/symfony/console/Command/Command.php:341
/home/joseph/projects/RideConnect/vendor/laravel/framework/src/Illuminate/Console/Command.php:180
/home/joseph/projects/RideConnect/vendor/symfony/console/Application.php:1094
/home/joseph/projects/RideConnect/vendor/symfony/console/Application.php:356
/home/joseph/projects/RideConnect/vendor/symfony/console/Application.php:195
/home/joseph/projects/RideConnect/vendor/laravel/framework/src/Illuminate/Console/Application.php:165
/home/joseph/projects/RideConnect/vendor/laravel/framework/src/Illuminate/Foundation/Console/Kernel.php:447
/home/joseph/projects/RideConnect/vendor/laravel/framework/src/Illuminate/Testing/PendingCommand.php:451
/home/joseph/projects/RideConnect/vendor/laravel/framework/src/Illuminate/Testing/PendingCommand.php:675
/home/joseph/projects/RideConnect/vendor/laravel/framework/src/Illuminate/Foundation/Testing/Concerns/InteractsWithConsole.php:87
/home/joseph/projects/RideConnect/vendor/laravel/framework/src/Illuminate/Foundation/Testing/RefreshDatabase.php:119
/home/joseph/projects/RideConnect/vendor/laravel/framework/src/Illuminate/Foundation/Testing/RefreshDatabase.php:84
/home/joseph/projects/RideConnect/vendor/laravel/framework/src/Illuminate/Foundation/Testing/RefreshDatabase.php:25
/home/joseph/projects/RideConnect/vendor/laravel/framework/src/Illuminate/Foundation/Testing/Concerns/InteractsWithTestCaseLifecycle.php:217
/home/joseph/projects/RideConnect/vendor/laravel/framework/src/Illuminate/Foundation/Testing/Concerns/InteractsWithTestCaseLifecycle.php:101
/home/joseph/projects/RideConnect/vendor/laravel/framework/src/Illuminate/Foundation/Testing/TestCase.php:63
/home/joseph/projects/RideConnect/tests/Feature/DriverApiTest.php:28</error>
        </testcase>
        <testcase name="test_cancel_trip" file="/home/joseph/projects/RideConnect/tests/Feature/DriverApiTest.php" line="232" class="Tests\Feature\DriverApiTest" classname="Tests.Feature.DriverApiTest" assertions="0" time="0.000000">
          <error type="Illuminate\Database\QueryException">Tests\Feature\DriverApiTest::test_cancel_trip
Illuminate\Database\QueryException: could not find driver (Connection: sqlite, Database: :memory:, SQL: select exists (select 1 from "main".sqlite_master where name = 'migrations' and type = 'table') as "exists")

/home/joseph/projects/RideConnect/vendor/laravel/framework/src/Illuminate/Database/Connection.php:838
/home/joseph/projects/RideConnect/vendor/laravel/framework/src/Illuminate/Database/Connection.php:794
/home/joseph/projects/RideConnect/vendor/laravel/framework/src/Illuminate/Database/Connection.php:411
/home/joseph/projects/RideConnect/vendor/laravel/framework/src/Illuminate/Database/Connection.php:357
/home/joseph/projects/RideConnect/vendor/laravel/framework/src/Illuminate/Database/Connection.php:374
/home/joseph/projects/RideConnect/vendor/laravel/framework/src/Illuminate/Database/Schema/Builder.php:176
/home/joseph/projects/RideConnect/vendor/laravel/framework/src/Illuminate/Database/Migrations/DatabaseMigrationRepository.php:185
/home/joseph/projects/RideConnect/vendor/laravel/framework/src/Illuminate/Database/Migrations/Migrator.php:758
/home/joseph/projects/RideConnect/vendor/laravel/framework/src/Illuminate/Database/Console/Migrations/MigrateCommand.php:164
/home/joseph/projects/RideConnect/vendor/laravel/framework/src/Illuminate/Support/helpers.php:328
/home/joseph/projects/RideConnect/vendor/laravel/framework/src/Illuminate/Database/Console/Migrations/MigrateCommand.php:164
/home/joseph/projects/RideConnect/vendor/laravel/framework/src/Illuminate/Database/Console/Migrations/MigrateCommand.php:140
/home/joseph/projects/RideConnect/vendor/laravel/framework/src/Illuminate/Database/Console/Migrations/MigrateCommand.php:110
/home/joseph/projects/RideConnect/vendor/laravel/framework/src/Illuminate/Database/Migrations/Migrator.php:671
/home/joseph/projects/RideConnect/vendor/laravel/framework/src/Illuminate/Database/Console/Migrations/MigrateCommand.php:109
/home/joseph/projects/RideConnect/vendor/laravel/framework/src/Illuminate/Database/Console/Migrations/MigrateCommand.php:88
/home/joseph/projects/RideConnect/vendor/laravel/framework/src/Illuminate/Container/BoundMethod.php:36
/home/joseph/projects/RideConnect/vendor/laravel/framework/src/Illuminate/Container/Util.php:43
/home/joseph/projects/RideConnect/vendor/laravel/framework/src/Illuminate/Container/BoundMethod.php:96
/home/joseph/projects/RideConnect/vendor/laravel/framework/src/Illuminate/Container/BoundMethod.php:35
/home/joseph/projects/RideConnect/vendor/laravel/framework/src/Illuminate/Container/Container.php:799
/home/joseph/projects/RideConnect/vendor/laravel/framework/src/Illuminate/Console/Command.php:211
/home/joseph/projects/RideConnect/vendor/symfony/console/Command/Command.php:341
/home/joseph/projects/RideConnect/vendor/laravel/framework/src/Illuminate/Console/Command.php:180
/home/joseph/projects/RideConnect/vendor/laravel/framework/src/Illuminate/Console/Concerns/CallsCommands.php:68
/home/joseph/projects/RideConnect/vendor/laravel/framework/src/Illuminate/Console/Concerns/CallsCommands.php:29
/home/joseph/projects/RideConnect/vendor/laravel/framework/src/Illuminate/Database/Console/Migrations/FreshCommand.php:88
/home/joseph/projects/RideConnect/vendor/laravel/framework/src/Illuminate/Container/BoundMethod.php:36
/home/joseph/projects/RideConnect/vendor/laravel/framework/src/Illuminate/Container/Util.php:43
/home/joseph/projects/RideConnect/vendor/laravel/framework/src/Illuminate/Container/BoundMethod.php:96
/home/joseph/projects/RideConnect/vendor/laravel/framework/src/Illuminate/Container/BoundMethod.php:35
/home/joseph/projects/RideConnect/vendor/laravel/framework/src/Illuminate/Container/Container.php:799
/home/joseph/projects/RideConnect/vendor/laravel/framework/src/Illuminate/Console/Command.php:211
/home/joseph/projects/RideConnect/vendor/symfony/console/Command/Command.php:341
/home/joseph/projects/RideConnect/vendor/laravel/framework/src/Illuminate/Console/Command.php:180
/home/joseph/projects/RideConnect/vendor/symfony/console/Application.php:1094
/home/joseph/projects/RideConnect/vendor/symfony/console/Application.php:356
/home/joseph/projects/RideConnect/vendor/symfony/console/Application.php:195
/home/joseph/projects/RideConnect/vendor/laravel/framework/src/Illuminate/Console/Application.php:165
/home/joseph/projects/RideConnect/vendor/laravel/framework/src/Illuminate/Foundation/Console/Kernel.php:447
/home/joseph/projects/RideConnect/vendor/laravel/framework/src/Illuminate/Testing/PendingCommand.php:451
/home/joseph/projects/RideConnect/vendor/laravel/framework/src/Illuminate/Testing/PendingCommand.php:675
/home/joseph/projects/RideConnect/vendor/laravel/framework/src/Illuminate/Foundation/Testing/Concerns/InteractsWithConsole.php:87
/home/joseph/projects/RideConnect/vendor/laravel/framework/src/Illuminate/Foundation/Testing/RefreshDatabase.php:119
/home/joseph/projects/RideConnect/vendor/laravel/framework/src/Illuminate/Foundation/Testing/RefreshDatabase.php:84
/home/joseph/projects/RideConnect/vendor/laravel/framework/src/Illuminate/Foundation/Testing/RefreshDatabase.php:25
/home/joseph/projects/RideConnect/vendor/laravel/framework/src/Illuminate/Foundation/Testing/Concerns/InteractsWithTestCaseLifecycle.php:217
/home/joseph/projects/RideConnect/vendor/laravel/framework/src/Illuminate/Foundation/Testing/Concerns/InteractsWithTestCaseLifecycle.php:101
/home/joseph/projects/RideConnect/vendor/laravel/framework/src/Illuminate/Foundation/Testing/TestCase.php:63
/home/joseph/projects/RideConnect/tests/Feature/DriverApiTest.php:28</error>
        </testcase>
        <testcase name="test_driver_cannot_accept_incompatible_vehicle_trip" file="/home/joseph/projects/RideConnect/tests/Feature/DriverApiTest.php" line="255" class="Tests\Feature\DriverApiTest" classname="Tests.Feature.DriverApiTest" assertions="0" time="0.000000">
          <error type="Illuminate\Database\QueryException">Tests\Feature\DriverApiTest::test_driver_cannot_accept_incompatible_vehicle_trip
Illuminate\Database\QueryException: could not find driver (Connection: sqlite, Database: :memory:, SQL: select exists (select 1 from "main".sqlite_master where name = 'migrations' and type = 'table') as "exists")

/home/joseph/projects/RideConnect/vendor/laravel/framework/src/Illuminate/Database/Connection.php:838
/home/joseph/projects/RideConnect/vendor/laravel/framework/src/Illuminate/Database/Connection.php:794
/home/joseph/projects/RideConnect/vendor/laravel/framework/src/Illuminate/Database/Connection.php:411
/home/joseph/projects/RideConnect/vendor/laravel/framework/src/Illuminate/Database/Connection.php:357
/home/joseph/projects/RideConnect/vendor/laravel/framework/src/Illuminate/Database/Connection.php:374
/home/joseph/projects/RideConnect/vendor/laravel/framework/src/Illuminate/Database/Schema/Builder.php:176
/home/joseph/projects/RideConnect/vendor/laravel/framework/src/Illuminate/Database/Migrations/DatabaseMigrationRepository.php:185
/home/joseph/projects/RideConnect/vendor/laravel/framework/src/Illuminate/Database/Migrations/Migrator.php:758
/home/joseph/projects/RideConnect/vendor/laravel/framework/src/Illuminate/Database/Console/Migrations/MigrateCommand.php:164
/home/joseph/projects/RideConnect/vendor/laravel/framework/src/Illuminate/Support/helpers.php:328
/home/joseph/projects/RideConnect/vendor/laravel/framework/src/Illuminate/Database/Console/Migrations/MigrateCommand.php:164
/home/joseph/projects/RideConnect/vendor/laravel/framework/src/Illuminate/Database/Console/Migrations/MigrateCommand.php:140
/home/joseph/projects/RideConnect/vendor/laravel/framework/src/Illuminate/Database/Console/Migrations/MigrateCommand.php:110
/home/joseph/projects/RideConnect/vendor/laravel/framework/src/Illuminate/Database/Migrations/Migrator.php:671
/home/joseph/projects/RideConnect/vendor/laravel/framework/src/Illuminate/Database/Console/Migrations/MigrateCommand.php:109
/home/joseph/projects/RideConnect/vendor/laravel/framework/src/Illuminate/Database/Console/Migrations/MigrateCommand.php:88
/home/joseph/projects/RideConnect/vendor/laravel/framework/src/Illuminate/Container/BoundMethod.php:36
/home/joseph/projects/RideConnect/vendor/laravel/framework/src/Illuminate/Container/Util.php:43
/home/joseph/projects/RideConnect/vendor/laravel/framework/src/Illuminate/Container/BoundMethod.php:96
/home/joseph/projects/RideConnect/vendor/laravel/framework/src/Illuminate/Container/BoundMethod.php:35
/home/joseph/projects/RideConnect/vendor/laravel/framework/src/Illuminate/Container/Container.php:799
/home/joseph/projects/RideConnect/vendor/laravel/framework/src/Illuminate/Console/Command.php:211
/home/joseph/projects/RideConnect/vendor/symfony/console/Command/Command.php:341
/home/joseph/projects/RideConnect/vendor/laravel/framework/src/Illuminate/Console/Command.php:180
/home/joseph/projects/RideConnect/vendor/laravel/framework/src/Illuminate/Console/Concerns/CallsCommands.php:68
/home/joseph/projects/RideConnect/vendor/laravel/framework/src/Illuminate/Console/Concerns/CallsCommands.php:29
/home/joseph/projects/RideConnect/vendor/laravel/framework/src/Illuminate/Database/Console/Migrations/FreshCommand.php:88
/home/joseph/projects/RideConnect/vendor/laravel/framework/src/Illuminate/Container/BoundMethod.php:36
/home/joseph/projects/RideConnect/vendor/laravel/framework/src/Illuminate/Container/Util.php:43
/home/joseph/projects/RideConnect/vendor/laravel/framework/src/Illuminate/Container/BoundMethod.php:96
/home/joseph/projects/RideConnect/vendor/laravel/framework/src/Illuminate/Container/BoundMethod.php:35
/home/joseph/projects/RideConnect/vendor/laravel/framework/src/Illuminate/Container/Container.php:799
/home/joseph/projects/RideConnect/vendor/laravel/framework/src/Illuminate/Console/Command.php:211
/home/joseph/projects/RideConnect/vendor/symfony/console/Command/Command.php:341
/home/joseph/projects/RideConnect/vendor/laravel/framework/src/Illuminate/Console/Command.php:180
/home/joseph/projects/RideConnect/vendor/symfony/console/Application.php:1094
/home/joseph/projects/RideConnect/vendor/symfony/console/Application.php:356
/home/joseph/projects/RideConnect/vendor/symfony/console/Application.php:195
/home/joseph/projects/RideConnect/vendor/laravel/framework/src/Illuminate/Console/Application.php:165
/home/joseph/projects/RideConnect/vendor/laravel/framework/src/Illuminate/Foundation/Console/Kernel.php:447
/home/joseph/projects/RideConnect/vendor/laravel/framework/src/Illuminate/Testing/PendingCommand.php:451
/home/joseph/projects/RideConnect/vendor/laravel/framework/src/Illuminate/Testing/PendingCommand.php:675
/home/joseph/projects/RideConnect/vendor/laravel/framework/src/Illuminate/Foundation/Testing/Concerns/InteractsWithConsole.php:87
/home/joseph/projects/RideConnect/vendor/laravel/framework/src/Illuminate/Foundation/Testing/RefreshDatabase.php:119
/home/joseph/projects/RideConnect/vendor/laravel/framework/src/Illuminate/Foundation/Testing/RefreshDatabase.php:84
/home/joseph/projects/RideConnect/vendor/laravel/framework/src/Illuminate/Foundation/Testing/RefreshDatabase.php:25
/home/joseph/projects/RideConnect/vendor/laravel/framework/src/Illuminate/Foundation/Testing/Concerns/InteractsWithTestCaseLifecycle.php:217
/home/joseph/projects/RideConnect/vendor/laravel/framework/src/Illuminate/Foundation/Testing/Concerns/InteractsWithTestCaseLifecycle.php:101
/home/joseph/projects/RideConnect/vendor/laravel/framework/src/Illuminate/Foundation/Testing/TestCase.php:63
/home/joseph/projects/RideConnect/tests/Feature/DriverApiTest.php:28</error>
        </testcase>
      </testsuite>
      <testsuite name="Tests\Feature\DriverSelectionFlowTest" file="/home/joseph/projects/RideConnect/tests/Feature/DriverSelectionFlowTest.php" tests="4" assertions="0" errors="4" failures="0" skipped="0" time="0.000000">
        <testcase name="test_moto_matching_returns_driver_cards_without_seats" file="/home/joseph/projects/RideConnect/tests/Feature/DriverSelectionFlowTest.php" line="19" class="Tests\Feature\DriverSelectionFlowTest" classname="Tests.Feature.DriverSelectionFlowTest" assertions="0" time="0.000000">
          <error type="Illuminate\Database\QueryException">Tests\Feature\DriverSelectionFlowTest::test_moto_matching_returns_driver_cards_without_seats
Illuminate\Database\QueryException: could not find driver (Connection: sqlite, Database: :memory:, SQL: select exists (select 1 from "main".sqlite_master where name = 'migrations' and type = 'table') as "exists")

/home/joseph/projects/RideConnect/vendor/laravel/framework/src/Illuminate/Database/Connection.php:838
/home/joseph/projects/RideConnect/vendor/laravel/framework/src/Illuminate/Database/Connection.php:794
/home/joseph/projects/RideConnect/vendor/laravel/framework/src/Illuminate/Database/Connection.php:411
/home/joseph/projects/RideConnect/vendor/laravel/framework/src/Illuminate/Database/Connection.php:357
/home/joseph/projects/RideConnect/vendor/laravel/framework/src/Illuminate/Database/Connection.php:374
/home/joseph/projects/RideConnect/vendor/laravel/framework/src/Illuminate/Database/Schema/Builder.php:176
/home/joseph/projects/RideConnect/vendor/laravel/framework/src/Illuminate/Database/Migrations/DatabaseMigrationRepository.php:185
/home/joseph/projects/RideConnect/vendor/laravel/framework/src/Illuminate/Database/Migrations/Migrator.php:758
/home/joseph/projects/RideConnect/vendor/laravel/framework/src/Illuminate/Database/Console/Migrations/MigrateCommand.php:164
/home/joseph/projects/RideConnect/vendor/laravel/framework/src/Illuminate/Support/helpers.php:328
/home/joseph/projects/RideConnect/vendor/laravel/framework/src/Illuminate/Database/Console/Migrations/MigrateCommand.php:164
/home/joseph/projects/RideConnect/vendor/laravel/framework/src/Illuminate/Database/Console/Migrations/MigrateCommand.php:140
/home/joseph/projects/RideConnect/vendor/laravel/framework/src/Illuminate/Database/Console/Migrations/MigrateCommand.php:110
/home/joseph/projects/RideConnect/vendor/laravel/framework/src/Illuminate/Database/Migrations/Migrator.php:671
/home/joseph/projects/RideConnect/vendor/laravel/framework/src/Illuminate/Database/Console/Migrations/MigrateCommand.php:109
/home/joseph/projects/RideConnect/vendor/laravel/framework/src/Illuminate/Database/Console/Migrations/MigrateCommand.php:88
/home/joseph/projects/RideConnect/vendor/laravel/framework/src/Illuminate/Container/BoundMethod.php:36
/home/joseph/projects/RideConnect/vendor/laravel/framework/src/Illuminate/Container/Util.php:43
/home/joseph/projects/RideConnect/vendor/laravel/framework/src/Illuminate/Container/BoundMethod.php:96
/home/joseph/projects/RideConnect/vendor/laravel/framework/src/Illuminate/Container/BoundMethod.php:35
/home/joseph/projects/RideConnect/vendor/laravel/framework/src/Illuminate/Container/Container.php:799
/home/joseph/projects/RideConnect/vendor/laravel/framework/src/Illuminate/Console/Command.php:211
/home/joseph/projects/RideConnect/vendor/symfony/console/Command/Command.php:341
/home/joseph/projects/RideConnect/vendor/laravel/framework/src/Illuminate/Console/Command.php:180
/home/joseph/projects/RideConnect/vendor/laravel/framework/src/Illuminate/Console/Concerns/CallsCommands.php:68
/home/joseph/projects/RideConnect/vendor/laravel/framework/src/Illuminate/Console/Concerns/CallsCommands.php:29
/home/joseph/projects/RideConnect/vendor/laravel/framework/src/Illuminate/Database/Console/Migrations/FreshCommand.php:88
/home/joseph/projects/RideConnect/vendor/laravel/framework/src/Illuminate/Container/BoundMethod.php:36
/home/joseph/projects/RideConnect/vendor/laravel/framework/src/Illuminate/Container/Util.php:43
/home/joseph/projects/RideConnect/vendor/laravel/framework/src/Illuminate/Container/BoundMethod.php:96
/home/joseph/projects/RideConnect/vendor/laravel/framework/src/Illuminate/Container/BoundMethod.php:35
/home/joseph/projects/RideConnect/vendor/laravel/framework/src/Illuminate/Container/Container.php:799
/home/joseph/projects/RideConnect/vendor/laravel/framework/src/Illuminate/Console/Command.php:211
/home/joseph/projects/RideConnect/vendor/symfony/console/Command/Command.php:341
/home/joseph/projects/RideConnect/vendor/laravel/framework/src/Illuminate/Console/Command.php:180
/home/joseph/projects/RideConnect/vendor/symfony/console/Application.php:1094
/home/joseph/projects/RideConnect/vendor/symfony/console/Application.php:356
/home/joseph/projects/RideConnect/vendor/symfony/console/Application.php:195
/home/joseph/projects/RideConnect/vendor/laravel/framework/src/Illuminate/Console/Application.php:165
/home/joseph/projects/RideConnect/vendor/laravel/framework/src/Illuminate/Foundation/Console/Kernel.php:447
/home/joseph/projects/RideConnect/vendor/laravel/framework/src/Illuminate/Testing/PendingCommand.php:451
/home/joseph/projects/RideConnect/vendor/laravel/framework/src/Illuminate/Testing/PendingCommand.php:675
/home/joseph/projects/RideConnect/vendor/laravel/framework/src/Illuminate/Foundation/Testing/Concerns/InteractsWithConsole.php:87
/home/joseph/projects/RideConnect/vendor/laravel/framework/src/Illuminate/Foundation/Testing/RefreshDatabase.php:119
/home/joseph/projects/RideConnect/vendor/laravel/framework/src/Illuminate/Foundation/Testing/RefreshDatabase.php:84
/home/joseph/projects/RideConnect/vendor/laravel/framework/src/Illuminate/Foundation/Testing/RefreshDatabase.php:25
/home/joseph/projects/RideConnect/vendor/laravel/framework/src/Illuminate/Foundation/Testing/Concerns/InteractsWithTestCaseLifecycle.php:217
/home/joseph/projects/RideConnect/vendor/laravel/framework/src/Illuminate/Foundation/Testing/Concerns/InteractsWithTestCaseLifecycle.php:101
/home/joseph/projects/RideConnect/vendor/laravel/framework/src/Illuminate/Foundation/Testing/TestCase.php:63</error>
        </testcase>
        <testcase name="test_private_car_matching_returns_capacity_from_vehicle" file="/home/joseph/projects/RideConnect/tests/Feature/DriverSelectionFlowTest.php" line="63" class="Tests\Feature\DriverSelectionFlowTest" classname="Tests.Feature.DriverSelectionFlowTest" assertions="0" time="0.000000">
          <error type="Illuminate\Database\QueryException">Tests\Feature\DriverSelectionFlowTest::test_private_car_matching_returns_capacity_from_vehicle
Illuminate\Database\QueryException: could not find driver (Connection: sqlite, Database: :memory:, SQL: select exists (select 1 from "main".sqlite_master where name = 'migrations' and type = 'table') as "exists")

/home/joseph/projects/RideConnect/vendor/laravel/framework/src/Illuminate/Database/Connection.php:838
/home/joseph/projects/RideConnect/vendor/laravel/framework/src/Illuminate/Database/Connection.php:794
/home/joseph/projects/RideConnect/vendor/laravel/framework/src/Illuminate/Database/Connection.php:411
/home/joseph/projects/RideConnect/vendor/laravel/framework/src/Illuminate/Database/Connection.php:357
/home/joseph/projects/RideConnect/vendor/laravel/framework/src/Illuminate/Database/Connection.php:374
/home/joseph/projects/RideConnect/vendor/laravel/framework/src/Illuminate/Database/Schema/Builder.php:176
/home/joseph/projects/RideConnect/vendor/laravel/framework/src/Illuminate/Database/Migrations/DatabaseMigrationRepository.php:185
/home/joseph/projects/RideConnect/vendor/laravel/framework/src/Illuminate/Database/Migrations/Migrator.php:758
/home/joseph/projects/RideConnect/vendor/laravel/framework/src/Illuminate/Database/Console/Migrations/MigrateCommand.php:164
/home/joseph/projects/RideConnect/vendor/laravel/framework/src/Illuminate/Support/helpers.php:328
/home/joseph/projects/RideConnect/vendor/laravel/framework/src/Illuminate/Database/Console/Migrations/MigrateCommand.php:164
/home/joseph/projects/RideConnect/vendor/laravel/framework/src/Illuminate/Database/Console/Migrations/MigrateCommand.php:140
/home/joseph/projects/RideConnect/vendor/laravel/framework/src/Illuminate/Database/Console/Migrations/MigrateCommand.php:110
/home/joseph/projects/RideConnect/vendor/laravel/framework/src/Illuminate/Database/Migrations/Migrator.php:671
/home/joseph/projects/RideConnect/vendor/laravel/framework/src/Illuminate/Database/Console/Migrations/MigrateCommand.php:109
/home/joseph/projects/RideConnect/vendor/laravel/framework/src/Illuminate/Database/Console/Migrations/MigrateCommand.php:88
/home/joseph/projects/RideConnect/vendor/laravel/framework/src/Illuminate/Container/BoundMethod.php:36
/home/joseph/projects/RideConnect/vendor/laravel/framework/src/Illuminate/Container/Util.php:43
/home/joseph/projects/RideConnect/vendor/laravel/framework/src/Illuminate/Container/BoundMethod.php:96
/home/joseph/projects/RideConnect/vendor/laravel/framework/src/Illuminate/Container/BoundMethod.php:35
/home/joseph/projects/RideConnect/vendor/laravel/framework/src/Illuminate/Container/Container.php:799
/home/joseph/projects/RideConnect/vendor/laravel/framework/src/Illuminate/Console/Command.php:211
/home/joseph/projects/RideConnect/vendor/symfony/console/Command/Command.php:341
/home/joseph/projects/RideConnect/vendor/laravel/framework/src/Illuminate/Console/Command.php:180
/home/joseph/projects/RideConnect/vendor/laravel/framework/src/Illuminate/Console/Concerns/CallsCommands.php:68
/home/joseph/projects/RideConnect/vendor/laravel/framework/src/Illuminate/Console/Concerns/CallsCommands.php:29
/home/joseph/projects/RideConnect/vendor/laravel/framework/src/Illuminate/Database/Console/Migrations/FreshCommand.php:88
/home/joseph/projects/RideConnect/vendor/laravel/framework/src/Illuminate/Container/BoundMethod.php:36
/home/joseph/projects/RideConnect/vendor/laravel/framework/src/Illuminate/Container/Util.php:43
/home/joseph/projects/RideConnect/vendor/laravel/framework/src/Illuminate/Container/BoundMethod.php:96
/home/joseph/projects/RideConnect/vendor/laravel/framework/src/Illuminate/Container/BoundMethod.php:35
/home/joseph/projects/RideConnect/vendor/laravel/framework/src/Illuminate/Container/Container.php:799
/home/joseph/projects/RideConnect/vendor/laravel/framework/src/Illuminate/Console/Command.php:211
/home/joseph/projects/RideConnect/vendor/symfony/console/Command/Command.php:341
/home/joseph/projects/RideConnect/vendor/laravel/framework/src/Illuminate/Console/Command.php:180
/home/joseph/projects/RideConnect/vendor/symfony/console/Application.php:1094
/home/joseph/projects/RideConnect/vendor/symfony/console/Application.php:356
/home/joseph/projects/RideConnect/vendor/symfony/console/Application.php:195
/home/joseph/projects/RideConnect/vendor/laravel/framework/src/Illuminate/Console/Application.php:165
/home/joseph/projects/RideConnect/vendor/laravel/framework/src/Illuminate/Foundation/Console/Kernel.php:447
/home/joseph/projects/RideConnect/vendor/laravel/framework/src/Illuminate/Testing/PendingCommand.php:451
/home/joseph/projects/RideConnect/vendor/laravel/framework/src/Illuminate/Testing/PendingCommand.php:675
/home/joseph/projects/RideConnect/vendor/laravel/framework/src/Illuminate/Foundation/Testing/Concerns/InteractsWithConsole.php:87
/home/joseph/projects/RideConnect/vendor/laravel/framework/src/Illuminate/Foundation/Testing/RefreshDatabase.php:119
/home/joseph/projects/RideConnect/vendor/laravel/framework/src/Illuminate/Foundation/Testing/RefreshDatabase.php:84
/home/joseph/projects/RideConnect/vendor/laravel/framework/src/Illuminate/Foundation/Testing/RefreshDatabase.php:25
/home/joseph/projects/RideConnect/vendor/laravel/framework/src/Illuminate/Foundation/Testing/Concerns/InteractsWithTestCaseLifecycle.php:217
/home/joseph/projects/RideConnect/vendor/laravel/framework/src/Illuminate/Foundation/Testing/Concerns/InteractsWithTestCaseLifecycle.php:101
/home/joseph/projects/RideConnect/vendor/laravel/framework/src/Illuminate/Foundation/Testing/TestCase.php:63</error>
        </testcase>
        <testcase name="test_passenger_can_request_selected_moto_driver_and_driver_can_accept" file="/home/joseph/projects/RideConnect/tests/Feature/DriverSelectionFlowTest.php" line="100" class="Tests\Feature\DriverSelectionFlowTest" classname="Tests.Feature.DriverSelectionFlowTest" assertions="0" time="0.000000">
          <error type="Illuminate\Database\QueryException">Tests\Feature\DriverSelectionFlowTest::test_passenger_can_request_selected_moto_driver_and_driver_can_accept
Illuminate\Database\QueryException: could not find driver (Connection: sqlite, Database: :memory:, SQL: select exists (select 1 from "main".sqlite_master where name = 'migrations' and type = 'table') as "exists")

/home/joseph/projects/RideConnect/vendor/laravel/framework/src/Illuminate/Database/Connection.php:838
/home/joseph/projects/RideConnect/vendor/laravel/framework/src/Illuminate/Database/Connection.php:794
/home/joseph/projects/RideConnect/vendor/laravel/framework/src/Illuminate/Database/Connection.php:411
/home/joseph/projects/RideConnect/vendor/laravel/framework/src/Illuminate/Database/Connection.php:357
/home/joseph/projects/RideConnect/vendor/laravel/framework/src/Illuminate/Database/Connection.php:374
/home/joseph/projects/RideConnect/vendor/laravel/framework/src/Illuminate/Database/Schema/Builder.php:176
/home/joseph/projects/RideConnect/vendor/laravel/framework/src/Illuminate/Database/Migrations/DatabaseMigrationRepository.php:185
/home/joseph/projects/RideConnect/vendor/laravel/framework/src/Illuminate/Database/Migrations/Migrator.php:758
/home/joseph/projects/RideConnect/vendor/laravel/framework/src/Illuminate/Database/Console/Migrations/MigrateCommand.php:164
/home/joseph/projects/RideConnect/vendor/laravel/framework/src/Illuminate/Support/helpers.php:328
/home/joseph/projects/RideConnect/vendor/laravel/framework/src/Illuminate/Database/Console/Migrations/MigrateCommand.php:164
/home/joseph/projects/RideConnect/vendor/laravel/framework/src/Illuminate/Database/Console/Migrations/MigrateCommand.php:140
/home/joseph/projects/RideConnect/vendor/laravel/framework/src/Illuminate/Database/Console/Migrations/MigrateCommand.php:110
/home/joseph/projects/RideConnect/vendor/laravel/framework/src/Illuminate/Database/Migrations/Migrator.php:671
/home/joseph/projects/RideConnect/vendor/laravel/framework/src/Illuminate/Database/Console/Migrations/MigrateCommand.php:109
/home/joseph/projects/RideConnect/vendor/laravel/framework/src/Illuminate/Database/Console/Migrations/MigrateCommand.php:88
/home/joseph/projects/RideConnect/vendor/laravel/framework/src/Illuminate/Container/BoundMethod.php:36
/home/joseph/projects/RideConnect/vendor/laravel/framework/src/Illuminate/Container/Util.php:43
/home/joseph/projects/RideConnect/vendor/laravel/framework/src/Illuminate/Container/BoundMethod.php:96
/home/joseph/projects/RideConnect/vendor/laravel/framework/src/Illuminate/Container/BoundMethod.php:35
/home/joseph/projects/RideConnect/vendor/laravel/framework/src/Illuminate/Container/Container.php:799
/home/joseph/projects/RideConnect/vendor/laravel/framework/src/Illuminate/Console/Command.php:211
/home/joseph/projects/RideConnect/vendor/symfony/console/Command/Command.php:341
/home/joseph/projects/RideConnect/vendor/laravel/framework/src/Illuminate/Console/Command.php:180
/home/joseph/projects/RideConnect/vendor/laravel/framework/src/Illuminate/Console/Concerns/CallsCommands.php:68
/home/joseph/projects/RideConnect/vendor/laravel/framework/src/Illuminate/Console/Concerns/CallsCommands.php:29
/home/joseph/projects/RideConnect/vendor/laravel/framework/src/Illuminate/Database/Console/Migrations/FreshCommand.php:88
/home/joseph/projects/RideConnect/vendor/laravel/framework/src/Illuminate/Container/BoundMethod.php:36
/home/joseph/projects/RideConnect/vendor/laravel/framework/src/Illuminate/Container/Util.php:43
/home/joseph/projects/RideConnect/vendor/laravel/framework/src/Illuminate/Container/BoundMethod.php:96
/home/joseph/projects/RideConnect/vendor/laravel/framework/src/Illuminate/Container/BoundMethod.php:35
/home/joseph/projects/RideConnect/vendor/laravel/framework/src/Illuminate/Container/Container.php:799
/home/joseph/projects/RideConnect/vendor/laravel/framework/src/Illuminate/Console/Command.php:211
/home/joseph/projects/RideConnect/vendor/symfony/console/Command/Command.php:341
/home/joseph/projects/RideConnect/vendor/laravel/framework/src/Illuminate/Console/Command.php:180
/home/joseph/projects/RideConnect/vendor/symfony/console/Application.php:1094
/home/joseph/projects/RideConnect/vendor/symfony/console/Application.php:356
/home/joseph/projects/RideConnect/vendor/symfony/console/Application.php:195
/home/joseph/projects/RideConnect/vendor/laravel/framework/src/Illuminate/Console/Application.php:165
/home/joseph/projects/RideConnect/vendor/laravel/framework/src/Illuminate/Foundation/Console/Kernel.php:447
/home/joseph/projects/RideConnect/vendor/laravel/framework/src/Illuminate/Testing/PendingCommand.php:451
/home/joseph/projects/RideConnect/vendor/laravel/framework/src/Illuminate/Testing/PendingCommand.php:675
/home/joseph/projects/RideConnect/vendor/laravel/framework/src/Illuminate/Foundation/Testing/Concerns/InteractsWithConsole.php:87
/home/joseph/projects/RideConnect/vendor/laravel/framework/src/Illuminate/Foundation/Testing/RefreshDatabase.php:119
/home/joseph/projects/RideConnect/vendor/laravel/framework/src/Illuminate/Foundation/Testing/RefreshDatabase.php:84
/home/joseph/projects/RideConnect/vendor/laravel/framework/src/Illuminate/Foundation/Testing/RefreshDatabase.php:25
/home/joseph/projects/RideConnect/vendor/laravel/framework/src/Illuminate/Foundation/Testing/Concerns/InteractsWithTestCaseLifecycle.php:217
/home/joseph/projects/RideConnect/vendor/laravel/framework/src/Illuminate/Foundation/Testing/Concerns/InteractsWithTestCaseLifecycle.php:101
/home/joseph/projects/RideConnect/vendor/laravel/framework/src/Illuminate/Foundation/Testing/TestCase.php:63</error>
        </testcase>
        <testcase name="test_mobile_private_car_booking_can_use_selected_driver_without_ride_id" file="/home/joseph/projects/RideConnect/tests/Feature/DriverSelectionFlowTest.php" line="147" class="Tests\Feature\DriverSelectionFlowTest" classname="Tests.Feature.DriverSelectionFlowTest" assertions="0" time="0.000000">
          <error type="Illuminate\Database\QueryException">Tests\Feature\DriverSelectionFlowTest::test_mobile_private_car_booking_can_use_selected_driver_without_ride_id
Illuminate\Database\QueryException: could not find driver (Connection: sqlite, Database: :memory:, SQL: select exists (select 1 from "main".sqlite_master where name = 'migrations' and type = 'table') as "exists")

/home/joseph/projects/RideConnect/vendor/laravel/framework/src/Illuminate/Database/Connection.php:838
/home/joseph/projects/RideConnect/vendor/laravel/framework/src/Illuminate/Database/Connection.php:794
/home/joseph/projects/RideConnect/vendor/laravel/framework/src/Illuminate/Database/Connection.php:411
/home/joseph/projects/RideConnect/vendor/laravel/framework/src/Illuminate/Database/Connection.php:357
/home/joseph/projects/RideConnect/vendor/laravel/framework/src/Illuminate/Database/Connection.php:374
/home/joseph/projects/RideConnect/vendor/laravel/framework/src/Illuminate/Database/Schema/Builder.php:176
/home/joseph/projects/RideConnect/vendor/laravel/framework/src/Illuminate/Database/Migrations/DatabaseMigrationRepository.php:185
/home/joseph/projects/RideConnect/vendor/laravel/framework/src/Illuminate/Database/Migrations/Migrator.php:758
/home/joseph/projects/RideConnect/vendor/laravel/framework/src/Illuminate/Database/Console/Migrations/MigrateCommand.php:164
/home/joseph/projects/RideConnect/vendor/laravel/framework/src/Illuminate/Support/helpers.php:328
/home/joseph/projects/RideConnect/vendor/laravel/framework/src/Illuminate/Database/Console/Migrations/MigrateCommand.php:164
/home/joseph/projects/RideConnect/vendor/laravel/framework/src/Illuminate/Database/Console/Migrations/MigrateCommand.php:140
/home/joseph/projects/RideConnect/vendor/laravel/framework/src/Illuminate/Database/Console/Migrations/MigrateCommand.php:110
/home/joseph/projects/RideConnect/vendor/laravel/framework/src/Illuminate/Database/Migrations/Migrator.php:671
/home/joseph/projects/RideConnect/vendor/laravel/framework/src/Illuminate/Database/Console/Migrations/MigrateCommand.php:109
/home/joseph/projects/RideConnect/vendor/laravel/framework/src/Illuminate/Database/Console/Migrations/MigrateCommand.php:88
/home/joseph/projects/RideConnect/vendor/laravel/framework/src/Illuminate/Container/BoundMethod.php:36
/home/joseph/projects/RideConnect/vendor/laravel/framework/src/Illuminate/Container/Util.php:43
/home/joseph/projects/RideConnect/vendor/laravel/framework/src/Illuminate/Container/BoundMethod.php:96
/home/joseph/projects/RideConnect/vendor/laravel/framework/src/Illuminate/Container/BoundMethod.php:35
/home/joseph/projects/RideConnect/vendor/laravel/framework/src/Illuminate/Container/Container.php:799
/home/joseph/projects/RideConnect/vendor/laravel/framework/src/Illuminate/Console/Command.php:211
/home/joseph/projects/RideConnect/vendor/symfony/console/Command/Command.php:341
/home/joseph/projects/RideConnect/vendor/laravel/framework/src/Illuminate/Console/Command.php:180
/home/joseph/projects/RideConnect/vendor/laravel/framework/src/Illuminate/Console/Concerns/CallsCommands.php:68
/home/joseph/projects/RideConnect/vendor/laravel/framework/src/Illuminate/Console/Concerns/CallsCommands.php:29
/home/joseph/projects/RideConnect/vendor/laravel/framework/src/Illuminate/Database/Console/Migrations/FreshCommand.php:88
/home/joseph/projects/RideConnect/vendor/laravel/framework/src/Illuminate/Container/BoundMethod.php:36
/home/joseph/projects/RideConnect/vendor/laravel/framework/src/Illuminate/Container/Util.php:43
/home/joseph/projects/RideConnect/vendor/laravel/framework/src/Illuminate/Container/BoundMethod.php:96
/home/joseph/projects/RideConnect/vendor/laravel/framework/src/Illuminate/Container/BoundMethod.php:35
/home/joseph/projects/RideConnect/vendor/laravel/framework/src/Illuminate/Container/Container.php:799
/home/joseph/projects/RideConnect/vendor/laravel/framework/src/Illuminate/Console/Command.php:211
/home/joseph/projects/RideConnect/vendor/symfony/console/Command/Command.php:341
/home/joseph/projects/RideConnect/vendor/laravel/framework/src/Illuminate/Console/Command.php:180
/home/joseph/projects/RideConnect/vendor/symfony/console/Application.php:1094
/home/joseph/projects/RideConnect/vendor/symfony/console/Application.php:356
/home/joseph/projects/RideConnect/vendor/symfony/console/Application.php:195
/home/joseph/projects/RideConnect/vendor/laravel/framework/src/Illuminate/Console/Application.php:165
/home/joseph/projects/RideConnect/vendor/laravel/framework/src/Illuminate/Foundation/Console/Kernel.php:447
/home/joseph/projects/RideConnect/vendor/laravel/framework/src/Illuminate/Testing/PendingCommand.php:451
/home/joseph/projects/RideConnect/vendor/laravel/framework/src/Illuminate/Testing/PendingCommand.php:675
/home/joseph/projects/RideConnect/vendor/laravel/framework/src/Illuminate/Foundation/Testing/Concerns/InteractsWithConsole.php:87
/home/joseph/projects/RideConnect/vendor/laravel/framework/src/Illuminate/Foundation/Testing/RefreshDatabase.php:119
/home/joseph/projects/RideConnect/vendor/laravel/framework/src/Illuminate/Foundation/Testing/RefreshDatabase.php:84
/home/joseph/projects/RideConnect/vendor/laravel/framework/src/Illuminate/Foundation/Testing/RefreshDatabase.php:25
/home/joseph/projects/RideConnect/vendor/laravel/framework/src/Illuminate/Foundation/Testing/Concerns/InteractsWithTestCaseLifecycle.php:217
/home/joseph/projects/RideConnect/vendor/laravel/framework/src/Illuminate/Foundation/Testing/Concerns/InteractsWithTestCaseLifecycle.php:101
/home/joseph/projects/RideConnect/vendor/laravel/framework/src/Illuminate/Foundation/Testing/TestCase.php:63</error>
        </testcase>
      </testsuite>
      <testsuite name="Tests\Feature\ExampleTest" file="/home/joseph/projects/RideConnect/tests/Feature/ExampleTest.php" tests="1" assertions="0" errors="1" failures="0" skipped="0" time="0.000000">
        <testcase name="test_the_application_redirects_to_login" file="/home/joseph/projects/RideConnect/tests/Feature/ExampleTest.php" line="13" class="Tests\Feature\ExampleTest" classname="Tests.Feature.ExampleTest" assertions="0" time="0.000000">
          <error type="Illuminate\Database\QueryException">Tests\Feature\ExampleTest::test_the_application_redirects_to_login
Illuminate\Database\QueryException: could not find driver (Connection: sqlite, Database: :memory:, SQL: select exists (select 1 from "main".sqlite_master where name = 'migrations' and type = 'table') as "exists")

/home/joseph/projects/RideConnect/vendor/laravel/framework/src/Illuminate/Database/Connection.php:838
/home/joseph/projects/RideConnect/vendor/laravel/framework/src/Illuminate/Database/Connection.php:794
/home/joseph/projects/RideConnect/vendor/laravel/framework/src/Illuminate/Database/Connection.php:411
/home/joseph/projects/RideConnect/vendor/laravel/framework/src/Illuminate/Database/Connection.php:357
/home/joseph/projects/RideConnect/vendor/laravel/framework/src/Illuminate/Database/Connection.php:374
/home/joseph/projects/RideConnect/vendor/laravel/framework/src/Illuminate/Database/Schema/Builder.php:176
/home/joseph/projects/RideConnect/vendor/laravel/framework/src/Illuminate/Database/Migrations/DatabaseMigrationRepository.php:185
/home/joseph/projects/RideConnect/vendor/laravel/framework/src/Illuminate/Database/Migrations/Migrator.php:758
/home/joseph/projects/RideConnect/vendor/laravel/framework/src/Illuminate/Database/Console/Migrations/MigrateCommand.php:164
/home/joseph/projects/RideConnect/vendor/laravel/framework/src/Illuminate/Support/helpers.php:328
/home/joseph/projects/RideConnect/vendor/laravel/framework/src/Illuminate/Database/Console/Migrations/MigrateCommand.php:164
/home/joseph/projects/RideConnect/vendor/laravel/framework/src/Illuminate/Database/Console/Migrations/MigrateCommand.php:140
/home/joseph/projects/RideConnect/vendor/laravel/framework/src/Illuminate/Database/Console/Migrations/MigrateCommand.php:110
/home/joseph/projects/RideConnect/vendor/laravel/framework/src/Illuminate/Database/Migrations/Migrator.php:671
/home/joseph/projects/RideConnect/vendor/laravel/framework/src/Illuminate/Database/Console/Migrations/MigrateCommand.php:109
/home/joseph/projects/RideConnect/vendor/laravel/framework/src/Illuminate/Database/Console/Migrations/MigrateCommand.php:88
/home/joseph/projects/RideConnect/vendor/laravel/framework/src/Illuminate/Container/BoundMethod.php:36
/home/joseph/projects/RideConnect/vendor/laravel/framework/src/Illuminate/Container/Util.php:43
/home/joseph/projects/RideConnect/vendor/laravel/framework/src/Illuminate/Container/BoundMethod.php:96
/home/joseph/projects/RideConnect/vendor/laravel/framework/src/Illuminate/Container/BoundMethod.php:35
/home/joseph/projects/RideConnect/vendor/laravel/framework/src/Illuminate/Container/Container.php:799
/home/joseph/projects/RideConnect/vendor/laravel/framework/src/Illuminate/Console/Command.php:211
/home/joseph/projects/RideConnect/vendor/symfony/console/Command/Command.php:341
/home/joseph/projects/RideConnect/vendor/laravel/framework/src/Illuminate/Console/Command.php:180
/home/joseph/projects/RideConnect/vendor/laravel/framework/src/Illuminate/Console/Concerns/CallsCommands.php:68
/home/joseph/projects/RideConnect/vendor/laravel/framework/src/Illuminate/Console/Concerns/CallsCommands.php:29
/home/joseph/projects/RideConnect/vendor/laravel/framework/src/Illuminate/Database/Console/Migrations/FreshCommand.php:88
/home/joseph/projects/RideConnect/vendor/laravel/framework/src/Illuminate/Container/BoundMethod.php:36
/home/joseph/projects/RideConnect/vendor/laravel/framework/src/Illuminate/Container/Util.php:43
/home/joseph/projects/RideConnect/vendor/laravel/framework/src/Illuminate/Container/BoundMethod.php:96
/home/joseph/projects/RideConnect/vendor/laravel/framework/src/Illuminate/Container/BoundMethod.php:35
/home/joseph/projects/RideConnect/vendor/laravel/framework/src/Illuminate/Container/Container.php:799
/home/joseph/projects/RideConnect/vendor/laravel/framework/src/Illuminate/Console/Command.php:211
/home/joseph/projects/RideConnect/vendor/symfony/console/Command/Command.php:341
/home/joseph/projects/RideConnect/vendor/laravel/framework/src/Illuminate/Console/Command.php:180
/home/joseph/projects/RideConnect/vendor/symfony/console/Application.php:1094
/home/joseph/projects/RideConnect/vendor/symfony/console/Application.php:356
/home/joseph/projects/RideConnect/vendor/symfony/console/Application.php:195
/home/joseph/projects/RideConnect/vendor/laravel/framework/src/Illuminate/Console/Application.php:165
/home/joseph/projects/RideConnect/vendor/laravel/framework/src/Illuminate/Foundation/Console/Kernel.php:447
/home/joseph/projects/RideConnect/vendor/laravel/framework/src/Illuminate/Testing/PendingCommand.php:451
/home/joseph/projects/RideConnect/vendor/laravel/framework/src/Illuminate/Testing/PendingCommand.php:675
/home/joseph/projects/RideConnect/vendor/laravel/framework/src/Illuminate/Foundation/Testing/Concerns/InteractsWithConsole.php:87
/home/joseph/projects/RideConnect/vendor/laravel/framework/src/Illuminate/Foundation/Testing/RefreshDatabase.php:119
/home/joseph/projects/RideConnect/vendor/laravel/framework/src/Illuminate/Foundation/Testing/RefreshDatabase.php:84
/home/joseph/projects/RideConnect/vendor/laravel/framework/src/Illuminate/Foundation/Testing/RefreshDatabase.php:25
/home/joseph/projects/RideConnect/vendor/laravel/framework/src/Illuminate/Foundation/Testing/Concerns/InteractsWithTestCaseLifecycle.php:217
/home/joseph/projects/RideConnect/vendor/laravel/framework/src/Illuminate/Foundation/Testing/Concerns/InteractsWithTestCaseLifecycle.php:101
/home/joseph/projects/RideConnect/vendor/laravel/framework/src/Illuminate/Foundation/Testing/TestCase.php:63</error>
        </testcase>
      </testsuite>
      <testsuite name="Tests\Feature\Filament\AIInsightsRenderTest" file="/home/joseph/projects/RideConnect/tests/Feature/Filament/AIInsightsRenderTest.php" tests="1" assertions="0" errors="1" failures="0" skipped="0" time="0.000000">
        <testcase name="test_ai_insights_shows_empty_states_when_no_ride_tables" file="/home/joseph/projects/RideConnect/tests/Feature/Filament/AIInsightsRenderTest.php" line="15" class="Tests\Feature\Filament\AIInsightsRenderTest" classname="Tests.Feature.Filament.AIInsightsRenderTest" assertions="0" time="0.000000">
          <error type="Illuminate\Database\QueryException">Tests\Feature\Filament\AIInsightsRenderTest::test_ai_insights_shows_empty_states_when_no_ride_tables
Illuminate\Database\QueryException: could not find driver (Connection: sqlite, Database: :memory:, SQL: select exists (select 1 from "main".sqlite_master where name = 'migrations' and type = 'table') as "exists")

/home/joseph/projects/RideConnect/vendor/laravel/framework/src/Illuminate/Database/Connection.php:838
/home/joseph/projects/RideConnect/vendor/laravel/framework/src/Illuminate/Database/Connection.php:794
/home/joseph/projects/RideConnect/vendor/laravel/framework/src/Illuminate/Database/Connection.php:411
/home/joseph/projects/RideConnect/vendor/laravel/framework/src/Illuminate/Database/Connection.php:357
/home/joseph/projects/RideConnect/vendor/laravel/framework/src/Illuminate/Database/Connection.php:374
/home/joseph/projects/RideConnect/vendor/laravel/framework/src/Illuminate/Database/Schema/Builder.php:176
/home/joseph/projects/RideConnect/vendor/laravel/framework/src/Illuminate/Database/Migrations/DatabaseMigrationRepository.php:185
/home/joseph/projects/RideConnect/vendor/laravel/framework/src/Illuminate/Database/Migrations/Migrator.php:758
/home/joseph/projects/RideConnect/vendor/laravel/framework/src/Illuminate/Database/Console/Migrations/MigrateCommand.php:164
/home/joseph/projects/RideConnect/vendor/laravel/framework/src/Illuminate/Support/helpers.php:328
/home/joseph/projects/RideConnect/vendor/laravel/framework/src/Illuminate/Database/Console/Migrations/MigrateCommand.php:164
/home/joseph/projects/RideConnect/vendor/laravel/framework/src/Illuminate/Database/Console/Migrations/MigrateCommand.php:140
/home/joseph/projects/RideConnect/vendor/laravel/framework/src/Illuminate/Database/Console/Migrations/MigrateCommand.php:110
/home/joseph/projects/RideConnect/vendor/laravel/framework/src/Illuminate/Database/Migrations/Migrator.php:671
/home/joseph/projects/RideConnect/vendor/laravel/framework/src/Illuminate/Database/Console/Migrations/MigrateCommand.php:109
/home/joseph/projects/RideConnect/vendor/laravel/framework/src/Illuminate/Database/Console/Migrations/MigrateCommand.php:88
/home/joseph/projects/RideConnect/vendor/laravel/framework/src/Illuminate/Container/BoundMethod.php:36
/home/joseph/projects/RideConnect/vendor/laravel/framework/src/Illuminate/Container/Util.php:43
/home/joseph/projects/RideConnect/vendor/laravel/framework/src/Illuminate/Container/BoundMethod.php:96
/home/joseph/projects/RideConnect/vendor/laravel/framework/src/Illuminate/Container/BoundMethod.php:35
/home/joseph/projects/RideConnect/vendor/laravel/framework/src/Illuminate/Container/Container.php:799
/home/joseph/projects/RideConnect/vendor/laravel/framework/src/Illuminate/Console/Command.php:211
/home/joseph/projects/RideConnect/vendor/symfony/console/Command/Command.php:341
/home/joseph/projects/RideConnect/vendor/laravel/framework/src/Illuminate/Console/Command.php:180
/home/joseph/projects/RideConnect/vendor/laravel/framework/src/Illuminate/Console/Concerns/CallsCommands.php:68
/home/joseph/projects/RideConnect/vendor/laravel/framework/src/Illuminate/Console/Concerns/CallsCommands.php:29
/home/joseph/projects/RideConnect/vendor/laravel/framework/src/Illuminate/Database/Console/Migrations/FreshCommand.php:88
/home/joseph/projects/RideConnect/vendor/laravel/framework/src/Illuminate/Container/BoundMethod.php:36
/home/joseph/projects/RideConnect/vendor/laravel/framework/src/Illuminate/Container/Util.php:43
/home/joseph/projects/RideConnect/vendor/laravel/framework/src/Illuminate/Container/BoundMethod.php:96
/home/joseph/projects/RideConnect/vendor/laravel/framework/src/Illuminate/Container/BoundMethod.php:35
/home/joseph/projects/RideConnect/vendor/laravel/framework/src/Illuminate/Container/Container.php:799
/home/joseph/projects/RideConnect/vendor/laravel/framework/src/Illuminate/Console/Command.php:211
/home/joseph/projects/RideConnect/vendor/symfony/console/Command/Command.php:341
/home/joseph/projects/RideConnect/vendor/laravel/framework/src/Illuminate/Console/Command.php:180
/home/joseph/projects/RideConnect/vendor/symfony/console/Application.php:1094
/home/joseph/projects/RideConnect/vendor/symfony/console/Application.php:356
/home/joseph/projects/RideConnect/vendor/symfony/console/Application.php:195
/home/joseph/projects/RideConnect/vendor/laravel/framework/src/Illuminate/Console/Application.php:165
/home/joseph/projects/RideConnect/vendor/laravel/framework/src/Illuminate/Foundation/Console/Kernel.php:447
/home/joseph/projects/RideConnect/vendor/laravel/framework/src/Illuminate/Testing/PendingCommand.php:451
/home/joseph/projects/RideConnect/vendor/laravel/framework/src/Illuminate/Testing/PendingCommand.php:675
/home/joseph/projects/RideConnect/vendor/laravel/framework/src/Illuminate/Foundation/Testing/Concerns/InteractsWithConsole.php:87
/home/joseph/projects/RideConnect/vendor/laravel/framework/src/Illuminate/Foundation/Testing/RefreshDatabase.php:119
/home/joseph/projects/RideConnect/vendor/laravel/framework/src/Illuminate/Foundation/Testing/RefreshDatabase.php:84
/home/joseph/projects/RideConnect/vendor/laravel/framework/src/Illuminate/Foundation/Testing/RefreshDatabase.php:25
/home/joseph/projects/RideConnect/vendor/laravel/framework/src/Illuminate/Foundation/Testing/Concerns/InteractsWithTestCaseLifecycle.php:217
/home/joseph/projects/RideConnect/vendor/laravel/framework/src/Illuminate/Foundation/Testing/Concerns/InteractsWithTestCaseLifecycle.php:101
/home/joseph/projects/RideConnect/vendor/laravel/framework/src/Illuminate/Foundation/Testing/TestCase.php:63</error>
        </testcase>
      </testsuite>
      <testsuite name="Tests\Feature\Filament\AccountantHardcodedDataRenderTest" file="/home/joseph/projects/RideConnect/tests/Feature/Filament/AccountantHardcodedDataRenderTest.php" tests="1" assertions="0" errors="1" failures="0" skipped="0" time="0.000000">
        <testcase name="test_accountant_pages_render_without_seeded_sample_rows" file="/home/joseph/projects/RideConnect/tests/Feature/Filament/AccountantHardcodedDataRenderTest.php" line="15" class="Tests\Feature\Filament\AccountantHardcodedDataRenderTest" classname="Tests.Feature.Filament.AccountantHardcodedDataRenderTest" assertions="0" time="0.000000">
          <error type="Illuminate\Database\QueryException">Tests\Feature\Filament\AccountantHardcodedDataRenderTest::test_accountant_pages_render_without_seeded_sample_rows
Illuminate\Database\QueryException: could not find driver (Connection: sqlite, Database: :memory:, SQL: select exists (select 1 from "main".sqlite_master where name = 'migrations' and type = 'table') as "exists")

/home/joseph/projects/RideConnect/vendor/laravel/framework/src/Illuminate/Database/Connection.php:838
/home/joseph/projects/RideConnect/vendor/laravel/framework/src/Illuminate/Database/Connection.php:794
/home/joseph/projects/RideConnect/vendor/laravel/framework/src/Illuminate/Database/Connection.php:411
/home/joseph/projects/RideConnect/vendor/laravel/framework/src/Illuminate/Database/Connection.php:357
/home/joseph/projects/RideConnect/vendor/laravel/framework/src/Illuminate/Database/Connection.php:374
/home/joseph/projects/RideConnect/vendor/laravel/framework/src/Illuminate/Database/Schema/Builder.php:176
/home/joseph/projects/RideConnect/vendor/laravel/framework/src/Illuminate/Database/Migrations/DatabaseMigrationRepository.php:185
/home/joseph/projects/RideConnect/vendor/laravel/framework/src/Illuminate/Database/Migrations/Migrator.php:758
/home/joseph/projects/RideConnect/vendor/laravel/framework/src/Illuminate/Database/Console/Migrations/MigrateCommand.php:164
/home/joseph/projects/RideConnect/vendor/laravel/framework/src/Illuminate/Support/helpers.php:328
/home/joseph/projects/RideConnect/vendor/laravel/framework/src/Illuminate/Database/Console/Migrations/MigrateCommand.php:164
/home/joseph/projects/RideConnect/vendor/laravel/framework/src/Illuminate/Database/Console/Migrations/MigrateCommand.php:140
/home/joseph/projects/RideConnect/vendor/laravel/framework/src/Illuminate/Database/Console/Migrations/MigrateCommand.php:110
/home/joseph/projects/RideConnect/vendor/laravel/framework/src/Illuminate/Database/Migrations/Migrator.php:671
/home/joseph/projects/RideConnect/vendor/laravel/framework/src/Illuminate/Database/Console/Migrations/MigrateCommand.php:109
/home/joseph/projects/RideConnect/vendor/laravel/framework/src/Illuminate/Database/Console/Migrations/MigrateCommand.php:88
/home/joseph/projects/RideConnect/vendor/laravel/framework/src/Illuminate/Container/BoundMethod.php:36
/home/joseph/projects/RideConnect/vendor/laravel/framework/src/Illuminate/Container/Util.php:43
/home/joseph/projects/RideConnect/vendor/laravel/framework/src/Illuminate/Container/BoundMethod.php:96
/home/joseph/projects/RideConnect/vendor/laravel/framework/src/Illuminate/Container/BoundMethod.php:35
/home/joseph/projects/RideConnect/vendor/laravel/framework/src/Illuminate/Container/Container.php:799
/home/joseph/projects/RideConnect/vendor/laravel/framework/src/Illuminate/Console/Command.php:211
/home/joseph/projects/RideConnect/vendor/symfony/console/Command/Command.php:341
/home/joseph/projects/RideConnect/vendor/laravel/framework/src/Illuminate/Console/Command.php:180
/home/joseph/projects/RideConnect/vendor/laravel/framework/src/Illuminate/Console/Concerns/CallsCommands.php:68
/home/joseph/projects/RideConnect/vendor/laravel/framework/src/Illuminate/Console/Concerns/CallsCommands.php:29
/home/joseph/projects/RideConnect/vendor/laravel/framework/src/Illuminate/Database/Console/Migrations/FreshCommand.php:88
/home/joseph/projects/RideConnect/vendor/laravel/framework/src/Illuminate/Container/BoundMethod.php:36
/home/joseph/projects/RideConnect/vendor/laravel/framework/src/Illuminate/Container/Util.php:43
/home/joseph/projects/RideConnect/vendor/laravel/framework/src/Illuminate/Container/BoundMethod.php:96
/home/joseph/projects/RideConnect/vendor/laravel/framework/src/Illuminate/Container/BoundMethod.php:35
/home/joseph/projects/RideConnect/vendor/laravel/framework/src/Illuminate/Container/Container.php:799
/home/joseph/projects/RideConnect/vendor/laravel/framework/src/Illuminate/Console/Command.php:211
/home/joseph/projects/RideConnect/vendor/symfony/console/Command/Command.php:341
/home/joseph/projects/RideConnect/vendor/laravel/framework/src/Illuminate/Console/Command.php:180
/home/joseph/projects/RideConnect/vendor/symfony/console/Application.php:1094
/home/joseph/projects/RideConnect/vendor/symfony/console/Application.php:356
/home/joseph/projects/RideConnect/vendor/symfony/console/Application.php:195
/home/joseph/projects/RideConnect/vendor/laravel/framework/src/Illuminate/Console/Application.php:165
/home/joseph/projects/RideConnect/vendor/laravel/framework/src/Illuminate/Foundation/Console/Kernel.php:447
/home/joseph/projects/RideConnect/vendor/laravel/framework/src/Illuminate/Testing/PendingCommand.php:451
/home/joseph/projects/RideConnect/vendor/laravel/framework/src/Illuminate/Testing/PendingCommand.php:675
/home/joseph/projects/RideConnect/vendor/laravel/framework/src/Illuminate/Foundation/Testing/Concerns/InteractsWithConsole.php:87
/home/joseph/projects/RideConnect/vendor/laravel/framework/src/Illuminate/Foundation/Testing/RefreshDatabase.php:119
/home/joseph/projects/RideConnect/vendor/laravel/framework/src/Illuminate/Foundation/Testing/RefreshDatabase.php:84
/home/joseph/projects/RideConnect/vendor/laravel/framework/src/Illuminate/Foundation/Testing/RefreshDatabase.php:25
/home/joseph/projects/RideConnect/vendor/laravel/framework/src/Illuminate/Foundation/Testing/Concerns/InteractsWithTestCaseLifecycle.php:217
/home/joseph/projects/RideConnect/vendor/laravel/framework/src/Illuminate/Foundation/Testing/Concerns/InteractsWithTestCaseLifecycle.php:101
/home/joseph/projects/RideConnect/vendor/laravel/framework/src/Illuminate/Foundation/Testing/TestCase.php:63</error>
        </testcase>
      </testsuite>
      <testsuite name="Tests\Feature\Filament\AdvancedGoogleMapsRenderTest" file="/home/joseph/projects/RideConnect/tests/Feature/Filament/AdvancedGoogleMapsRenderTest.php" tests="1" assertions="0" errors="1" failures="0" skipped="0" time="0.000000">
        <testcase name="test_advanced_google_maps_shows_not_tracked_metrics_without_data_tables" file="/home/joseph/projects/RideConnect/tests/Feature/Filament/AdvancedGoogleMapsRenderTest.php" line="15" class="Tests\Feature\Filament\AdvancedGoogleMapsRenderTest" classname="Tests.Feature.Filament.AdvancedGoogleMapsRenderTest" assertions="0" time="0.000000">
          <error type="Illuminate\Database\QueryException">Tests\Feature\Filament\AdvancedGoogleMapsRenderTest::test_advanced_google_maps_shows_not_tracked_metrics_without_data_tables
Illuminate\Database\QueryException: could not find driver (Connection: sqlite, Database: :memory:, SQL: select exists (select 1 from "main".sqlite_master where name = 'migrations' and type = 'table') as "exists")

/home/joseph/projects/RideConnect/vendor/laravel/framework/src/Illuminate/Database/Connection.php:838
/home/joseph/projects/RideConnect/vendor/laravel/framework/src/Illuminate/Database/Connection.php:794
/home/joseph/projects/RideConnect/vendor/laravel/framework/src/Illuminate/Database/Connection.php:411
/home/joseph/projects/RideConnect/vendor/laravel/framework/src/Illuminate/Database/Connection.php:357
/home/joseph/projects/RideConnect/vendor/laravel/framework/src/Illuminate/Database/Connection.php:374
/home/joseph/projects/RideConnect/vendor/laravel/framework/src/Illuminate/Database/Schema/Builder.php:176
/home/joseph/projects/RideConnect/vendor/laravel/framework/src/Illuminate/Database/Migrations/DatabaseMigrationRepository.php:185
/home/joseph/projects/RideConnect/vendor/laravel/framework/src/Illuminate/Database/Migrations/Migrator.php:758
/home/joseph/projects/RideConnect/vendor/laravel/framework/src/Illuminate/Database/Console/Migrations/MigrateCommand.php:164
/home/joseph/projects/RideConnect/vendor/laravel/framework/src/Illuminate/Support/helpers.php:328
/home/joseph/projects/RideConnect/vendor/laravel/framework/src/Illuminate/Database/Console/Migrations/MigrateCommand.php:164
/home/joseph/projects/RideConnect/vendor/laravel/framework/src/Illuminate/Database/Console/Migrations/MigrateCommand.php:140
/home/joseph/projects/RideConnect/vendor/laravel/framework/src/Illuminate/Database/Console/Migrations/MigrateCommand.php:110
/home/joseph/projects/RideConnect/vendor/laravel/framework/src/Illuminate/Database/Migrations/Migrator.php:671
/home/joseph/projects/RideConnect/vendor/laravel/framework/src/Illuminate/Database/Console/Migrations/MigrateCommand.php:109
/home/joseph/projects/RideConnect/vendor/laravel/framework/src/Illuminate/Database/Console/Migrations/MigrateCommand.php:88
/home/joseph/projects/RideConnect/vendor/laravel/framework/src/Illuminate/Container/BoundMethod.php:36
/home/joseph/projects/RideConnect/vendor/laravel/framework/src/Illuminate/Container/Util.php:43
/home/joseph/projects/RideConnect/vendor/laravel/framework/src/Illuminate/Container/BoundMethod.php:96
/home/joseph/projects/RideConnect/vendor/laravel/framework/src/Illuminate/Container/BoundMethod.php:35
/home/joseph/projects/RideConnect/vendor/laravel/framework/src/Illuminate/Container/Container.php:799
/home/joseph/projects/RideConnect/vendor/laravel/framework/src/Illuminate/Console/Command.php:211
/home/joseph/projects/RideConnect/vendor/symfony/console/Command/Command.php:341
/home/joseph/projects/RideConnect/vendor/laravel/framework/src/Illuminate/Console/Command.php:180
/home/joseph/projects/RideConnect/vendor/laravel/framework/src/Illuminate/Console/Concerns/CallsCommands.php:68
/home/joseph/projects/RideConnect/vendor/laravel/framework/src/Illuminate/Console/Concerns/CallsCommands.php:29
/home/joseph/projects/RideConnect/vendor/laravel/framework/src/Illuminate/Database/Console/Migrations/FreshCommand.php:88
/home/joseph/projects/RideConnect/vendor/laravel/framework/src/Illuminate/Container/BoundMethod.php:36
/home/joseph/projects/RideConnect/vendor/laravel/framework/src/Illuminate/Container/Util.php:43
/home/joseph/projects/RideConnect/vendor/laravel/framework/src/Illuminate/Container/BoundMethod.php:96
/home/joseph/projects/RideConnect/vendor/laravel/framework/src/Illuminate/Container/BoundMethod.php:35
/home/joseph/projects/RideConnect/vendor/laravel/framework/src/Illuminate/Container/Container.php:799
/home/joseph/projects/RideConnect/vendor/laravel/framework/src/Illuminate/Console/Command.php:211
/home/joseph/projects/RideConnect/vendor/symfony/console/Command/Command.php:341
/home/joseph/projects/RideConnect/vendor/laravel/framework/src/Illuminate/Console/Command.php:180
/home/joseph/projects/RideConnect/vendor/symfony/console/Application.php:1094
/home/joseph/projects/RideConnect/vendor/symfony/console/Application.php:356
/home/joseph/projects/RideConnect/vendor/symfony/console/Application.php:195
/home/joseph/projects/RideConnect/vendor/laravel/framework/src/Illuminate/Console/Application.php:165
/home/joseph/projects/RideConnect/vendor/laravel/framework/src/Illuminate/Foundation/Console/Kernel.php:447
/home/joseph/projects/RideConnect/vendor/laravel/framework/src/Illuminate/Testing/PendingCommand.php:451
/home/joseph/projects/RideConnect/vendor/laravel/framework/src/Illuminate/Testing/PendingCommand.php:675
/home/joseph/projects/RideConnect/vendor/laravel/framework/src/Illuminate/Foundation/Testing/Concerns/InteractsWithConsole.php:87
/home/joseph/projects/RideConnect/vendor/laravel/framework/src/Illuminate/Foundation/Testing/RefreshDatabase.php:119
/home/joseph/projects/RideConnect/vendor/laravel/framework/src/Illuminate/Foundation/Testing/RefreshDatabase.php:84
/home/joseph/projects/RideConnect/vendor/laravel/framework/src/Illuminate/Foundation/Testing/RefreshDatabase.php:25
/home/joseph/projects/RideConnect/vendor/laravel/framework/src/Illuminate/Foundation/Testing/Concerns/InteractsWithTestCaseLifecycle.php:217
/home/joseph/projects/RideConnect/vendor/laravel/framework/src/Illuminate/Foundation/Testing/Concerns/InteractsWithTestCaseLifecycle.php:101
/home/joseph/projects/RideConnect/vendor/laravel/framework/src/Illuminate/Foundation/Testing/TestCase.php:63</error>
        </testcase>
      </testsuite>
      <testsuite name="Tests\Feature\Filament\AnalyticsResourcesAccessMatrixTest" file="/home/joseph/projects/RideConnect/tests/Feature/Filament/AnalyticsResourcesAccessMatrixTest.php" tests="2" assertions="0" errors="2" failures="0" skipped="0" time="0.000000">
        <testcase name="test_performance_metrics_access_matrix_per_role" file="/home/joseph/projects/RideConnect/tests/Feature/Filament/AnalyticsResourcesAccessMatrixTest.php" line="11" class="Tests\Feature\Filament\AnalyticsResourcesAccessMatrixTest" classname="Tests.Feature.Filament.AnalyticsResourcesAccessMatrixTest" assertions="0" time="0.000000">
          <error type="Illuminate\Database\QueryException">Tests\Feature\Filament\AnalyticsResourcesAccessMatrixTest::test_performance_metrics_access_matrix_per_role
Illuminate\Database\QueryException: could not find driver (Connection: sqlite, Database: :memory:, SQL: select exists (select 1 from "main".sqlite_master where name = 'migrations' and type = 'table') as "exists")

/home/joseph/projects/RideConnect/vendor/laravel/framework/src/Illuminate/Database/Connection.php:838
/home/joseph/projects/RideConnect/vendor/laravel/framework/src/Illuminate/Database/Connection.php:794
/home/joseph/projects/RideConnect/vendor/laravel/framework/src/Illuminate/Database/Connection.php:411
/home/joseph/projects/RideConnect/vendor/laravel/framework/src/Illuminate/Database/Connection.php:357
/home/joseph/projects/RideConnect/vendor/laravel/framework/src/Illuminate/Database/Connection.php:374
/home/joseph/projects/RideConnect/vendor/laravel/framework/src/Illuminate/Database/Schema/Builder.php:176
/home/joseph/projects/RideConnect/vendor/laravel/framework/src/Illuminate/Database/Migrations/DatabaseMigrationRepository.php:185
/home/joseph/projects/RideConnect/vendor/laravel/framework/src/Illuminate/Database/Migrations/Migrator.php:758
/home/joseph/projects/RideConnect/vendor/laravel/framework/src/Illuminate/Database/Console/Migrations/MigrateCommand.php:164
/home/joseph/projects/RideConnect/vendor/laravel/framework/src/Illuminate/Support/helpers.php:328
/home/joseph/projects/RideConnect/vendor/laravel/framework/src/Illuminate/Database/Console/Migrations/MigrateCommand.php:164
/home/joseph/projects/RideConnect/vendor/laravel/framework/src/Illuminate/Database/Console/Migrations/MigrateCommand.php:140
/home/joseph/projects/RideConnect/vendor/laravel/framework/src/Illuminate/Database/Console/Migrations/MigrateCommand.php:110
/home/joseph/projects/RideConnect/vendor/laravel/framework/src/Illuminate/Database/Migrations/Migrator.php:671
/home/joseph/projects/RideConnect/vendor/laravel/framework/src/Illuminate/Database/Console/Migrations/MigrateCommand.php:109
/home/joseph/projects/RideConnect/vendor/laravel/framework/src/Illuminate/Database/Console/Migrations/MigrateCommand.php:88
/home/joseph/projects/RideConnect/vendor/laravel/framework/src/Illuminate/Container/BoundMethod.php:36
/home/joseph/projects/RideConnect/vendor/laravel/framework/src/Illuminate/Container/Util.php:43
/home/joseph/projects/RideConnect/vendor/laravel/framework/src/Illuminate/Container/BoundMethod.php:96
/home/joseph/projects/RideConnect/vendor/laravel/framework/src/Illuminate/Container/BoundMethod.php:35
/home/joseph/projects/RideConnect/vendor/laravel/framework/src/Illuminate/Container/Container.php:799
/home/joseph/projects/RideConnect/vendor/laravel/framework/src/Illuminate/Console/Command.php:211
/home/joseph/projects/RideConnect/vendor/symfony/console/Command/Command.php:341
/home/joseph/projects/RideConnect/vendor/laravel/framework/src/Illuminate/Console/Command.php:180
/home/joseph/projects/RideConnect/vendor/laravel/framework/src/Illuminate/Console/Concerns/CallsCommands.php:68
/home/joseph/projects/RideConnect/vendor/laravel/framework/src/Illuminate/Console/Concerns/CallsCommands.php:29
/home/joseph/projects/RideConnect/vendor/laravel/framework/src/Illuminate/Database/Console/Migrations/FreshCommand.php:88
/home/joseph/projects/RideConnect/vendor/laravel/framework/src/Illuminate/Container/BoundMethod.php:36
/home/joseph/projects/RideConnect/vendor/laravel/framework/src/Illuminate/Container/Util.php:43
/home/joseph/projects/RideConnect/vendor/laravel/framework/src/Illuminate/Container/BoundMethod.php:96
/home/joseph/projects/RideConnect/vendor/laravel/framework/src/Illuminate/Container/BoundMethod.php:35
/home/joseph/projects/RideConnect/vendor/laravel/framework/src/Illuminate/Container/Container.php:799
/home/joseph/projects/RideConnect/vendor/laravel/framework/src/Illuminate/Console/Command.php:211
/home/joseph/projects/RideConnect/vendor/symfony/console/Command/Command.php:341
/home/joseph/projects/RideConnect/vendor/laravel/framework/src/Illuminate/Console/Command.php:180
/home/joseph/projects/RideConnect/vendor/symfony/console/Application.php:1094
/home/joseph/projects/RideConnect/vendor/symfony/console/Application.php:356
/home/joseph/projects/RideConnect/vendor/symfony/console/Application.php:195
/home/joseph/projects/RideConnect/vendor/laravel/framework/src/Illuminate/Console/Application.php:165
/home/joseph/projects/RideConnect/vendor/laravel/framework/src/Illuminate/Foundation/Console/Kernel.php:447
/home/joseph/projects/RideConnect/vendor/laravel/framework/src/Illuminate/Testing/PendingCommand.php:451
/home/joseph/projects/RideConnect/vendor/laravel/framework/src/Illuminate/Testing/PendingCommand.php:675
/home/joseph/projects/RideConnect/vendor/laravel/framework/src/Illuminate/Foundation/Testing/Concerns/InteractsWithConsole.php:87
/home/joseph/projects/RideConnect/vendor/laravel/framework/src/Illuminate/Foundation/Testing/RefreshDatabase.php:119
/home/joseph/projects/RideConnect/vendor/laravel/framework/src/Illuminate/Foundation/Testing/RefreshDatabase.php:84
/home/joseph/projects/RideConnect/vendor/laravel/framework/src/Illuminate/Foundation/Testing/RefreshDatabase.php:25
/home/joseph/projects/RideConnect/vendor/laravel/framework/src/Illuminate/Foundation/Testing/Concerns/InteractsWithTestCaseLifecycle.php:217
/home/joseph/projects/RideConnect/vendor/laravel/framework/src/Illuminate/Foundation/Testing/Concerns/InteractsWithTestCaseLifecycle.php:101
/home/joseph/projects/RideConnect/vendor/laravel/framework/src/Illuminate/Foundation/Testing/TestCase.php:63</error>
        </testcase>
        <testcase name="test_route_optimizations_access_matrix_per_role" file="/home/joseph/projects/RideConnect/tests/Feature/Filament/AnalyticsResourcesAccessMatrixTest.php" line="21" class="Tests\Feature\Filament\AnalyticsResourcesAccessMatrixTest" classname="Tests.Feature.Filament.AnalyticsResourcesAccessMatrixTest" assertions="0" time="0.000000">
          <error type="Illuminate\Database\QueryException">Tests\Feature\Filament\AnalyticsResourcesAccessMatrixTest::test_route_optimizations_access_matrix_per_role
Illuminate\Database\QueryException: could not find driver (Connection: sqlite, Database: :memory:, SQL: select exists (select 1 from "main".sqlite_master where name = 'migrations' and type = 'table') as "exists")

/home/joseph/projects/RideConnect/vendor/laravel/framework/src/Illuminate/Database/Connection.php:838
/home/joseph/projects/RideConnect/vendor/laravel/framework/src/Illuminate/Database/Connection.php:794
/home/joseph/projects/RideConnect/vendor/laravel/framework/src/Illuminate/Database/Connection.php:411
/home/joseph/projects/RideConnect/vendor/laravel/framework/src/Illuminate/Database/Connection.php:357
/home/joseph/projects/RideConnect/vendor/laravel/framework/src/Illuminate/Database/Connection.php:374
/home/joseph/projects/RideConnect/vendor/laravel/framework/src/Illuminate/Database/Schema/Builder.php:176
/home/joseph/projects/RideConnect/vendor/laravel/framework/src/Illuminate/Database/Migrations/DatabaseMigrationRepository.php:185
/home/joseph/projects/RideConnect/vendor/laravel/framework/src/Illuminate/Database/Migrations/Migrator.php:758
/home/joseph/projects/RideConnect/vendor/laravel/framework/src/Illuminate/Database/Console/Migrations/MigrateCommand.php:164
/home/joseph/projects/RideConnect/vendor/laravel/framework/src/Illuminate/Support/helpers.php:328
/home/joseph/projects/RideConnect/vendor/laravel/framework/src/Illuminate/Database/Console/Migrations/MigrateCommand.php:164
/home/joseph/projects/RideConnect/vendor/laravel/framework/src/Illuminate/Database/Console/Migrations/MigrateCommand.php:140
/home/joseph/projects/RideConnect/vendor/laravel/framework/src/Illuminate/Database/Console/Migrations/MigrateCommand.php:110
/home/joseph/projects/RideConnect/vendor/laravel/framework/src/Illuminate/Database/Migrations/Migrator.php:671
/home/joseph/projects/RideConnect/vendor/laravel/framework/src/Illuminate/Database/Console/Migrations/MigrateCommand.php:109
/home/joseph/projects/RideConnect/vendor/laravel/framework/src/Illuminate/Database/Console/Migrations/MigrateCommand.php:88
/home/joseph/projects/RideConnect/vendor/laravel/framework/src/Illuminate/Container/BoundMethod.php:36
/home/joseph/projects/RideConnect/vendor/laravel/framework/src/Illuminate/Container/Util.php:43
/home/joseph/projects/RideConnect/vendor/laravel/framework/src/Illuminate/Container/BoundMethod.php:96
/home/joseph/projects/RideConnect/vendor/laravel/framework/src/Illuminate/Container/BoundMethod.php:35
/home/joseph/projects/RideConnect/vendor/laravel/framework/src/Illuminate/Container/Container.php:799
/home/joseph/projects/RideConnect/vendor/laravel/framework/src/Illuminate/Console/Command.php:211
/home/joseph/projects/RideConnect/vendor/symfony/console/Command/Command.php:341
/home/joseph/projects/RideConnect/vendor/laravel/framework/src/Illuminate/Console/Command.php:180
/home/joseph/projects/RideConnect/vendor/laravel/framework/src/Illuminate/Console/Concerns/CallsCommands.php:68
/home/joseph/projects/RideConnect/vendor/laravel/framework/src/Illuminate/Console/Concerns/CallsCommands.php:29
/home/joseph/projects/RideConnect/vendor/laravel/framework/src/Illuminate/Database/Console/Migrations/FreshCommand.php:88
/home/joseph/projects/RideConnect/vendor/laravel/framework/src/Illuminate/Container/BoundMethod.php:36
/home/joseph/projects/RideConnect/vendor/laravel/framework/src/Illuminate/Container/Util.php:43
/home/joseph/projects/RideConnect/vendor/laravel/framework/src/Illuminate/Container/BoundMethod.php:96
/home/joseph/projects/RideConnect/vendor/laravel/framework/src/Illuminate/Container/BoundMethod.php:35
/home/joseph/projects/RideConnect/vendor/laravel/framework/src/Illuminate/Container/Container.php:799
/home/joseph/projects/RideConnect/vendor/laravel/framework/src/Illuminate/Console/Command.php:211
/home/joseph/projects/RideConnect/vendor/symfony/console/Command/Command.php:341
/home/joseph/projects/RideConnect/vendor/laravel/framework/src/Illuminate/Console/Command.php:180
/home/joseph/projects/RideConnect/vendor/symfony/console/Application.php:1094
/home/joseph/projects/RideConnect/vendor/symfony/console/Application.php:356
/home/joseph/projects/RideConnect/vendor/symfony/console/Application.php:195
/home/joseph/projects/RideConnect/vendor/laravel/framework/src/Illuminate/Console/Application.php:165
/home/joseph/projects/RideConnect/vendor/laravel/framework/src/Illuminate/Foundation/Console/Kernel.php:447
/home/joseph/projects/RideConnect/vendor/laravel/framework/src/Illuminate/Testing/PendingCommand.php:451
/home/joseph/projects/RideConnect/vendor/laravel/framework/src/Illuminate/Testing/PendingCommand.php:675
/home/joseph/projects/RideConnect/vendor/laravel/framework/src/Illuminate/Foundation/Testing/Concerns/InteractsWithConsole.php:87
/home/joseph/projects/RideConnect/vendor/laravel/framework/src/Illuminate/Foundation/Testing/RefreshDatabase.php:119
/home/joseph/projects/RideConnect/vendor/laravel/framework/src/Illuminate/Foundation/Testing/RefreshDatabase.php:84
/home/joseph/projects/RideConnect/vendor/laravel/framework/src/Illuminate/Foundation/Testing/RefreshDatabase.php:25
/home/joseph/projects/RideConnect/vendor/laravel/framework/src/Illuminate/Foundation/Testing/Concerns/InteractsWithTestCaseLifecycle.php:217
/home/joseph/projects/RideConnect/vendor/laravel/framework/src/Illuminate/Foundation/Testing/Concerns/InteractsWithTestCaseLifecycle.php:101
/home/joseph/projects/RideConnect/vendor/laravel/framework/src/Illuminate/Foundation/Testing/TestCase.php:63</error>
        </testcase>
      </testsuite>
      <testsuite name="Tests\Feature\Filament\DashboardPlaceholderWidgetsRenderTest" file="/home/joseph/projects/RideConnect/tests/Feature/Filament/DashboardPlaceholderWidgetsRenderTest.php" tests="1" assertions="0" errors="1" failures="0" skipped="0" time="0.000000">
        <testcase name="test_placeholder_widgets_render_not_tracked_states" file="/home/joseph/projects/RideConnect/tests/Feature/Filament/DashboardPlaceholderWidgetsRenderTest.php" line="17" class="Tests\Feature\Filament\DashboardPlaceholderWidgetsRenderTest" classname="Tests.Feature.Filament.DashboardPlaceholderWidgetsRenderTest" assertions="0" time="0.000000">
          <error type="Illuminate\Database\QueryException">Tests\Feature\Filament\DashboardPlaceholderWidgetsRenderTest::test_placeholder_widgets_render_not_tracked_states
Illuminate\Database\QueryException: could not find driver (Connection: sqlite, Database: :memory:, SQL: select exists (select 1 from "main".sqlite_master where name = 'migrations' and type = 'table') as "exists")

/home/joseph/projects/RideConnect/vendor/laravel/framework/src/Illuminate/Database/Connection.php:838
/home/joseph/projects/RideConnect/vendor/laravel/framework/src/Illuminate/Database/Connection.php:794
/home/joseph/projects/RideConnect/vendor/laravel/framework/src/Illuminate/Database/Connection.php:411
/home/joseph/projects/RideConnect/vendor/laravel/framework/src/Illuminate/Database/Connection.php:357
/home/joseph/projects/RideConnect/vendor/laravel/framework/src/Illuminate/Database/Connection.php:374
/home/joseph/projects/RideConnect/vendor/laravel/framework/src/Illuminate/Database/Schema/Builder.php:176
/home/joseph/projects/RideConnect/vendor/laravel/framework/src/Illuminate/Database/Migrations/DatabaseMigrationRepository.php:185
/home/joseph/projects/RideConnect/vendor/laravel/framework/src/Illuminate/Database/Migrations/Migrator.php:758
/home/joseph/projects/RideConnect/vendor/laravel/framework/src/Illuminate/Database/Console/Migrations/MigrateCommand.php:164
/home/joseph/projects/RideConnect/vendor/laravel/framework/src/Illuminate/Support/helpers.php:328
/home/joseph/projects/RideConnect/vendor/laravel/framework/src/Illuminate/Database/Console/Migrations/MigrateCommand.php:164
/home/joseph/projects/RideConnect/vendor/laravel/framework/src/Illuminate/Database/Console/Migrations/MigrateCommand.php:140
/home/joseph/projects/RideConnect/vendor/laravel/framework/src/Illuminate/Database/Console/Migrations/MigrateCommand.php:110
/home/joseph/projects/RideConnect/vendor/laravel/framework/src/Illuminate/Database/Migrations/Migrator.php:671
/home/joseph/projects/RideConnect/vendor/laravel/framework/src/Illuminate/Database/Console/Migrations/MigrateCommand.php:109
/home/joseph/projects/RideConnect/vendor/laravel/framework/src/Illuminate/Database/Console/Migrations/MigrateCommand.php:88
/home/joseph/projects/RideConnect/vendor/laravel/framework/src/Illuminate/Container/BoundMethod.php:36
/home/joseph/projects/RideConnect/vendor/laravel/framework/src/Illuminate/Container/Util.php:43
/home/joseph/projects/RideConnect/vendor/laravel/framework/src/Illuminate/Container/BoundMethod.php:96
/home/joseph/projects/RideConnect/vendor/laravel/framework/src/Illuminate/Container/BoundMethod.php:35
/home/joseph/projects/RideConnect/vendor/laravel/framework/src/Illuminate/Container/Container.php:799
/home/joseph/projects/RideConnect/vendor/laravel/framework/src/Illuminate/Console/Command.php:211
/home/joseph/projects/RideConnect/vendor/symfony/console/Command/Command.php:341
/home/joseph/projects/RideConnect/vendor/laravel/framework/src/Illuminate/Console/Command.php:180
/home/joseph/projects/RideConnect/vendor/laravel/framework/src/Illuminate/Console/Concerns/CallsCommands.php:68
/home/joseph/projects/RideConnect/vendor/laravel/framework/src/Illuminate/Console/Concerns/CallsCommands.php:29
/home/joseph/projects/RideConnect/vendor/laravel/framework/src/Illuminate/Database/Console/Migrations/FreshCommand.php:88
/home/joseph/projects/RideConnect/vendor/laravel/framework/src/Illuminate/Container/BoundMethod.php:36
/home/joseph/projects/RideConnect/vendor/laravel/framework/src/Illuminate/Container/Util.php:43
/home/joseph/projects/RideConnect/vendor/laravel/framework/src/Illuminate/Container/BoundMethod.php:96
/home/joseph/projects/RideConnect/vendor/laravel/framework/src/Illuminate/Container/BoundMethod.php:35
/home/joseph/projects/RideConnect/vendor/laravel/framework/src/Illuminate/Container/Container.php:799
/home/joseph/projects/RideConnect/vendor/laravel/framework/src/Illuminate/Console/Command.php:211
/home/joseph/projects/RideConnect/vendor/symfony/console/Command/Command.php:341
/home/joseph/projects/RideConnect/vendor/laravel/framework/src/Illuminate/Console/Command.php:180
/home/joseph/projects/RideConnect/vendor/symfony/console/Application.php:1094
/home/joseph/projects/RideConnect/vendor/symfony/console/Application.php:356
/home/joseph/projects/RideConnect/vendor/symfony/console/Application.php:195
/home/joseph/projects/RideConnect/vendor/laravel/framework/src/Illuminate/Console/Application.php:165
/home/joseph/projects/RideConnect/vendor/laravel/framework/src/Illuminate/Foundation/Console/Kernel.php:447
/home/joseph/projects/RideConnect/vendor/laravel/framework/src/Illuminate/Testing/PendingCommand.php:451
/home/joseph/projects/RideConnect/vendor/laravel/framework/src/Illuminate/Testing/PendingCommand.php:675
/home/joseph/projects/RideConnect/vendor/laravel/framework/src/Illuminate/Foundation/Testing/Concerns/InteractsWithConsole.php:87
/home/joseph/projects/RideConnect/vendor/laravel/framework/src/Illuminate/Foundation/Testing/RefreshDatabase.php:119
/home/joseph/projects/RideConnect/vendor/laravel/framework/src/Illuminate/Foundation/Testing/RefreshDatabase.php:84
/home/joseph/projects/RideConnect/vendor/laravel/framework/src/Illuminate/Foundation/Testing/RefreshDatabase.php:25
/home/joseph/projects/RideConnect/vendor/laravel/framework/src/Illuminate/Foundation/Testing/Concerns/InteractsWithTestCaseLifecycle.php:217
/home/joseph/projects/RideConnect/vendor/laravel/framework/src/Illuminate/Foundation/Testing/Concerns/InteractsWithTestCaseLifecycle.php:101
/home/joseph/projects/RideConnect/vendor/laravel/framework/src/Illuminate/Foundation/Testing/TestCase.php:63</error>
        </testcase>
      </testsuite>
      <testsuite name="Tests\Feature\Filament\DemandForecastResourceAccessMatrixTest" file="/home/joseph/projects/RideConnect/tests/Feature/Filament/DemandForecastResourceAccessMatrixTest.php" tests="1" assertions="0" errors="1" failures="0" skipped="0" time="0.000000">
        <testcase name="test_demand_forecasts_access_matrix_per_role" file="/home/joseph/projects/RideConnect/tests/Feature/Filament/DemandForecastResourceAccessMatrixTest.php" line="26" class="Tests\Feature\Filament\DemandForecastResourceAccessMatrixTest" classname="Tests.Feature.Filament.DemandForecastResourceAccessMatrixTest" assertions="0" time="0.000000">
          <error type="Illuminate\Database\QueryException">Tests\Feature\Filament\DemandForecastResourceAccessMatrixTest::test_demand_forecasts_access_matrix_per_role
Illuminate\Database\QueryException: could not find driver (Connection: sqlite, Database: :memory:, SQL: select exists (select 1 from "main".sqlite_master where name = 'migrations' and type = 'table') as "exists")

/home/joseph/projects/RideConnect/vendor/laravel/framework/src/Illuminate/Database/Connection.php:838
/home/joseph/projects/RideConnect/vendor/laravel/framework/src/Illuminate/Database/Connection.php:794
/home/joseph/projects/RideConnect/vendor/laravel/framework/src/Illuminate/Database/Connection.php:411
/home/joseph/projects/RideConnect/vendor/laravel/framework/src/Illuminate/Database/Connection.php:357
/home/joseph/projects/RideConnect/vendor/laravel/framework/src/Illuminate/Database/Connection.php:374
/home/joseph/projects/RideConnect/vendor/laravel/framework/src/Illuminate/Database/Schema/Builder.php:176
/home/joseph/projects/RideConnect/vendor/laravel/framework/src/Illuminate/Database/Migrations/DatabaseMigrationRepository.php:185
/home/joseph/projects/RideConnect/vendor/laravel/framework/src/Illuminate/Database/Migrations/Migrator.php:758
/home/joseph/projects/RideConnect/vendor/laravel/framework/src/Illuminate/Database/Console/Migrations/MigrateCommand.php:164
/home/joseph/projects/RideConnect/vendor/laravel/framework/src/Illuminate/Support/helpers.php:328
/home/joseph/projects/RideConnect/vendor/laravel/framework/src/Illuminate/Database/Console/Migrations/MigrateCommand.php:164
/home/joseph/projects/RideConnect/vendor/laravel/framework/src/Illuminate/Database/Console/Migrations/MigrateCommand.php:140
/home/joseph/projects/RideConnect/vendor/laravel/framework/src/Illuminate/Database/Console/Migrations/MigrateCommand.php:110
/home/joseph/projects/RideConnect/vendor/laravel/framework/src/Illuminate/Database/Migrations/Migrator.php:671
/home/joseph/projects/RideConnect/vendor/laravel/framework/src/Illuminate/Database/Console/Migrations/MigrateCommand.php:109
/home/joseph/projects/RideConnect/vendor/laravel/framework/src/Illuminate/Database/Console/Migrations/MigrateCommand.php:88
/home/joseph/projects/RideConnect/vendor/laravel/framework/src/Illuminate/Container/BoundMethod.php:36
/home/joseph/projects/RideConnect/vendor/laravel/framework/src/Illuminate/Container/Util.php:43
/home/joseph/projects/RideConnect/vendor/laravel/framework/src/Illuminate/Container/BoundMethod.php:96
/home/joseph/projects/RideConnect/vendor/laravel/framework/src/Illuminate/Container/BoundMethod.php:35
/home/joseph/projects/RideConnect/vendor/laravel/framework/src/Illuminate/Container/Container.php:799
/home/joseph/projects/RideConnect/vendor/laravel/framework/src/Illuminate/Console/Command.php:211
/home/joseph/projects/RideConnect/vendor/symfony/console/Command/Command.php:341
/home/joseph/projects/RideConnect/vendor/laravel/framework/src/Illuminate/Console/Command.php:180
/home/joseph/projects/RideConnect/vendor/laravel/framework/src/Illuminate/Console/Concerns/CallsCommands.php:68
/home/joseph/projects/RideConnect/vendor/laravel/framework/src/Illuminate/Console/Concerns/CallsCommands.php:29
/home/joseph/projects/RideConnect/vendor/laravel/framework/src/Illuminate/Database/Console/Migrations/FreshCommand.php:88
/home/joseph/projects/RideConnect/vendor/laravel/framework/src/Illuminate/Container/BoundMethod.php:36
/home/joseph/projects/RideConnect/vendor/laravel/framework/src/Illuminate/Container/Util.php:43
/home/joseph/projects/RideConnect/vendor/laravel/framework/src/Illuminate/Container/BoundMethod.php:96
/home/joseph/projects/RideConnect/vendor/laravel/framework/src/Illuminate/Container/BoundMethod.php:35
/home/joseph/projects/RideConnect/vendor/laravel/framework/src/Illuminate/Container/Container.php:799
/home/joseph/projects/RideConnect/vendor/laravel/framework/src/Illuminate/Console/Command.php:211
/home/joseph/projects/RideConnect/vendor/symfony/console/Command/Command.php:341
/home/joseph/projects/RideConnect/vendor/laravel/framework/src/Illuminate/Console/Command.php:180
/home/joseph/projects/RideConnect/vendor/symfony/console/Application.php:1094
/home/joseph/projects/RideConnect/vendor/symfony/console/Application.php:356
/home/joseph/projects/RideConnect/vendor/symfony/console/Application.php:195
/home/joseph/projects/RideConnect/vendor/laravel/framework/src/Illuminate/Console/Application.php:165
/home/joseph/projects/RideConnect/vendor/laravel/framework/src/Illuminate/Foundation/Console/Kernel.php:447
/home/joseph/projects/RideConnect/vendor/laravel/framework/src/Illuminate/Testing/PendingCommand.php:451
/home/joseph/projects/RideConnect/vendor/laravel/framework/src/Illuminate/Testing/PendingCommand.php:675
/home/joseph/projects/RideConnect/vendor/laravel/framework/src/Illuminate/Foundation/Testing/Concerns/InteractsWithConsole.php:87
/home/joseph/projects/RideConnect/vendor/laravel/framework/src/Illuminate/Foundation/Testing/RefreshDatabase.php:119
/home/joseph/projects/RideConnect/vendor/laravel/framework/src/Illuminate/Foundation/Testing/RefreshDatabase.php:84
/home/joseph/projects/RideConnect/vendor/laravel/framework/src/Illuminate/Foundation/Testing/RefreshDatabase.php:25
/home/joseph/projects/RideConnect/vendor/laravel/framework/src/Illuminate/Foundation/Testing/Concerns/InteractsWithTestCaseLifecycle.php:217
/home/joseph/projects/RideConnect/vendor/laravel/framework/src/Illuminate/Foundation/Testing/Concerns/InteractsWithTestCaseLifecycle.php:101
/home/joseph/projects/RideConnect/vendor/laravel/framework/src/Illuminate/Foundation/Testing/TestCase.php:63
/home/joseph/projects/RideConnect/tests/Feature/Filament/DemandForecastResourceAccessMatrixTest.php:14</error>
        </testcase>
      </testsuite>
      <testsuite name="Tests\Feature\Filament\FinanceResourceRenderTest" file="/home/joseph/projects/RideConnect/tests/Feature/Filament/FinanceResourceRenderTest.php" tests="1" assertions="0" errors="1" failures="0" skipped="0" time="0.000000">
        <testcase name="test_finance_resource_page_renders_for_authorized_user" file="/home/joseph/projects/RideConnect/tests/Feature/Filament/FinanceResourceRenderTest.php" line="12" class="Tests\Feature\Filament\FinanceResourceRenderTest" classname="Tests.Feature.Filament.FinanceResourceRenderTest" assertions="0" time="0.000000">
          <error type="Illuminate\Database\QueryException">Tests\Feature\Filament\FinanceResourceRenderTest::test_finance_resource_page_renders_for_authorized_user
Illuminate\Database\QueryException: could not find driver (Connection: sqlite, Database: :memory:, SQL: select exists (select 1 from "main".sqlite_master where name = 'migrations' and type = 'table') as "exists")

/home/joseph/projects/RideConnect/vendor/laravel/framework/src/Illuminate/Database/Connection.php:838
/home/joseph/projects/RideConnect/vendor/laravel/framework/src/Illuminate/Database/Connection.php:794
/home/joseph/projects/RideConnect/vendor/laravel/framework/src/Illuminate/Database/Connection.php:411
/home/joseph/projects/RideConnect/vendor/laravel/framework/src/Illuminate/Database/Connection.php:357
/home/joseph/projects/RideConnect/vendor/laravel/framework/src/Illuminate/Database/Connection.php:374
/home/joseph/projects/RideConnect/vendor/laravel/framework/src/Illuminate/Database/Schema/Builder.php:176
/home/joseph/projects/RideConnect/vendor/laravel/framework/src/Illuminate/Database/Migrations/DatabaseMigrationRepository.php:185
/home/joseph/projects/RideConnect/vendor/laravel/framework/src/Illuminate/Database/Migrations/Migrator.php:758
/home/joseph/projects/RideConnect/vendor/laravel/framework/src/Illuminate/Database/Console/Migrations/MigrateCommand.php:164
/home/joseph/projects/RideConnect/vendor/laravel/framework/src/Illuminate/Support/helpers.php:328
/home/joseph/projects/RideConnect/vendor/laravel/framework/src/Illuminate/Database/Console/Migrations/MigrateCommand.php:164
/home/joseph/projects/RideConnect/vendor/laravel/framework/src/Illuminate/Database/Console/Migrations/MigrateCommand.php:140
/home/joseph/projects/RideConnect/vendor/laravel/framework/src/Illuminate/Database/Console/Migrations/MigrateCommand.php:110
/home/joseph/projects/RideConnect/vendor/laravel/framework/src/Illuminate/Database/Migrations/Migrator.php:671
/home/joseph/projects/RideConnect/vendor/laravel/framework/src/Illuminate/Database/Console/Migrations/MigrateCommand.php:109
/home/joseph/projects/RideConnect/vendor/laravel/framework/src/Illuminate/Database/Console/Migrations/MigrateCommand.php:88
/home/joseph/projects/RideConnect/vendor/laravel/framework/src/Illuminate/Container/BoundMethod.php:36
/home/joseph/projects/RideConnect/vendor/laravel/framework/src/Illuminate/Container/Util.php:43
/home/joseph/projects/RideConnect/vendor/laravel/framework/src/Illuminate/Container/BoundMethod.php:96
/home/joseph/projects/RideConnect/vendor/laravel/framework/src/Illuminate/Container/BoundMethod.php:35
/home/joseph/projects/RideConnect/vendor/laravel/framework/src/Illuminate/Container/Container.php:799
/home/joseph/projects/RideConnect/vendor/laravel/framework/src/Illuminate/Console/Command.php:211
/home/joseph/projects/RideConnect/vendor/symfony/console/Command/Command.php:341
/home/joseph/projects/RideConnect/vendor/laravel/framework/src/Illuminate/Console/Command.php:180
/home/joseph/projects/RideConnect/vendor/laravel/framework/src/Illuminate/Console/Concerns/CallsCommands.php:68
/home/joseph/projects/RideConnect/vendor/laravel/framework/src/Illuminate/Console/Concerns/CallsCommands.php:29
/home/joseph/projects/RideConnect/vendor/laravel/framework/src/Illuminate/Database/Console/Migrations/FreshCommand.php:88
/home/joseph/projects/RideConnect/vendor/laravel/framework/src/Illuminate/Container/BoundMethod.php:36
/home/joseph/projects/RideConnect/vendor/laravel/framework/src/Illuminate/Container/Util.php:43
/home/joseph/projects/RideConnect/vendor/laravel/framework/src/Illuminate/Container/BoundMethod.php:96
/home/joseph/projects/RideConnect/vendor/laravel/framework/src/Illuminate/Container/BoundMethod.php:35
/home/joseph/projects/RideConnect/vendor/laravel/framework/src/Illuminate/Container/Container.php:799
/home/joseph/projects/RideConnect/vendor/laravel/framework/src/Illuminate/Console/Command.php:211
/home/joseph/projects/RideConnect/vendor/symfony/console/Command/Command.php:341
/home/joseph/projects/RideConnect/vendor/laravel/framework/src/Illuminate/Console/Command.php:180
/home/joseph/projects/RideConnect/vendor/symfony/console/Application.php:1094
/home/joseph/projects/RideConnect/vendor/symfony/console/Application.php:356
/home/joseph/projects/RideConnect/vendor/symfony/console/Application.php:195
/home/joseph/projects/RideConnect/vendor/laravel/framework/src/Illuminate/Console/Application.php:165
/home/joseph/projects/RideConnect/vendor/laravel/framework/src/Illuminate/Foundation/Console/Kernel.php:447
/home/joseph/projects/RideConnect/vendor/laravel/framework/src/Illuminate/Testing/PendingCommand.php:451
/home/joseph/projects/RideConnect/vendor/laravel/framework/src/Illuminate/Testing/PendingCommand.php:675
/home/joseph/projects/RideConnect/vendor/laravel/framework/src/Illuminate/Foundation/Testing/Concerns/InteractsWithConsole.php:87
/home/joseph/projects/RideConnect/vendor/laravel/framework/src/Illuminate/Foundation/Testing/RefreshDatabase.php:119
/home/joseph/projects/RideConnect/vendor/laravel/framework/src/Illuminate/Foundation/Testing/RefreshDatabase.php:84
/home/joseph/projects/RideConnect/vendor/laravel/framework/src/Illuminate/Foundation/Testing/RefreshDatabase.php:25
/home/joseph/projects/RideConnect/vendor/laravel/framework/src/Illuminate/Foundation/Testing/Concerns/InteractsWithTestCaseLifecycle.php:217
/home/joseph/projects/RideConnect/vendor/laravel/framework/src/Illuminate/Foundation/Testing/Concerns/InteractsWithTestCaseLifecycle.php:101
/home/joseph/projects/RideConnect/vendor/laravel/framework/src/Illuminate/Foundation/Testing/TestCase.php:63</error>
        </testcase>
      </testsuite>
      <testsuite name="Tests\Feature\Filament\PlatformMetricsAndHealthRenderTest" file="/home/joseph/projects/RideConnect/tests/Feature/Filament/PlatformMetricsAndHealthRenderTest.php" tests="1" assertions="0" errors="1" failures="0" skipped="0" time="0.000000">
        <testcase name="test_platform_metrics_page_renders_without_multiple_root_element_error" file="/home/joseph/projects/RideConnect/tests/Feature/Filament/PlatformMetricsAndHealthRenderTest.php" line="15" class="Tests\Feature\Filament\PlatformMetricsAndHealthRenderTest" classname="Tests.Feature.Filament.PlatformMetricsAndHealthRenderTest" assertions="0" time="0.000000">
          <error type="Illuminate\Database\QueryException">Tests\Feature\Filament\PlatformMetricsAndHealthRenderTest::test_platform_metrics_page_renders_without_multiple_root_element_error
Illuminate\Database\QueryException: could not find driver (Connection: sqlite, Database: :memory:, SQL: select exists (select 1 from "main".sqlite_master where name = 'migrations' and type = 'table') as "exists")

/home/joseph/projects/RideConnect/vendor/laravel/framework/src/Illuminate/Database/Connection.php:838
/home/joseph/projects/RideConnect/vendor/laravel/framework/src/Illuminate/Database/Connection.php:794
/home/joseph/projects/RideConnect/vendor/laravel/framework/src/Illuminate/Database/Connection.php:411
/home/joseph/projects/RideConnect/vendor/laravel/framework/src/Illuminate/Database/Connection.php:357
/home/joseph/projects/RideConnect/vendor/laravel/framework/src/Illuminate/Database/Connection.php:374
/home/joseph/projects/RideConnect/vendor/laravel/framework/src/Illuminate/Database/Schema/Builder.php:176
/home/joseph/projects/RideConnect/vendor/laravel/framework/src/Illuminate/Database/Migrations/DatabaseMigrationRepository.php:185
/home/joseph/projects/RideConnect/vendor/laravel/framework/src/Illuminate/Database/Migrations/Migrator.php:758
/home/joseph/projects/RideConnect/vendor/laravel/framework/src/Illuminate/Database/Console/Migrations/MigrateCommand.php:164
/home/joseph/projects/RideConnect/vendor/laravel/framework/src/Illuminate/Support/helpers.php:328
/home/joseph/projects/RideConnect/vendor/laravel/framework/src/Illuminate/Database/Console/Migrations/MigrateCommand.php:164
/home/joseph/projects/RideConnect/vendor/laravel/framework/src/Illuminate/Database/Console/Migrations/MigrateCommand.php:140
/home/joseph/projects/RideConnect/vendor/laravel/framework/src/Illuminate/Database/Console/Migrations/MigrateCommand.php:110
/home/joseph/projects/RideConnect/vendor/laravel/framework/src/Illuminate/Database/Migrations/Migrator.php:671
/home/joseph/projects/RideConnect/vendor/laravel/framework/src/Illuminate/Database/Console/Migrations/MigrateCommand.php:109
/home/joseph/projects/RideConnect/vendor/laravel/framework/src/Illuminate/Database/Console/Migrations/MigrateCommand.php:88
/home/joseph/projects/RideConnect/vendor/laravel/framework/src/Illuminate/Container/BoundMethod.php:36
/home/joseph/projects/RideConnect/vendor/laravel/framework/src/Illuminate/Container/Util.php:43
/home/joseph/projects/RideConnect/vendor/laravel/framework/src/Illuminate/Container/BoundMethod.php:96
/home/joseph/projects/RideConnect/vendor/laravel/framework/src/Illuminate/Container/BoundMethod.php:35
/home/joseph/projects/RideConnect/vendor/laravel/framework/src/Illuminate/Container/Container.php:799
/home/joseph/projects/RideConnect/vendor/laravel/framework/src/Illuminate/Console/Command.php:211
/home/joseph/projects/RideConnect/vendor/symfony/console/Command/Command.php:341
/home/joseph/projects/RideConnect/vendor/laravel/framework/src/Illuminate/Console/Command.php:180
/home/joseph/projects/RideConnect/vendor/laravel/framework/src/Illuminate/Console/Concerns/CallsCommands.php:68
/home/joseph/projects/RideConnect/vendor/laravel/framework/src/Illuminate/Console/Concerns/CallsCommands.php:29
/home/joseph/projects/RideConnect/vendor/laravel/framework/src/Illuminate/Database/Console/Migrations/FreshCommand.php:88
/home/joseph/projects/RideConnect/vendor/laravel/framework/src/Illuminate/Container/BoundMethod.php:36
/home/joseph/projects/RideConnect/vendor/laravel/framework/src/Illuminate/Container/Util.php:43
/home/joseph/projects/RideConnect/vendor/laravel/framework/src/Illuminate/Container/BoundMethod.php:96
/home/joseph/projects/RideConnect/vendor/laravel/framework/src/Illuminate/Container/BoundMethod.php:35
/home/joseph/projects/RideConnect/vendor/laravel/framework/src/Illuminate/Container/Container.php:799
/home/joseph/projects/RideConnect/vendor/laravel/framework/src/Illuminate/Console/Command.php:211
/home/joseph/projects/RideConnect/vendor/symfony/console/Command/Command.php:341
/home/joseph/projects/RideConnect/vendor/laravel/framework/src/Illuminate/Console/Command.php:180
/home/joseph/projects/RideConnect/vendor/symfony/console/Application.php:1094
/home/joseph/projects/RideConnect/vendor/symfony/console/Application.php:356
/home/joseph/projects/RideConnect/vendor/symfony/console/Application.php:195
/home/joseph/projects/RideConnect/vendor/laravel/framework/src/Illuminate/Console/Application.php:165
/home/joseph/projects/RideConnect/vendor/laravel/framework/src/Illuminate/Foundation/Console/Kernel.php:447
/home/joseph/projects/RideConnect/vendor/laravel/framework/src/Illuminate/Testing/PendingCommand.php:451
/home/joseph/projects/RideConnect/vendor/laravel/framework/src/Illuminate/Testing/PendingCommand.php:675
/home/joseph/projects/RideConnect/vendor/laravel/framework/src/Illuminate/Foundation/Testing/Concerns/InteractsWithConsole.php:87
/home/joseph/projects/RideConnect/vendor/laravel/framework/src/Illuminate/Foundation/Testing/RefreshDatabase.php:119
/home/joseph/projects/RideConnect/vendor/laravel/framework/src/Illuminate/Foundation/Testing/RefreshDatabase.php:84
/home/joseph/projects/RideConnect/vendor/laravel/framework/src/Illuminate/Foundation/Testing/RefreshDatabase.php:25
/home/joseph/projects/RideConnect/vendor/laravel/framework/src/Illuminate/Foundation/Testing/Concerns/InteractsWithTestCaseLifecycle.php:217
/home/joseph/projects/RideConnect/vendor/laravel/framework/src/Illuminate/Foundation/Testing/Concerns/InteractsWithTestCaseLifecycle.php:101
/home/joseph/projects/RideConnect/vendor/laravel/framework/src/Illuminate/Foundation/Testing/TestCase.php:63</error>
        </testcase>
      </testsuite>
      <testsuite name="Tests\Feature\Filament\RoleDashboardNavigationVisibilityTest" file="/home/joseph/projects/RideConnect/tests/Feature/Filament/RoleDashboardNavigationVisibilityTest.php" tests="5" assertions="0" errors="5" failures="0" skipped="0" time="0.000000">
        <testcase name="test_super_admin_sees_only_super_dashboard_navigation" file="/home/joseph/projects/RideConnect/tests/Feature/Filament/RoleDashboardNavigationVisibilityTest.php" line="26" class="Tests\Feature\Filament\RoleDashboardNavigationVisibilityTest" classname="Tests.Feature.Filament.RoleDashboardNavigationVisibilityTest" assertions="0" time="0.000000">
          <error type="Illuminate\Database\QueryException">Tests\Feature\Filament\RoleDashboardNavigationVisibilityTest::test_super_admin_sees_only_super_dashboard_navigation
Illuminate\Database\QueryException: could not find driver (Connection: sqlite, Database: :memory:, SQL: select exists (select 1 from "main".sqlite_master where name = 'migrations' and type = 'table') as "exists")

/home/joseph/projects/RideConnect/vendor/laravel/framework/src/Illuminate/Database/Connection.php:838
/home/joseph/projects/RideConnect/vendor/laravel/framework/src/Illuminate/Database/Connection.php:794
/home/joseph/projects/RideConnect/vendor/laravel/framework/src/Illuminate/Database/Connection.php:411
/home/joseph/projects/RideConnect/vendor/laravel/framework/src/Illuminate/Database/Connection.php:357
/home/joseph/projects/RideConnect/vendor/laravel/framework/src/Illuminate/Database/Connection.php:374
/home/joseph/projects/RideConnect/vendor/laravel/framework/src/Illuminate/Database/Schema/Builder.php:176
/home/joseph/projects/RideConnect/vendor/laravel/framework/src/Illuminate/Database/Migrations/DatabaseMigrationRepository.php:185
/home/joseph/projects/RideConnect/vendor/laravel/framework/src/Illuminate/Database/Migrations/Migrator.php:758
/home/joseph/projects/RideConnect/vendor/laravel/framework/src/Illuminate/Database/Console/Migrations/MigrateCommand.php:164
/home/joseph/projects/RideConnect/vendor/laravel/framework/src/Illuminate/Support/helpers.php:328
/home/joseph/projects/RideConnect/vendor/laravel/framework/src/Illuminate/Database/Console/Migrations/MigrateCommand.php:164
/home/joseph/projects/RideConnect/vendor/laravel/framework/src/Illuminate/Database/Console/Migrations/MigrateCommand.php:140
/home/joseph/projects/RideConnect/vendor/laravel/framework/src/Illuminate/Database/Console/Migrations/MigrateCommand.php:110
/home/joseph/projects/RideConnect/vendor/laravel/framework/src/Illuminate/Database/Migrations/Migrator.php:671
/home/joseph/projects/RideConnect/vendor/laravel/framework/src/Illuminate/Database/Console/Migrations/MigrateCommand.php:109
/home/joseph/projects/RideConnect/vendor/laravel/framework/src/Illuminate/Database/Console/Migrations/MigrateCommand.php:88
/home/joseph/projects/RideConnect/vendor/laravel/framework/src/Illuminate/Container/BoundMethod.php:36
/home/joseph/projects/RideConnect/vendor/laravel/framework/src/Illuminate/Container/Util.php:43
/home/joseph/projects/RideConnect/vendor/laravel/framework/src/Illuminate/Container/BoundMethod.php:96
/home/joseph/projects/RideConnect/vendor/laravel/framework/src/Illuminate/Container/BoundMethod.php:35
/home/joseph/projects/RideConnect/vendor/laravel/framework/src/Illuminate/Container/Container.php:799
/home/joseph/projects/RideConnect/vendor/laravel/framework/src/Illuminate/Console/Command.php:211
/home/joseph/projects/RideConnect/vendor/symfony/console/Command/Command.php:341
/home/joseph/projects/RideConnect/vendor/laravel/framework/src/Illuminate/Console/Command.php:180
/home/joseph/projects/RideConnect/vendor/laravel/framework/src/Illuminate/Console/Concerns/CallsCommands.php:68
/home/joseph/projects/RideConnect/vendor/laravel/framework/src/Illuminate/Console/Concerns/CallsCommands.php:29
/home/joseph/projects/RideConnect/vendor/laravel/framework/src/Illuminate/Database/Console/Migrations/FreshCommand.php:88
/home/joseph/projects/RideConnect/vendor/laravel/framework/src/Illuminate/Container/BoundMethod.php:36
/home/joseph/projects/RideConnect/vendor/laravel/framework/src/Illuminate/Container/Util.php:43
/home/joseph/projects/RideConnect/vendor/laravel/framework/src/Illuminate/Container/BoundMethod.php:96
/home/joseph/projects/RideConnect/vendor/laravel/framework/src/Illuminate/Container/BoundMethod.php:35
/home/joseph/projects/RideConnect/vendor/laravel/framework/src/Illuminate/Container/Container.php:799
/home/joseph/projects/RideConnect/vendor/laravel/framework/src/Illuminate/Console/Command.php:211
/home/joseph/projects/RideConnect/vendor/symfony/console/Command/Command.php:341
/home/joseph/projects/RideConnect/vendor/laravel/framework/src/Illuminate/Console/Command.php:180
/home/joseph/projects/RideConnect/vendor/symfony/console/Application.php:1094
/home/joseph/projects/RideConnect/vendor/symfony/console/Application.php:356
/home/joseph/projects/RideConnect/vendor/symfony/console/Application.php:195
/home/joseph/projects/RideConnect/vendor/laravel/framework/src/Illuminate/Console/Application.php:165
/home/joseph/projects/RideConnect/vendor/laravel/framework/src/Illuminate/Foundation/Console/Kernel.php:447
/home/joseph/projects/RideConnect/vendor/laravel/framework/src/Illuminate/Testing/PendingCommand.php:451
/home/joseph/projects/RideConnect/vendor/laravel/framework/src/Illuminate/Testing/PendingCommand.php:675
/home/joseph/projects/RideConnect/vendor/laravel/framework/src/Illuminate/Foundation/Testing/Concerns/InteractsWithConsole.php:87
/home/joseph/projects/RideConnect/vendor/laravel/framework/src/Illuminate/Foundation/Testing/RefreshDatabase.php:119
/home/joseph/projects/RideConnect/vendor/laravel/framework/src/Illuminate/Foundation/Testing/RefreshDatabase.php:84
/home/joseph/projects/RideConnect/vendor/laravel/framework/src/Illuminate/Foundation/Testing/RefreshDatabase.php:25
/home/joseph/projects/RideConnect/vendor/laravel/framework/src/Illuminate/Foundation/Testing/Concerns/InteractsWithTestCaseLifecycle.php:217
/home/joseph/projects/RideConnect/vendor/laravel/framework/src/Illuminate/Foundation/Testing/Concerns/InteractsWithTestCaseLifecycle.php:101
/home/joseph/projects/RideConnect/vendor/laravel/framework/src/Illuminate/Foundation/Testing/TestCase.php:63
/home/joseph/projects/RideConnect/tests/Feature/Filament/RoleDashboardNavigationVisibilityTest.php:18</error>
        </testcase>
        <testcase name="test_admin_sees_only_admin_dashboard_navigation" file="/home/joseph/projects/RideConnect/tests/Feature/Filament/RoleDashboardNavigationVisibilityTest.php" line="36" class="Tests\Feature\Filament\RoleDashboardNavigationVisibilityTest" classname="Tests.Feature.Filament.RoleDashboardNavigationVisibilityTest" assertions="0" time="0.000000">
          <error type="Illuminate\Database\QueryException">Tests\Feature\Filament\RoleDashboardNavigationVisibilityTest::test_admin_sees_only_admin_dashboard_navigation
Illuminate\Database\QueryException: could not find driver (Connection: sqlite, Database: :memory:, SQL: select exists (select 1 from "main".sqlite_master where name = 'migrations' and type = 'table') as "exists")

/home/joseph/projects/RideConnect/vendor/laravel/framework/src/Illuminate/Database/Connection.php:838
/home/joseph/projects/RideConnect/vendor/laravel/framework/src/Illuminate/Database/Connection.php:794
/home/joseph/projects/RideConnect/vendor/laravel/framework/src/Illuminate/Database/Connection.php:411
/home/joseph/projects/RideConnect/vendor/laravel/framework/src/Illuminate/Database/Connection.php:357
/home/joseph/projects/RideConnect/vendor/laravel/framework/src/Illuminate/Database/Connection.php:374
/home/joseph/projects/RideConnect/vendor/laravel/framework/src/Illuminate/Database/Schema/Builder.php:176
/home/joseph/projects/RideConnect/vendor/laravel/framework/src/Illuminate/Database/Migrations/DatabaseMigrationRepository.php:185
/home/joseph/projects/RideConnect/vendor/laravel/framework/src/Illuminate/Database/Migrations/Migrator.php:758
/home/joseph/projects/RideConnect/vendor/laravel/framework/src/Illuminate/Database/Console/Migrations/MigrateCommand.php:164
/home/joseph/projects/RideConnect/vendor/laravel/framework/src/Illuminate/Support/helpers.php:328
/home/joseph/projects/RideConnect/vendor/laravel/framework/src/Illuminate/Database/Console/Migrations/MigrateCommand.php:164
/home/joseph/projects/RideConnect/vendor/laravel/framework/src/Illuminate/Database/Console/Migrations/MigrateCommand.php:140
/home/joseph/projects/RideConnect/vendor/laravel/framework/src/Illuminate/Database/Console/Migrations/MigrateCommand.php:110
/home/joseph/projects/RideConnect/vendor/laravel/framework/src/Illuminate/Database/Migrations/Migrator.php:671
/home/joseph/projects/RideConnect/vendor/laravel/framework/src/Illuminate/Database/Console/Migrations/MigrateCommand.php:109
/home/joseph/projects/RideConnect/vendor/laravel/framework/src/Illuminate/Database/Console/Migrations/MigrateCommand.php:88
/home/joseph/projects/RideConnect/vendor/laravel/framework/src/Illuminate/Container/BoundMethod.php:36
/home/joseph/projects/RideConnect/vendor/laravel/framework/src/Illuminate/Container/Util.php:43
/home/joseph/projects/RideConnect/vendor/laravel/framework/src/Illuminate/Container/BoundMethod.php:96
/home/joseph/projects/RideConnect/vendor/laravel/framework/src/Illuminate/Container/BoundMethod.php:35
/home/joseph/projects/RideConnect/vendor/laravel/framework/src/Illuminate/Container/Container.php:799
/home/joseph/projects/RideConnect/vendor/laravel/framework/src/Illuminate/Console/Command.php:211
/home/joseph/projects/RideConnect/vendor/symfony/console/Command/Command.php:341
/home/joseph/projects/RideConnect/vendor/laravel/framework/src/Illuminate/Console/Command.php:180
/home/joseph/projects/RideConnect/vendor/laravel/framework/src/Illuminate/Console/Concerns/CallsCommands.php:68
/home/joseph/projects/RideConnect/vendor/laravel/framework/src/Illuminate/Console/Concerns/CallsCommands.php:29
/home/joseph/projects/RideConnect/vendor/laravel/framework/src/Illuminate/Database/Console/Migrations/FreshCommand.php:88
/home/joseph/projects/RideConnect/vendor/laravel/framework/src/Illuminate/Container/BoundMethod.php:36
/home/joseph/projects/RideConnect/vendor/laravel/framework/src/Illuminate/Container/Util.php:43
/home/joseph/projects/RideConnect/vendor/laravel/framework/src/Illuminate/Container/BoundMethod.php:96
/home/joseph/projects/RideConnect/vendor/laravel/framework/src/Illuminate/Container/BoundMethod.php:35
/home/joseph/projects/RideConnect/vendor/laravel/framework/src/Illuminate/Container/Container.php:799
/home/joseph/projects/RideConnect/vendor/laravel/framework/src/Illuminate/Console/Command.php:211
/home/joseph/projects/RideConnect/vendor/symfony/console/Command/Command.php:341
/home/joseph/projects/RideConnect/vendor/laravel/framework/src/Illuminate/Console/Command.php:180
/home/joseph/projects/RideConnect/vendor/symfony/console/Application.php:1094
/home/joseph/projects/RideConnect/vendor/symfony/console/Application.php:356
/home/joseph/projects/RideConnect/vendor/symfony/console/Application.php:195
/home/joseph/projects/RideConnect/vendor/laravel/framework/src/Illuminate/Console/Application.php:165
/home/joseph/projects/RideConnect/vendor/laravel/framework/src/Illuminate/Foundation/Console/Kernel.php:447
/home/joseph/projects/RideConnect/vendor/laravel/framework/src/Illuminate/Testing/PendingCommand.php:451
/home/joseph/projects/RideConnect/vendor/laravel/framework/src/Illuminate/Testing/PendingCommand.php:675
/home/joseph/projects/RideConnect/vendor/laravel/framework/src/Illuminate/Foundation/Testing/Concerns/InteractsWithConsole.php:87
/home/joseph/projects/RideConnect/vendor/laravel/framework/src/Illuminate/Foundation/Testing/RefreshDatabase.php:119
/home/joseph/projects/RideConnect/vendor/laravel/framework/src/Illuminate/Foundation/Testing/RefreshDatabase.php:84
/home/joseph/projects/RideConnect/vendor/laravel/framework/src/Illuminate/Foundation/Testing/RefreshDatabase.php:25
/home/joseph/projects/RideConnect/vendor/laravel/framework/src/Illuminate/Foundation/Testing/Concerns/InteractsWithTestCaseLifecycle.php:217
/home/joseph/projects/RideConnect/vendor/laravel/framework/src/Illuminate/Foundation/Testing/Concerns/InteractsWithTestCaseLifecycle.php:101
/home/joseph/projects/RideConnect/vendor/laravel/framework/src/Illuminate/Foundation/Testing/TestCase.php:63
/home/joseph/projects/RideConnect/tests/Feature/Filament/RoleDashboardNavigationVisibilityTest.php:18</error>
        </testcase>
        <testcase name="test_accountant_sees_only_accountant_dashboard_navigation" file="/home/joseph/projects/RideConnect/tests/Feature/Filament/RoleDashboardNavigationVisibilityTest.php" line="46" class="Tests\Feature\Filament\RoleDashboardNavigationVisibilityTest" classname="Tests.Feature.Filament.RoleDashboardNavigationVisibilityTest" assertions="0" time="0.000000">
          <error type="Illuminate\Database\QueryException">Tests\Feature\Filament\RoleDashboardNavigationVisibilityTest::test_accountant_sees_only_accountant_dashboard_navigation
Illuminate\Database\QueryException: could not find driver (Connection: sqlite, Database: :memory:, SQL: select exists (select 1 from "main".sqlite_master where name = 'migrations' and type = 'table') as "exists")

/home/joseph/projects/RideConnect/vendor/laravel/framework/src/Illuminate/Database/Connection.php:838
/home/joseph/projects/RideConnect/vendor/laravel/framework/src/Illuminate/Database/Connection.php:794
/home/joseph/projects/RideConnect/vendor/laravel/framework/src/Illuminate/Database/Connection.php:411
/home/joseph/projects/RideConnect/vendor/laravel/framework/src/Illuminate/Database/Connection.php:357
/home/joseph/projects/RideConnect/vendor/laravel/framework/src/Illuminate/Database/Connection.php:374
/home/joseph/projects/RideConnect/vendor/laravel/framework/src/Illuminate/Database/Schema/Builder.php:176
/home/joseph/projects/RideConnect/vendor/laravel/framework/src/Illuminate/Database/Migrations/DatabaseMigrationRepository.php:185
/home/joseph/projects/RideConnect/vendor/laravel/framework/src/Illuminate/Database/Migrations/Migrator.php:758
/home/joseph/projects/RideConnect/vendor/laravel/framework/src/Illuminate/Database/Console/Migrations/MigrateCommand.php:164
/home/joseph/projects/RideConnect/vendor/laravel/framework/src/Illuminate/Support/helpers.php:328
/home/joseph/projects/RideConnect/vendor/laravel/framework/src/Illuminate/Database/Console/Migrations/MigrateCommand.php:164
/home/joseph/projects/RideConnect/vendor/laravel/framework/src/Illuminate/Database/Console/Migrations/MigrateCommand.php:140
/home/joseph/projects/RideConnect/vendor/laravel/framework/src/Illuminate/Database/Console/Migrations/MigrateCommand.php:110
/home/joseph/projects/RideConnect/vendor/laravel/framework/src/Illuminate/Database/Migrations/Migrator.php:671
/home/joseph/projects/RideConnect/vendor/laravel/framework/src/Illuminate/Database/Console/Migrations/MigrateCommand.php:109
/home/joseph/projects/RideConnect/vendor/laravel/framework/src/Illuminate/Database/Console/Migrations/MigrateCommand.php:88
/home/joseph/projects/RideConnect/vendor/laravel/framework/src/Illuminate/Container/BoundMethod.php:36
/home/joseph/projects/RideConnect/vendor/laravel/framework/src/Illuminate/Container/Util.php:43
/home/joseph/projects/RideConnect/vendor/laravel/framework/src/Illuminate/Container/BoundMethod.php:96
/home/joseph/projects/RideConnect/vendor/laravel/framework/src/Illuminate/Container/BoundMethod.php:35
/home/joseph/projects/RideConnect/vendor/laravel/framework/src/Illuminate/Container/Container.php:799
/home/joseph/projects/RideConnect/vendor/laravel/framework/src/Illuminate/Console/Command.php:211
/home/joseph/projects/RideConnect/vendor/symfony/console/Command/Command.php:341
/home/joseph/projects/RideConnect/vendor/laravel/framework/src/Illuminate/Console/Command.php:180
/home/joseph/projects/RideConnect/vendor/laravel/framework/src/Illuminate/Console/Concerns/CallsCommands.php:68
/home/joseph/projects/RideConnect/vendor/laravel/framework/src/Illuminate/Console/Concerns/CallsCommands.php:29
/home/joseph/projects/RideConnect/vendor/laravel/framework/src/Illuminate/Database/Console/Migrations/FreshCommand.php:88
/home/joseph/projects/RideConnect/vendor/laravel/framework/src/Illuminate/Container/BoundMethod.php:36
/home/joseph/projects/RideConnect/vendor/laravel/framework/src/Illuminate/Container/Util.php:43
/home/joseph/projects/RideConnect/vendor/laravel/framework/src/Illuminate/Container/BoundMethod.php:96
/home/joseph/projects/RideConnect/vendor/laravel/framework/src/Illuminate/Container/BoundMethod.php:35
/home/joseph/projects/RideConnect/vendor/laravel/framework/src/Illuminate/Container/Container.php:799
/home/joseph/projects/RideConnect/vendor/laravel/framework/src/Illuminate/Console/Command.php:211
/home/joseph/projects/RideConnect/vendor/symfony/console/Command/Command.php:341
/home/joseph/projects/RideConnect/vendor/laravel/framework/src/Illuminate/Console/Command.php:180
/home/joseph/projects/RideConnect/vendor/symfony/console/Application.php:1094
/home/joseph/projects/RideConnect/vendor/symfony/console/Application.php:356
/home/joseph/projects/RideConnect/vendor/symfony/console/Application.php:195
/home/joseph/projects/RideConnect/vendor/laravel/framework/src/Illuminate/Console/Application.php:165
/home/joseph/projects/RideConnect/vendor/laravel/framework/src/Illuminate/Foundation/Console/Kernel.php:447
/home/joseph/projects/RideConnect/vendor/laravel/framework/src/Illuminate/Testing/PendingCommand.php:451
/home/joseph/projects/RideConnect/vendor/laravel/framework/src/Illuminate/Testing/PendingCommand.php:675
/home/joseph/projects/RideConnect/vendor/laravel/framework/src/Illuminate/Foundation/Testing/Concerns/InteractsWithConsole.php:87
/home/joseph/projects/RideConnect/vendor/laravel/framework/src/Illuminate/Foundation/Testing/RefreshDatabase.php:119
/home/joseph/projects/RideConnect/vendor/laravel/framework/src/Illuminate/Foundation/Testing/RefreshDatabase.php:84
/home/joseph/projects/RideConnect/vendor/laravel/framework/src/Illuminate/Foundation/Testing/RefreshDatabase.php:25
/home/joseph/projects/RideConnect/vendor/laravel/framework/src/Illuminate/Foundation/Testing/Concerns/InteractsWithTestCaseLifecycle.php:217
/home/joseph/projects/RideConnect/vendor/laravel/framework/src/Illuminate/Foundation/Testing/Concerns/InteractsWithTestCaseLifecycle.php:101
/home/joseph/projects/RideConnect/vendor/laravel/framework/src/Illuminate/Foundation/Testing/TestCase.php:63
/home/joseph/projects/RideConnect/tests/Feature/Filament/RoleDashboardNavigationVisibilityTest.php:18</error>
        </testcase>
        <testcase name="test_officer_sees_only_officer_dashboard_navigation" file="/home/joseph/projects/RideConnect/tests/Feature/Filament/RoleDashboardNavigationVisibilityTest.php" line="56" class="Tests\Feature\Filament\RoleDashboardNavigationVisibilityTest" classname="Tests.Feature.Filament.RoleDashboardNavigationVisibilityTest" assertions="0" time="0.000000">
          <error type="Illuminate\Database\QueryException">Tests\Feature\Filament\RoleDashboardNavigationVisibilityTest::test_officer_sees_only_officer_dashboard_navigation
Illuminate\Database\QueryException: could not find driver (Connection: sqlite, Database: :memory:, SQL: select exists (select 1 from "main".sqlite_master where name = 'migrations' and type = 'table') as "exists")

/home/joseph/projects/RideConnect/vendor/laravel/framework/src/Illuminate/Database/Connection.php:838
/home/joseph/projects/RideConnect/vendor/laravel/framework/src/Illuminate/Database/Connection.php:794
/home/joseph/projects/RideConnect/vendor/laravel/framework/src/Illuminate/Database/Connection.php:411
/home/joseph/projects/RideConnect/vendor/laravel/framework/src/Illuminate/Database/Connection.php:357
/home/joseph/projects/RideConnect/vendor/laravel/framework/src/Illuminate/Database/Connection.php:374
/home/joseph/projects/RideConnect/vendor/laravel/framework/src/Illuminate/Database/Schema/Builder.php:176
/home/joseph/projects/RideConnect/vendor/laravel/framework/src/Illuminate/Database/Migrations/DatabaseMigrationRepository.php:185
/home/joseph/projects/RideConnect/vendor/laravel/framework/src/Illuminate/Database/Migrations/Migrator.php:758
/home/joseph/projects/RideConnect/vendor/laravel/framework/src/Illuminate/Database/Console/Migrations/MigrateCommand.php:164
/home/joseph/projects/RideConnect/vendor/laravel/framework/src/Illuminate/Support/helpers.php:328
/home/joseph/projects/RideConnect/vendor/laravel/framework/src/Illuminate/Database/Console/Migrations/MigrateCommand.php:164
/home/joseph/projects/RideConnect/vendor/laravel/framework/src/Illuminate/Database/Console/Migrations/MigrateCommand.php:140
/home/joseph/projects/RideConnect/vendor/laravel/framework/src/Illuminate/Database/Console/Migrations/MigrateCommand.php:110
/home/joseph/projects/RideConnect/vendor/laravel/framework/src/Illuminate/Database/Migrations/Migrator.php:671
/home/joseph/projects/RideConnect/vendor/laravel/framework/src/Illuminate/Database/Console/Migrations/MigrateCommand.php:109
/home/joseph/projects/RideConnect/vendor/laravel/framework/src/Illuminate/Database/Console/Migrations/MigrateCommand.php:88
/home/joseph/projects/RideConnect/vendor/laravel/framework/src/Illuminate/Container/BoundMethod.php:36
/home/joseph/projects/RideConnect/vendor/laravel/framework/src/Illuminate/Container/Util.php:43
/home/joseph/projects/RideConnect/vendor/laravel/framework/src/Illuminate/Container/BoundMethod.php:96
/home/joseph/projects/RideConnect/vendor/laravel/framework/src/Illuminate/Container/BoundMethod.php:35
/home/joseph/projects/RideConnect/vendor/laravel/framework/src/Illuminate/Container/Container.php:799
/home/joseph/projects/RideConnect/vendor/laravel/framework/src/Illuminate/Console/Command.php:211
/home/joseph/projects/RideConnect/vendor/symfony/console/Command/Command.php:341
/home/joseph/projects/RideConnect/vendor/laravel/framework/src/Illuminate/Console/Command.php:180
/home/joseph/projects/RideConnect/vendor/laravel/framework/src/Illuminate/Console/Concerns/CallsCommands.php:68
/home/joseph/projects/RideConnect/vendor/laravel/framework/src/Illuminate/Console/Concerns/CallsCommands.php:29
/home/joseph/projects/RideConnect/vendor/laravel/framework/src/Illuminate/Database/Console/Migrations/FreshCommand.php:88
/home/joseph/projects/RideConnect/vendor/laravel/framework/src/Illuminate/Container/BoundMethod.php:36
/home/joseph/projects/RideConnect/vendor/laravel/framework/src/Illuminate/Container/Util.php:43
/home/joseph/projects/RideConnect/vendor/laravel/framework/src/Illuminate/Container/BoundMethod.php:96
/home/joseph/projects/RideConnect/vendor/laravel/framework/src/Illuminate/Container/BoundMethod.php:35
/home/joseph/projects/RideConnect/vendor/laravel/framework/src/Illuminate/Container/Container.php:799
/home/joseph/projects/RideConnect/vendor/laravel/framework/src/Illuminate/Console/Command.php:211
/home/joseph/projects/RideConnect/vendor/symfony/console/Command/Command.php:341
/home/joseph/projects/RideConnect/vendor/laravel/framework/src/Illuminate/Console/Command.php:180
/home/joseph/projects/RideConnect/vendor/symfony/console/Application.php:1094
/home/joseph/projects/RideConnect/vendor/symfony/console/Application.php:356
/home/joseph/projects/RideConnect/vendor/symfony/console/Application.php:195
/home/joseph/projects/RideConnect/vendor/laravel/framework/src/Illuminate/Console/Application.php:165
/home/joseph/projects/RideConnect/vendor/laravel/framework/src/Illuminate/Foundation/Console/Kernel.php:447
/home/joseph/projects/RideConnect/vendor/laravel/framework/src/Illuminate/Testing/PendingCommand.php:451
/home/joseph/projects/RideConnect/vendor/laravel/framework/src/Illuminate/Testing/PendingCommand.php:675
/home/joseph/projects/RideConnect/vendor/laravel/framework/src/Illuminate/Foundation/Testing/Concerns/InteractsWithConsole.php:87
/home/joseph/projects/RideConnect/vendor/laravel/framework/src/Illuminate/Foundation/Testing/RefreshDatabase.php:119
/home/joseph/projects/RideConnect/vendor/laravel/framework/src/Illuminate/Foundation/Testing/RefreshDatabase.php:84
/home/joseph/projects/RideConnect/vendor/laravel/framework/src/Illuminate/Foundation/Testing/RefreshDatabase.php:25
/home/joseph/projects/RideConnect/vendor/laravel/framework/src/Illuminate/Foundation/Testing/Concerns/InteractsWithTestCaseLifecycle.php:217
/home/joseph/projects/RideConnect/vendor/laravel/framework/src/Illuminate/Foundation/Testing/Concerns/InteractsWithTestCaseLifecycle.php:101
/home/joseph/projects/RideConnect/vendor/laravel/framework/src/Illuminate/Foundation/Testing/TestCase.php:63
/home/joseph/projects/RideConnect/tests/Feature/Filament/RoleDashboardNavigationVisibilityTest.php:18</error>
        </testcase>
        <testcase name="test_unauthenticated_user_sees_no_dashboard_navigation" file="/home/joseph/projects/RideConnect/tests/Feature/Filament/RoleDashboardNavigationVisibilityTest.php" line="66" class="Tests\Feature\Filament\RoleDashboardNavigationVisibilityTest" classname="Tests.Feature.Filament.RoleDashboardNavigationVisibilityTest" assertions="0" time="0.000000">
          <error type="Illuminate\Database\QueryException">Tests\Feature\Filament\RoleDashboardNavigationVisibilityTest::test_unauthenticated_user_sees_no_dashboard_navigation
Illuminate\Database\QueryException: could not find driver (Connection: sqlite, Database: :memory:, SQL: select exists (select 1 from "main".sqlite_master where name = 'migrations' and type = 'table') as "exists")

/home/joseph/projects/RideConnect/vendor/laravel/framework/src/Illuminate/Database/Connection.php:838
/home/joseph/projects/RideConnect/vendor/laravel/framework/src/Illuminate/Database/Connection.php:794
/home/joseph/projects/RideConnect/vendor/laravel/framework/src/Illuminate/Database/Connection.php:411
/home/joseph/projects/RideConnect/vendor/laravel/framework/src/Illuminate/Database/Connection.php:357
/home/joseph/projects/RideConnect/vendor/laravel/framework/src/Illuminate/Database/Connection.php:374
/home/joseph/projects/RideConnect/vendor/laravel/framework/src/Illuminate/Database/Schema/Builder.php:176
/home/joseph/projects/RideConnect/vendor/laravel/framework/src/Illuminate/Database/Migrations/DatabaseMigrationRepository.php:185
/home/joseph/projects/RideConnect/vendor/laravel/framework/src/Illuminate/Database/Migrations/Migrator.php:758
/home/joseph/projects/RideConnect/vendor/laravel/framework/src/Illuminate/Database/Console/Migrations/MigrateCommand.php:164
/home/joseph/projects/RideConnect/vendor/laravel/framework/src/Illuminate/Support/helpers.php:328
/home/joseph/projects/RideConnect/vendor/laravel/framework/src/Illuminate/Database/Console/Migrations/MigrateCommand.php:164
/home/joseph/projects/RideConnect/vendor/laravel/framework/src/Illuminate/Database/Console/Migrations/MigrateCommand.php:140
/home/joseph/projects/RideConnect/vendor/laravel/framework/src/Illuminate/Database/Console/Migrations/MigrateCommand.php:110
/home/joseph/projects/RideConnect/vendor/laravel/framework/src/Illuminate/Database/Migrations/Migrator.php:671
/home/joseph/projects/RideConnect/vendor/laravel/framework/src/Illuminate/Database/Console/Migrations/MigrateCommand.php:109
/home/joseph/projects/RideConnect/vendor/laravel/framework/src/Illuminate/Database/Console/Migrations/MigrateCommand.php:88
/home/joseph/projects/RideConnect/vendor/laravel/framework/src/Illuminate/Container/BoundMethod.php:36
/home/joseph/projects/RideConnect/vendor/laravel/framework/src/Illuminate/Container/Util.php:43
/home/joseph/projects/RideConnect/vendor/laravel/framework/src/Illuminate/Container/BoundMethod.php:96
/home/joseph/projects/RideConnect/vendor/laravel/framework/src/Illuminate/Container/BoundMethod.php:35
/home/joseph/projects/RideConnect/vendor/laravel/framework/src/Illuminate/Container/Container.php:799
/home/joseph/projects/RideConnect/vendor/laravel/framework/src/Illuminate/Console/Command.php:211
/home/joseph/projects/RideConnect/vendor/symfony/console/Command/Command.php:341
/home/joseph/projects/RideConnect/vendor/laravel/framework/src/Illuminate/Console/Command.php:180
/home/joseph/projects/RideConnect/vendor/laravel/framework/src/Illuminate/Console/Concerns/CallsCommands.php:68
/home/joseph/projects/RideConnect/vendor/laravel/framework/src/Illuminate/Console/Concerns/CallsCommands.php:29
/home/joseph/projects/RideConnect/vendor/laravel/framework/src/Illuminate/Database/Console/Migrations/FreshCommand.php:88
/home/joseph/projects/RideConnect/vendor/laravel/framework/src/Illuminate/Container/BoundMethod.php:36
/home/joseph/projects/RideConnect/vendor/laravel/framework/src/Illuminate/Container/Util.php:43
/home/joseph/projects/RideConnect/vendor/laravel/framework/src/Illuminate/Container/BoundMethod.php:96
/home/joseph/projects/RideConnect/vendor/laravel/framework/src/Illuminate/Container/BoundMethod.php:35
/home/joseph/projects/RideConnect/vendor/laravel/framework/src/Illuminate/Container/Container.php:799
/home/joseph/projects/RideConnect/vendor/laravel/framework/src/Illuminate/Console/Command.php:211
/home/joseph/projects/RideConnect/vendor/symfony/console/Command/Command.php:341
/home/joseph/projects/RideConnect/vendor/laravel/framework/src/Illuminate/Console/Command.php:180
/home/joseph/projects/RideConnect/vendor/symfony/console/Application.php:1094
/home/joseph/projects/RideConnect/vendor/symfony/console/Application.php:356
/home/joseph/projects/RideConnect/vendor/symfony/console/Application.php:195
/home/joseph/projects/RideConnect/vendor/laravel/framework/src/Illuminate/Console/Application.php:165
/home/joseph/projects/RideConnect/vendor/laravel/framework/src/Illuminate/Foundation/Console/Kernel.php:447
/home/joseph/projects/RideConnect/vendor/laravel/framework/src/Illuminate/Testing/PendingCommand.php:451
/home/joseph/projects/RideConnect/vendor/laravel/framework/src/Illuminate/Testing/PendingCommand.php:675
/home/joseph/projects/RideConnect/vendor/laravel/framework/src/Illuminate/Foundation/Testing/Concerns/InteractsWithConsole.php:87
/home/joseph/projects/RideConnect/vendor/laravel/framework/src/Illuminate/Foundation/Testing/RefreshDatabase.php:119
/home/joseph/projects/RideConnect/vendor/laravel/framework/src/Illuminate/Foundation/Testing/RefreshDatabase.php:84
/home/joseph/projects/RideConnect/vendor/laravel/framework/src/Illuminate/Foundation/Testing/RefreshDatabase.php:25
/home/joseph/projects/RideConnect/vendor/laravel/framework/src/Illuminate/Foundation/Testing/Concerns/InteractsWithTestCaseLifecycle.php:217
/home/joseph/projects/RideConnect/vendor/laravel/framework/src/Illuminate/Foundation/Testing/Concerns/InteractsWithTestCaseLifecycle.php:101
/home/joseph/projects/RideConnect/vendor/laravel/framework/src/Illuminate/Foundation/Testing/TestCase.php:63
/home/joseph/projects/RideConnect/tests/Feature/Filament/RoleDashboardNavigationVisibilityTest.php:18</error>
        </testcase>
      </testsuite>
      <testsuite name="Tests\Feature\Filament\RolePermissionResourceAccessTest" file="/home/joseph/projects/RideConnect/tests/Feature/Filament/RolePermissionResourceAccessTest.php" tests="1" assertions="0" errors="1" failures="0" skipped="0" time="0.000000">
        <testcase name="test_non_super_admin_gets_403_on_roles_and_permissions_resources" file="/home/joseph/projects/RideConnect/tests/Feature/Filament/RolePermissionResourceAccessTest.php" line="11" class="Tests\Feature\Filament\RolePermissionResourceAccessTest" classname="Tests.Feature.Filament.RolePermissionResourceAccessTest" assertions="0" time="0.000000">
          <error type="Illuminate\Database\QueryException">Tests\Feature\Filament\RolePermissionResourceAccessTest::test_non_super_admin_gets_403_on_roles_and_permissions_resources
Illuminate\Database\QueryException: could not find driver (Connection: sqlite, Database: :memory:, SQL: select exists (select 1 from "main".sqlite_master where name = 'migrations' and type = 'table') as "exists")

/home/joseph/projects/RideConnect/vendor/laravel/framework/src/Illuminate/Database/Connection.php:838
/home/joseph/projects/RideConnect/vendor/laravel/framework/src/Illuminate/Database/Connection.php:794
/home/joseph/projects/RideConnect/vendor/laravel/framework/src/Illuminate/Database/Connection.php:411
/home/joseph/projects/RideConnect/vendor/laravel/framework/src/Illuminate/Database/Connection.php:357
/home/joseph/projects/RideConnect/vendor/laravel/framework/src/Illuminate/Database/Connection.php:374
/home/joseph/projects/RideConnect/vendor/laravel/framework/src/Illuminate/Database/Schema/Builder.php:176
/home/joseph/projects/RideConnect/vendor/laravel/framework/src/Illuminate/Database/Migrations/DatabaseMigrationRepository.php:185
/home/joseph/projects/RideConnect/vendor/laravel/framework/src/Illuminate/Database/Migrations/Migrator.php:758
/home/joseph/projects/RideConnect/vendor/laravel/framework/src/Illuminate/Database/Console/Migrations/MigrateCommand.php:164
/home/joseph/projects/RideConnect/vendor/laravel/framework/src/Illuminate/Support/helpers.php:328
/home/joseph/projects/RideConnect/vendor/laravel/framework/src/Illuminate/Database/Console/Migrations/MigrateCommand.php:164
/home/joseph/projects/RideConnect/vendor/laravel/framework/src/Illuminate/Database/Console/Migrations/MigrateCommand.php:140
/home/joseph/projects/RideConnect/vendor/laravel/framework/src/Illuminate/Database/Console/Migrations/MigrateCommand.php:110
/home/joseph/projects/RideConnect/vendor/laravel/framework/src/Illuminate/Database/Migrations/Migrator.php:671
/home/joseph/projects/RideConnect/vendor/laravel/framework/src/Illuminate/Database/Console/Migrations/MigrateCommand.php:109
/home/joseph/projects/RideConnect/vendor/laravel/framework/src/Illuminate/Database/Console/Migrations/MigrateCommand.php:88
/home/joseph/projects/RideConnect/vendor/laravel/framework/src/Illuminate/Container/BoundMethod.php:36
/home/joseph/projects/RideConnect/vendor/laravel/framework/src/Illuminate/Container/Util.php:43
/home/joseph/projects/RideConnect/vendor/laravel/framework/src/Illuminate/Container/BoundMethod.php:96
/home/joseph/projects/RideConnect/vendor/laravel/framework/src/Illuminate/Container/BoundMethod.php:35
/home/joseph/projects/RideConnect/vendor/laravel/framework/src/Illuminate/Container/Container.php:799
/home/joseph/projects/RideConnect/vendor/laravel/framework/src/Illuminate/Console/Command.php:211
/home/joseph/projects/RideConnect/vendor/symfony/console/Command/Command.php:341
/home/joseph/projects/RideConnect/vendor/laravel/framework/src/Illuminate/Console/Command.php:180
/home/joseph/projects/RideConnect/vendor/laravel/framework/src/Illuminate/Console/Concerns/CallsCommands.php:68
/home/joseph/projects/RideConnect/vendor/laravel/framework/src/Illuminate/Console/Concerns/CallsCommands.php:29
/home/joseph/projects/RideConnect/vendor/laravel/framework/src/Illuminate/Database/Console/Migrations/FreshCommand.php:88
/home/joseph/projects/RideConnect/vendor/laravel/framework/src/Illuminate/Container/BoundMethod.php:36
/home/joseph/projects/RideConnect/vendor/laravel/framework/src/Illuminate/Container/Util.php:43
/home/joseph/projects/RideConnect/vendor/laravel/framework/src/Illuminate/Container/BoundMethod.php:96
/home/joseph/projects/RideConnect/vendor/laravel/framework/src/Illuminate/Container/BoundMethod.php:35
/home/joseph/projects/RideConnect/vendor/laravel/framework/src/Illuminate/Container/Container.php:799
/home/joseph/projects/RideConnect/vendor/laravel/framework/src/Illuminate/Console/Command.php:211
/home/joseph/projects/RideConnect/vendor/symfony/console/Command/Command.php:341
/home/joseph/projects/RideConnect/vendor/laravel/framework/src/Illuminate/Console/Command.php:180
/home/joseph/projects/RideConnect/vendor/symfony/console/Application.php:1094
/home/joseph/projects/RideConnect/vendor/symfony/console/Application.php:356
/home/joseph/projects/RideConnect/vendor/symfony/console/Application.php:195
/home/joseph/projects/RideConnect/vendor/laravel/framework/src/Illuminate/Console/Application.php:165
/home/joseph/projects/RideConnect/vendor/laravel/framework/src/Illuminate/Foundation/Console/Kernel.php:447
/home/joseph/projects/RideConnect/vendor/laravel/framework/src/Illuminate/Testing/PendingCommand.php:451
/home/joseph/projects/RideConnect/vendor/laravel/framework/src/Illuminate/Testing/PendingCommand.php:675
/home/joseph/projects/RideConnect/vendor/laravel/framework/src/Illuminate/Foundation/Testing/Concerns/InteractsWithConsole.php:87
/home/joseph/projects/RideConnect/vendor/laravel/framework/src/Illuminate/Foundation/Testing/RefreshDatabase.php:119
/home/joseph/projects/RideConnect/vendor/laravel/framework/src/Illuminate/Foundation/Testing/RefreshDatabase.php:84
/home/joseph/projects/RideConnect/vendor/laravel/framework/src/Illuminate/Foundation/Testing/RefreshDatabase.php:25
/home/joseph/projects/RideConnect/vendor/laravel/framework/src/Illuminate/Foundation/Testing/Concerns/InteractsWithTestCaseLifecycle.php:217
/home/joseph/projects/RideConnect/vendor/laravel/framework/src/Illuminate/Foundation/Testing/Concerns/InteractsWithTestCaseLifecycle.php:101
/home/joseph/projects/RideConnect/vendor/laravel/framework/src/Illuminate/Foundation/Testing/TestCase.php:63</error>
        </testcase>
      </testsuite>
      <testsuite name="Tests\Feature\Filament\SmokeDashboardAccessTest" file="/home/joseph/projects/RideConnect/tests/Feature/Filament/SmokeDashboardAccessTest.php" tests="1" assertions="0" errors="1" failures="0" skipped="0" time="0.000000">
        <testcase name="test_dashboard_role_access_matrix" file="/home/joseph/projects/RideConnect/tests/Feature/Filament/SmokeDashboardAccessTest.php" line="18" class="Tests\Feature\Filament\SmokeDashboardAccessTest" classname="Tests.Feature.Filament.SmokeDashboardAccessTest" assertions="0" time="0.000000">
          <error type="Illuminate\Database\QueryException">Tests\Feature\Filament\SmokeDashboardAccessTest::test_dashboard_role_access_matrix
Illuminate\Database\QueryException: could not find driver (Connection: sqlite, Database: :memory:, SQL: select exists (select 1 from "main".sqlite_master where name = 'migrations' and type = 'table') as "exists")

/home/joseph/projects/RideConnect/vendor/laravel/framework/src/Illuminate/Database/Connection.php:838
/home/joseph/projects/RideConnect/vendor/laravel/framework/src/Illuminate/Database/Connection.php:794
/home/joseph/projects/RideConnect/vendor/laravel/framework/src/Illuminate/Database/Connection.php:411
/home/joseph/projects/RideConnect/vendor/laravel/framework/src/Illuminate/Database/Connection.php:357
/home/joseph/projects/RideConnect/vendor/laravel/framework/src/Illuminate/Database/Connection.php:374
/home/joseph/projects/RideConnect/vendor/laravel/framework/src/Illuminate/Database/Schema/Builder.php:176
/home/joseph/projects/RideConnect/vendor/laravel/framework/src/Illuminate/Database/Migrations/DatabaseMigrationRepository.php:185
/home/joseph/projects/RideConnect/vendor/laravel/framework/src/Illuminate/Database/Migrations/Migrator.php:758
/home/joseph/projects/RideConnect/vendor/laravel/framework/src/Illuminate/Database/Console/Migrations/MigrateCommand.php:164
/home/joseph/projects/RideConnect/vendor/laravel/framework/src/Illuminate/Support/helpers.php:328
/home/joseph/projects/RideConnect/vendor/laravel/framework/src/Illuminate/Database/Console/Migrations/MigrateCommand.php:164
/home/joseph/projects/RideConnect/vendor/laravel/framework/src/Illuminate/Database/Console/Migrations/MigrateCommand.php:140
/home/joseph/projects/RideConnect/vendor/laravel/framework/src/Illuminate/Database/Console/Migrations/MigrateCommand.php:110
/home/joseph/projects/RideConnect/vendor/laravel/framework/src/Illuminate/Database/Migrations/Migrator.php:671
/home/joseph/projects/RideConnect/vendor/laravel/framework/src/Illuminate/Database/Console/Migrations/MigrateCommand.php:109
/home/joseph/projects/RideConnect/vendor/laravel/framework/src/Illuminate/Database/Console/Migrations/MigrateCommand.php:88
/home/joseph/projects/RideConnect/vendor/laravel/framework/src/Illuminate/Container/BoundMethod.php:36
/home/joseph/projects/RideConnect/vendor/laravel/framework/src/Illuminate/Container/Util.php:43
/home/joseph/projects/RideConnect/vendor/laravel/framework/src/Illuminate/Container/BoundMethod.php:96
/home/joseph/projects/RideConnect/vendor/laravel/framework/src/Illuminate/Container/BoundMethod.php:35
/home/joseph/projects/RideConnect/vendor/laravel/framework/src/Illuminate/Container/Container.php:799
/home/joseph/projects/RideConnect/vendor/laravel/framework/src/Illuminate/Console/Command.php:211
/home/joseph/projects/RideConnect/vendor/symfony/console/Command/Command.php:341
/home/joseph/projects/RideConnect/vendor/laravel/framework/src/Illuminate/Console/Command.php:180
/home/joseph/projects/RideConnect/vendor/laravel/framework/src/Illuminate/Console/Concerns/CallsCommands.php:68
/home/joseph/projects/RideConnect/vendor/laravel/framework/src/Illuminate/Console/Concerns/CallsCommands.php:29
/home/joseph/projects/RideConnect/vendor/laravel/framework/src/Illuminate/Database/Console/Migrations/FreshCommand.php:88
/home/joseph/projects/RideConnect/vendor/laravel/framework/src/Illuminate/Container/BoundMethod.php:36
/home/joseph/projects/RideConnect/vendor/laravel/framework/src/Illuminate/Container/Util.php:43
/home/joseph/projects/RideConnect/vendor/laravel/framework/src/Illuminate/Container/BoundMethod.php:96
/home/joseph/projects/RideConnect/vendor/laravel/framework/src/Illuminate/Container/BoundMethod.php:35
/home/joseph/projects/RideConnect/vendor/laravel/framework/src/Illuminate/Container/Container.php:799
/home/joseph/projects/RideConnect/vendor/laravel/framework/src/Illuminate/Console/Command.php:211
/home/joseph/projects/RideConnect/vendor/symfony/console/Command/Command.php:341
/home/joseph/projects/RideConnect/vendor/laravel/framework/src/Illuminate/Console/Command.php:180
/home/joseph/projects/RideConnect/vendor/symfony/console/Application.php:1094
/home/joseph/projects/RideConnect/vendor/symfony/console/Application.php:356
/home/joseph/projects/RideConnect/vendor/symfony/console/Application.php:195
/home/joseph/projects/RideConnect/vendor/laravel/framework/src/Illuminate/Console/Application.php:165
/home/joseph/projects/RideConnect/vendor/laravel/framework/src/Illuminate/Foundation/Console/Kernel.php:447
/home/joseph/projects/RideConnect/vendor/laravel/framework/src/Illuminate/Testing/PendingCommand.php:451
/home/joseph/projects/RideConnect/vendor/laravel/framework/src/Illuminate/Testing/PendingCommand.php:675
/home/joseph/projects/RideConnect/vendor/laravel/framework/src/Illuminate/Foundation/Testing/Concerns/InteractsWithConsole.php:87
/home/joseph/projects/RideConnect/vendor/laravel/framework/src/Illuminate/Foundation/Testing/RefreshDatabase.php:119
/home/joseph/projects/RideConnect/vendor/laravel/framework/src/Illuminate/Foundation/Testing/RefreshDatabase.php:84
/home/joseph/projects/RideConnect/vendor/laravel/framework/src/Illuminate/Foundation/Testing/RefreshDatabase.php:25
/home/joseph/projects/RideConnect/vendor/laravel/framework/src/Illuminate/Foundation/Testing/Concerns/InteractsWithTestCaseLifecycle.php:217
/home/joseph/projects/RideConnect/vendor/laravel/framework/src/Illuminate/Foundation/Testing/Concerns/InteractsWithTestCaseLifecycle.php:101
/home/joseph/projects/RideConnect/vendor/laravel/framework/src/Illuminate/Foundation/Testing/TestCase.php:63</error>
        </testcase>
      </testsuite>
      <testsuite name="Tests\Feature\Filament\SuperDashboardRenderTest" file="/home/joseph/projects/RideConnect/tests/Feature/Filament/SuperDashboardRenderTest.php" tests="2" assertions="0" errors="2" failures="0" skipped="0" time="0.000000">
        <testcase name="test_super_dashboard_page_renders_without_multiple_root_element_error" file="/home/joseph/projects/RideConnect/tests/Feature/Filament/SuperDashboardRenderTest.php" line="15" class="Tests\Feature\Filament\SuperDashboardRenderTest" classname="Tests.Feature.Filament.SuperDashboardRenderTest" assertions="0" time="0.000000">
          <error type="Illuminate\Database\QueryException">Tests\Feature\Filament\SuperDashboardRenderTest::test_super_dashboard_page_renders_without_multiple_root_element_error
Illuminate\Database\QueryException: could not find driver (Connection: sqlite, Database: :memory:, SQL: select exists (select 1 from "main".sqlite_master where name = 'migrations' and type = 'table') as "exists")

/home/joseph/projects/RideConnect/vendor/laravel/framework/src/Illuminate/Database/Connection.php:838
/home/joseph/projects/RideConnect/vendor/laravel/framework/src/Illuminate/Database/Connection.php:794
/home/joseph/projects/RideConnect/vendor/laravel/framework/src/Illuminate/Database/Connection.php:411
/home/joseph/projects/RideConnect/vendor/laravel/framework/src/Illuminate/Database/Connection.php:357
/home/joseph/projects/RideConnect/vendor/laravel/framework/src/Illuminate/Database/Connection.php:374
/home/joseph/projects/RideConnect/vendor/laravel/framework/src/Illuminate/Database/Schema/Builder.php:176
/home/joseph/projects/RideConnect/vendor/laravel/framework/src/Illuminate/Database/Migrations/DatabaseMigrationRepository.php:185
/home/joseph/projects/RideConnect/vendor/laravel/framework/src/Illuminate/Database/Migrations/Migrator.php:758
/home/joseph/projects/RideConnect/vendor/laravel/framework/src/Illuminate/Database/Console/Migrations/MigrateCommand.php:164
/home/joseph/projects/RideConnect/vendor/laravel/framework/src/Illuminate/Support/helpers.php:328
/home/joseph/projects/RideConnect/vendor/laravel/framework/src/Illuminate/Database/Console/Migrations/MigrateCommand.php:164
/home/joseph/projects/RideConnect/vendor/laravel/framework/src/Illuminate/Database/Console/Migrations/MigrateCommand.php:140
/home/joseph/projects/RideConnect/vendor/laravel/framework/src/Illuminate/Database/Console/Migrations/MigrateCommand.php:110
/home/joseph/projects/RideConnect/vendor/laravel/framework/src/Illuminate/Database/Migrations/Migrator.php:671
/home/joseph/projects/RideConnect/vendor/laravel/framework/src/Illuminate/Database/Console/Migrations/MigrateCommand.php:109
/home/joseph/projects/RideConnect/vendor/laravel/framework/src/Illuminate/Database/Console/Migrations/MigrateCommand.php:88
/home/joseph/projects/RideConnect/vendor/laravel/framework/src/Illuminate/Container/BoundMethod.php:36
/home/joseph/projects/RideConnect/vendor/laravel/framework/src/Illuminate/Container/Util.php:43
/home/joseph/projects/RideConnect/vendor/laravel/framework/src/Illuminate/Container/BoundMethod.php:96
/home/joseph/projects/RideConnect/vendor/laravel/framework/src/Illuminate/Container/BoundMethod.php:35
/home/joseph/projects/RideConnect/vendor/laravel/framework/src/Illuminate/Container/Container.php:799
/home/joseph/projects/RideConnect/vendor/laravel/framework/src/Illuminate/Console/Command.php:211
/home/joseph/projects/RideConnect/vendor/symfony/console/Command/Command.php:341
/home/joseph/projects/RideConnect/vendor/laravel/framework/src/Illuminate/Console/Command.php:180
/home/joseph/projects/RideConnect/vendor/laravel/framework/src/Illuminate/Console/Concerns/CallsCommands.php:68
/home/joseph/projects/RideConnect/vendor/laravel/framework/src/Illuminate/Console/Concerns/CallsCommands.php:29
/home/joseph/projects/RideConnect/vendor/laravel/framework/src/Illuminate/Database/Console/Migrations/FreshCommand.php:88
/home/joseph/projects/RideConnect/vendor/laravel/framework/src/Illuminate/Container/BoundMethod.php:36
/home/joseph/projects/RideConnect/vendor/laravel/framework/src/Illuminate/Container/Util.php:43
/home/joseph/projects/RideConnect/vendor/laravel/framework/src/Illuminate/Container/BoundMethod.php:96
/home/joseph/projects/RideConnect/vendor/laravel/framework/src/Illuminate/Container/BoundMethod.php:35
/home/joseph/projects/RideConnect/vendor/laravel/framework/src/Illuminate/Container/Container.php:799
/home/joseph/projects/RideConnect/vendor/laravel/framework/src/Illuminate/Console/Command.php:211
/home/joseph/projects/RideConnect/vendor/symfony/console/Command/Command.php:341
/home/joseph/projects/RideConnect/vendor/laravel/framework/src/Illuminate/Console/Command.php:180
/home/joseph/projects/RideConnect/vendor/symfony/console/Application.php:1094
/home/joseph/projects/RideConnect/vendor/symfony/console/Application.php:356
/home/joseph/projects/RideConnect/vendor/symfony/console/Application.php:195
/home/joseph/projects/RideConnect/vendor/laravel/framework/src/Illuminate/Console/Application.php:165
/home/joseph/projects/RideConnect/vendor/laravel/framework/src/Illuminate/Foundation/Console/Kernel.php:447
/home/joseph/projects/RideConnect/vendor/laravel/framework/src/Illuminate/Testing/PendingCommand.php:451
/home/joseph/projects/RideConnect/vendor/laravel/framework/src/Illuminate/Testing/PendingCommand.php:675
/home/joseph/projects/RideConnect/vendor/laravel/framework/src/Illuminate/Foundation/Testing/Concerns/InteractsWithConsole.php:87
/home/joseph/projects/RideConnect/vendor/laravel/framework/src/Illuminate/Foundation/Testing/RefreshDatabase.php:119
/home/joseph/projects/RideConnect/vendor/laravel/framework/src/Illuminate/Foundation/Testing/RefreshDatabase.php:84
/home/joseph/projects/RideConnect/vendor/laravel/framework/src/Illuminate/Foundation/Testing/RefreshDatabase.php:25
/home/joseph/projects/RideConnect/vendor/laravel/framework/src/Illuminate/Foundation/Testing/Concerns/InteractsWithTestCaseLifecycle.php:217
/home/joseph/projects/RideConnect/vendor/laravel/framework/src/Illuminate/Foundation/Testing/Concerns/InteractsWithTestCaseLifecycle.php:101
/home/joseph/projects/RideConnect/vendor/laravel/framework/src/Illuminate/Foundation/Testing/TestCase.php:63</error>
        </testcase>
        <testcase name="test_super_dashboard_shows_not_tracked_snapshot_when_tables_are_missing" file="/home/joseph/projects/RideConnect/tests/Feature/Filament/SuperDashboardRenderTest.php" line="36" class="Tests\Feature\Filament\SuperDashboardRenderTest" classname="Tests.Feature.Filament.SuperDashboardRenderTest" assertions="0" time="0.000000">
          <error type="Illuminate\Database\QueryException">Tests\Feature\Filament\SuperDashboardRenderTest::test_super_dashboard_shows_not_tracked_snapshot_when_tables_are_missing
Illuminate\Database\QueryException: could not find driver (Connection: sqlite, Database: :memory:, SQL: select exists (select 1 from "main".sqlite_master where name = 'migrations' and type = 'table') as "exists")

/home/joseph/projects/RideConnect/vendor/laravel/framework/src/Illuminate/Database/Connection.php:838
/home/joseph/projects/RideConnect/vendor/laravel/framework/src/Illuminate/Database/Connection.php:794
/home/joseph/projects/RideConnect/vendor/laravel/framework/src/Illuminate/Database/Connection.php:411
/home/joseph/projects/RideConnect/vendor/laravel/framework/src/Illuminate/Database/Connection.php:357
/home/joseph/projects/RideConnect/vendor/laravel/framework/src/Illuminate/Database/Connection.php:374
/home/joseph/projects/RideConnect/vendor/laravel/framework/src/Illuminate/Database/Schema/Builder.php:176
/home/joseph/projects/RideConnect/vendor/laravel/framework/src/Illuminate/Database/Migrations/DatabaseMigrationRepository.php:185
/home/joseph/projects/RideConnect/vendor/laravel/framework/src/Illuminate/Database/Migrations/Migrator.php:758
/home/joseph/projects/RideConnect/vendor/laravel/framework/src/Illuminate/Database/Console/Migrations/MigrateCommand.php:164
/home/joseph/projects/RideConnect/vendor/laravel/framework/src/Illuminate/Support/helpers.php:328
/home/joseph/projects/RideConnect/vendor/laravel/framework/src/Illuminate/Database/Console/Migrations/MigrateCommand.php:164
/home/joseph/projects/RideConnect/vendor/laravel/framework/src/Illuminate/Database/Console/Migrations/MigrateCommand.php:140
/home/joseph/projects/RideConnect/vendor/laravel/framework/src/Illuminate/Database/Console/Migrations/MigrateCommand.php:110
/home/joseph/projects/RideConnect/vendor/laravel/framework/src/Illuminate/Database/Migrations/Migrator.php:671
/home/joseph/projects/RideConnect/vendor/laravel/framework/src/Illuminate/Database/Console/Migrations/MigrateCommand.php:109
/home/joseph/projects/RideConnect/vendor/laravel/framework/src/Illuminate/Database/Console/Migrations/MigrateCommand.php:88
/home/joseph/projects/RideConnect/vendor/laravel/framework/src/Illuminate/Container/BoundMethod.php:36
/home/joseph/projects/RideConnect/vendor/laravel/framework/src/Illuminate/Container/Util.php:43
/home/joseph/projects/RideConnect/vendor/laravel/framework/src/Illuminate/Container/BoundMethod.php:96
/home/joseph/projects/RideConnect/vendor/laravel/framework/src/Illuminate/Container/BoundMethod.php:35
/home/joseph/projects/RideConnect/vendor/laravel/framework/src/Illuminate/Container/Container.php:799
/home/joseph/projects/RideConnect/vendor/laravel/framework/src/Illuminate/Console/Command.php:211
/home/joseph/projects/RideConnect/vendor/symfony/console/Command/Command.php:341
/home/joseph/projects/RideConnect/vendor/laravel/framework/src/Illuminate/Console/Command.php:180
/home/joseph/projects/RideConnect/vendor/laravel/framework/src/Illuminate/Console/Concerns/CallsCommands.php:68
/home/joseph/projects/RideConnect/vendor/laravel/framework/src/Illuminate/Console/Concerns/CallsCommands.php:29
/home/joseph/projects/RideConnect/vendor/laravel/framework/src/Illuminate/Database/Console/Migrations/FreshCommand.php:88
/home/joseph/projects/RideConnect/vendor/laravel/framework/src/Illuminate/Container/BoundMethod.php:36
/home/joseph/projects/RideConnect/vendor/laravel/framework/src/Illuminate/Container/Util.php:43
/home/joseph/projects/RideConnect/vendor/laravel/framework/src/Illuminate/Container/BoundMethod.php:96
/home/joseph/projects/RideConnect/vendor/laravel/framework/src/Illuminate/Container/BoundMethod.php:35
/home/joseph/projects/RideConnect/vendor/laravel/framework/src/Illuminate/Container/Container.php:799
/home/joseph/projects/RideConnect/vendor/laravel/framework/src/Illuminate/Console/Command.php:211
/home/joseph/projects/RideConnect/vendor/symfony/console/Command/Command.php:341
/home/joseph/projects/RideConnect/vendor/laravel/framework/src/Illuminate/Console/Command.php:180
/home/joseph/projects/RideConnect/vendor/symfony/console/Application.php:1094
/home/joseph/projects/RideConnect/vendor/symfony/console/Application.php:356
/home/joseph/projects/RideConnect/vendor/symfony/console/Application.php:195
/home/joseph/projects/RideConnect/vendor/laravel/framework/src/Illuminate/Console/Application.php:165
/home/joseph/projects/RideConnect/vendor/laravel/framework/src/Illuminate/Foundation/Console/Kernel.php:447
/home/joseph/projects/RideConnect/vendor/laravel/framework/src/Illuminate/Testing/PendingCommand.php:451
/home/joseph/projects/RideConnect/vendor/laravel/framework/src/Illuminate/Testing/PendingCommand.php:675
/home/joseph/projects/RideConnect/vendor/laravel/framework/src/Illuminate/Foundation/Testing/Concerns/InteractsWithConsole.php:87
/home/joseph/projects/RideConnect/vendor/laravel/framework/src/Illuminate/Foundation/Testing/RefreshDatabase.php:119
/home/joseph/projects/RideConnect/vendor/laravel/framework/src/Illuminate/Foundation/Testing/RefreshDatabase.php:84
/home/joseph/projects/RideConnect/vendor/laravel/framework/src/Illuminate/Foundation/Testing/RefreshDatabase.php:25
/home/joseph/projects/RideConnect/vendor/laravel/framework/src/Illuminate/Foundation/Testing/Concerns/InteractsWithTestCaseLifecycle.php:217
/home/joseph/projects/RideConnect/vendor/laravel/framework/src/Illuminate/Foundation/Testing/Concerns/InteractsWithTestCaseLifecycle.php:101
/home/joseph/projects/RideConnect/vendor/laravel/framework/src/Illuminate/Foundation/Testing/TestCase.php:63</error>
        </testcase>
      </testsuite>
      <testsuite name="Tests\Feature\Filament\TopbarRoleBadgeTest" file="/home/joseph/projects/RideConnect/tests/Feature/Filament/TopbarRoleBadgeTest.php" tests="1" assertions="0" errors="1" failures="0" skipped="0" time="0.000000">
        <testcase name="test_super_admin_sees_role_badge_in_admin_topbar" file="/home/joseph/projects/RideConnect/tests/Feature/Filament/TopbarRoleBadgeTest.php" line="20" class="Tests\Feature\Filament\TopbarRoleBadgeTest" classname="Tests.Feature.Filament.TopbarRoleBadgeTest" assertions="0" time="0.000000">
          <error type="Illuminate\Database\QueryException">Tests\Feature\Filament\TopbarRoleBadgeTest::test_super_admin_sees_role_badge_in_admin_topbar
Illuminate\Database\QueryException: could not find driver (Connection: sqlite, Database: :memory:, SQL: select exists (select 1 from "main".sqlite_master where name = 'migrations' and type = 'table') as "exists")

/home/joseph/projects/RideConnect/vendor/laravel/framework/src/Illuminate/Database/Connection.php:838
/home/joseph/projects/RideConnect/vendor/laravel/framework/src/Illuminate/Database/Connection.php:794
/home/joseph/projects/RideConnect/vendor/laravel/framework/src/Illuminate/Database/Connection.php:411
/home/joseph/projects/RideConnect/vendor/laravel/framework/src/Illuminate/Database/Connection.php:357
/home/joseph/projects/RideConnect/vendor/laravel/framework/src/Illuminate/Database/Connection.php:374
/home/joseph/projects/RideConnect/vendor/laravel/framework/src/Illuminate/Database/Schema/Builder.php:176
/home/joseph/projects/RideConnect/vendor/laravel/framework/src/Illuminate/Database/Migrations/DatabaseMigrationRepository.php:185
/home/joseph/projects/RideConnect/vendor/laravel/framework/src/Illuminate/Database/Migrations/Migrator.php:758
/home/joseph/projects/RideConnect/vendor/laravel/framework/src/Illuminate/Database/Console/Migrations/MigrateCommand.php:164
/home/joseph/projects/RideConnect/vendor/laravel/framework/src/Illuminate/Support/helpers.php:328
/home/joseph/projects/RideConnect/vendor/laravel/framework/src/Illuminate/Database/Console/Migrations/MigrateCommand.php:164
/home/joseph/projects/RideConnect/vendor/laravel/framework/src/Illuminate/Database/Console/Migrations/MigrateCommand.php:140
/home/joseph/projects/RideConnect/vendor/laravel/framework/src/Illuminate/Database/Console/Migrations/MigrateCommand.php:110
/home/joseph/projects/RideConnect/vendor/laravel/framework/src/Illuminate/Database/Migrations/Migrator.php:671
/home/joseph/projects/RideConnect/vendor/laravel/framework/src/Illuminate/Database/Console/Migrations/MigrateCommand.php:109
/home/joseph/projects/RideConnect/vendor/laravel/framework/src/Illuminate/Database/Console/Migrations/MigrateCommand.php:88
/home/joseph/projects/RideConnect/vendor/laravel/framework/src/Illuminate/Container/BoundMethod.php:36
/home/joseph/projects/RideConnect/vendor/laravel/framework/src/Illuminate/Container/Util.php:43
/home/joseph/projects/RideConnect/vendor/laravel/framework/src/Illuminate/Container/BoundMethod.php:96
/home/joseph/projects/RideConnect/vendor/laravel/framework/src/Illuminate/Container/BoundMethod.php:35
/home/joseph/projects/RideConnect/vendor/laravel/framework/src/Illuminate/Container/Container.php:799
/home/joseph/projects/RideConnect/vendor/laravel/framework/src/Illuminate/Console/Command.php:211
/home/joseph/projects/RideConnect/vendor/symfony/console/Command/Command.php:341
/home/joseph/projects/RideConnect/vendor/laravel/framework/src/Illuminate/Console/Command.php:180
/home/joseph/projects/RideConnect/vendor/laravel/framework/src/Illuminate/Console/Concerns/CallsCommands.php:68
/home/joseph/projects/RideConnect/vendor/laravel/framework/src/Illuminate/Console/Concerns/CallsCommands.php:29
/home/joseph/projects/RideConnect/vendor/laravel/framework/src/Illuminate/Database/Console/Migrations/FreshCommand.php:88
/home/joseph/projects/RideConnect/vendor/laravel/framework/src/Illuminate/Container/BoundMethod.php:36
/home/joseph/projects/RideConnect/vendor/laravel/framework/src/Illuminate/Container/Util.php:43
/home/joseph/projects/RideConnect/vendor/laravel/framework/src/Illuminate/Container/BoundMethod.php:96
/home/joseph/projects/RideConnect/vendor/laravel/framework/src/Illuminate/Container/BoundMethod.php:35
/home/joseph/projects/RideConnect/vendor/laravel/framework/src/Illuminate/Container/Container.php:799
/home/joseph/projects/RideConnect/vendor/laravel/framework/src/Illuminate/Console/Command.php:211
/home/joseph/projects/RideConnect/vendor/symfony/console/Command/Command.php:341
/home/joseph/projects/RideConnect/vendor/laravel/framework/src/Illuminate/Console/Command.php:180
/home/joseph/projects/RideConnect/vendor/symfony/console/Application.php:1094
/home/joseph/projects/RideConnect/vendor/symfony/console/Application.php:356
/home/joseph/projects/RideConnect/vendor/symfony/console/Application.php:195
/home/joseph/projects/RideConnect/vendor/laravel/framework/src/Illuminate/Console/Application.php:165
/home/joseph/projects/RideConnect/vendor/laravel/framework/src/Illuminate/Foundation/Console/Kernel.php:447
/home/joseph/projects/RideConnect/vendor/laravel/framework/src/Illuminate/Testing/PendingCommand.php:451
/home/joseph/projects/RideConnect/vendor/laravel/framework/src/Illuminate/Testing/PendingCommand.php:675
/home/joseph/projects/RideConnect/vendor/laravel/framework/src/Illuminate/Foundation/Testing/Concerns/InteractsWithConsole.php:87
/home/joseph/projects/RideConnect/vendor/laravel/framework/src/Illuminate/Foundation/Testing/RefreshDatabase.php:119
/home/joseph/projects/RideConnect/vendor/laravel/framework/src/Illuminate/Foundation/Testing/RefreshDatabase.php:84
/home/joseph/projects/RideConnect/vendor/laravel/framework/src/Illuminate/Foundation/Testing/RefreshDatabase.php:25
/home/joseph/projects/RideConnect/vendor/laravel/framework/src/Illuminate/Foundation/Testing/Concerns/InteractsWithTestCaseLifecycle.php:217
/home/joseph/projects/RideConnect/vendor/laravel/framework/src/Illuminate/Foundation/Testing/Concerns/InteractsWithTestCaseLifecycle.php:101
/home/joseph/projects/RideConnect/vendor/laravel/framework/src/Illuminate/Foundation/Testing/TestCase.php:63
/home/joseph/projects/RideConnect/tests/Feature/Filament/TopbarRoleBadgeTest.php:14</error>
        </testcase>
      </testsuite>
      <testsuite name="Tests\Feature\MobileTripE2eUseCaseTest" file="/home/joseph/projects/RideConnect/tests/Feature/MobileTripE2eUseCaseTest.php" tests="2" assertions="0" errors="2" failures="0" skipped="0" time="0.000000">
        <testcase name="test_mobile_trip_e2e_use_cases_are_persisted_with_realistic_kigali_flows" file="/home/joseph/projects/RideConnect/tests/Feature/MobileTripE2eUseCaseTest.php" line="20" class="Tests\Feature\MobileTripE2eUseCaseTest" classname="Tests.Feature.MobileTripE2eUseCaseTest" assertions="0" time="0.000000">
          <error type="Illuminate\Database\QueryException">Tests\Feature\MobileTripE2eUseCaseTest::test_mobile_trip_e2e_use_cases_are_persisted_with_realistic_kigali_flows
Illuminate\Database\QueryException: could not find driver (Connection: sqlite, Database: :memory:, SQL: select exists (select 1 from "main".sqlite_master where name = 'migrations' and type = 'table') as "exists")

/home/joseph/projects/RideConnect/vendor/laravel/framework/src/Illuminate/Database/Connection.php:838
/home/joseph/projects/RideConnect/vendor/laravel/framework/src/Illuminate/Database/Connection.php:794
/home/joseph/projects/RideConnect/vendor/laravel/framework/src/Illuminate/Database/Connection.php:411
/home/joseph/projects/RideConnect/vendor/laravel/framework/src/Illuminate/Database/Connection.php:357
/home/joseph/projects/RideConnect/vendor/laravel/framework/src/Illuminate/Database/Connection.php:374
/home/joseph/projects/RideConnect/vendor/laravel/framework/src/Illuminate/Database/Schema/Builder.php:176
/home/joseph/projects/RideConnect/vendor/laravel/framework/src/Illuminate/Database/Migrations/DatabaseMigrationRepository.php:185
/home/joseph/projects/RideConnect/vendor/laravel/framework/src/Illuminate/Database/Migrations/Migrator.php:758
/home/joseph/projects/RideConnect/vendor/laravel/framework/src/Illuminate/Database/Console/Migrations/MigrateCommand.php:164
/home/joseph/projects/RideConnect/vendor/laravel/framework/src/Illuminate/Support/helpers.php:328
/home/joseph/projects/RideConnect/vendor/laravel/framework/src/Illuminate/Database/Console/Migrations/MigrateCommand.php:164
/home/joseph/projects/RideConnect/vendor/laravel/framework/src/Illuminate/Database/Console/Migrations/MigrateCommand.php:140
/home/joseph/projects/RideConnect/vendor/laravel/framework/src/Illuminate/Database/Console/Migrations/MigrateCommand.php:110
/home/joseph/projects/RideConnect/vendor/laravel/framework/src/Illuminate/Database/Migrations/Migrator.php:671
/home/joseph/projects/RideConnect/vendor/laravel/framework/src/Illuminate/Database/Console/Migrations/MigrateCommand.php:109
/home/joseph/projects/RideConnect/vendor/laravel/framework/src/Illuminate/Database/Console/Migrations/MigrateCommand.php:88
/home/joseph/projects/RideConnect/vendor/laravel/framework/src/Illuminate/Container/BoundMethod.php:36
/home/joseph/projects/RideConnect/vendor/laravel/framework/src/Illuminate/Container/Util.php:43
/home/joseph/projects/RideConnect/vendor/laravel/framework/src/Illuminate/Container/BoundMethod.php:96
/home/joseph/projects/RideConnect/vendor/laravel/framework/src/Illuminate/Container/BoundMethod.php:35
/home/joseph/projects/RideConnect/vendor/laravel/framework/src/Illuminate/Container/Container.php:799
/home/joseph/projects/RideConnect/vendor/laravel/framework/src/Illuminate/Console/Command.php:211
/home/joseph/projects/RideConnect/vendor/symfony/console/Command/Command.php:341
/home/joseph/projects/RideConnect/vendor/laravel/framework/src/Illuminate/Console/Command.php:180
/home/joseph/projects/RideConnect/vendor/laravel/framework/src/Illuminate/Console/Concerns/CallsCommands.php:68
/home/joseph/projects/RideConnect/vendor/laravel/framework/src/Illuminate/Console/Concerns/CallsCommands.php:29
/home/joseph/projects/RideConnect/vendor/laravel/framework/src/Illuminate/Database/Console/Migrations/FreshCommand.php:88
/home/joseph/projects/RideConnect/vendor/laravel/framework/src/Illuminate/Container/BoundMethod.php:36
/home/joseph/projects/RideConnect/vendor/laravel/framework/src/Illuminate/Container/Util.php:43
/home/joseph/projects/RideConnect/vendor/laravel/framework/src/Illuminate/Container/BoundMethod.php:96
/home/joseph/projects/RideConnect/vendor/laravel/framework/src/Illuminate/Container/BoundMethod.php:35
/home/joseph/projects/RideConnect/vendor/laravel/framework/src/Illuminate/Container/Container.php:799
/home/joseph/projects/RideConnect/vendor/laravel/framework/src/Illuminate/Console/Command.php:211
/home/joseph/projects/RideConnect/vendor/symfony/console/Command/Command.php:341
/home/joseph/projects/RideConnect/vendor/laravel/framework/src/Illuminate/Console/Command.php:180
/home/joseph/projects/RideConnect/vendor/symfony/console/Application.php:1094
/home/joseph/projects/RideConnect/vendor/symfony/console/Application.php:356
/home/joseph/projects/RideConnect/vendor/symfony/console/Application.php:195
/home/joseph/projects/RideConnect/vendor/laravel/framework/src/Illuminate/Console/Application.php:165
/home/joseph/projects/RideConnect/vendor/laravel/framework/src/Illuminate/Foundation/Console/Kernel.php:447
/home/joseph/projects/RideConnect/vendor/laravel/framework/src/Illuminate/Testing/PendingCommand.php:451
/home/joseph/projects/RideConnect/vendor/laravel/framework/src/Illuminate/Testing/PendingCommand.php:675
/home/joseph/projects/RideConnect/vendor/laravel/framework/src/Illuminate/Foundation/Testing/Concerns/InteractsWithConsole.php:87
/home/joseph/projects/RideConnect/vendor/laravel/framework/src/Illuminate/Foundation/Testing/RefreshDatabase.php:119
/home/joseph/projects/RideConnect/vendor/laravel/framework/src/Illuminate/Foundation/Testing/RefreshDatabase.php:84
/home/joseph/projects/RideConnect/vendor/laravel/framework/src/Illuminate/Foundation/Testing/RefreshDatabase.php:25
/home/joseph/projects/RideConnect/vendor/laravel/framework/src/Illuminate/Foundation/Testing/Concerns/InteractsWithTestCaseLifecycle.php:217
/home/joseph/projects/RideConnect/vendor/laravel/framework/src/Illuminate/Foundation/Testing/Concerns/InteractsWithTestCaseLifecycle.php:101
/home/joseph/projects/RideConnect/vendor/laravel/framework/src/Illuminate/Foundation/Testing/TestCase.php:63</error>
        </testcase>
        <testcase name="test_trip_status_matching_session_and_acknowledgements_are_database_backed" file="/home/joseph/projects/RideConnect/tests/Feature/MobileTripE2eUseCaseTest.php" line="38" class="Tests\Feature\MobileTripE2eUseCaseTest" classname="Tests.Feature.MobileTripE2eUseCaseTest" assertions="0" time="0.000000">
          <error type="Illuminate\Database\QueryException">Tests\Feature\MobileTripE2eUseCaseTest::test_trip_status_matching_session_and_acknowledgements_are_database_backed
Illuminate\Database\QueryException: could not find driver (Connection: sqlite, Database: :memory:, SQL: select exists (select 1 from "main".sqlite_master where name = 'migrations' and type = 'table') as "exists")

/home/joseph/projects/RideConnect/vendor/laravel/framework/src/Illuminate/Database/Connection.php:838
/home/joseph/projects/RideConnect/vendor/laravel/framework/src/Illuminate/Database/Connection.php:794
/home/joseph/projects/RideConnect/vendor/laravel/framework/src/Illuminate/Database/Connection.php:411
/home/joseph/projects/RideConnect/vendor/laravel/framework/src/Illuminate/Database/Connection.php:357
/home/joseph/projects/RideConnect/vendor/laravel/framework/src/Illuminate/Database/Connection.php:374
/home/joseph/projects/RideConnect/vendor/laravel/framework/src/Illuminate/Database/Schema/Builder.php:176
/home/joseph/projects/RideConnect/vendor/laravel/framework/src/Illuminate/Database/Migrations/DatabaseMigrationRepository.php:185
/home/joseph/projects/RideConnect/vendor/laravel/framework/src/Illuminate/Database/Migrations/Migrator.php:758
/home/joseph/projects/RideConnect/vendor/laravel/framework/src/Illuminate/Database/Console/Migrations/MigrateCommand.php:164
/home/joseph/projects/RideConnect/vendor/laravel/framework/src/Illuminate/Support/helpers.php:328
/home/joseph/projects/RideConnect/vendor/laravel/framework/src/Illuminate/Database/Console/Migrations/MigrateCommand.php:164
/home/joseph/projects/RideConnect/vendor/laravel/framework/src/Illuminate/Database/Console/Migrations/MigrateCommand.php:140
/home/joseph/projects/RideConnect/vendor/laravel/framework/src/Illuminate/Database/Console/Migrations/MigrateCommand.php:110
/home/joseph/projects/RideConnect/vendor/laravel/framework/src/Illuminate/Database/Migrations/Migrator.php:671
/home/joseph/projects/RideConnect/vendor/laravel/framework/src/Illuminate/Database/Console/Migrations/MigrateCommand.php:109
/home/joseph/projects/RideConnect/vendor/laravel/framework/src/Illuminate/Database/Console/Migrations/MigrateCommand.php:88
/home/joseph/projects/RideConnect/vendor/laravel/framework/src/Illuminate/Container/BoundMethod.php:36
/home/joseph/projects/RideConnect/vendor/laravel/framework/src/Illuminate/Container/Util.php:43
/home/joseph/projects/RideConnect/vendor/laravel/framework/src/Illuminate/Container/BoundMethod.php:96
/home/joseph/projects/RideConnect/vendor/laravel/framework/src/Illuminate/Container/BoundMethod.php:35
/home/joseph/projects/RideConnect/vendor/laravel/framework/src/Illuminate/Container/Container.php:799
/home/joseph/projects/RideConnect/vendor/laravel/framework/src/Illuminate/Console/Command.php:211
/home/joseph/projects/RideConnect/vendor/symfony/console/Command/Command.php:341
/home/joseph/projects/RideConnect/vendor/laravel/framework/src/Illuminate/Console/Command.php:180
/home/joseph/projects/RideConnect/vendor/laravel/framework/src/Illuminate/Console/Concerns/CallsCommands.php:68
/home/joseph/projects/RideConnect/vendor/laravel/framework/src/Illuminate/Console/Concerns/CallsCommands.php:29
/home/joseph/projects/RideConnect/vendor/laravel/framework/src/Illuminate/Database/Console/Migrations/FreshCommand.php:88
/home/joseph/projects/RideConnect/vendor/laravel/framework/src/Illuminate/Container/BoundMethod.php:36
/home/joseph/projects/RideConnect/vendor/laravel/framework/src/Illuminate/Container/Util.php:43
/home/joseph/projects/RideConnect/vendor/laravel/framework/src/Illuminate/Container/BoundMethod.php:96
/home/joseph/projects/RideConnect/vendor/laravel/framework/src/Illuminate/Container/BoundMethod.php:35
/home/joseph/projects/RideConnect/vendor/laravel/framework/src/Illuminate/Container/Container.php:799
/home/joseph/projects/RideConnect/vendor/laravel/framework/src/Illuminate/Console/Command.php:211
/home/joseph/projects/RideConnect/vendor/symfony/console/Command/Command.php:341
/home/joseph/projects/RideConnect/vendor/laravel/framework/src/Illuminate/Console/Command.php:180
/home/joseph/projects/RideConnect/vendor/symfony/console/Application.php:1094
/home/joseph/projects/RideConnect/vendor/symfony/console/Application.php:356
/home/joseph/projects/RideConnect/vendor/symfony/console/Application.php:195
/home/joseph/projects/RideConnect/vendor/laravel/framework/src/Illuminate/Console/Application.php:165
/home/joseph/projects/RideConnect/vendor/laravel/framework/src/Illuminate/Foundation/Console/Kernel.php:447
/home/joseph/projects/RideConnect/vendor/laravel/framework/src/Illuminate/Testing/PendingCommand.php:451
/home/joseph/projects/RideConnect/vendor/laravel/framework/src/Illuminate/Testing/PendingCommand.php:675
/home/joseph/projects/RideConnect/vendor/laravel/framework/src/Illuminate/Foundation/Testing/Concerns/InteractsWithConsole.php:87
/home/joseph/projects/RideConnect/vendor/laravel/framework/src/Illuminate/Foundation/Testing/RefreshDatabase.php:119
/home/joseph/projects/RideConnect/vendor/laravel/framework/src/Illuminate/Foundation/Testing/RefreshDatabase.php:84
/home/joseph/projects/RideConnect/vendor/laravel/framework/src/Illuminate/Foundation/Testing/RefreshDatabase.php:25
/home/joseph/projects/RideConnect/vendor/laravel/framework/src/Illuminate/Foundation/Testing/Concerns/InteractsWithTestCaseLifecycle.php:217
/home/joseph/projects/RideConnect/vendor/laravel/framework/src/Illuminate/Foundation/Testing/Concerns/InteractsWithTestCaseLifecycle.php:101
/home/joseph/projects/RideConnect/vendor/laravel/framework/src/Illuminate/Foundation/Testing/TestCase.php:63</error>
        </testcase>
      </testsuite>
      <testsuite name="Tests\Feature\MotorcycleMatchingServiceTest" file="/home/joseph/projects/RideConnect/tests/Feature/MotorcycleMatchingServiceTest.php" tests="1" assertions="0" errors="1" failures="0" skipped="0" time="0.000000">
        <testcase name="test_online_motorcycle_driver_is_matched_when_ml_service_is_unavailable" file="/home/joseph/projects/RideConnect/tests/Feature/MotorcycleMatchingServiceTest.php" line="16" class="Tests\Feature\MotorcycleMatchingServiceTest" classname="Tests.Feature.MotorcycleMatchingServiceTest" assertions="0" time="0.000000">
          <error type="Illuminate\Database\QueryException">Tests\Feature\MotorcycleMatchingServiceTest::test_online_motorcycle_driver_is_matched_when_ml_service_is_unavailable
Illuminate\Database\QueryException: could not find driver (Connection: sqlite, Database: :memory:, SQL: select exists (select 1 from "main".sqlite_master where name = 'migrations' and type = 'table') as "exists")

/home/joseph/projects/RideConnect/vendor/laravel/framework/src/Illuminate/Database/Connection.php:838
/home/joseph/projects/RideConnect/vendor/laravel/framework/src/Illuminate/Database/Connection.php:794
/home/joseph/projects/RideConnect/vendor/laravel/framework/src/Illuminate/Database/Connection.php:411
/home/joseph/projects/RideConnect/vendor/laravel/framework/src/Illuminate/Database/Connection.php:357
/home/joseph/projects/RideConnect/vendor/laravel/framework/src/Illuminate/Database/Connection.php:374
/home/joseph/projects/RideConnect/vendor/laravel/framework/src/Illuminate/Database/Schema/Builder.php:176
/home/joseph/projects/RideConnect/vendor/laravel/framework/src/Illuminate/Database/Migrations/DatabaseMigrationRepository.php:185
/home/joseph/projects/RideConnect/vendor/laravel/framework/src/Illuminate/Database/Migrations/Migrator.php:758
/home/joseph/projects/RideConnect/vendor/laravel/framework/src/Illuminate/Database/Console/Migrations/MigrateCommand.php:164
/home/joseph/projects/RideConnect/vendor/laravel/framework/src/Illuminate/Support/helpers.php:328
/home/joseph/projects/RideConnect/vendor/laravel/framework/src/Illuminate/Database/Console/Migrations/MigrateCommand.php:164
/home/joseph/projects/RideConnect/vendor/laravel/framework/src/Illuminate/Database/Console/Migrations/MigrateCommand.php:140
/home/joseph/projects/RideConnect/vendor/laravel/framework/src/Illuminate/Database/Console/Migrations/MigrateCommand.php:110
/home/joseph/projects/RideConnect/vendor/laravel/framework/src/Illuminate/Database/Migrations/Migrator.php:671
/home/joseph/projects/RideConnect/vendor/laravel/framework/src/Illuminate/Database/Console/Migrations/MigrateCommand.php:109
/home/joseph/projects/RideConnect/vendor/laravel/framework/src/Illuminate/Database/Console/Migrations/MigrateCommand.php:88
/home/joseph/projects/RideConnect/vendor/laravel/framework/src/Illuminate/Container/BoundMethod.php:36
/home/joseph/projects/RideConnect/vendor/laravel/framework/src/Illuminate/Container/Util.php:43
/home/joseph/projects/RideConnect/vendor/laravel/framework/src/Illuminate/Container/BoundMethod.php:96
/home/joseph/projects/RideConnect/vendor/laravel/framework/src/Illuminate/Container/BoundMethod.php:35
/home/joseph/projects/RideConnect/vendor/laravel/framework/src/Illuminate/Container/Container.php:799
/home/joseph/projects/RideConnect/vendor/laravel/framework/src/Illuminate/Console/Command.php:211
/home/joseph/projects/RideConnect/vendor/symfony/console/Command/Command.php:341
/home/joseph/projects/RideConnect/vendor/laravel/framework/src/Illuminate/Console/Command.php:180
/home/joseph/projects/RideConnect/vendor/laravel/framework/src/Illuminate/Console/Concerns/CallsCommands.php:68
/home/joseph/projects/RideConnect/vendor/laravel/framework/src/Illuminate/Console/Concerns/CallsCommands.php:29
/home/joseph/projects/RideConnect/vendor/laravel/framework/src/Illuminate/Database/Console/Migrations/FreshCommand.php:88
/home/joseph/projects/RideConnect/vendor/laravel/framework/src/Illuminate/Container/BoundMethod.php:36
/home/joseph/projects/RideConnect/vendor/laravel/framework/src/Illuminate/Container/Util.php:43
/home/joseph/projects/RideConnect/vendor/laravel/framework/src/Illuminate/Container/BoundMethod.php:96
/home/joseph/projects/RideConnect/vendor/laravel/framework/src/Illuminate/Container/BoundMethod.php:35
/home/joseph/projects/RideConnect/vendor/laravel/framework/src/Illuminate/Container/Container.php:799
/home/joseph/projects/RideConnect/vendor/laravel/framework/src/Illuminate/Console/Command.php:211
/home/joseph/projects/RideConnect/vendor/symfony/console/Command/Command.php:341
/home/joseph/projects/RideConnect/vendor/laravel/framework/src/Illuminate/Console/Command.php:180
/home/joseph/projects/RideConnect/vendor/symfony/console/Application.php:1094
/home/joseph/projects/RideConnect/vendor/symfony/console/Application.php:356
/home/joseph/projects/RideConnect/vendor/symfony/console/Application.php:195
/home/joseph/projects/RideConnect/vendor/laravel/framework/src/Illuminate/Console/Application.php:165
/home/joseph/projects/RideConnect/vendor/laravel/framework/src/Illuminate/Foundation/Console/Kernel.php:447
/home/joseph/projects/RideConnect/vendor/laravel/framework/src/Illuminate/Testing/PendingCommand.php:451
/home/joseph/projects/RideConnect/vendor/laravel/framework/src/Illuminate/Testing/PendingCommand.php:675
/home/joseph/projects/RideConnect/vendor/laravel/framework/src/Illuminate/Foundation/Testing/Concerns/InteractsWithConsole.php:87
/home/joseph/projects/RideConnect/vendor/laravel/framework/src/Illuminate/Foundation/Testing/RefreshDatabase.php:119
/home/joseph/projects/RideConnect/vendor/laravel/framework/src/Illuminate/Foundation/Testing/RefreshDatabase.php:84
/home/joseph/projects/RideConnect/vendor/laravel/framework/src/Illuminate/Foundation/Testing/RefreshDatabase.php:25
/home/joseph/projects/RideConnect/vendor/laravel/framework/src/Illuminate/Foundation/Testing/Concerns/InteractsWithTestCaseLifecycle.php:217
/home/joseph/projects/RideConnect/vendor/laravel/framework/src/Illuminate/Foundation/Testing/Concerns/InteractsWithTestCaseLifecycle.php:101
/home/joseph/projects/RideConnect/vendor/laravel/framework/src/Illuminate/Foundation/Testing/TestCase.php:63</error>
        </testcase>
      </testsuite>
      <testsuite name="Tests\Feature\PassengerApiTest" file="/home/joseph/projects/RideConnect/tests/Feature/PassengerApiTest.php" tests="7" assertions="0" errors="7" failures="0" skipped="0" time="0.000000">
        <testcase name="test_get_rides_returns_correct_structure" file="/home/joseph/projects/RideConnect/tests/Feature/PassengerApiTest.php" line="71" class="Tests\Feature\PassengerApiTest" classname="Tests.Feature.PassengerApiTest" assertions="0" time="0.000000">
          <error type="Illuminate\Database\QueryException">Tests\Feature\PassengerApiTest::test_get_rides_returns_correct_structure
Illuminate\Database\QueryException: could not find driver (Connection: sqlite, Database: :memory:, SQL: select exists (select 1 from "main".sqlite_master where name = 'migrations' and type = 'table') as "exists")

/home/joseph/projects/RideConnect/vendor/laravel/framework/src/Illuminate/Database/Connection.php:838
/home/joseph/projects/RideConnect/vendor/laravel/framework/src/Illuminate/Database/Connection.php:794
/home/joseph/projects/RideConnect/vendor/laravel/framework/src/Illuminate/Database/Connection.php:411
/home/joseph/projects/RideConnect/vendor/laravel/framework/src/Illuminate/Database/Connection.php:357
/home/joseph/projects/RideConnect/vendor/laravel/framework/src/Illuminate/Database/Connection.php:374
/home/joseph/projects/RideConnect/vendor/laravel/framework/src/Illuminate/Database/Schema/Builder.php:176
/home/joseph/projects/RideConnect/vendor/laravel/framework/src/Illuminate/Database/Migrations/DatabaseMigrationRepository.php:185
/home/joseph/projects/RideConnect/vendor/laravel/framework/src/Illuminate/Database/Migrations/Migrator.php:758
/home/joseph/projects/RideConnect/vendor/laravel/framework/src/Illuminate/Database/Console/Migrations/MigrateCommand.php:164
/home/joseph/projects/RideConnect/vendor/laravel/framework/src/Illuminate/Support/helpers.php:328
/home/joseph/projects/RideConnect/vendor/laravel/framework/src/Illuminate/Database/Console/Migrations/MigrateCommand.php:164
/home/joseph/projects/RideConnect/vendor/laravel/framework/src/Illuminate/Database/Console/Migrations/MigrateCommand.php:140
/home/joseph/projects/RideConnect/vendor/laravel/framework/src/Illuminate/Database/Console/Migrations/MigrateCommand.php:110
/home/joseph/projects/RideConnect/vendor/laravel/framework/src/Illuminate/Database/Migrations/Migrator.php:671
/home/joseph/projects/RideConnect/vendor/laravel/framework/src/Illuminate/Database/Console/Migrations/MigrateCommand.php:109
/home/joseph/projects/RideConnect/vendor/laravel/framework/src/Illuminate/Database/Console/Migrations/MigrateCommand.php:88
/home/joseph/projects/RideConnect/vendor/laravel/framework/src/Illuminate/Container/BoundMethod.php:36
/home/joseph/projects/RideConnect/vendor/laravel/framework/src/Illuminate/Container/Util.php:43
/home/joseph/projects/RideConnect/vendor/laravel/framework/src/Illuminate/Container/BoundMethod.php:96
/home/joseph/projects/RideConnect/vendor/laravel/framework/src/Illuminate/Container/BoundMethod.php:35
/home/joseph/projects/RideConnect/vendor/laravel/framework/src/Illuminate/Container/Container.php:799
/home/joseph/projects/RideConnect/vendor/laravel/framework/src/Illuminate/Console/Command.php:211
/home/joseph/projects/RideConnect/vendor/symfony/console/Command/Command.php:341
/home/joseph/projects/RideConnect/vendor/laravel/framework/src/Illuminate/Console/Command.php:180
/home/joseph/projects/RideConnect/vendor/laravel/framework/src/Illuminate/Console/Concerns/CallsCommands.php:68
/home/joseph/projects/RideConnect/vendor/laravel/framework/src/Illuminate/Console/Concerns/CallsCommands.php:29
/home/joseph/projects/RideConnect/vendor/laravel/framework/src/Illuminate/Database/Console/Migrations/FreshCommand.php:88
/home/joseph/projects/RideConnect/vendor/laravel/framework/src/Illuminate/Container/BoundMethod.php:36
/home/joseph/projects/RideConnect/vendor/laravel/framework/src/Illuminate/Container/Util.php:43
/home/joseph/projects/RideConnect/vendor/laravel/framework/src/Illuminate/Container/BoundMethod.php:96
/home/joseph/projects/RideConnect/vendor/laravel/framework/src/Illuminate/Container/BoundMethod.php:35
/home/joseph/projects/RideConnect/vendor/laravel/framework/src/Illuminate/Container/Container.php:799
/home/joseph/projects/RideConnect/vendor/laravel/framework/src/Illuminate/Console/Command.php:211
/home/joseph/projects/RideConnect/vendor/symfony/console/Command/Command.php:341
/home/joseph/projects/RideConnect/vendor/laravel/framework/src/Illuminate/Console/Command.php:180
/home/joseph/projects/RideConnect/vendor/symfony/console/Application.php:1094
/home/joseph/projects/RideConnect/vendor/symfony/console/Application.php:356
/home/joseph/projects/RideConnect/vendor/symfony/console/Application.php:195
/home/joseph/projects/RideConnect/vendor/laravel/framework/src/Illuminate/Console/Application.php:165
/home/joseph/projects/RideConnect/vendor/laravel/framework/src/Illuminate/Foundation/Console/Kernel.php:447
/home/joseph/projects/RideConnect/vendor/laravel/framework/src/Illuminate/Testing/PendingCommand.php:451
/home/joseph/projects/RideConnect/vendor/laravel/framework/src/Illuminate/Testing/PendingCommand.php:675
/home/joseph/projects/RideConnect/vendor/laravel/framework/src/Illuminate/Foundation/Testing/Concerns/InteractsWithConsole.php:87
/home/joseph/projects/RideConnect/vendor/laravel/framework/src/Illuminate/Foundation/Testing/RefreshDatabase.php:119
/home/joseph/projects/RideConnect/vendor/laravel/framework/src/Illuminate/Foundation/Testing/RefreshDatabase.php:84
/home/joseph/projects/RideConnect/vendor/laravel/framework/src/Illuminate/Foundation/Testing/RefreshDatabase.php:25
/home/joseph/projects/RideConnect/vendor/laravel/framework/src/Illuminate/Foundation/Testing/Concerns/InteractsWithTestCaseLifecycle.php:217
/home/joseph/projects/RideConnect/vendor/laravel/framework/src/Illuminate/Foundation/Testing/Concerns/InteractsWithTestCaseLifecycle.php:101
/home/joseph/projects/RideConnect/vendor/laravel/framework/src/Illuminate/Foundation/Testing/TestCase.php:63
/home/joseph/projects/RideConnect/tests/Feature/PassengerApiTest.php:28</error>
        </testcase>
        <testcase name="test_cannot_book_on_demand_ride" file="/home/joseph/projects/RideConnect/tests/Feature/PassengerApiTest.php" line="106" class="Tests\Feature\PassengerApiTest" classname="Tests.Feature.PassengerApiTest" assertions="0" time="0.000000">
          <error type="Illuminate\Database\QueryException">Tests\Feature\PassengerApiTest::test_cannot_book_on_demand_ride
Illuminate\Database\QueryException: could not find driver (Connection: sqlite, Database: :memory:, SQL: select exists (select 1 from "main".sqlite_master where name = 'migrations' and type = 'table') as "exists")

/home/joseph/projects/RideConnect/vendor/laravel/framework/src/Illuminate/Database/Connection.php:838
/home/joseph/projects/RideConnect/vendor/laravel/framework/src/Illuminate/Database/Connection.php:794
/home/joseph/projects/RideConnect/vendor/laravel/framework/src/Illuminate/Database/Connection.php:411
/home/joseph/projects/RideConnect/vendor/laravel/framework/src/Illuminate/Database/Connection.php:357
/home/joseph/projects/RideConnect/vendor/laravel/framework/src/Illuminate/Database/Connection.php:374
/home/joseph/projects/RideConnect/vendor/laravel/framework/src/Illuminate/Database/Schema/Builder.php:176
/home/joseph/projects/RideConnect/vendor/laravel/framework/src/Illuminate/Database/Migrations/DatabaseMigrationRepository.php:185
/home/joseph/projects/RideConnect/vendor/laravel/framework/src/Illuminate/Database/Migrations/Migrator.php:758
/home/joseph/projects/RideConnect/vendor/laravel/framework/src/Illuminate/Database/Console/Migrations/MigrateCommand.php:164
/home/joseph/projects/RideConnect/vendor/laravel/framework/src/Illuminate/Support/helpers.php:328
/home/joseph/projects/RideConnect/vendor/laravel/framework/src/Illuminate/Database/Console/Migrations/MigrateCommand.php:164
/home/joseph/projects/RideConnect/vendor/laravel/framework/src/Illuminate/Database/Console/Migrations/MigrateCommand.php:140
/home/joseph/projects/RideConnect/vendor/laravel/framework/src/Illuminate/Database/Console/Migrations/MigrateCommand.php:110
/home/joseph/projects/RideConnect/vendor/laravel/framework/src/Illuminate/Database/Migrations/Migrator.php:671
/home/joseph/projects/RideConnect/vendor/laravel/framework/src/Illuminate/Database/Console/Migrations/MigrateCommand.php:109
/home/joseph/projects/RideConnect/vendor/laravel/framework/src/Illuminate/Database/Console/Migrations/MigrateCommand.php:88
/home/joseph/projects/RideConnect/vendor/laravel/framework/src/Illuminate/Container/BoundMethod.php:36
/home/joseph/projects/RideConnect/vendor/laravel/framework/src/Illuminate/Container/Util.php:43
/home/joseph/projects/RideConnect/vendor/laravel/framework/src/Illuminate/Container/BoundMethod.php:96
/home/joseph/projects/RideConnect/vendor/laravel/framework/src/Illuminate/Container/BoundMethod.php:35
/home/joseph/projects/RideConnect/vendor/laravel/framework/src/Illuminate/Container/Container.php:799
/home/joseph/projects/RideConnect/vendor/laravel/framework/src/Illuminate/Console/Command.php:211
/home/joseph/projects/RideConnect/vendor/symfony/console/Command/Command.php:341
/home/joseph/projects/RideConnect/vendor/laravel/framework/src/Illuminate/Console/Command.php:180
/home/joseph/projects/RideConnect/vendor/laravel/framework/src/Illuminate/Console/Concerns/CallsCommands.php:68
/home/joseph/projects/RideConnect/vendor/laravel/framework/src/Illuminate/Console/Concerns/CallsCommands.php:29
/home/joseph/projects/RideConnect/vendor/laravel/framework/src/Illuminate/Database/Console/Migrations/FreshCommand.php:88
/home/joseph/projects/RideConnect/vendor/laravel/framework/src/Illuminate/Container/BoundMethod.php:36
/home/joseph/projects/RideConnect/vendor/laravel/framework/src/Illuminate/Container/Util.php:43
/home/joseph/projects/RideConnect/vendor/laravel/framework/src/Illuminate/Container/BoundMethod.php:96
/home/joseph/projects/RideConnect/vendor/laravel/framework/src/Illuminate/Container/BoundMethod.php:35
/home/joseph/projects/RideConnect/vendor/laravel/framework/src/Illuminate/Container/Container.php:799
/home/joseph/projects/RideConnect/vendor/laravel/framework/src/Illuminate/Console/Command.php:211
/home/joseph/projects/RideConnect/vendor/symfony/console/Command/Command.php:341
/home/joseph/projects/RideConnect/vendor/laravel/framework/src/Illuminate/Console/Command.php:180
/home/joseph/projects/RideConnect/vendor/symfony/console/Application.php:1094
/home/joseph/projects/RideConnect/vendor/symfony/console/Application.php:356
/home/joseph/projects/RideConnect/vendor/symfony/console/Application.php:195
/home/joseph/projects/RideConnect/vendor/laravel/framework/src/Illuminate/Console/Application.php:165
/home/joseph/projects/RideConnect/vendor/laravel/framework/src/Illuminate/Foundation/Console/Kernel.php:447
/home/joseph/projects/RideConnect/vendor/laravel/framework/src/Illuminate/Testing/PendingCommand.php:451
/home/joseph/projects/RideConnect/vendor/laravel/framework/src/Illuminate/Testing/PendingCommand.php:675
/home/joseph/projects/RideConnect/vendor/laravel/framework/src/Illuminate/Foundation/Testing/Concerns/InteractsWithConsole.php:87
/home/joseph/projects/RideConnect/vendor/laravel/framework/src/Illuminate/Foundation/Testing/RefreshDatabase.php:119
/home/joseph/projects/RideConnect/vendor/laravel/framework/src/Illuminate/Foundation/Testing/RefreshDatabase.php:84
/home/joseph/projects/RideConnect/vendor/laravel/framework/src/Illuminate/Foundation/Testing/RefreshDatabase.php:25
/home/joseph/projects/RideConnect/vendor/laravel/framework/src/Illuminate/Foundation/Testing/Concerns/InteractsWithTestCaseLifecycle.php:217
/home/joseph/projects/RideConnect/vendor/laravel/framework/src/Illuminate/Foundation/Testing/Concerns/InteractsWithTestCaseLifecycle.php:101
/home/joseph/projects/RideConnect/vendor/laravel/framework/src/Illuminate/Foundation/Testing/TestCase.php:63
/home/joseph/projects/RideConnect/tests/Feature/PassengerApiTest.php:28</error>
        </testcase>
        <testcase name="test_can_book_scheduled_ride" file="/home/joseph/projects/RideConnect/tests/Feature/PassengerApiTest.php" line="127" class="Tests\Feature\PassengerApiTest" classname="Tests.Feature.PassengerApiTest" assertions="0" time="0.000000">
          <error type="Illuminate\Database\QueryException">Tests\Feature\PassengerApiTest::test_can_book_scheduled_ride
Illuminate\Database\QueryException: could not find driver (Connection: sqlite, Database: :memory:, SQL: select exists (select 1 from "main".sqlite_master where name = 'migrations' and type = 'table') as "exists")

/home/joseph/projects/RideConnect/vendor/laravel/framework/src/Illuminate/Database/Connection.php:838
/home/joseph/projects/RideConnect/vendor/laravel/framework/src/Illuminate/Database/Connection.php:794
/home/joseph/projects/RideConnect/vendor/laravel/framework/src/Illuminate/Database/Connection.php:411
/home/joseph/projects/RideConnect/vendor/laravel/framework/src/Illuminate/Database/Connection.php:357
/home/joseph/projects/RideConnect/vendor/laravel/framework/src/Illuminate/Database/Connection.php:374
/home/joseph/projects/RideConnect/vendor/laravel/framework/src/Illuminate/Database/Schema/Builder.php:176
/home/joseph/projects/RideConnect/vendor/laravel/framework/src/Illuminate/Database/Migrations/DatabaseMigrationRepository.php:185
/home/joseph/projects/RideConnect/vendor/laravel/framework/src/Illuminate/Database/Migrations/Migrator.php:758
/home/joseph/projects/RideConnect/vendor/laravel/framework/src/Illuminate/Database/Console/Migrations/MigrateCommand.php:164
/home/joseph/projects/RideConnect/vendor/laravel/framework/src/Illuminate/Support/helpers.php:328
/home/joseph/projects/RideConnect/vendor/laravel/framework/src/Illuminate/Database/Console/Migrations/MigrateCommand.php:164
/home/joseph/projects/RideConnect/vendor/laravel/framework/src/Illuminate/Database/Console/Migrations/MigrateCommand.php:140
/home/joseph/projects/RideConnect/vendor/laravel/framework/src/Illuminate/Database/Console/Migrations/MigrateCommand.php:110
/home/joseph/projects/RideConnect/vendor/laravel/framework/src/Illuminate/Database/Migrations/Migrator.php:671
/home/joseph/projects/RideConnect/vendor/laravel/framework/src/Illuminate/Database/Console/Migrations/MigrateCommand.php:109
/home/joseph/projects/RideConnect/vendor/laravel/framework/src/Illuminate/Database/Console/Migrations/MigrateCommand.php:88
/home/joseph/projects/RideConnect/vendor/laravel/framework/src/Illuminate/Container/BoundMethod.php:36
/home/joseph/projects/RideConnect/vendor/laravel/framework/src/Illuminate/Container/Util.php:43
/home/joseph/projects/RideConnect/vendor/laravel/framework/src/Illuminate/Container/BoundMethod.php:96
/home/joseph/projects/RideConnect/vendor/laravel/framework/src/Illuminate/Container/BoundMethod.php:35
/home/joseph/projects/RideConnect/vendor/laravel/framework/src/Illuminate/Container/Container.php:799
/home/joseph/projects/RideConnect/vendor/laravel/framework/src/Illuminate/Console/Command.php:211
/home/joseph/projects/RideConnect/vendor/symfony/console/Command/Command.php:341
/home/joseph/projects/RideConnect/vendor/laravel/framework/src/Illuminate/Console/Command.php:180
/home/joseph/projects/RideConnect/vendor/laravel/framework/src/Illuminate/Console/Concerns/CallsCommands.php:68
/home/joseph/projects/RideConnect/vendor/laravel/framework/src/Illuminate/Console/Concerns/CallsCommands.php:29
/home/joseph/projects/RideConnect/vendor/laravel/framework/src/Illuminate/Database/Console/Migrations/FreshCommand.php:88
/home/joseph/projects/RideConnect/vendor/laravel/framework/src/Illuminate/Container/BoundMethod.php:36
/home/joseph/projects/RideConnect/vendor/laravel/framework/src/Illuminate/Container/Util.php:43
/home/joseph/projects/RideConnect/vendor/laravel/framework/src/Illuminate/Container/BoundMethod.php:96
/home/joseph/projects/RideConnect/vendor/laravel/framework/src/Illuminate/Container/BoundMethod.php:35
/home/joseph/projects/RideConnect/vendor/laravel/framework/src/Illuminate/Container/Container.php:799
/home/joseph/projects/RideConnect/vendor/laravel/framework/src/Illuminate/Console/Command.php:211
/home/joseph/projects/RideConnect/vendor/symfony/console/Command/Command.php:341
/home/joseph/projects/RideConnect/vendor/laravel/framework/src/Illuminate/Console/Command.php:180
/home/joseph/projects/RideConnect/vendor/symfony/console/Application.php:1094
/home/joseph/projects/RideConnect/vendor/symfony/console/Application.php:356
/home/joseph/projects/RideConnect/vendor/symfony/console/Application.php:195
/home/joseph/projects/RideConnect/vendor/laravel/framework/src/Illuminate/Console/Application.php:165
/home/joseph/projects/RideConnect/vendor/laravel/framework/src/Illuminate/Foundation/Console/Kernel.php:447
/home/joseph/projects/RideConnect/vendor/laravel/framework/src/Illuminate/Testing/PendingCommand.php:451
/home/joseph/projects/RideConnect/vendor/laravel/framework/src/Illuminate/Testing/PendingCommand.php:675
/home/joseph/projects/RideConnect/vendor/laravel/framework/src/Illuminate/Foundation/Testing/Concerns/InteractsWithConsole.php:87
/home/joseph/projects/RideConnect/vendor/laravel/framework/src/Illuminate/Foundation/Testing/RefreshDatabase.php:119
/home/joseph/projects/RideConnect/vendor/laravel/framework/src/Illuminate/Foundation/Testing/RefreshDatabase.php:84
/home/joseph/projects/RideConnect/vendor/laravel/framework/src/Illuminate/Foundation/Testing/RefreshDatabase.php:25
/home/joseph/projects/RideConnect/vendor/laravel/framework/src/Illuminate/Foundation/Testing/Concerns/InteractsWithTestCaseLifecycle.php:217
/home/joseph/projects/RideConnect/vendor/laravel/framework/src/Illuminate/Foundation/Testing/Concerns/InteractsWithTestCaseLifecycle.php:101
/home/joseph/projects/RideConnect/vendor/laravel/framework/src/Illuminate/Foundation/Testing/TestCase.php:63
/home/joseph/projects/RideConnect/tests/Feature/PassengerApiTest.php:28</error>
        </testcase>
        <testcase name="test_can_request_on_demand_trip" file="/home/joseph/projects/RideConnect/tests/Feature/PassengerApiTest.php" line="156" class="Tests\Feature\PassengerApiTest" classname="Tests.Feature.PassengerApiTest" assertions="0" time="0.000000">
          <error type="Illuminate\Database\QueryException">Tests\Feature\PassengerApiTest::test_can_request_on_demand_trip
Illuminate\Database\QueryException: could not find driver (Connection: sqlite, Database: :memory:, SQL: select exists (select 1 from "main".sqlite_master where name = 'migrations' and type = 'table') as "exists")

/home/joseph/projects/RideConnect/vendor/laravel/framework/src/Illuminate/Database/Connection.php:838
/home/joseph/projects/RideConnect/vendor/laravel/framework/src/Illuminate/Database/Connection.php:794
/home/joseph/projects/RideConnect/vendor/laravel/framework/src/Illuminate/Database/Connection.php:411
/home/joseph/projects/RideConnect/vendor/laravel/framework/src/Illuminate/Database/Connection.php:357
/home/joseph/projects/RideConnect/vendor/laravel/framework/src/Illuminate/Database/Connection.php:374
/home/joseph/projects/RideConnect/vendor/laravel/framework/src/Illuminate/Database/Schema/Builder.php:176
/home/joseph/projects/RideConnect/vendor/laravel/framework/src/Illuminate/Database/Migrations/DatabaseMigrationRepository.php:185
/home/joseph/projects/RideConnect/vendor/laravel/framework/src/Illuminate/Database/Migrations/Migrator.php:758
/home/joseph/projects/RideConnect/vendor/laravel/framework/src/Illuminate/Database/Console/Migrations/MigrateCommand.php:164
/home/joseph/projects/RideConnect/vendor/laravel/framework/src/Illuminate/Support/helpers.php:328
/home/joseph/projects/RideConnect/vendor/laravel/framework/src/Illuminate/Database/Console/Migrations/MigrateCommand.php:164
/home/joseph/projects/RideConnect/vendor/laravel/framework/src/Illuminate/Database/Console/Migrations/MigrateCommand.php:140
/home/joseph/projects/RideConnect/vendor/laravel/framework/src/Illuminate/Database/Console/Migrations/MigrateCommand.php:110
/home/joseph/projects/RideConnect/vendor/laravel/framework/src/Illuminate/Database/Migrations/Migrator.php:671
/home/joseph/projects/RideConnect/vendor/laravel/framework/src/Illuminate/Database/Console/Migrations/MigrateCommand.php:109
/home/joseph/projects/RideConnect/vendor/laravel/framework/src/Illuminate/Database/Console/Migrations/MigrateCommand.php:88
/home/joseph/projects/RideConnect/vendor/laravel/framework/src/Illuminate/Container/BoundMethod.php:36
/home/joseph/projects/RideConnect/vendor/laravel/framework/src/Illuminate/Container/Util.php:43
/home/joseph/projects/RideConnect/vendor/laravel/framework/src/Illuminate/Container/BoundMethod.php:96
/home/joseph/projects/RideConnect/vendor/laravel/framework/src/Illuminate/Container/BoundMethod.php:35
/home/joseph/projects/RideConnect/vendor/laravel/framework/src/Illuminate/Container/Container.php:799
/home/joseph/projects/RideConnect/vendor/laravel/framework/src/Illuminate/Console/Command.php:211
/home/joseph/projects/RideConnect/vendor/symfony/console/Command/Command.php:341
/home/joseph/projects/RideConnect/vendor/laravel/framework/src/Illuminate/Console/Command.php:180
/home/joseph/projects/RideConnect/vendor/laravel/framework/src/Illuminate/Console/Concerns/CallsCommands.php:68
/home/joseph/projects/RideConnect/vendor/laravel/framework/src/Illuminate/Console/Concerns/CallsCommands.php:29
/home/joseph/projects/RideConnect/vendor/laravel/framework/src/Illuminate/Database/Console/Migrations/FreshCommand.php:88
/home/joseph/projects/RideConnect/vendor/laravel/framework/src/Illuminate/Container/BoundMethod.php:36
/home/joseph/projects/RideConnect/vendor/laravel/framework/src/Illuminate/Container/Util.php:43
/home/joseph/projects/RideConnect/vendor/laravel/framework/src/Illuminate/Container/BoundMethod.php:96
/home/joseph/projects/RideConnect/vendor/laravel/framework/src/Illuminate/Container/BoundMethod.php:35
/home/joseph/projects/RideConnect/vendor/laravel/framework/src/Illuminate/Container/Container.php:799
/home/joseph/projects/RideConnect/vendor/laravel/framework/src/Illuminate/Console/Command.php:211
/home/joseph/projects/RideConnect/vendor/symfony/console/Command/Command.php:341
/home/joseph/projects/RideConnect/vendor/laravel/framework/src/Illuminate/Console/Command.php:180
/home/joseph/projects/RideConnect/vendor/symfony/console/Application.php:1094
/home/joseph/projects/RideConnect/vendor/symfony/console/Application.php:356
/home/joseph/projects/RideConnect/vendor/symfony/console/Application.php:195
/home/joseph/projects/RideConnect/vendor/laravel/framework/src/Illuminate/Console/Application.php:165
/home/joseph/projects/RideConnect/vendor/laravel/framework/src/Illuminate/Foundation/Console/Kernel.php:447
/home/joseph/projects/RideConnect/vendor/laravel/framework/src/Illuminate/Testing/PendingCommand.php:451
/home/joseph/projects/RideConnect/vendor/laravel/framework/src/Illuminate/Testing/PendingCommand.php:675
/home/joseph/projects/RideConnect/vendor/laravel/framework/src/Illuminate/Foundation/Testing/Concerns/InteractsWithConsole.php:87
/home/joseph/projects/RideConnect/vendor/laravel/framework/src/Illuminate/Foundation/Testing/RefreshDatabase.php:119
/home/joseph/projects/RideConnect/vendor/laravel/framework/src/Illuminate/Foundation/Testing/RefreshDatabase.php:84
/home/joseph/projects/RideConnect/vendor/laravel/framework/src/Illuminate/Foundation/Testing/RefreshDatabase.php:25
/home/joseph/projects/RideConnect/vendor/laravel/framework/src/Illuminate/Foundation/Testing/Concerns/InteractsWithTestCaseLifecycle.php:217
/home/joseph/projects/RideConnect/vendor/laravel/framework/src/Illuminate/Foundation/Testing/Concerns/InteractsWithTestCaseLifecycle.php:101
/home/joseph/projects/RideConnect/vendor/laravel/framework/src/Illuminate/Foundation/Testing/TestCase.php:63
/home/joseph/projects/RideConnect/tests/Feature/PassengerApiTest.php:28</error>
        </testcase>
        <testcase name="test_get_current_trip_returns_active_trip" file="/home/joseph/projects/RideConnect/tests/Feature/PassengerApiTest.php" line="186" class="Tests\Feature\PassengerApiTest" classname="Tests.Feature.PassengerApiTest" assertions="0" time="0.000000">
          <error type="Illuminate\Database\QueryException">Tests\Feature\PassengerApiTest::test_get_current_trip_returns_active_trip
Illuminate\Database\QueryException: could not find driver (Connection: sqlite, Database: :memory:, SQL: select exists (select 1 from "main".sqlite_master where name = 'migrations' and type = 'table') as "exists")

/home/joseph/projects/RideConnect/vendor/laravel/framework/src/Illuminate/Database/Connection.php:838
/home/joseph/projects/RideConnect/vendor/laravel/framework/src/Illuminate/Database/Connection.php:794
/home/joseph/projects/RideConnect/vendor/laravel/framework/src/Illuminate/Database/Connection.php:411
/home/joseph/projects/RideConnect/vendor/laravel/framework/src/Illuminate/Database/Connection.php:357
/home/joseph/projects/RideConnect/vendor/laravel/framework/src/Illuminate/Database/Connection.php:374
/home/joseph/projects/RideConnect/vendor/laravel/framework/src/Illuminate/Database/Schema/Builder.php:176
/home/joseph/projects/RideConnect/vendor/laravel/framework/src/Illuminate/Database/Migrations/DatabaseMigrationRepository.php:185
/home/joseph/projects/RideConnect/vendor/laravel/framework/src/Illuminate/Database/Migrations/Migrator.php:758
/home/joseph/projects/RideConnect/vendor/laravel/framework/src/Illuminate/Database/Console/Migrations/MigrateCommand.php:164
/home/joseph/projects/RideConnect/vendor/laravel/framework/src/Illuminate/Support/helpers.php:328
/home/joseph/projects/RideConnect/vendor/laravel/framework/src/Illuminate/Database/Console/Migrations/MigrateCommand.php:164
/home/joseph/projects/RideConnect/vendor/laravel/framework/src/Illuminate/Database/Console/Migrations/MigrateCommand.php:140
/home/joseph/projects/RideConnect/vendor/laravel/framework/src/Illuminate/Database/Console/Migrations/MigrateCommand.php:110
/home/joseph/projects/RideConnect/vendor/laravel/framework/src/Illuminate/Database/Migrations/Migrator.php:671
/home/joseph/projects/RideConnect/vendor/laravel/framework/src/Illuminate/Database/Console/Migrations/MigrateCommand.php:109
/home/joseph/projects/RideConnect/vendor/laravel/framework/src/Illuminate/Database/Console/Migrations/MigrateCommand.php:88
/home/joseph/projects/RideConnect/vendor/laravel/framework/src/Illuminate/Container/BoundMethod.php:36
/home/joseph/projects/RideConnect/vendor/laravel/framework/src/Illuminate/Container/Util.php:43
/home/joseph/projects/RideConnect/vendor/laravel/framework/src/Illuminate/Container/BoundMethod.php:96
/home/joseph/projects/RideConnect/vendor/laravel/framework/src/Illuminate/Container/BoundMethod.php:35
/home/joseph/projects/RideConnect/vendor/laravel/framework/src/Illuminate/Container/Container.php:799
/home/joseph/projects/RideConnect/vendor/laravel/framework/src/Illuminate/Console/Command.php:211
/home/joseph/projects/RideConnect/vendor/symfony/console/Command/Command.php:341
/home/joseph/projects/RideConnect/vendor/laravel/framework/src/Illuminate/Console/Command.php:180
/home/joseph/projects/RideConnect/vendor/laravel/framework/src/Illuminate/Console/Concerns/CallsCommands.php:68
/home/joseph/projects/RideConnect/vendor/laravel/framework/src/Illuminate/Console/Concerns/CallsCommands.php:29
/home/joseph/projects/RideConnect/vendor/laravel/framework/src/Illuminate/Database/Console/Migrations/FreshCommand.php:88
/home/joseph/projects/RideConnect/vendor/laravel/framework/src/Illuminate/Container/BoundMethod.php:36
/home/joseph/projects/RideConnect/vendor/laravel/framework/src/Illuminate/Container/Util.php:43
/home/joseph/projects/RideConnect/vendor/laravel/framework/src/Illuminate/Container/BoundMethod.php:96
/home/joseph/projects/RideConnect/vendor/laravel/framework/src/Illuminate/Container/BoundMethod.php:35
/home/joseph/projects/RideConnect/vendor/laravel/framework/src/Illuminate/Container/Container.php:799
/home/joseph/projects/RideConnect/vendor/laravel/framework/src/Illuminate/Console/Command.php:211
/home/joseph/projects/RideConnect/vendor/symfony/console/Command/Command.php:341
/home/joseph/projects/RideConnect/vendor/laravel/framework/src/Illuminate/Console/Command.php:180
/home/joseph/projects/RideConnect/vendor/symfony/console/Application.php:1094
/home/joseph/projects/RideConnect/vendor/symfony/console/Application.php:356
/home/joseph/projects/RideConnect/vendor/symfony/console/Application.php:195
/home/joseph/projects/RideConnect/vendor/laravel/framework/src/Illuminate/Console/Application.php:165
/home/joseph/projects/RideConnect/vendor/laravel/framework/src/Illuminate/Foundation/Console/Kernel.php:447
/home/joseph/projects/RideConnect/vendor/laravel/framework/src/Illuminate/Testing/PendingCommand.php:451
/home/joseph/projects/RideConnect/vendor/laravel/framework/src/Illuminate/Testing/PendingCommand.php:675
/home/joseph/projects/RideConnect/vendor/laravel/framework/src/Illuminate/Foundation/Testing/Concerns/InteractsWithConsole.php:87
/home/joseph/projects/RideConnect/vendor/laravel/framework/src/Illuminate/Foundation/Testing/RefreshDatabase.php:119
/home/joseph/projects/RideConnect/vendor/laravel/framework/src/Illuminate/Foundation/Testing/RefreshDatabase.php:84
/home/joseph/projects/RideConnect/vendor/laravel/framework/src/Illuminate/Foundation/Testing/RefreshDatabase.php:25
/home/joseph/projects/RideConnect/vendor/laravel/framework/src/Illuminate/Foundation/Testing/Concerns/InteractsWithTestCaseLifecycle.php:217
/home/joseph/projects/RideConnect/vendor/laravel/framework/src/Illuminate/Foundation/Testing/Concerns/InteractsWithTestCaseLifecycle.php:101
/home/joseph/projects/RideConnect/vendor/laravel/framework/src/Illuminate/Foundation/Testing/TestCase.php:63
/home/joseph/projects/RideConnect/tests/Feature/PassengerApiTest.php:28</error>
        </testcase>
        <testcase name="test_track_trip_returns_location_data" file="/home/joseph/projects/RideConnect/tests/Feature/PassengerApiTest.php" line="216" class="Tests\Feature\PassengerApiTest" classname="Tests.Feature.PassengerApiTest" assertions="0" time="0.000000">
          <error type="Illuminate\Database\QueryException">Tests\Feature\PassengerApiTest::test_track_trip_returns_location_data
Illuminate\Database\QueryException: could not find driver (Connection: sqlite, Database: :memory:, SQL: select exists (select 1 from "main".sqlite_master where name = 'migrations' and type = 'table') as "exists")

/home/joseph/projects/RideConnect/vendor/laravel/framework/src/Illuminate/Database/Connection.php:838
/home/joseph/projects/RideConnect/vendor/laravel/framework/src/Illuminate/Database/Connection.php:794
/home/joseph/projects/RideConnect/vendor/laravel/framework/src/Illuminate/Database/Connection.php:411
/home/joseph/projects/RideConnect/vendor/laravel/framework/src/Illuminate/Database/Connection.php:357
/home/joseph/projects/RideConnect/vendor/laravel/framework/src/Illuminate/Database/Connection.php:374
/home/joseph/projects/RideConnect/vendor/laravel/framework/src/Illuminate/Database/Schema/Builder.php:176
/home/joseph/projects/RideConnect/vendor/laravel/framework/src/Illuminate/Database/Migrations/DatabaseMigrationRepository.php:185
/home/joseph/projects/RideConnect/vendor/laravel/framework/src/Illuminate/Database/Migrations/Migrator.php:758
/home/joseph/projects/RideConnect/vendor/laravel/framework/src/Illuminate/Database/Console/Migrations/MigrateCommand.php:164
/home/joseph/projects/RideConnect/vendor/laravel/framework/src/Illuminate/Support/helpers.php:328
/home/joseph/projects/RideConnect/vendor/laravel/framework/src/Illuminate/Database/Console/Migrations/MigrateCommand.php:164
/home/joseph/projects/RideConnect/vendor/laravel/framework/src/Illuminate/Database/Console/Migrations/MigrateCommand.php:140
/home/joseph/projects/RideConnect/vendor/laravel/framework/src/Illuminate/Database/Console/Migrations/MigrateCommand.php:110
/home/joseph/projects/RideConnect/vendor/laravel/framework/src/Illuminate/Database/Migrations/Migrator.php:671
/home/joseph/projects/RideConnect/vendor/laravel/framework/src/Illuminate/Database/Console/Migrations/MigrateCommand.php:109
/home/joseph/projects/RideConnect/vendor/laravel/framework/src/Illuminate/Database/Console/Migrations/MigrateCommand.php:88
/home/joseph/projects/RideConnect/vendor/laravel/framework/src/Illuminate/Container/BoundMethod.php:36
/home/joseph/projects/RideConnect/vendor/laravel/framework/src/Illuminate/Container/Util.php:43
/home/joseph/projects/RideConnect/vendor/laravel/framework/src/Illuminate/Container/BoundMethod.php:96
/home/joseph/projects/RideConnect/vendor/laravel/framework/src/Illuminate/Container/BoundMethod.php:35
/home/joseph/projects/RideConnect/vendor/laravel/framework/src/Illuminate/Container/Container.php:799
/home/joseph/projects/RideConnect/vendor/laravel/framework/src/Illuminate/Console/Command.php:211
/home/joseph/projects/RideConnect/vendor/symfony/console/Command/Command.php:341
/home/joseph/projects/RideConnect/vendor/laravel/framework/src/Illuminate/Console/Command.php:180
/home/joseph/projects/RideConnect/vendor/laravel/framework/src/Illuminate/Console/Concerns/CallsCommands.php:68
/home/joseph/projects/RideConnect/vendor/laravel/framework/src/Illuminate/Console/Concerns/CallsCommands.php:29
/home/joseph/projects/RideConnect/vendor/laravel/framework/src/Illuminate/Database/Console/Migrations/FreshCommand.php:88
/home/joseph/projects/RideConnect/vendor/laravel/framework/src/Illuminate/Container/BoundMethod.php:36
/home/joseph/projects/RideConnect/vendor/laravel/framework/src/Illuminate/Container/Util.php:43
/home/joseph/projects/RideConnect/vendor/laravel/framework/src/Illuminate/Container/BoundMethod.php:96
/home/joseph/projects/RideConnect/vendor/laravel/framework/src/Illuminate/Container/BoundMethod.php:35
/home/joseph/projects/RideConnect/vendor/laravel/framework/src/Illuminate/Container/Container.php:799
/home/joseph/projects/RideConnect/vendor/laravel/framework/src/Illuminate/Console/Command.php:211
/home/joseph/projects/RideConnect/vendor/symfony/console/Command/Command.php:341
/home/joseph/projects/RideConnect/vendor/laravel/framework/src/Illuminate/Console/Command.php:180
/home/joseph/projects/RideConnect/vendor/symfony/console/Application.php:1094
/home/joseph/projects/RideConnect/vendor/symfony/console/Application.php:356
/home/joseph/projects/RideConnect/vendor/symfony/console/Application.php:195
/home/joseph/projects/RideConnect/vendor/laravel/framework/src/Illuminate/Console/Application.php:165
/home/joseph/projects/RideConnect/vendor/laravel/framework/src/Illuminate/Foundation/Console/Kernel.php:447
/home/joseph/projects/RideConnect/vendor/laravel/framework/src/Illuminate/Testing/PendingCommand.php:451
/home/joseph/projects/RideConnect/vendor/laravel/framework/src/Illuminate/Testing/PendingCommand.php:675
/home/joseph/projects/RideConnect/vendor/laravel/framework/src/Illuminate/Foundation/Testing/Concerns/InteractsWithConsole.php:87
/home/joseph/projects/RideConnect/vendor/laravel/framework/src/Illuminate/Foundation/Testing/RefreshDatabase.php:119
/home/joseph/projects/RideConnect/vendor/laravel/framework/src/Illuminate/Foundation/Testing/RefreshDatabase.php:84
/home/joseph/projects/RideConnect/vendor/laravel/framework/src/Illuminate/Foundation/Testing/RefreshDatabase.php:25
/home/joseph/projects/RideConnect/vendor/laravel/framework/src/Illuminate/Foundation/Testing/Concerns/InteractsWithTestCaseLifecycle.php:217
/home/joseph/projects/RideConnect/vendor/laravel/framework/src/Illuminate/Foundation/Testing/Concerns/InteractsWithTestCaseLifecycle.php:101
/home/joseph/projects/RideConnect/vendor/laravel/framework/src/Illuminate/Foundation/Testing/TestCase.php:63
/home/joseph/projects/RideConnect/tests/Feature/PassengerApiTest.php:28</error>
        </testcase>
        <testcase name="test_api_returns_ride_rules_correctly" file="/home/joseph/projects/RideConnect/tests/Feature/PassengerApiTest.php" line="238" class="Tests\Feature\PassengerApiTest" classname="Tests.Feature.PassengerApiTest" assertions="0" time="0.000000">
          <error type="Illuminate\Database\QueryException">Tests\Feature\PassengerApiTest::test_api_returns_ride_rules_correctly
Illuminate\Database\QueryException: could not find driver (Connection: sqlite, Database: :memory:, SQL: select exists (select 1 from "main".sqlite_master where name = 'migrations' and type = 'table') as "exists")

/home/joseph/projects/RideConnect/vendor/laravel/framework/src/Illuminate/Database/Connection.php:838
/home/joseph/projects/RideConnect/vendor/laravel/framework/src/Illuminate/Database/Connection.php:794
/home/joseph/projects/RideConnect/vendor/laravel/framework/src/Illuminate/Database/Connection.php:411
/home/joseph/projects/RideConnect/vendor/laravel/framework/src/Illuminate/Database/Connection.php:357
/home/joseph/projects/RideConnect/vendor/laravel/framework/src/Illuminate/Database/Connection.php:374
/home/joseph/projects/RideConnect/vendor/laravel/framework/src/Illuminate/Database/Schema/Builder.php:176
/home/joseph/projects/RideConnect/vendor/laravel/framework/src/Illuminate/Database/Migrations/DatabaseMigrationRepository.php:185
/home/joseph/projects/RideConnect/vendor/laravel/framework/src/Illuminate/Database/Migrations/Migrator.php:758
/home/joseph/projects/RideConnect/vendor/laravel/framework/src/Illuminate/Database/Console/Migrations/MigrateCommand.php:164
/home/joseph/projects/RideConnect/vendor/laravel/framework/src/Illuminate/Support/helpers.php:328
/home/joseph/projects/RideConnect/vendor/laravel/framework/src/Illuminate/Database/Console/Migrations/MigrateCommand.php:164
/home/joseph/projects/RideConnect/vendor/laravel/framework/src/Illuminate/Database/Console/Migrations/MigrateCommand.php:140
/home/joseph/projects/RideConnect/vendor/laravel/framework/src/Illuminate/Database/Console/Migrations/MigrateCommand.php:110
/home/joseph/projects/RideConnect/vendor/laravel/framework/src/Illuminate/Database/Migrations/Migrator.php:671
/home/joseph/projects/RideConnect/vendor/laravel/framework/src/Illuminate/Database/Console/Migrations/MigrateCommand.php:109
/home/joseph/projects/RideConnect/vendor/laravel/framework/src/Illuminate/Database/Console/Migrations/MigrateCommand.php:88
/home/joseph/projects/RideConnect/vendor/laravel/framework/src/Illuminate/Container/BoundMethod.php:36
/home/joseph/projects/RideConnect/vendor/laravel/framework/src/Illuminate/Container/Util.php:43
/home/joseph/projects/RideConnect/vendor/laravel/framework/src/Illuminate/Container/BoundMethod.php:96
/home/joseph/projects/RideConnect/vendor/laravel/framework/src/Illuminate/Container/BoundMethod.php:35
/home/joseph/projects/RideConnect/vendor/laravel/framework/src/Illuminate/Container/Container.php:799
/home/joseph/projects/RideConnect/vendor/laravel/framework/src/Illuminate/Console/Command.php:211
/home/joseph/projects/RideConnect/vendor/symfony/console/Command/Command.php:341
/home/joseph/projects/RideConnect/vendor/laravel/framework/src/Illuminate/Console/Command.php:180
/home/joseph/projects/RideConnect/vendor/laravel/framework/src/Illuminate/Console/Concerns/CallsCommands.php:68
/home/joseph/projects/RideConnect/vendor/laravel/framework/src/Illuminate/Console/Concerns/CallsCommands.php:29
/home/joseph/projects/RideConnect/vendor/laravel/framework/src/Illuminate/Database/Console/Migrations/FreshCommand.php:88
/home/joseph/projects/RideConnect/vendor/laravel/framework/src/Illuminate/Container/BoundMethod.php:36
/home/joseph/projects/RideConnect/vendor/laravel/framework/src/Illuminate/Container/Util.php:43
/home/joseph/projects/RideConnect/vendor/laravel/framework/src/Illuminate/Container/BoundMethod.php:96
/home/joseph/projects/RideConnect/vendor/laravel/framework/src/Illuminate/Container/BoundMethod.php:35
/home/joseph/projects/RideConnect/vendor/laravel/framework/src/Illuminate/Container/Container.php:799
/home/joseph/projects/RideConnect/vendor/laravel/framework/src/Illuminate/Console/Command.php:211
/home/joseph/projects/RideConnect/vendor/symfony/console/Command/Command.php:341
/home/joseph/projects/RideConnect/vendor/laravel/framework/src/Illuminate/Console/Command.php:180
/home/joseph/projects/RideConnect/vendor/symfony/console/Application.php:1094
/home/joseph/projects/RideConnect/vendor/symfony/console/Application.php:356
/home/joseph/projects/RideConnect/vendor/symfony/console/Application.php:195
/home/joseph/projects/RideConnect/vendor/laravel/framework/src/Illuminate/Console/Application.php:165
/home/joseph/projects/RideConnect/vendor/laravel/framework/src/Illuminate/Foundation/Console/Kernel.php:447
/home/joseph/projects/RideConnect/vendor/laravel/framework/src/Illuminate/Testing/PendingCommand.php:451
/home/joseph/projects/RideConnect/vendor/laravel/framework/src/Illuminate/Testing/PendingCommand.php:675
/home/joseph/projects/RideConnect/vendor/laravel/framework/src/Illuminate/Foundation/Testing/Concerns/InteractsWithConsole.php:87
/home/joseph/projects/RideConnect/vendor/laravel/framework/src/Illuminate/Foundation/Testing/RefreshDatabase.php:119
/home/joseph/projects/RideConnect/vendor/laravel/framework/src/Illuminate/Foundation/Testing/RefreshDatabase.php:84
/home/joseph/projects/RideConnect/vendor/laravel/framework/src/Illuminate/Foundation/Testing/RefreshDatabase.php:25
/home/joseph/projects/RideConnect/vendor/laravel/framework/src/Illuminate/Foundation/Testing/Concerns/InteractsWithTestCaseLifecycle.php:217
/home/joseph/projects/RideConnect/vendor/laravel/framework/src/Illuminate/Foundation/Testing/Concerns/InteractsWithTestCaseLifecycle.php:101
/home/joseph/projects/RideConnect/vendor/laravel/framework/src/Illuminate/Foundation/Testing/TestCase.php:63
/home/joseph/projects/RideConnect/tests/Feature/PassengerApiTest.php:28</error>
        </testcase>
      </testsuite>
      <testsuite name="Tests\Feature\PrivateTransportFlowTest" file="/home/joseph/projects/RideConnect/tests/Feature/PrivateTransportFlowTest.php" tests="9" assertions="0" errors="9" failures="0" skipped="0" time="0.000000">
        <testcase name="test_car_scheduled_flow_with_booking" file="/home/joseph/projects/RideConnect/tests/Feature/PrivateTransportFlowTest.php" line="110" class="Tests\Feature\PrivateTransportFlowTest" classname="Tests.Feature.PrivateTransportFlowTest" assertions="0" time="0.000000">
          <error type="Illuminate\Database\QueryException">Tests\Feature\PrivateTransportFlowTest::test_car_scheduled_flow_with_booking
Illuminate\Database\QueryException: could not find driver (Connection: sqlite, Database: :memory:, SQL: select exists (select 1 from "main".sqlite_master where name = 'migrations' and type = 'table') as "exists")

/home/joseph/projects/RideConnect/vendor/laravel/framework/src/Illuminate/Database/Connection.php:838
/home/joseph/projects/RideConnect/vendor/laravel/framework/src/Illuminate/Database/Connection.php:794
/home/joseph/projects/RideConnect/vendor/laravel/framework/src/Illuminate/Database/Connection.php:411
/home/joseph/projects/RideConnect/vendor/laravel/framework/src/Illuminate/Database/Connection.php:357
/home/joseph/projects/RideConnect/vendor/laravel/framework/src/Illuminate/Database/Connection.php:374
/home/joseph/projects/RideConnect/vendor/laravel/framework/src/Illuminate/Database/Schema/Builder.php:176
/home/joseph/projects/RideConnect/vendor/laravel/framework/src/Illuminate/Database/Migrations/DatabaseMigrationRepository.php:185
/home/joseph/projects/RideConnect/vendor/laravel/framework/src/Illuminate/Database/Migrations/Migrator.php:758
/home/joseph/projects/RideConnect/vendor/laravel/framework/src/Illuminate/Database/Console/Migrations/MigrateCommand.php:164
/home/joseph/projects/RideConnect/vendor/laravel/framework/src/Illuminate/Support/helpers.php:328
/home/joseph/projects/RideConnect/vendor/laravel/framework/src/Illuminate/Database/Console/Migrations/MigrateCommand.php:164
/home/joseph/projects/RideConnect/vendor/laravel/framework/src/Illuminate/Database/Console/Migrations/MigrateCommand.php:140
/home/joseph/projects/RideConnect/vendor/laravel/framework/src/Illuminate/Database/Console/Migrations/MigrateCommand.php:110
/home/joseph/projects/RideConnect/vendor/laravel/framework/src/Illuminate/Database/Migrations/Migrator.php:671
/home/joseph/projects/RideConnect/vendor/laravel/framework/src/Illuminate/Database/Console/Migrations/MigrateCommand.php:109
/home/joseph/projects/RideConnect/vendor/laravel/framework/src/Illuminate/Database/Console/Migrations/MigrateCommand.php:88
/home/joseph/projects/RideConnect/vendor/laravel/framework/src/Illuminate/Container/BoundMethod.php:36
/home/joseph/projects/RideConnect/vendor/laravel/framework/src/Illuminate/Container/Util.php:43
/home/joseph/projects/RideConnect/vendor/laravel/framework/src/Illuminate/Container/BoundMethod.php:96
/home/joseph/projects/RideConnect/vendor/laravel/framework/src/Illuminate/Container/BoundMethod.php:35
/home/joseph/projects/RideConnect/vendor/laravel/framework/src/Illuminate/Container/Container.php:799
/home/joseph/projects/RideConnect/vendor/laravel/framework/src/Illuminate/Console/Command.php:211
/home/joseph/projects/RideConnect/vendor/symfony/console/Command/Command.php:341
/home/joseph/projects/RideConnect/vendor/laravel/framework/src/Illuminate/Console/Command.php:180
/home/joseph/projects/RideConnect/vendor/laravel/framework/src/Illuminate/Console/Concerns/CallsCommands.php:68
/home/joseph/projects/RideConnect/vendor/laravel/framework/src/Illuminate/Console/Concerns/CallsCommands.php:29
/home/joseph/projects/RideConnect/vendor/laravel/framework/src/Illuminate/Database/Console/Migrations/FreshCommand.php:88
/home/joseph/projects/RideConnect/vendor/laravel/framework/src/Illuminate/Container/BoundMethod.php:36
/home/joseph/projects/RideConnect/vendor/laravel/framework/src/Illuminate/Container/Util.php:43
/home/joseph/projects/RideConnect/vendor/laravel/framework/src/Illuminate/Container/BoundMethod.php:96
/home/joseph/projects/RideConnect/vendor/laravel/framework/src/Illuminate/Container/BoundMethod.php:35
/home/joseph/projects/RideConnect/vendor/laravel/framework/src/Illuminate/Container/Container.php:799
/home/joseph/projects/RideConnect/vendor/laravel/framework/src/Illuminate/Console/Command.php:211
/home/joseph/projects/RideConnect/vendor/symfony/console/Command/Command.php:341
/home/joseph/projects/RideConnect/vendor/laravel/framework/src/Illuminate/Console/Command.php:180
/home/joseph/projects/RideConnect/vendor/symfony/console/Application.php:1094
/home/joseph/projects/RideConnect/vendor/symfony/console/Application.php:356
/home/joseph/projects/RideConnect/vendor/symfony/console/Application.php:195
/home/joseph/projects/RideConnect/vendor/laravel/framework/src/Illuminate/Console/Application.php:165
/home/joseph/projects/RideConnect/vendor/laravel/framework/src/Illuminate/Foundation/Console/Kernel.php:447
/home/joseph/projects/RideConnect/vendor/laravel/framework/src/Illuminate/Testing/PendingCommand.php:451
/home/joseph/projects/RideConnect/vendor/laravel/framework/src/Illuminate/Testing/PendingCommand.php:675
/home/joseph/projects/RideConnect/vendor/laravel/framework/src/Illuminate/Foundation/Testing/Concerns/InteractsWithConsole.php:87
/home/joseph/projects/RideConnect/vendor/laravel/framework/src/Illuminate/Foundation/Testing/RefreshDatabase.php:119
/home/joseph/projects/RideConnect/vendor/laravel/framework/src/Illuminate/Foundation/Testing/RefreshDatabase.php:84
/home/joseph/projects/RideConnect/vendor/laravel/framework/src/Illuminate/Foundation/Testing/RefreshDatabase.php:25
/home/joseph/projects/RideConnect/vendor/laravel/framework/src/Illuminate/Foundation/Testing/Concerns/InteractsWithTestCaseLifecycle.php:217
/home/joseph/projects/RideConnect/vendor/laravel/framework/src/Illuminate/Foundation/Testing/Concerns/InteractsWithTestCaseLifecycle.php:101
/home/joseph/projects/RideConnect/vendor/laravel/framework/src/Illuminate/Foundation/Testing/TestCase.php:63
/home/joseph/projects/RideConnect/tests/Feature/PrivateTransportFlowTest.php:36</error>
        </testcase>
        <testcase name="test_car_on_demand_flow_direct_trip" file="/home/joseph/projects/RideConnect/tests/Feature/PrivateTransportFlowTest.php" line="170" class="Tests\Feature\PrivateTransportFlowTest" classname="Tests.Feature.PrivateTransportFlowTest" assertions="0" time="0.000000">
          <error type="Illuminate\Database\QueryException">Tests\Feature\PrivateTransportFlowTest::test_car_on_demand_flow_direct_trip
Illuminate\Database\QueryException: could not find driver (Connection: sqlite, Database: :memory:, SQL: select exists (select 1 from "main".sqlite_master where name = 'migrations' and type = 'table') as "exists")

/home/joseph/projects/RideConnect/vendor/laravel/framework/src/Illuminate/Database/Connection.php:838
/home/joseph/projects/RideConnect/vendor/laravel/framework/src/Illuminate/Database/Connection.php:794
/home/joseph/projects/RideConnect/vendor/laravel/framework/src/Illuminate/Database/Connection.php:411
/home/joseph/projects/RideConnect/vendor/laravel/framework/src/Illuminate/Database/Connection.php:357
/home/joseph/projects/RideConnect/vendor/laravel/framework/src/Illuminate/Database/Connection.php:374
/home/joseph/projects/RideConnect/vendor/laravel/framework/src/Illuminate/Database/Schema/Builder.php:176
/home/joseph/projects/RideConnect/vendor/laravel/framework/src/Illuminate/Database/Migrations/DatabaseMigrationRepository.php:185
/home/joseph/projects/RideConnect/vendor/laravel/framework/src/Illuminate/Database/Migrations/Migrator.php:758
/home/joseph/projects/RideConnect/vendor/laravel/framework/src/Illuminate/Database/Console/Migrations/MigrateCommand.php:164
/home/joseph/projects/RideConnect/vendor/laravel/framework/src/Illuminate/Support/helpers.php:328
/home/joseph/projects/RideConnect/vendor/laravel/framework/src/Illuminate/Database/Console/Migrations/MigrateCommand.php:164
/home/joseph/projects/RideConnect/vendor/laravel/framework/src/Illuminate/Database/Console/Migrations/MigrateCommand.php:140
/home/joseph/projects/RideConnect/vendor/laravel/framework/src/Illuminate/Database/Console/Migrations/MigrateCommand.php:110
/home/joseph/projects/RideConnect/vendor/laravel/framework/src/Illuminate/Database/Migrations/Migrator.php:671
/home/joseph/projects/RideConnect/vendor/laravel/framework/src/Illuminate/Database/Console/Migrations/MigrateCommand.php:109
/home/joseph/projects/RideConnect/vendor/laravel/framework/src/Illuminate/Database/Console/Migrations/MigrateCommand.php:88
/home/joseph/projects/RideConnect/vendor/laravel/framework/src/Illuminate/Container/BoundMethod.php:36
/home/joseph/projects/RideConnect/vendor/laravel/framework/src/Illuminate/Container/Util.php:43
/home/joseph/projects/RideConnect/vendor/laravel/framework/src/Illuminate/Container/BoundMethod.php:96
/home/joseph/projects/RideConnect/vendor/laravel/framework/src/Illuminate/Container/BoundMethod.php:35
/home/joseph/projects/RideConnect/vendor/laravel/framework/src/Illuminate/Container/Container.php:799
/home/joseph/projects/RideConnect/vendor/laravel/framework/src/Illuminate/Console/Command.php:211
/home/joseph/projects/RideConnect/vendor/symfony/console/Command/Command.php:341
/home/joseph/projects/RideConnect/vendor/laravel/framework/src/Illuminate/Console/Command.php:180
/home/joseph/projects/RideConnect/vendor/laravel/framework/src/Illuminate/Console/Concerns/CallsCommands.php:68
/home/joseph/projects/RideConnect/vendor/laravel/framework/src/Illuminate/Console/Concerns/CallsCommands.php:29
/home/joseph/projects/RideConnect/vendor/laravel/framework/src/Illuminate/Database/Console/Migrations/FreshCommand.php:88
/home/joseph/projects/RideConnect/vendor/laravel/framework/src/Illuminate/Container/BoundMethod.php:36
/home/joseph/projects/RideConnect/vendor/laravel/framework/src/Illuminate/Container/Util.php:43
/home/joseph/projects/RideConnect/vendor/laravel/framework/src/Illuminate/Container/BoundMethod.php:96
/home/joseph/projects/RideConnect/vendor/laravel/framework/src/Illuminate/Container/BoundMethod.php:35
/home/joseph/projects/RideConnect/vendor/laravel/framework/src/Illuminate/Container/Container.php:799
/home/joseph/projects/RideConnect/vendor/laravel/framework/src/Illuminate/Console/Command.php:211
/home/joseph/projects/RideConnect/vendor/symfony/console/Command/Command.php:341
/home/joseph/projects/RideConnect/vendor/laravel/framework/src/Illuminate/Console/Command.php:180
/home/joseph/projects/RideConnect/vendor/symfony/console/Application.php:1094
/home/joseph/projects/RideConnect/vendor/symfony/console/Application.php:356
/home/joseph/projects/RideConnect/vendor/symfony/console/Application.php:195
/home/joseph/projects/RideConnect/vendor/laravel/framework/src/Illuminate/Console/Application.php:165
/home/joseph/projects/RideConnect/vendor/laravel/framework/src/Illuminate/Foundation/Console/Kernel.php:447
/home/joseph/projects/RideConnect/vendor/laravel/framework/src/Illuminate/Testing/PendingCommand.php:451
/home/joseph/projects/RideConnect/vendor/laravel/framework/src/Illuminate/Testing/PendingCommand.php:675
/home/joseph/projects/RideConnect/vendor/laravel/framework/src/Illuminate/Foundation/Testing/Concerns/InteractsWithConsole.php:87
/home/joseph/projects/RideConnect/vendor/laravel/framework/src/Illuminate/Foundation/Testing/RefreshDatabase.php:119
/home/joseph/projects/RideConnect/vendor/laravel/framework/src/Illuminate/Foundation/Testing/RefreshDatabase.php:84
/home/joseph/projects/RideConnect/vendor/laravel/framework/src/Illuminate/Foundation/Testing/RefreshDatabase.php:25
/home/joseph/projects/RideConnect/vendor/laravel/framework/src/Illuminate/Foundation/Testing/Concerns/InteractsWithTestCaseLifecycle.php:217
/home/joseph/projects/RideConnect/vendor/laravel/framework/src/Illuminate/Foundation/Testing/Concerns/InteractsWithTestCaseLifecycle.php:101
/home/joseph/projects/RideConnect/vendor/laravel/framework/src/Illuminate/Foundation/Testing/TestCase.php:63
/home/joseph/projects/RideConnect/tests/Feature/PrivateTransportFlowTest.php:36</error>
        </testcase>
        <testcase name="test_motorcycle_on_demand_flow" file="/home/joseph/projects/RideConnect/tests/Feature/PrivateTransportFlowTest.php" line="212" class="Tests\Feature\PrivateTransportFlowTest" classname="Tests.Feature.PrivateTransportFlowTest" assertions="0" time="0.000000">
          <error type="Illuminate\Database\QueryException">Tests\Feature\PrivateTransportFlowTest::test_motorcycle_on_demand_flow
Illuminate\Database\QueryException: could not find driver (Connection: sqlite, Database: :memory:, SQL: select exists (select 1 from "main".sqlite_master where name = 'migrations' and type = 'table') as "exists")

/home/joseph/projects/RideConnect/vendor/laravel/framework/src/Illuminate/Database/Connection.php:838
/home/joseph/projects/RideConnect/vendor/laravel/framework/src/Illuminate/Database/Connection.php:794
/home/joseph/projects/RideConnect/vendor/laravel/framework/src/Illuminate/Database/Connection.php:411
/home/joseph/projects/RideConnect/vendor/laravel/framework/src/Illuminate/Database/Connection.php:357
/home/joseph/projects/RideConnect/vendor/laravel/framework/src/Illuminate/Database/Connection.php:374
/home/joseph/projects/RideConnect/vendor/laravel/framework/src/Illuminate/Database/Schema/Builder.php:176
/home/joseph/projects/RideConnect/vendor/laravel/framework/src/Illuminate/Database/Migrations/DatabaseMigrationRepository.php:185
/home/joseph/projects/RideConnect/vendor/laravel/framework/src/Illuminate/Database/Migrations/Migrator.php:758
/home/joseph/projects/RideConnect/vendor/laravel/framework/src/Illuminate/Database/Console/Migrations/MigrateCommand.php:164
/home/joseph/projects/RideConnect/vendor/laravel/framework/src/Illuminate/Support/helpers.php:328
/home/joseph/projects/RideConnect/vendor/laravel/framework/src/Illuminate/Database/Console/Migrations/MigrateCommand.php:164
/home/joseph/projects/RideConnect/vendor/laravel/framework/src/Illuminate/Database/Console/Migrations/MigrateCommand.php:140
/home/joseph/projects/RideConnect/vendor/laravel/framework/src/Illuminate/Database/Console/Migrations/MigrateCommand.php:110
/home/joseph/projects/RideConnect/vendor/laravel/framework/src/Illuminate/Database/Migrations/Migrator.php:671
/home/joseph/projects/RideConnect/vendor/laravel/framework/src/Illuminate/Database/Console/Migrations/MigrateCommand.php:109
/home/joseph/projects/RideConnect/vendor/laravel/framework/src/Illuminate/Database/Console/Migrations/MigrateCommand.php:88
/home/joseph/projects/RideConnect/vendor/laravel/framework/src/Illuminate/Container/BoundMethod.php:36
/home/joseph/projects/RideConnect/vendor/laravel/framework/src/Illuminate/Container/Util.php:43
/home/joseph/projects/RideConnect/vendor/laravel/framework/src/Illuminate/Container/BoundMethod.php:96
/home/joseph/projects/RideConnect/vendor/laravel/framework/src/Illuminate/Container/BoundMethod.php:35
/home/joseph/projects/RideConnect/vendor/laravel/framework/src/Illuminate/Container/Container.php:799
/home/joseph/projects/RideConnect/vendor/laravel/framework/src/Illuminate/Console/Command.php:211
/home/joseph/projects/RideConnect/vendor/symfony/console/Command/Command.php:341
/home/joseph/projects/RideConnect/vendor/laravel/framework/src/Illuminate/Console/Command.php:180
/home/joseph/projects/RideConnect/vendor/laravel/framework/src/Illuminate/Console/Concerns/CallsCommands.php:68
/home/joseph/projects/RideConnect/vendor/laravel/framework/src/Illuminate/Console/Concerns/CallsCommands.php:29
/home/joseph/projects/RideConnect/vendor/laravel/framework/src/Illuminate/Database/Console/Migrations/FreshCommand.php:88
/home/joseph/projects/RideConnect/vendor/laravel/framework/src/Illuminate/Container/BoundMethod.php:36
/home/joseph/projects/RideConnect/vendor/laravel/framework/src/Illuminate/Container/Util.php:43
/home/joseph/projects/RideConnect/vendor/laravel/framework/src/Illuminate/Container/BoundMethod.php:96
/home/joseph/projects/RideConnect/vendor/laravel/framework/src/Illuminate/Container/BoundMethod.php:35
/home/joseph/projects/RideConnect/vendor/laravel/framework/src/Illuminate/Container/Container.php:799
/home/joseph/projects/RideConnect/vendor/laravel/framework/src/Illuminate/Console/Command.php:211
/home/joseph/projects/RideConnect/vendor/symfony/console/Command/Command.php:341
/home/joseph/projects/RideConnect/vendor/laravel/framework/src/Illuminate/Console/Command.php:180
/home/joseph/projects/RideConnect/vendor/symfony/console/Application.php:1094
/home/joseph/projects/RideConnect/vendor/symfony/console/Application.php:356
/home/joseph/projects/RideConnect/vendor/symfony/console/Application.php:195
/home/joseph/projects/RideConnect/vendor/laravel/framework/src/Illuminate/Console/Application.php:165
/home/joseph/projects/RideConnect/vendor/laravel/framework/src/Illuminate/Foundation/Console/Kernel.php:447
/home/joseph/projects/RideConnect/vendor/laravel/framework/src/Illuminate/Testing/PendingCommand.php:451
/home/joseph/projects/RideConnect/vendor/laravel/framework/src/Illuminate/Testing/PendingCommand.php:675
/home/joseph/projects/RideConnect/vendor/laravel/framework/src/Illuminate/Foundation/Testing/Concerns/InteractsWithConsole.php:87
/home/joseph/projects/RideConnect/vendor/laravel/framework/src/Illuminate/Foundation/Testing/RefreshDatabase.php:119
/home/joseph/projects/RideConnect/vendor/laravel/framework/src/Illuminate/Foundation/Testing/RefreshDatabase.php:84
/home/joseph/projects/RideConnect/vendor/laravel/framework/src/Illuminate/Foundation/Testing/RefreshDatabase.php:25
/home/joseph/projects/RideConnect/vendor/laravel/framework/src/Illuminate/Foundation/Testing/Concerns/InteractsWithTestCaseLifecycle.php:217
/home/joseph/projects/RideConnect/vendor/laravel/framework/src/Illuminate/Foundation/Testing/Concerns/InteractsWithTestCaseLifecycle.php:101
/home/joseph/projects/RideConnect/vendor/laravel/framework/src/Illuminate/Foundation/Testing/TestCase.php:63
/home/joseph/projects/RideConnect/tests/Feature/PrivateTransportFlowTest.php:36</error>
        </testcase>
        <testcase name="test_cannot_create_scheduled_motorcycle" file="/home/joseph/projects/RideConnect/tests/Feature/PrivateTransportFlowTest.php" line="235" class="Tests\Feature\PrivateTransportFlowTest" classname="Tests.Feature.PrivateTransportFlowTest" assertions="0" time="0.000000">
          <error type="Illuminate\Database\QueryException">Tests\Feature\PrivateTransportFlowTest::test_cannot_create_scheduled_motorcycle
Illuminate\Database\QueryException: could not find driver (Connection: sqlite, Database: :memory:, SQL: select exists (select 1 from "main".sqlite_master where name = 'migrations' and type = 'table') as "exists")

/home/joseph/projects/RideConnect/vendor/laravel/framework/src/Illuminate/Database/Connection.php:838
/home/joseph/projects/RideConnect/vendor/laravel/framework/src/Illuminate/Database/Connection.php:794
/home/joseph/projects/RideConnect/vendor/laravel/framework/src/Illuminate/Database/Connection.php:411
/home/joseph/projects/RideConnect/vendor/laravel/framework/src/Illuminate/Database/Connection.php:357
/home/joseph/projects/RideConnect/vendor/laravel/framework/src/Illuminate/Database/Connection.php:374
/home/joseph/projects/RideConnect/vendor/laravel/framework/src/Illuminate/Database/Schema/Builder.php:176
/home/joseph/projects/RideConnect/vendor/laravel/framework/src/Illuminate/Database/Migrations/DatabaseMigrationRepository.php:185
/home/joseph/projects/RideConnect/vendor/laravel/framework/src/Illuminate/Database/Migrations/Migrator.php:758
/home/joseph/projects/RideConnect/vendor/laravel/framework/src/Illuminate/Database/Console/Migrations/MigrateCommand.php:164
/home/joseph/projects/RideConnect/vendor/laravel/framework/src/Illuminate/Support/helpers.php:328
/home/joseph/projects/RideConnect/vendor/laravel/framework/src/Illuminate/Database/Console/Migrations/MigrateCommand.php:164
/home/joseph/projects/RideConnect/vendor/laravel/framework/src/Illuminate/Database/Console/Migrations/MigrateCommand.php:140
/home/joseph/projects/RideConnect/vendor/laravel/framework/src/Illuminate/Database/Console/Migrations/MigrateCommand.php:110
/home/joseph/projects/RideConnect/vendor/laravel/framework/src/Illuminate/Database/Migrations/Migrator.php:671
/home/joseph/projects/RideConnect/vendor/laravel/framework/src/Illuminate/Database/Console/Migrations/MigrateCommand.php:109
/home/joseph/projects/RideConnect/vendor/laravel/framework/src/Illuminate/Database/Console/Migrations/MigrateCommand.php:88
/home/joseph/projects/RideConnect/vendor/laravel/framework/src/Illuminate/Container/BoundMethod.php:36
/home/joseph/projects/RideConnect/vendor/laravel/framework/src/Illuminate/Container/Util.php:43
/home/joseph/projects/RideConnect/vendor/laravel/framework/src/Illuminate/Container/BoundMethod.php:96
/home/joseph/projects/RideConnect/vendor/laravel/framework/src/Illuminate/Container/BoundMethod.php:35
/home/joseph/projects/RideConnect/vendor/laravel/framework/src/Illuminate/Container/Container.php:799
/home/joseph/projects/RideConnect/vendor/laravel/framework/src/Illuminate/Console/Command.php:211
/home/joseph/projects/RideConnect/vendor/symfony/console/Command/Command.php:341
/home/joseph/projects/RideConnect/vendor/laravel/framework/src/Illuminate/Console/Command.php:180
/home/joseph/projects/RideConnect/vendor/laravel/framework/src/Illuminate/Console/Concerns/CallsCommands.php:68
/home/joseph/projects/RideConnect/vendor/laravel/framework/src/Illuminate/Console/Concerns/CallsCommands.php:29
/home/joseph/projects/RideConnect/vendor/laravel/framework/src/Illuminate/Database/Console/Migrations/FreshCommand.php:88
/home/joseph/projects/RideConnect/vendor/laravel/framework/src/Illuminate/Container/BoundMethod.php:36
/home/joseph/projects/RideConnect/vendor/laravel/framework/src/Illuminate/Container/Util.php:43
/home/joseph/projects/RideConnect/vendor/laravel/framework/src/Illuminate/Container/BoundMethod.php:96
/home/joseph/projects/RideConnect/vendor/laravel/framework/src/Illuminate/Container/BoundMethod.php:35
/home/joseph/projects/RideConnect/vendor/laravel/framework/src/Illuminate/Container/Container.php:799
/home/joseph/projects/RideConnect/vendor/laravel/framework/src/Illuminate/Console/Command.php:211
/home/joseph/projects/RideConnect/vendor/symfony/console/Command/Command.php:341
/home/joseph/projects/RideConnect/vendor/laravel/framework/src/Illuminate/Console/Command.php:180
/home/joseph/projects/RideConnect/vendor/symfony/console/Application.php:1094
/home/joseph/projects/RideConnect/vendor/symfony/console/Application.php:356
/home/joseph/projects/RideConnect/vendor/symfony/console/Application.php:195
/home/joseph/projects/RideConnect/vendor/laravel/framework/src/Illuminate/Console/Application.php:165
/home/joseph/projects/RideConnect/vendor/laravel/framework/src/Illuminate/Foundation/Console/Kernel.php:447
/home/joseph/projects/RideConnect/vendor/laravel/framework/src/Illuminate/Testing/PendingCommand.php:451
/home/joseph/projects/RideConnect/vendor/laravel/framework/src/Illuminate/Testing/PendingCommand.php:675
/home/joseph/projects/RideConnect/vendor/laravel/framework/src/Illuminate/Foundation/Testing/Concerns/InteractsWithConsole.php:87
/home/joseph/projects/RideConnect/vendor/laravel/framework/src/Illuminate/Foundation/Testing/RefreshDatabase.php:119
/home/joseph/projects/RideConnect/vendor/laravel/framework/src/Illuminate/Foundation/Testing/RefreshDatabase.php:84
/home/joseph/projects/RideConnect/vendor/laravel/framework/src/Illuminate/Foundation/Testing/RefreshDatabase.php:25
/home/joseph/projects/RideConnect/vendor/laravel/framework/src/Illuminate/Foundation/Testing/Concerns/InteractsWithTestCaseLifecycle.php:217
/home/joseph/projects/RideConnect/vendor/laravel/framework/src/Illuminate/Foundation/Testing/Concerns/InteractsWithTestCaseLifecycle.php:101
/home/joseph/projects/RideConnect/vendor/laravel/framework/src/Illuminate/Foundation/Testing/TestCase.php:63
/home/joseph/projects/RideConnect/tests/Feature/PrivateTransportFlowTest.php:36</error>
        </testcase>
        <testcase name="test_cannot_create_on_demand_bus" file="/home/joseph/projects/RideConnect/tests/Feature/PrivateTransportFlowTest.php" line="254" class="Tests\Feature\PrivateTransportFlowTest" classname="Tests.Feature.PrivateTransportFlowTest" assertions="0" time="0.000000">
          <error type="Illuminate\Database\QueryException">Tests\Feature\PrivateTransportFlowTest::test_cannot_create_on_demand_bus
Illuminate\Database\QueryException: could not find driver (Connection: sqlite, Database: :memory:, SQL: select exists (select 1 from "main".sqlite_master where name = 'migrations' and type = 'table') as "exists")

/home/joseph/projects/RideConnect/vendor/laravel/framework/src/Illuminate/Database/Connection.php:838
/home/joseph/projects/RideConnect/vendor/laravel/framework/src/Illuminate/Database/Connection.php:794
/home/joseph/projects/RideConnect/vendor/laravel/framework/src/Illuminate/Database/Connection.php:411
/home/joseph/projects/RideConnect/vendor/laravel/framework/src/Illuminate/Database/Connection.php:357
/home/joseph/projects/RideConnect/vendor/laravel/framework/src/Illuminate/Database/Connection.php:374
/home/joseph/projects/RideConnect/vendor/laravel/framework/src/Illuminate/Database/Schema/Builder.php:176
/home/joseph/projects/RideConnect/vendor/laravel/framework/src/Illuminate/Database/Migrations/DatabaseMigrationRepository.php:185
/home/joseph/projects/RideConnect/vendor/laravel/framework/src/Illuminate/Database/Migrations/Migrator.php:758
/home/joseph/projects/RideConnect/vendor/laravel/framework/src/Illuminate/Database/Console/Migrations/MigrateCommand.php:164
/home/joseph/projects/RideConnect/vendor/laravel/framework/src/Illuminate/Support/helpers.php:328
/home/joseph/projects/RideConnect/vendor/laravel/framework/src/Illuminate/Database/Console/Migrations/MigrateCommand.php:164
/home/joseph/projects/RideConnect/vendor/laravel/framework/src/Illuminate/Database/Console/Migrations/MigrateCommand.php:140
/home/joseph/projects/RideConnect/vendor/laravel/framework/src/Illuminate/Database/Console/Migrations/MigrateCommand.php:110
/home/joseph/projects/RideConnect/vendor/laravel/framework/src/Illuminate/Database/Migrations/Migrator.php:671
/home/joseph/projects/RideConnect/vendor/laravel/framework/src/Illuminate/Database/Console/Migrations/MigrateCommand.php:109
/home/joseph/projects/RideConnect/vendor/laravel/framework/src/Illuminate/Database/Console/Migrations/MigrateCommand.php:88
/home/joseph/projects/RideConnect/vendor/laravel/framework/src/Illuminate/Container/BoundMethod.php:36
/home/joseph/projects/RideConnect/vendor/laravel/framework/src/Illuminate/Container/Util.php:43
/home/joseph/projects/RideConnect/vendor/laravel/framework/src/Illuminate/Container/BoundMethod.php:96
/home/joseph/projects/RideConnect/vendor/laravel/framework/src/Illuminate/Container/BoundMethod.php:35
/home/joseph/projects/RideConnect/vendor/laravel/framework/src/Illuminate/Container/Container.php:799
/home/joseph/projects/RideConnect/vendor/laravel/framework/src/Illuminate/Console/Command.php:211
/home/joseph/projects/RideConnect/vendor/symfony/console/Command/Command.php:341
/home/joseph/projects/RideConnect/vendor/laravel/framework/src/Illuminate/Console/Command.php:180
/home/joseph/projects/RideConnect/vendor/laravel/framework/src/Illuminate/Console/Concerns/CallsCommands.php:68
/home/joseph/projects/RideConnect/vendor/laravel/framework/src/Illuminate/Console/Concerns/CallsCommands.php:29
/home/joseph/projects/RideConnect/vendor/laravel/framework/src/Illuminate/Database/Console/Migrations/FreshCommand.php:88
/home/joseph/projects/RideConnect/vendor/laravel/framework/src/Illuminate/Container/BoundMethod.php:36
/home/joseph/projects/RideConnect/vendor/laravel/framework/src/Illuminate/Container/Util.php:43
/home/joseph/projects/RideConnect/vendor/laravel/framework/src/Illuminate/Container/BoundMethod.php:96
/home/joseph/projects/RideConnect/vendor/laravel/framework/src/Illuminate/Container/BoundMethod.php:35
/home/joseph/projects/RideConnect/vendor/laravel/framework/src/Illuminate/Container/Container.php:799
/home/joseph/projects/RideConnect/vendor/laravel/framework/src/Illuminate/Console/Command.php:211
/home/joseph/projects/RideConnect/vendor/symfony/console/Command/Command.php:341
/home/joseph/projects/RideConnect/vendor/laravel/framework/src/Illuminate/Console/Command.php:180
/home/joseph/projects/RideConnect/vendor/symfony/console/Application.php:1094
/home/joseph/projects/RideConnect/vendor/symfony/console/Application.php:356
/home/joseph/projects/RideConnect/vendor/symfony/console/Application.php:195
/home/joseph/projects/RideConnect/vendor/laravel/framework/src/Illuminate/Console/Application.php:165
/home/joseph/projects/RideConnect/vendor/laravel/framework/src/Illuminate/Foundation/Console/Kernel.php:447
/home/joseph/projects/RideConnect/vendor/laravel/framework/src/Illuminate/Testing/PendingCommand.php:451
/home/joseph/projects/RideConnect/vendor/laravel/framework/src/Illuminate/Testing/PendingCommand.php:675
/home/joseph/projects/RideConnect/vendor/laravel/framework/src/Illuminate/Foundation/Testing/Concerns/InteractsWithConsole.php:87
/home/joseph/projects/RideConnect/vendor/laravel/framework/src/Illuminate/Foundation/Testing/RefreshDatabase.php:119
/home/joseph/projects/RideConnect/vendor/laravel/framework/src/Illuminate/Foundation/Testing/RefreshDatabase.php:84
/home/joseph/projects/RideConnect/vendor/laravel/framework/src/Illuminate/Foundation/Testing/RefreshDatabase.php:25
/home/joseph/projects/RideConnect/vendor/laravel/framework/src/Illuminate/Foundation/Testing/Concerns/InteractsWithTestCaseLifecycle.php:217
/home/joseph/projects/RideConnect/vendor/laravel/framework/src/Illuminate/Foundation/Testing/Concerns/InteractsWithTestCaseLifecycle.php:101
/home/joseph/projects/RideConnect/vendor/laravel/framework/src/Illuminate/Foundation/Testing/TestCase.php:63
/home/joseph/projects/RideConnect/tests/Feature/PrivateTransportFlowTest.php:36</error>
        </testcase>
        <testcase name="test_trip_requires_locations" file="/home/joseph/projects/RideConnect/tests/Feature/PrivateTransportFlowTest.php" line="271" class="Tests\Feature\PrivateTransportFlowTest" classname="Tests.Feature.PrivateTransportFlowTest" assertions="0" time="0.000000">
          <error type="Illuminate\Database\QueryException">Tests\Feature\PrivateTransportFlowTest::test_trip_requires_locations
Illuminate\Database\QueryException: could not find driver (Connection: sqlite, Database: :memory:, SQL: select exists (select 1 from "main".sqlite_master where name = 'migrations' and type = 'table') as "exists")

/home/joseph/projects/RideConnect/vendor/laravel/framework/src/Illuminate/Database/Connection.php:838
/home/joseph/projects/RideConnect/vendor/laravel/framework/src/Illuminate/Database/Connection.php:794
/home/joseph/projects/RideConnect/vendor/laravel/framework/src/Illuminate/Database/Connection.php:411
/home/joseph/projects/RideConnect/vendor/laravel/framework/src/Illuminate/Database/Connection.php:357
/home/joseph/projects/RideConnect/vendor/laravel/framework/src/Illuminate/Database/Connection.php:374
/home/joseph/projects/RideConnect/vendor/laravel/framework/src/Illuminate/Database/Schema/Builder.php:176
/home/joseph/projects/RideConnect/vendor/laravel/framework/src/Illuminate/Database/Migrations/DatabaseMigrationRepository.php:185
/home/joseph/projects/RideConnect/vendor/laravel/framework/src/Illuminate/Database/Migrations/Migrator.php:758
/home/joseph/projects/RideConnect/vendor/laravel/framework/src/Illuminate/Database/Console/Migrations/MigrateCommand.php:164
/home/joseph/projects/RideConnect/vendor/laravel/framework/src/Illuminate/Support/helpers.php:328
/home/joseph/projects/RideConnect/vendor/laravel/framework/src/Illuminate/Database/Console/Migrations/MigrateCommand.php:164
/home/joseph/projects/RideConnect/vendor/laravel/framework/src/Illuminate/Database/Console/Migrations/MigrateCommand.php:140
/home/joseph/projects/RideConnect/vendor/laravel/framework/src/Illuminate/Database/Console/Migrations/MigrateCommand.php:110
/home/joseph/projects/RideConnect/vendor/laravel/framework/src/Illuminate/Database/Migrations/Migrator.php:671
/home/joseph/projects/RideConnect/vendor/laravel/framework/src/Illuminate/Database/Console/Migrations/MigrateCommand.php:109
/home/joseph/projects/RideConnect/vendor/laravel/framework/src/Illuminate/Database/Console/Migrations/MigrateCommand.php:88
/home/joseph/projects/RideConnect/vendor/laravel/framework/src/Illuminate/Container/BoundMethod.php:36
/home/joseph/projects/RideConnect/vendor/laravel/framework/src/Illuminate/Container/Util.php:43
/home/joseph/projects/RideConnect/vendor/laravel/framework/src/Illuminate/Container/BoundMethod.php:96
/home/joseph/projects/RideConnect/vendor/laravel/framework/src/Illuminate/Container/BoundMethod.php:35
/home/joseph/projects/RideConnect/vendor/laravel/framework/src/Illuminate/Container/Container.php:799
/home/joseph/projects/RideConnect/vendor/laravel/framework/src/Illuminate/Console/Command.php:211
/home/joseph/projects/RideConnect/vendor/symfony/console/Command/Command.php:341
/home/joseph/projects/RideConnect/vendor/laravel/framework/src/Illuminate/Console/Command.php:180
/home/joseph/projects/RideConnect/vendor/laravel/framework/src/Illuminate/Console/Concerns/CallsCommands.php:68
/home/joseph/projects/RideConnect/vendor/laravel/framework/src/Illuminate/Console/Concerns/CallsCommands.php:29
/home/joseph/projects/RideConnect/vendor/laravel/framework/src/Illuminate/Database/Console/Migrations/FreshCommand.php:88
/home/joseph/projects/RideConnect/vendor/laravel/framework/src/Illuminate/Container/BoundMethod.php:36
/home/joseph/projects/RideConnect/vendor/laravel/framework/src/Illuminate/Container/Util.php:43
/home/joseph/projects/RideConnect/vendor/laravel/framework/src/Illuminate/Container/BoundMethod.php:96
/home/joseph/projects/RideConnect/vendor/laravel/framework/src/Illuminate/Container/BoundMethod.php:35
/home/joseph/projects/RideConnect/vendor/laravel/framework/src/Illuminate/Container/Container.php:799
/home/joseph/projects/RideConnect/vendor/laravel/framework/src/Illuminate/Console/Command.php:211
/home/joseph/projects/RideConnect/vendor/symfony/console/Command/Command.php:341
/home/joseph/projects/RideConnect/vendor/laravel/framework/src/Illuminate/Console/Command.php:180
/home/joseph/projects/RideConnect/vendor/symfony/console/Application.php:1094
/home/joseph/projects/RideConnect/vendor/symfony/console/Application.php:356
/home/joseph/projects/RideConnect/vendor/symfony/console/Application.php:195
/home/joseph/projects/RideConnect/vendor/laravel/framework/src/Illuminate/Console/Application.php:165
/home/joseph/projects/RideConnect/vendor/laravel/framework/src/Illuminate/Foundation/Console/Kernel.php:447
/home/joseph/projects/RideConnect/vendor/laravel/framework/src/Illuminate/Testing/PendingCommand.php:451
/home/joseph/projects/RideConnect/vendor/laravel/framework/src/Illuminate/Testing/PendingCommand.php:675
/home/joseph/projects/RideConnect/vendor/laravel/framework/src/Illuminate/Foundation/Testing/Concerns/InteractsWithConsole.php:87
/home/joseph/projects/RideConnect/vendor/laravel/framework/src/Illuminate/Foundation/Testing/RefreshDatabase.php:119
/home/joseph/projects/RideConnect/vendor/laravel/framework/src/Illuminate/Foundation/Testing/RefreshDatabase.php:84
/home/joseph/projects/RideConnect/vendor/laravel/framework/src/Illuminate/Foundation/Testing/RefreshDatabase.php:25
/home/joseph/projects/RideConnect/vendor/laravel/framework/src/Illuminate/Foundation/Testing/Concerns/InteractsWithTestCaseLifecycle.php:217
/home/joseph/projects/RideConnect/vendor/laravel/framework/src/Illuminate/Foundation/Testing/Concerns/InteractsWithTestCaseLifecycle.php:101
/home/joseph/projects/RideConnect/vendor/laravel/framework/src/Illuminate/Foundation/Testing/TestCase.php:63
/home/joseph/projects/RideConnect/tests/Feature/PrivateTransportFlowTest.php:36</error>
        </testcase>
        <testcase name="test_driver_auto_assignment_vehicle_compatibility" file="/home/joseph/projects/RideConnect/tests/Feature/PrivateTransportFlowTest.php" line="287" class="Tests\Feature\PrivateTransportFlowTest" classname="Tests.Feature.PrivateTransportFlowTest" assertions="0" time="0.000000">
          <error type="Illuminate\Database\QueryException">Tests\Feature\PrivateTransportFlowTest::test_driver_auto_assignment_vehicle_compatibility
Illuminate\Database\QueryException: could not find driver (Connection: sqlite, Database: :memory:, SQL: select exists (select 1 from "main".sqlite_master where name = 'migrations' and type = 'table') as "exists")

/home/joseph/projects/RideConnect/vendor/laravel/framework/src/Illuminate/Database/Connection.php:838
/home/joseph/projects/RideConnect/vendor/laravel/framework/src/Illuminate/Database/Connection.php:794
/home/joseph/projects/RideConnect/vendor/laravel/framework/src/Illuminate/Database/Connection.php:411
/home/joseph/projects/RideConnect/vendor/laravel/framework/src/Illuminate/Database/Connection.php:357
/home/joseph/projects/RideConnect/vendor/laravel/framework/src/Illuminate/Database/Connection.php:374
/home/joseph/projects/RideConnect/vendor/laravel/framework/src/Illuminate/Database/Schema/Builder.php:176
/home/joseph/projects/RideConnect/vendor/laravel/framework/src/Illuminate/Database/Migrations/DatabaseMigrationRepository.php:185
/home/joseph/projects/RideConnect/vendor/laravel/framework/src/Illuminate/Database/Migrations/Migrator.php:758
/home/joseph/projects/RideConnect/vendor/laravel/framework/src/Illuminate/Database/Console/Migrations/MigrateCommand.php:164
/home/joseph/projects/RideConnect/vendor/laravel/framework/src/Illuminate/Support/helpers.php:328
/home/joseph/projects/RideConnect/vendor/laravel/framework/src/Illuminate/Database/Console/Migrations/MigrateCommand.php:164
/home/joseph/projects/RideConnect/vendor/laravel/framework/src/Illuminate/Database/Console/Migrations/MigrateCommand.php:140
/home/joseph/projects/RideConnect/vendor/laravel/framework/src/Illuminate/Database/Console/Migrations/MigrateCommand.php:110
/home/joseph/projects/RideConnect/vendor/laravel/framework/src/Illuminate/Database/Migrations/Migrator.php:671
/home/joseph/projects/RideConnect/vendor/laravel/framework/src/Illuminate/Database/Console/Migrations/MigrateCommand.php:109
/home/joseph/projects/RideConnect/vendor/laravel/framework/src/Illuminate/Database/Console/Migrations/MigrateCommand.php:88
/home/joseph/projects/RideConnect/vendor/laravel/framework/src/Illuminate/Container/BoundMethod.php:36
/home/joseph/projects/RideConnect/vendor/laravel/framework/src/Illuminate/Container/Util.php:43
/home/joseph/projects/RideConnect/vendor/laravel/framework/src/Illuminate/Container/BoundMethod.php:96
/home/joseph/projects/RideConnect/vendor/laravel/framework/src/Illuminate/Container/BoundMethod.php:35
/home/joseph/projects/RideConnect/vendor/laravel/framework/src/Illuminate/Container/Container.php:799
/home/joseph/projects/RideConnect/vendor/laravel/framework/src/Illuminate/Console/Command.php:211
/home/joseph/projects/RideConnect/vendor/symfony/console/Command/Command.php:341
/home/joseph/projects/RideConnect/vendor/laravel/framework/src/Illuminate/Console/Command.php:180
/home/joseph/projects/RideConnect/vendor/laravel/framework/src/Illuminate/Console/Concerns/CallsCommands.php:68
/home/joseph/projects/RideConnect/vendor/laravel/framework/src/Illuminate/Console/Concerns/CallsCommands.php:29
/home/joseph/projects/RideConnect/vendor/laravel/framework/src/Illuminate/Database/Console/Migrations/FreshCommand.php:88
/home/joseph/projects/RideConnect/vendor/laravel/framework/src/Illuminate/Container/BoundMethod.php:36
/home/joseph/projects/RideConnect/vendor/laravel/framework/src/Illuminate/Container/Util.php:43
/home/joseph/projects/RideConnect/vendor/laravel/framework/src/Illuminate/Container/BoundMethod.php:96
/home/joseph/projects/RideConnect/vendor/laravel/framework/src/Illuminate/Container/BoundMethod.php:35
/home/joseph/projects/RideConnect/vendor/laravel/framework/src/Illuminate/Container/Container.php:799
/home/joseph/projects/RideConnect/vendor/laravel/framework/src/Illuminate/Console/Command.php:211
/home/joseph/projects/RideConnect/vendor/symfony/console/Command/Command.php:341
/home/joseph/projects/RideConnect/vendor/laravel/framework/src/Illuminate/Console/Command.php:180
/home/joseph/projects/RideConnect/vendor/symfony/console/Application.php:1094
/home/joseph/projects/RideConnect/vendor/symfony/console/Application.php:356
/home/joseph/projects/RideConnect/vendor/symfony/console/Application.php:195
/home/joseph/projects/RideConnect/vendor/laravel/framework/src/Illuminate/Console/Application.php:165
/home/joseph/projects/RideConnect/vendor/laravel/framework/src/Illuminate/Foundation/Console/Kernel.php:447
/home/joseph/projects/RideConnect/vendor/laravel/framework/src/Illuminate/Testing/PendingCommand.php:451
/home/joseph/projects/RideConnect/vendor/laravel/framework/src/Illuminate/Testing/PendingCommand.php:675
/home/joseph/projects/RideConnect/vendor/laravel/framework/src/Illuminate/Foundation/Testing/Concerns/InteractsWithConsole.php:87
/home/joseph/projects/RideConnect/vendor/laravel/framework/src/Illuminate/Foundation/Testing/RefreshDatabase.php:119
/home/joseph/projects/RideConnect/vendor/laravel/framework/src/Illuminate/Foundation/Testing/RefreshDatabase.php:84
/home/joseph/projects/RideConnect/vendor/laravel/framework/src/Illuminate/Foundation/Testing/RefreshDatabase.php:25
/home/joseph/projects/RideConnect/vendor/laravel/framework/src/Illuminate/Foundation/Testing/Concerns/InteractsWithTestCaseLifecycle.php:217
/home/joseph/projects/RideConnect/vendor/laravel/framework/src/Illuminate/Foundation/Testing/Concerns/InteractsWithTestCaseLifecycle.php:101
/home/joseph/projects/RideConnect/vendor/laravel/framework/src/Illuminate/Foundation/Testing/TestCase.php:63
/home/joseph/projects/RideConnect/tests/Feature/PrivateTransportFlowTest.php:36</error>
        </testcase>
        <testcase name="test_trip_state_machine_transitions" file="/home/joseph/projects/RideConnect/tests/Feature/PrivateTransportFlowTest.php" line="318" class="Tests\Feature\PrivateTransportFlowTest" classname="Tests.Feature.PrivateTransportFlowTest" assertions="0" time="0.000000">
          <error type="Illuminate\Database\QueryException">Tests\Feature\PrivateTransportFlowTest::test_trip_state_machine_transitions
Illuminate\Database\QueryException: could not find driver (Connection: sqlite, Database: :memory:, SQL: select exists (select 1 from "main".sqlite_master where name = 'migrations' and type = 'table') as "exists")

/home/joseph/projects/RideConnect/vendor/laravel/framework/src/Illuminate/Database/Connection.php:838
/home/joseph/projects/RideConnect/vendor/laravel/framework/src/Illuminate/Database/Connection.php:794
/home/joseph/projects/RideConnect/vendor/laravel/framework/src/Illuminate/Database/Connection.php:411
/home/joseph/projects/RideConnect/vendor/laravel/framework/src/Illuminate/Database/Connection.php:357
/home/joseph/projects/RideConnect/vendor/laravel/framework/src/Illuminate/Database/Connection.php:374
/home/joseph/projects/RideConnect/vendor/laravel/framework/src/Illuminate/Database/Schema/Builder.php:176
/home/joseph/projects/RideConnect/vendor/laravel/framework/src/Illuminate/Database/Migrations/DatabaseMigrationRepository.php:185
/home/joseph/projects/RideConnect/vendor/laravel/framework/src/Illuminate/Database/Migrations/Migrator.php:758
/home/joseph/projects/RideConnect/vendor/laravel/framework/src/Illuminate/Database/Console/Migrations/MigrateCommand.php:164
/home/joseph/projects/RideConnect/vendor/laravel/framework/src/Illuminate/Support/helpers.php:328
/home/joseph/projects/RideConnect/vendor/laravel/framework/src/Illuminate/Database/Console/Migrations/MigrateCommand.php:164
/home/joseph/projects/RideConnect/vendor/laravel/framework/src/Illuminate/Database/Console/Migrations/MigrateCommand.php:140
/home/joseph/projects/RideConnect/vendor/laravel/framework/src/Illuminate/Database/Console/Migrations/MigrateCommand.php:110
/home/joseph/projects/RideConnect/vendor/laravel/framework/src/Illuminate/Database/Migrations/Migrator.php:671
/home/joseph/projects/RideConnect/vendor/laravel/framework/src/Illuminate/Database/Console/Migrations/MigrateCommand.php:109
/home/joseph/projects/RideConnect/vendor/laravel/framework/src/Illuminate/Database/Console/Migrations/MigrateCommand.php:88
/home/joseph/projects/RideConnect/vendor/laravel/framework/src/Illuminate/Container/BoundMethod.php:36
/home/joseph/projects/RideConnect/vendor/laravel/framework/src/Illuminate/Container/Util.php:43
/home/joseph/projects/RideConnect/vendor/laravel/framework/src/Illuminate/Container/BoundMethod.php:96
/home/joseph/projects/RideConnect/vendor/laravel/framework/src/Illuminate/Container/BoundMethod.php:35
/home/joseph/projects/RideConnect/vendor/laravel/framework/src/Illuminate/Container/Container.php:799
/home/joseph/projects/RideConnect/vendor/laravel/framework/src/Illuminate/Console/Command.php:211
/home/joseph/projects/RideConnect/vendor/symfony/console/Command/Command.php:341
/home/joseph/projects/RideConnect/vendor/laravel/framework/src/Illuminate/Console/Command.php:180
/home/joseph/projects/RideConnect/vendor/laravel/framework/src/Illuminate/Console/Concerns/CallsCommands.php:68
/home/joseph/projects/RideConnect/vendor/laravel/framework/src/Illuminate/Console/Concerns/CallsCommands.php:29
/home/joseph/projects/RideConnect/vendor/laravel/framework/src/Illuminate/Database/Console/Migrations/FreshCommand.php:88
/home/joseph/projects/RideConnect/vendor/laravel/framework/src/Illuminate/Container/BoundMethod.php:36
/home/joseph/projects/RideConnect/vendor/laravel/framework/src/Illuminate/Container/Util.php:43
/home/joseph/projects/RideConnect/vendor/laravel/framework/src/Illuminate/Container/BoundMethod.php:96
/home/joseph/projects/RideConnect/vendor/laravel/framework/src/Illuminate/Container/BoundMethod.php:35
/home/joseph/projects/RideConnect/vendor/laravel/framework/src/Illuminate/Container/Container.php:799
/home/joseph/projects/RideConnect/vendor/laravel/framework/src/Illuminate/Console/Command.php:211
/home/joseph/projects/RideConnect/vendor/symfony/console/Command/Command.php:341
/home/joseph/projects/RideConnect/vendor/laravel/framework/src/Illuminate/Console/Command.php:180
/home/joseph/projects/RideConnect/vendor/symfony/console/Application.php:1094
/home/joseph/projects/RideConnect/vendor/symfony/console/Application.php:356
/home/joseph/projects/RideConnect/vendor/symfony/console/Application.php:195
/home/joseph/projects/RideConnect/vendor/laravel/framework/src/Illuminate/Console/Application.php:165
/home/joseph/projects/RideConnect/vendor/laravel/framework/src/Illuminate/Foundation/Console/Kernel.php:447
/home/joseph/projects/RideConnect/vendor/laravel/framework/src/Illuminate/Testing/PendingCommand.php:451
/home/joseph/projects/RideConnect/vendor/laravel/framework/src/Illuminate/Testing/PendingCommand.php:675
/home/joseph/projects/RideConnect/vendor/laravel/framework/src/Illuminate/Foundation/Testing/Concerns/InteractsWithConsole.php:87
/home/joseph/projects/RideConnect/vendor/laravel/framework/src/Illuminate/Foundation/Testing/RefreshDatabase.php:119
/home/joseph/projects/RideConnect/vendor/laravel/framework/src/Illuminate/Foundation/Testing/RefreshDatabase.php:84
/home/joseph/projects/RideConnect/vendor/laravel/framework/src/Illuminate/Foundation/Testing/RefreshDatabase.php:25
/home/joseph/projects/RideConnect/vendor/laravel/framework/src/Illuminate/Foundation/Testing/Concerns/InteractsWithTestCaseLifecycle.php:217
/home/joseph/projects/RideConnect/vendor/laravel/framework/src/Illuminate/Foundation/Testing/Concerns/InteractsWithTestCaseLifecycle.php:101
/home/joseph/projects/RideConnect/vendor/laravel/framework/src/Illuminate/Foundation/Testing/TestCase.php:63
/home/joseph/projects/RideConnect/tests/Feature/PrivateTransportFlowTest.php:36</error>
        </testcase>
        <testcase name="test_ride_api_response_includes_rules" file="/home/joseph/projects/RideConnect/tests/Feature/PrivateTransportFlowTest.php" line="333" class="Tests\Feature\PrivateTransportFlowTest" classname="Tests.Feature.PrivateTransportFlowTest" assertions="0" time="0.000000">
          <error type="Illuminate\Database\QueryException">Tests\Feature\PrivateTransportFlowTest::test_ride_api_response_includes_rules
Illuminate\Database\QueryException: could not find driver (Connection: sqlite, Database: :memory:, SQL: select exists (select 1 from "main".sqlite_master where name = 'migrations' and type = 'table') as "exists")

/home/joseph/projects/RideConnect/vendor/laravel/framework/src/Illuminate/Database/Connection.php:838
/home/joseph/projects/RideConnect/vendor/laravel/framework/src/Illuminate/Database/Connection.php:794
/home/joseph/projects/RideConnect/vendor/laravel/framework/src/Illuminate/Database/Connection.php:411
/home/joseph/projects/RideConnect/vendor/laravel/framework/src/Illuminate/Database/Connection.php:357
/home/joseph/projects/RideConnect/vendor/laravel/framework/src/Illuminate/Database/Connection.php:374
/home/joseph/projects/RideConnect/vendor/laravel/framework/src/Illuminate/Database/Schema/Builder.php:176
/home/joseph/projects/RideConnect/vendor/laravel/framework/src/Illuminate/Database/Migrations/DatabaseMigrationRepository.php:185
/home/joseph/projects/RideConnect/vendor/laravel/framework/src/Illuminate/Database/Migrations/Migrator.php:758
/home/joseph/projects/RideConnect/vendor/laravel/framework/src/Illuminate/Database/Console/Migrations/MigrateCommand.php:164
/home/joseph/projects/RideConnect/vendor/laravel/framework/src/Illuminate/Support/helpers.php:328
/home/joseph/projects/RideConnect/vendor/laravel/framework/src/Illuminate/Database/Console/Migrations/MigrateCommand.php:164
/home/joseph/projects/RideConnect/vendor/laravel/framework/src/Illuminate/Database/Console/Migrations/MigrateCommand.php:140
/home/joseph/projects/RideConnect/vendor/laravel/framework/src/Illuminate/Database/Console/Migrations/MigrateCommand.php:110
/home/joseph/projects/RideConnect/vendor/laravel/framework/src/Illuminate/Database/Migrations/Migrator.php:671
/home/joseph/projects/RideConnect/vendor/laravel/framework/src/Illuminate/Database/Console/Migrations/MigrateCommand.php:109
/home/joseph/projects/RideConnect/vendor/laravel/framework/src/Illuminate/Database/Console/Migrations/MigrateCommand.php:88
/home/joseph/projects/RideConnect/vendor/laravel/framework/src/Illuminate/Container/BoundMethod.php:36
/home/joseph/projects/RideConnect/vendor/laravel/framework/src/Illuminate/Container/Util.php:43
/home/joseph/projects/RideConnect/vendor/laravel/framework/src/Illuminate/Container/BoundMethod.php:96
/home/joseph/projects/RideConnect/vendor/laravel/framework/src/Illuminate/Container/BoundMethod.php:35
/home/joseph/projects/RideConnect/vendor/laravel/framework/src/Illuminate/Container/Container.php:799
/home/joseph/projects/RideConnect/vendor/laravel/framework/src/Illuminate/Console/Command.php:211
/home/joseph/projects/RideConnect/vendor/symfony/console/Command/Command.php:341
/home/joseph/projects/RideConnect/vendor/laravel/framework/src/Illuminate/Console/Command.php:180
/home/joseph/projects/RideConnect/vendor/laravel/framework/src/Illuminate/Console/Concerns/CallsCommands.php:68
/home/joseph/projects/RideConnect/vendor/laravel/framework/src/Illuminate/Console/Concerns/CallsCommands.php:29
/home/joseph/projects/RideConnect/vendor/laravel/framework/src/Illuminate/Database/Console/Migrations/FreshCommand.php:88
/home/joseph/projects/RideConnect/vendor/laravel/framework/src/Illuminate/Container/BoundMethod.php:36
/home/joseph/projects/RideConnect/vendor/laravel/framework/src/Illuminate/Container/Util.php:43
/home/joseph/projects/RideConnect/vendor/laravel/framework/src/Illuminate/Container/BoundMethod.php:96
/home/joseph/projects/RideConnect/vendor/laravel/framework/src/Illuminate/Container/BoundMethod.php:35
/home/joseph/projects/RideConnect/vendor/laravel/framework/src/Illuminate/Container/Container.php:799
/home/joseph/projects/RideConnect/vendor/laravel/framework/src/Illuminate/Console/Command.php:211
/home/joseph/projects/RideConnect/vendor/symfony/console/Command/Command.php:341
/home/joseph/projects/RideConnect/vendor/laravel/framework/src/Illuminate/Console/Command.php:180
/home/joseph/projects/RideConnect/vendor/symfony/console/Application.php:1094
/home/joseph/projects/RideConnect/vendor/symfony/console/Application.php:356
/home/joseph/projects/RideConnect/vendor/symfony/console/Application.php:195
/home/joseph/projects/RideConnect/vendor/laravel/framework/src/Illuminate/Console/Application.php:165
/home/joseph/projects/RideConnect/vendor/laravel/framework/src/Illuminate/Foundation/Console/Kernel.php:447
/home/joseph/projects/RideConnect/vendor/laravel/framework/src/Illuminate/Testing/PendingCommand.php:451
/home/joseph/projects/RideConnect/vendor/laravel/framework/src/Illuminate/Testing/PendingCommand.php:675
/home/joseph/projects/RideConnect/vendor/laravel/framework/src/Illuminate/Foundation/Testing/Concerns/InteractsWithConsole.php:87
/home/joseph/projects/RideConnect/vendor/laravel/framework/src/Illuminate/Foundation/Testing/RefreshDatabase.php:119
/home/joseph/projects/RideConnect/vendor/laravel/framework/src/Illuminate/Foundation/Testing/RefreshDatabase.php:84
/home/joseph/projects/RideConnect/vendor/laravel/framework/src/Illuminate/Foundation/Testing/RefreshDatabase.php:25
/home/joseph/projects/RideConnect/vendor/laravel/framework/src/Illuminate/Foundation/Testing/Concerns/InteractsWithTestCaseLifecycle.php:217
/home/joseph/projects/RideConnect/vendor/laravel/framework/src/Illuminate/Foundation/Testing/Concerns/InteractsWithTestCaseLifecycle.php:101
/home/joseph/projects/RideConnect/vendor/laravel/framework/src/Illuminate/Foundation/Testing/TestCase.php:63
/home/joseph/projects/RideConnect/tests/Feature/PrivateTransportFlowTest.php:36</error>
        </testcase>
      </testsuite>
      <testsuite name="Tests\Feature\PublicBus\DriverBusOperationTest" file="/home/joseph/projects/RideConnect/tests/Feature/PublicBus/DriverBusOperationTest.php" tests="4" assertions="0" errors="4" failures="0" skipped="0" time="0.000000">
        <testcase name="test_driver_can_post_live_location" file="/home/joseph/projects/RideConnect/tests/Feature/PublicBus/DriverBusOperationTest.php" line="78" class="Tests\Feature\PublicBus\DriverBusOperationTest" classname="Tests.Feature.PublicBus.DriverBusOperationTest" assertions="0" time="0.000000">
          <error type="Illuminate\Database\QueryException">Tests\Feature\PublicBus\DriverBusOperationTest::test_driver_can_post_live_location
Illuminate\Database\QueryException: could not find driver (Connection: sqlite, Database: :memory:, SQL: select exists (select 1 from "main".sqlite_master where name = 'migrations' and type = 'table') as "exists")

/home/joseph/projects/RideConnect/vendor/laravel/framework/src/Illuminate/Database/Connection.php:838
/home/joseph/projects/RideConnect/vendor/laravel/framework/src/Illuminate/Database/Connection.php:794
/home/joseph/projects/RideConnect/vendor/laravel/framework/src/Illuminate/Database/Connection.php:411
/home/joseph/projects/RideConnect/vendor/laravel/framework/src/Illuminate/Database/Connection.php:357
/home/joseph/projects/RideConnect/vendor/laravel/framework/src/Illuminate/Database/Connection.php:374
/home/joseph/projects/RideConnect/vendor/laravel/framework/src/Illuminate/Database/Schema/Builder.php:176
/home/joseph/projects/RideConnect/vendor/laravel/framework/src/Illuminate/Database/Migrations/DatabaseMigrationRepository.php:185
/home/joseph/projects/RideConnect/vendor/laravel/framework/src/Illuminate/Database/Migrations/Migrator.php:758
/home/joseph/projects/RideConnect/vendor/laravel/framework/src/Illuminate/Database/Console/Migrations/MigrateCommand.php:164
/home/joseph/projects/RideConnect/vendor/laravel/framework/src/Illuminate/Support/helpers.php:328
/home/joseph/projects/RideConnect/vendor/laravel/framework/src/Illuminate/Database/Console/Migrations/MigrateCommand.php:164
/home/joseph/projects/RideConnect/vendor/laravel/framework/src/Illuminate/Database/Console/Migrations/MigrateCommand.php:140
/home/joseph/projects/RideConnect/vendor/laravel/framework/src/Illuminate/Database/Console/Migrations/MigrateCommand.php:110
/home/joseph/projects/RideConnect/vendor/laravel/framework/src/Illuminate/Database/Migrations/Migrator.php:671
/home/joseph/projects/RideConnect/vendor/laravel/framework/src/Illuminate/Database/Console/Migrations/MigrateCommand.php:109
/home/joseph/projects/RideConnect/vendor/laravel/framework/src/Illuminate/Database/Console/Migrations/MigrateCommand.php:88
/home/joseph/projects/RideConnect/vendor/laravel/framework/src/Illuminate/Container/BoundMethod.php:36
/home/joseph/projects/RideConnect/vendor/laravel/framework/src/Illuminate/Container/Util.php:43
/home/joseph/projects/RideConnect/vendor/laravel/framework/src/Illuminate/Container/BoundMethod.php:96
/home/joseph/projects/RideConnect/vendor/laravel/framework/src/Illuminate/Container/BoundMethod.php:35
/home/joseph/projects/RideConnect/vendor/laravel/framework/src/Illuminate/Container/Container.php:799
/home/joseph/projects/RideConnect/vendor/laravel/framework/src/Illuminate/Console/Command.php:211
/home/joseph/projects/RideConnect/vendor/symfony/console/Command/Command.php:341
/home/joseph/projects/RideConnect/vendor/laravel/framework/src/Illuminate/Console/Command.php:180
/home/joseph/projects/RideConnect/vendor/laravel/framework/src/Illuminate/Console/Concerns/CallsCommands.php:68
/home/joseph/projects/RideConnect/vendor/laravel/framework/src/Illuminate/Console/Concerns/CallsCommands.php:29
/home/joseph/projects/RideConnect/vendor/laravel/framework/src/Illuminate/Database/Console/Migrations/FreshCommand.php:88
/home/joseph/projects/RideConnect/vendor/laravel/framework/src/Illuminate/Container/BoundMethod.php:36
/home/joseph/projects/RideConnect/vendor/laravel/framework/src/Illuminate/Container/Util.php:43
/home/joseph/projects/RideConnect/vendor/laravel/framework/src/Illuminate/Container/BoundMethod.php:96
/home/joseph/projects/RideConnect/vendor/laravel/framework/src/Illuminate/Container/BoundMethod.php:35
/home/joseph/projects/RideConnect/vendor/laravel/framework/src/Illuminate/Container/Container.php:799
/home/joseph/projects/RideConnect/vendor/laravel/framework/src/Illuminate/Console/Command.php:211
/home/joseph/projects/RideConnect/vendor/symfony/console/Command/Command.php:341
/home/joseph/projects/RideConnect/vendor/laravel/framework/src/Illuminate/Console/Command.php:180
/home/joseph/projects/RideConnect/vendor/symfony/console/Application.php:1094
/home/joseph/projects/RideConnect/vendor/symfony/console/Application.php:356
/home/joseph/projects/RideConnect/vendor/symfony/console/Application.php:195
/home/joseph/projects/RideConnect/vendor/laravel/framework/src/Illuminate/Console/Application.php:165
/home/joseph/projects/RideConnect/vendor/laravel/framework/src/Illuminate/Foundation/Console/Kernel.php:447
/home/joseph/projects/RideConnect/vendor/laravel/framework/src/Illuminate/Testing/PendingCommand.php:451
/home/joseph/projects/RideConnect/vendor/laravel/framework/src/Illuminate/Testing/PendingCommand.php:675
/home/joseph/projects/RideConnect/vendor/laravel/framework/src/Illuminate/Foundation/Testing/Concerns/InteractsWithConsole.php:87
/home/joseph/projects/RideConnect/vendor/laravel/framework/src/Illuminate/Foundation/Testing/RefreshDatabase.php:119
/home/joseph/projects/RideConnect/vendor/laravel/framework/src/Illuminate/Foundation/Testing/RefreshDatabase.php:84
/home/joseph/projects/RideConnect/vendor/laravel/framework/src/Illuminate/Foundation/Testing/RefreshDatabase.php:25
/home/joseph/projects/RideConnect/vendor/laravel/framework/src/Illuminate/Foundation/Testing/Concerns/InteractsWithTestCaseLifecycle.php:217
/home/joseph/projects/RideConnect/vendor/laravel/framework/src/Illuminate/Foundation/Testing/Concerns/InteractsWithTestCaseLifecycle.php:101
/home/joseph/projects/RideConnect/vendor/laravel/framework/src/Illuminate/Foundation/Testing/TestCase.php:63
/home/joseph/projects/RideConnect/tests/Feature/PublicBus/DriverBusOperationTest.php:33</error>
        </testcase>
        <testcase name="test_driver_can_post_arrived_at_stop" file="/home/joseph/projects/RideConnect/tests/Feature/PublicBus/DriverBusOperationTest.php" line="106" class="Tests\Feature\PublicBus\DriverBusOperationTest" classname="Tests.Feature.PublicBus.DriverBusOperationTest" assertions="0" time="0.000000">
          <error type="Illuminate\Database\QueryException">Tests\Feature\PublicBus\DriverBusOperationTest::test_driver_can_post_arrived_at_stop
Illuminate\Database\QueryException: could not find driver (Connection: sqlite, Database: :memory:, SQL: select exists (select 1 from "main".sqlite_master where name = 'migrations' and type = 'table') as "exists")

/home/joseph/projects/RideConnect/vendor/laravel/framework/src/Illuminate/Database/Connection.php:838
/home/joseph/projects/RideConnect/vendor/laravel/framework/src/Illuminate/Database/Connection.php:794
/home/joseph/projects/RideConnect/vendor/laravel/framework/src/Illuminate/Database/Connection.php:411
/home/joseph/projects/RideConnect/vendor/laravel/framework/src/Illuminate/Database/Connection.php:357
/home/joseph/projects/RideConnect/vendor/laravel/framework/src/Illuminate/Database/Connection.php:374
/home/joseph/projects/RideConnect/vendor/laravel/framework/src/Illuminate/Database/Schema/Builder.php:176
/home/joseph/projects/RideConnect/vendor/laravel/framework/src/Illuminate/Database/Migrations/DatabaseMigrationRepository.php:185
/home/joseph/projects/RideConnect/vendor/laravel/framework/src/Illuminate/Database/Migrations/Migrator.php:758
/home/joseph/projects/RideConnect/vendor/laravel/framework/src/Illuminate/Database/Console/Migrations/MigrateCommand.php:164
/home/joseph/projects/RideConnect/vendor/laravel/framework/src/Illuminate/Support/helpers.php:328
/home/joseph/projects/RideConnect/vendor/laravel/framework/src/Illuminate/Database/Console/Migrations/MigrateCommand.php:164
/home/joseph/projects/RideConnect/vendor/laravel/framework/src/Illuminate/Database/Console/Migrations/MigrateCommand.php:140
/home/joseph/projects/RideConnect/vendor/laravel/framework/src/Illuminate/Database/Console/Migrations/MigrateCommand.php:110
/home/joseph/projects/RideConnect/vendor/laravel/framework/src/Illuminate/Database/Migrations/Migrator.php:671
/home/joseph/projects/RideConnect/vendor/laravel/framework/src/Illuminate/Database/Console/Migrations/MigrateCommand.php:109
/home/joseph/projects/RideConnect/vendor/laravel/framework/src/Illuminate/Database/Console/Migrations/MigrateCommand.php:88
/home/joseph/projects/RideConnect/vendor/laravel/framework/src/Illuminate/Container/BoundMethod.php:36
/home/joseph/projects/RideConnect/vendor/laravel/framework/src/Illuminate/Container/Util.php:43
/home/joseph/projects/RideConnect/vendor/laravel/framework/src/Illuminate/Container/BoundMethod.php:96
/home/joseph/projects/RideConnect/vendor/laravel/framework/src/Illuminate/Container/BoundMethod.php:35
/home/joseph/projects/RideConnect/vendor/laravel/framework/src/Illuminate/Container/Container.php:799
/home/joseph/projects/RideConnect/vendor/laravel/framework/src/Illuminate/Console/Command.php:211
/home/joseph/projects/RideConnect/vendor/symfony/console/Command/Command.php:341
/home/joseph/projects/RideConnect/vendor/laravel/framework/src/Illuminate/Console/Command.php:180
/home/joseph/projects/RideConnect/vendor/laravel/framework/src/Illuminate/Console/Concerns/CallsCommands.php:68
/home/joseph/projects/RideConnect/vendor/laravel/framework/src/Illuminate/Console/Concerns/CallsCommands.php:29
/home/joseph/projects/RideConnect/vendor/laravel/framework/src/Illuminate/Database/Console/Migrations/FreshCommand.php:88
/home/joseph/projects/RideConnect/vendor/laravel/framework/src/Illuminate/Container/BoundMethod.php:36
/home/joseph/projects/RideConnect/vendor/laravel/framework/src/Illuminate/Container/Util.php:43
/home/joseph/projects/RideConnect/vendor/laravel/framework/src/Illuminate/Container/BoundMethod.php:96
/home/joseph/projects/RideConnect/vendor/laravel/framework/src/Illuminate/Container/BoundMethod.php:35
/home/joseph/projects/RideConnect/vendor/laravel/framework/src/Illuminate/Container/Container.php:799
/home/joseph/projects/RideConnect/vendor/laravel/framework/src/Illuminate/Console/Command.php:211
/home/joseph/projects/RideConnect/vendor/symfony/console/Command/Command.php:341
/home/joseph/projects/RideConnect/vendor/laravel/framework/src/Illuminate/Console/Command.php:180
/home/joseph/projects/RideConnect/vendor/symfony/console/Application.php:1094
/home/joseph/projects/RideConnect/vendor/symfony/console/Application.php:356
/home/joseph/projects/RideConnect/vendor/symfony/console/Application.php:195
/home/joseph/projects/RideConnect/vendor/laravel/framework/src/Illuminate/Console/Application.php:165
/home/joseph/projects/RideConnect/vendor/laravel/framework/src/Illuminate/Foundation/Console/Kernel.php:447
/home/joseph/projects/RideConnect/vendor/laravel/framework/src/Illuminate/Testing/PendingCommand.php:451
/home/joseph/projects/RideConnect/vendor/laravel/framework/src/Illuminate/Testing/PendingCommand.php:675
/home/joseph/projects/RideConnect/vendor/laravel/framework/src/Illuminate/Foundation/Testing/Concerns/InteractsWithConsole.php:87
/home/joseph/projects/RideConnect/vendor/laravel/framework/src/Illuminate/Foundation/Testing/RefreshDatabase.php:119
/home/joseph/projects/RideConnect/vendor/laravel/framework/src/Illuminate/Foundation/Testing/RefreshDatabase.php:84
/home/joseph/projects/RideConnect/vendor/laravel/framework/src/Illuminate/Foundation/Testing/RefreshDatabase.php:25
/home/joseph/projects/RideConnect/vendor/laravel/framework/src/Illuminate/Foundation/Testing/Concerns/InteractsWithTestCaseLifecycle.php:217
/home/joseph/projects/RideConnect/vendor/laravel/framework/src/Illuminate/Foundation/Testing/Concerns/InteractsWithTestCaseLifecycle.php:101
/home/joseph/projects/RideConnect/vendor/laravel/framework/src/Illuminate/Foundation/Testing/TestCase.php:63
/home/joseph/projects/RideConnect/tests/Feature/PublicBus/DriverBusOperationTest.php:33</error>
        </testcase>
        <testcase name="test_driver_can_post_passenger_boarded" file="/home/joseph/projects/RideConnect/tests/Feature/PublicBus/DriverBusOperationTest.php" line="132" class="Tests\Feature\PublicBus\DriverBusOperationTest" classname="Tests.Feature.PublicBus.DriverBusOperationTest" assertions="0" time="0.000000">
          <error type="Illuminate\Database\QueryException">Tests\Feature\PublicBus\DriverBusOperationTest::test_driver_can_post_passenger_boarded
Illuminate\Database\QueryException: could not find driver (Connection: sqlite, Database: :memory:, SQL: select exists (select 1 from "main".sqlite_master where name = 'migrations' and type = 'table') as "exists")

/home/joseph/projects/RideConnect/vendor/laravel/framework/src/Illuminate/Database/Connection.php:838
/home/joseph/projects/RideConnect/vendor/laravel/framework/src/Illuminate/Database/Connection.php:794
/home/joseph/projects/RideConnect/vendor/laravel/framework/src/Illuminate/Database/Connection.php:411
/home/joseph/projects/RideConnect/vendor/laravel/framework/src/Illuminate/Database/Connection.php:357
/home/joseph/projects/RideConnect/vendor/laravel/framework/src/Illuminate/Database/Connection.php:374
/home/joseph/projects/RideConnect/vendor/laravel/framework/src/Illuminate/Database/Schema/Builder.php:176
/home/joseph/projects/RideConnect/vendor/laravel/framework/src/Illuminate/Database/Migrations/DatabaseMigrationRepository.php:185
/home/joseph/projects/RideConnect/vendor/laravel/framework/src/Illuminate/Database/Migrations/Migrator.php:758
/home/joseph/projects/RideConnect/vendor/laravel/framework/src/Illuminate/Database/Console/Migrations/MigrateCommand.php:164
/home/joseph/projects/RideConnect/vendor/laravel/framework/src/Illuminate/Support/helpers.php:328
/home/joseph/projects/RideConnect/vendor/laravel/framework/src/Illuminate/Database/Console/Migrations/MigrateCommand.php:164
/home/joseph/projects/RideConnect/vendor/laravel/framework/src/Illuminate/Database/Console/Migrations/MigrateCommand.php:140
/home/joseph/projects/RideConnect/vendor/laravel/framework/src/Illuminate/Database/Console/Migrations/MigrateCommand.php:110
/home/joseph/projects/RideConnect/vendor/laravel/framework/src/Illuminate/Database/Migrations/Migrator.php:671
/home/joseph/projects/RideConnect/vendor/laravel/framework/src/Illuminate/Database/Console/Migrations/MigrateCommand.php:109
/home/joseph/projects/RideConnect/vendor/laravel/framework/src/Illuminate/Database/Console/Migrations/MigrateCommand.php:88
/home/joseph/projects/RideConnect/vendor/laravel/framework/src/Illuminate/Container/BoundMethod.php:36
/home/joseph/projects/RideConnect/vendor/laravel/framework/src/Illuminate/Container/Util.php:43
/home/joseph/projects/RideConnect/vendor/laravel/framework/src/Illuminate/Container/BoundMethod.php:96
/home/joseph/projects/RideConnect/vendor/laravel/framework/src/Illuminate/Container/BoundMethod.php:35
/home/joseph/projects/RideConnect/vendor/laravel/framework/src/Illuminate/Container/Container.php:799
/home/joseph/projects/RideConnect/vendor/laravel/framework/src/Illuminate/Console/Command.php:211
/home/joseph/projects/RideConnect/vendor/symfony/console/Command/Command.php:341
/home/joseph/projects/RideConnect/vendor/laravel/framework/src/Illuminate/Console/Command.php:180
/home/joseph/projects/RideConnect/vendor/laravel/framework/src/Illuminate/Console/Concerns/CallsCommands.php:68
/home/joseph/projects/RideConnect/vendor/laravel/framework/src/Illuminate/Console/Concerns/CallsCommands.php:29
/home/joseph/projects/RideConnect/vendor/laravel/framework/src/Illuminate/Database/Console/Migrations/FreshCommand.php:88
/home/joseph/projects/RideConnect/vendor/laravel/framework/src/Illuminate/Container/BoundMethod.php:36
/home/joseph/projects/RideConnect/vendor/laravel/framework/src/Illuminate/Container/Util.php:43
/home/joseph/projects/RideConnect/vendor/laravel/framework/src/Illuminate/Container/BoundMethod.php:96
/home/joseph/projects/RideConnect/vendor/laravel/framework/src/Illuminate/Container/BoundMethod.php:35
/home/joseph/projects/RideConnect/vendor/laravel/framework/src/Illuminate/Container/Container.php:799
/home/joseph/projects/RideConnect/vendor/laravel/framework/src/Illuminate/Console/Command.php:211
/home/joseph/projects/RideConnect/vendor/symfony/console/Command/Command.php:341
/home/joseph/projects/RideConnect/vendor/laravel/framework/src/Illuminate/Console/Command.php:180
/home/joseph/projects/RideConnect/vendor/symfony/console/Application.php:1094
/home/joseph/projects/RideConnect/vendor/symfony/console/Application.php:356
/home/joseph/projects/RideConnect/vendor/symfony/console/Application.php:195
/home/joseph/projects/RideConnect/vendor/laravel/framework/src/Illuminate/Console/Application.php:165
/home/joseph/projects/RideConnect/vendor/laravel/framework/src/Illuminate/Foundation/Console/Kernel.php:447
/home/joseph/projects/RideConnect/vendor/laravel/framework/src/Illuminate/Testing/PendingCommand.php:451
/home/joseph/projects/RideConnect/vendor/laravel/framework/src/Illuminate/Testing/PendingCommand.php:675
/home/joseph/projects/RideConnect/vendor/laravel/framework/src/Illuminate/Foundation/Testing/Concerns/InteractsWithConsole.php:87
/home/joseph/projects/RideConnect/vendor/laravel/framework/src/Illuminate/Foundation/Testing/RefreshDatabase.php:119
/home/joseph/projects/RideConnect/vendor/laravel/framework/src/Illuminate/Foundation/Testing/RefreshDatabase.php:84
/home/joseph/projects/RideConnect/vendor/laravel/framework/src/Illuminate/Foundation/Testing/RefreshDatabase.php:25
/home/joseph/projects/RideConnect/vendor/laravel/framework/src/Illuminate/Foundation/Testing/Concerns/InteractsWithTestCaseLifecycle.php:217
/home/joseph/projects/RideConnect/vendor/laravel/framework/src/Illuminate/Foundation/Testing/Concerns/InteractsWithTestCaseLifecycle.php:101
/home/joseph/projects/RideConnect/vendor/laravel/framework/src/Illuminate/Foundation/Testing/TestCase.php:63
/home/joseph/projects/RideConnect/tests/Feature/PublicBus/DriverBusOperationTest.php:33</error>
        </testcase>
        <testcase name="test_driver_can_post_passenger_completed" file="/home/joseph/projects/RideConnect/tests/Feature/PublicBus/DriverBusOperationTest.php" line="185" class="Tests\Feature\PublicBus\DriverBusOperationTest" classname="Tests.Feature.PublicBus.DriverBusOperationTest" assertions="0" time="0.000000">
          <error type="Illuminate\Database\QueryException">Tests\Feature\PublicBus\DriverBusOperationTest::test_driver_can_post_passenger_completed
Illuminate\Database\QueryException: could not find driver (Connection: sqlite, Database: :memory:, SQL: select exists (select 1 from "main".sqlite_master where name = 'migrations' and type = 'table') as "exists")

/home/joseph/projects/RideConnect/vendor/laravel/framework/src/Illuminate/Database/Connection.php:838
/home/joseph/projects/RideConnect/vendor/laravel/framework/src/Illuminate/Database/Connection.php:794
/home/joseph/projects/RideConnect/vendor/laravel/framework/src/Illuminate/Database/Connection.php:411
/home/joseph/projects/RideConnect/vendor/laravel/framework/src/Illuminate/Database/Connection.php:357
/home/joseph/projects/RideConnect/vendor/laravel/framework/src/Illuminate/Database/Connection.php:374
/home/joseph/projects/RideConnect/vendor/laravel/framework/src/Illuminate/Database/Schema/Builder.php:176
/home/joseph/projects/RideConnect/vendor/laravel/framework/src/Illuminate/Database/Migrations/DatabaseMigrationRepository.php:185
/home/joseph/projects/RideConnect/vendor/laravel/framework/src/Illuminate/Database/Migrations/Migrator.php:758
/home/joseph/projects/RideConnect/vendor/laravel/framework/src/Illuminate/Database/Console/Migrations/MigrateCommand.php:164
/home/joseph/projects/RideConnect/vendor/laravel/framework/src/Illuminate/Support/helpers.php:328
/home/joseph/projects/RideConnect/vendor/laravel/framework/src/Illuminate/Database/Console/Migrations/MigrateCommand.php:164
/home/joseph/projects/RideConnect/vendor/laravel/framework/src/Illuminate/Database/Console/Migrations/MigrateCommand.php:140
/home/joseph/projects/RideConnect/vendor/laravel/framework/src/Illuminate/Database/Console/Migrations/MigrateCommand.php:110
/home/joseph/projects/RideConnect/vendor/laravel/framework/src/Illuminate/Database/Migrations/Migrator.php:671
/home/joseph/projects/RideConnect/vendor/laravel/framework/src/Illuminate/Database/Console/Migrations/MigrateCommand.php:109
/home/joseph/projects/RideConnect/vendor/laravel/framework/src/Illuminate/Database/Console/Migrations/MigrateCommand.php:88
/home/joseph/projects/RideConnect/vendor/laravel/framework/src/Illuminate/Container/BoundMethod.php:36
/home/joseph/projects/RideConnect/vendor/laravel/framework/src/Illuminate/Container/Util.php:43
/home/joseph/projects/RideConnect/vendor/laravel/framework/src/Illuminate/Container/BoundMethod.php:96
/home/joseph/projects/RideConnect/vendor/laravel/framework/src/Illuminate/Container/BoundMethod.php:35
/home/joseph/projects/RideConnect/vendor/laravel/framework/src/Illuminate/Container/Container.php:799
/home/joseph/projects/RideConnect/vendor/laravel/framework/src/Illuminate/Console/Command.php:211
/home/joseph/projects/RideConnect/vendor/symfony/console/Command/Command.php:341
/home/joseph/projects/RideConnect/vendor/laravel/framework/src/Illuminate/Console/Command.php:180
/home/joseph/projects/RideConnect/vendor/laravel/framework/src/Illuminate/Console/Concerns/CallsCommands.php:68
/home/joseph/projects/RideConnect/vendor/laravel/framework/src/Illuminate/Console/Concerns/CallsCommands.php:29
/home/joseph/projects/RideConnect/vendor/laravel/framework/src/Illuminate/Database/Console/Migrations/FreshCommand.php:88
/home/joseph/projects/RideConnect/vendor/laravel/framework/src/Illuminate/Container/BoundMethod.php:36
/home/joseph/projects/RideConnect/vendor/laravel/framework/src/Illuminate/Container/Util.php:43
/home/joseph/projects/RideConnect/vendor/laravel/framework/src/Illuminate/Container/BoundMethod.php:96
/home/joseph/projects/RideConnect/vendor/laravel/framework/src/Illuminate/Container/BoundMethod.php:35
/home/joseph/projects/RideConnect/vendor/laravel/framework/src/Illuminate/Container/Container.php:799
/home/joseph/projects/RideConnect/vendor/laravel/framework/src/Illuminate/Console/Command.php:211
/home/joseph/projects/RideConnect/vendor/symfony/console/Command/Command.php:341
/home/joseph/projects/RideConnect/vendor/laravel/framework/src/Illuminate/Console/Command.php:180
/home/joseph/projects/RideConnect/vendor/symfony/console/Application.php:1094
/home/joseph/projects/RideConnect/vendor/symfony/console/Application.php:356
/home/joseph/projects/RideConnect/vendor/symfony/console/Application.php:195
/home/joseph/projects/RideConnect/vendor/laravel/framework/src/Illuminate/Console/Application.php:165
/home/joseph/projects/RideConnect/vendor/laravel/framework/src/Illuminate/Foundation/Console/Kernel.php:447
/home/joseph/projects/RideConnect/vendor/laravel/framework/src/Illuminate/Testing/PendingCommand.php:451
/home/joseph/projects/RideConnect/vendor/laravel/framework/src/Illuminate/Testing/PendingCommand.php:675
/home/joseph/projects/RideConnect/vendor/laravel/framework/src/Illuminate/Foundation/Testing/Concerns/InteractsWithConsole.php:87
/home/joseph/projects/RideConnect/vendor/laravel/framework/src/Illuminate/Foundation/Testing/RefreshDatabase.php:119
/home/joseph/projects/RideConnect/vendor/laravel/framework/src/Illuminate/Foundation/Testing/RefreshDatabase.php:84
/home/joseph/projects/RideConnect/vendor/laravel/framework/src/Illuminate/Foundation/Testing/RefreshDatabase.php:25
/home/joseph/projects/RideConnect/vendor/laravel/framework/src/Illuminate/Foundation/Testing/Concerns/InteractsWithTestCaseLifecycle.php:217
/home/joseph/projects/RideConnect/vendor/laravel/framework/src/Illuminate/Foundation/Testing/Concerns/InteractsWithTestCaseLifecycle.php:101
/home/joseph/projects/RideConnect/vendor/laravel/framework/src/Illuminate/Foundation/Testing/TestCase.php:63
/home/joseph/projects/RideConnect/tests/Feature/PublicBus/DriverBusOperationTest.php:33</error>
        </testcase>
      </testsuite>
      <testsuite name="Tests\Feature\PublicBus\OfficerBusManagementTest" file="/home/joseph/projects/RideConnect/tests/Feature/PublicBus/OfficerBusManagementTest.php" tests="4" assertions="0" errors="4" failures="0" skipped="0" time="0.000000">
        <testcase name="test_officer_can_create_corridors" file="/home/joseph/projects/RideConnect/tests/Feature/PublicBus/OfficerBusManagementTest.php" line="57" class="Tests\Feature\PublicBus\OfficerBusManagementTest" classname="Tests.Feature.PublicBus.OfficerBusManagementTest" assertions="0" time="0.000000">
          <error type="Illuminate\Database\QueryException">Tests\Feature\PublicBus\OfficerBusManagementTest::test_officer_can_create_corridors
Illuminate\Database\QueryException: could not find driver (Connection: sqlite, Database: :memory:, SQL: select exists (select 1 from "main".sqlite_master where name = 'migrations' and type = 'table') as "exists")

/home/joseph/projects/RideConnect/vendor/laravel/framework/src/Illuminate/Database/Connection.php:838
/home/joseph/projects/RideConnect/vendor/laravel/framework/src/Illuminate/Database/Connection.php:794
/home/joseph/projects/RideConnect/vendor/laravel/framework/src/Illuminate/Database/Connection.php:411
/home/joseph/projects/RideConnect/vendor/laravel/framework/src/Illuminate/Database/Connection.php:357
/home/joseph/projects/RideConnect/vendor/laravel/framework/src/Illuminate/Database/Connection.php:374
/home/joseph/projects/RideConnect/vendor/laravel/framework/src/Illuminate/Database/Schema/Builder.php:176
/home/joseph/projects/RideConnect/vendor/laravel/framework/src/Illuminate/Database/Migrations/DatabaseMigrationRepository.php:185
/home/joseph/projects/RideConnect/vendor/laravel/framework/src/Illuminate/Database/Migrations/Migrator.php:758
/home/joseph/projects/RideConnect/vendor/laravel/framework/src/Illuminate/Database/Console/Migrations/MigrateCommand.php:164
/home/joseph/projects/RideConnect/vendor/laravel/framework/src/Illuminate/Support/helpers.php:328
/home/joseph/projects/RideConnect/vendor/laravel/framework/src/Illuminate/Database/Console/Migrations/MigrateCommand.php:164
/home/joseph/projects/RideConnect/vendor/laravel/framework/src/Illuminate/Database/Console/Migrations/MigrateCommand.php:140
/home/joseph/projects/RideConnect/vendor/laravel/framework/src/Illuminate/Database/Console/Migrations/MigrateCommand.php:110
/home/joseph/projects/RideConnect/vendor/laravel/framework/src/Illuminate/Database/Migrations/Migrator.php:671
/home/joseph/projects/RideConnect/vendor/laravel/framework/src/Illuminate/Database/Console/Migrations/MigrateCommand.php:109
/home/joseph/projects/RideConnect/vendor/laravel/framework/src/Illuminate/Database/Console/Migrations/MigrateCommand.php:88
/home/joseph/projects/RideConnect/vendor/laravel/framework/src/Illuminate/Container/BoundMethod.php:36
/home/joseph/projects/RideConnect/vendor/laravel/framework/src/Illuminate/Container/Util.php:43
/home/joseph/projects/RideConnect/vendor/laravel/framework/src/Illuminate/Container/BoundMethod.php:96
/home/joseph/projects/RideConnect/vendor/laravel/framework/src/Illuminate/Container/BoundMethod.php:35
/home/joseph/projects/RideConnect/vendor/laravel/framework/src/Illuminate/Container/Container.php:799
/home/joseph/projects/RideConnect/vendor/laravel/framework/src/Illuminate/Console/Command.php:211
/home/joseph/projects/RideConnect/vendor/symfony/console/Command/Command.php:341
/home/joseph/projects/RideConnect/vendor/laravel/framework/src/Illuminate/Console/Command.php:180
/home/joseph/projects/RideConnect/vendor/laravel/framework/src/Illuminate/Console/Concerns/CallsCommands.php:68
/home/joseph/projects/RideConnect/vendor/laravel/framework/src/Illuminate/Console/Concerns/CallsCommands.php:29
/home/joseph/projects/RideConnect/vendor/laravel/framework/src/Illuminate/Database/Console/Migrations/FreshCommand.php:88
/home/joseph/projects/RideConnect/vendor/laravel/framework/src/Illuminate/Container/BoundMethod.php:36
/home/joseph/projects/RideConnect/vendor/laravel/framework/src/Illuminate/Container/Util.php:43
/home/joseph/projects/RideConnect/vendor/laravel/framework/src/Illuminate/Container/BoundMethod.php:96
/home/joseph/projects/RideConnect/vendor/laravel/framework/src/Illuminate/Container/BoundMethod.php:35
/home/joseph/projects/RideConnect/vendor/laravel/framework/src/Illuminate/Container/Container.php:799
/home/joseph/projects/RideConnect/vendor/laravel/framework/src/Illuminate/Console/Command.php:211
/home/joseph/projects/RideConnect/vendor/symfony/console/Command/Command.php:341
/home/joseph/projects/RideConnect/vendor/laravel/framework/src/Illuminate/Console/Command.php:180
/home/joseph/projects/RideConnect/vendor/symfony/console/Application.php:1094
/home/joseph/projects/RideConnect/vendor/symfony/console/Application.php:356
/home/joseph/projects/RideConnect/vendor/symfony/console/Application.php:195
/home/joseph/projects/RideConnect/vendor/laravel/framework/src/Illuminate/Console/Application.php:165
/home/joseph/projects/RideConnect/vendor/laravel/framework/src/Illuminate/Foundation/Console/Kernel.php:447
/home/joseph/projects/RideConnect/vendor/laravel/framework/src/Illuminate/Testing/PendingCommand.php:451
/home/joseph/projects/RideConnect/vendor/laravel/framework/src/Illuminate/Testing/PendingCommand.php:675
/home/joseph/projects/RideConnect/vendor/laravel/framework/src/Illuminate/Foundation/Testing/Concerns/InteractsWithConsole.php:87
/home/joseph/projects/RideConnect/vendor/laravel/framework/src/Illuminate/Foundation/Testing/RefreshDatabase.php:119
/home/joseph/projects/RideConnect/vendor/laravel/framework/src/Illuminate/Foundation/Testing/RefreshDatabase.php:84
/home/joseph/projects/RideConnect/vendor/laravel/framework/src/Illuminate/Foundation/Testing/RefreshDatabase.php:25
/home/joseph/projects/RideConnect/vendor/laravel/framework/src/Illuminate/Foundation/Testing/Concerns/InteractsWithTestCaseLifecycle.php:217
/home/joseph/projects/RideConnect/vendor/laravel/framework/src/Illuminate/Foundation/Testing/Concerns/InteractsWithTestCaseLifecycle.php:101
/home/joseph/projects/RideConnect/vendor/laravel/framework/src/Illuminate/Foundation/Testing/TestCase.php:63
/home/joseph/projects/RideConnect/tests/Feature/PublicBus/OfficerBusManagementTest.php:27</error>
        </testcase>
        <testcase name="test_officer_can_create_stops" file="/home/joseph/projects/RideConnect/tests/Feature/PublicBus/OfficerBusManagementTest.php" line="86" class="Tests\Feature\PublicBus\OfficerBusManagementTest" classname="Tests.Feature.PublicBus.OfficerBusManagementTest" assertions="0" time="0.000000">
          <error type="Illuminate\Database\QueryException">Tests\Feature\PublicBus\OfficerBusManagementTest::test_officer_can_create_stops
Illuminate\Database\QueryException: could not find driver (Connection: sqlite, Database: :memory:, SQL: select exists (select 1 from "main".sqlite_master where name = 'migrations' and type = 'table') as "exists")

/home/joseph/projects/RideConnect/vendor/laravel/framework/src/Illuminate/Database/Connection.php:838
/home/joseph/projects/RideConnect/vendor/laravel/framework/src/Illuminate/Database/Connection.php:794
/home/joseph/projects/RideConnect/vendor/laravel/framework/src/Illuminate/Database/Connection.php:411
/home/joseph/projects/RideConnect/vendor/laravel/framework/src/Illuminate/Database/Connection.php:357
/home/joseph/projects/RideConnect/vendor/laravel/framework/src/Illuminate/Database/Connection.php:374
/home/joseph/projects/RideConnect/vendor/laravel/framework/src/Illuminate/Database/Schema/Builder.php:176
/home/joseph/projects/RideConnect/vendor/laravel/framework/src/Illuminate/Database/Migrations/DatabaseMigrationRepository.php:185
/home/joseph/projects/RideConnect/vendor/laravel/framework/src/Illuminate/Database/Migrations/Migrator.php:758
/home/joseph/projects/RideConnect/vendor/laravel/framework/src/Illuminate/Database/Console/Migrations/MigrateCommand.php:164
/home/joseph/projects/RideConnect/vendor/laravel/framework/src/Illuminate/Support/helpers.php:328
/home/joseph/projects/RideConnect/vendor/laravel/framework/src/Illuminate/Database/Console/Migrations/MigrateCommand.php:164
/home/joseph/projects/RideConnect/vendor/laravel/framework/src/Illuminate/Database/Console/Migrations/MigrateCommand.php:140
/home/joseph/projects/RideConnect/vendor/laravel/framework/src/Illuminate/Database/Console/Migrations/MigrateCommand.php:110
/home/joseph/projects/RideConnect/vendor/laravel/framework/src/Illuminate/Database/Migrations/Migrator.php:671
/home/joseph/projects/RideConnect/vendor/laravel/framework/src/Illuminate/Database/Console/Migrations/MigrateCommand.php:109
/home/joseph/projects/RideConnect/vendor/laravel/framework/src/Illuminate/Database/Console/Migrations/MigrateCommand.php:88
/home/joseph/projects/RideConnect/vendor/laravel/framework/src/Illuminate/Container/BoundMethod.php:36
/home/joseph/projects/RideConnect/vendor/laravel/framework/src/Illuminate/Container/Util.php:43
/home/joseph/projects/RideConnect/vendor/laravel/framework/src/Illuminate/Container/BoundMethod.php:96
/home/joseph/projects/RideConnect/vendor/laravel/framework/src/Illuminate/Container/BoundMethod.php:35
/home/joseph/projects/RideConnect/vendor/laravel/framework/src/Illuminate/Container/Container.php:799
/home/joseph/projects/RideConnect/vendor/laravel/framework/src/Illuminate/Console/Command.php:211
/home/joseph/projects/RideConnect/vendor/symfony/console/Command/Command.php:341
/home/joseph/projects/RideConnect/vendor/laravel/framework/src/Illuminate/Console/Command.php:180
/home/joseph/projects/RideConnect/vendor/laravel/framework/src/Illuminate/Console/Concerns/CallsCommands.php:68
/home/joseph/projects/RideConnect/vendor/laravel/framework/src/Illuminate/Console/Concerns/CallsCommands.php:29
/home/joseph/projects/RideConnect/vendor/laravel/framework/src/Illuminate/Database/Console/Migrations/FreshCommand.php:88
/home/joseph/projects/RideConnect/vendor/laravel/framework/src/Illuminate/Container/BoundMethod.php:36
/home/joseph/projects/RideConnect/vendor/laravel/framework/src/Illuminate/Container/Util.php:43
/home/joseph/projects/RideConnect/vendor/laravel/framework/src/Illuminate/Container/BoundMethod.php:96
/home/joseph/projects/RideConnect/vendor/laravel/framework/src/Illuminate/Container/BoundMethod.php:35
/home/joseph/projects/RideConnect/vendor/laravel/framework/src/Illuminate/Container/Container.php:799
/home/joseph/projects/RideConnect/vendor/laravel/framework/src/Illuminate/Console/Command.php:211
/home/joseph/projects/RideConnect/vendor/symfony/console/Command/Command.php:341
/home/joseph/projects/RideConnect/vendor/laravel/framework/src/Illuminate/Console/Command.php:180
/home/joseph/projects/RideConnect/vendor/symfony/console/Application.php:1094
/home/joseph/projects/RideConnect/vendor/symfony/console/Application.php:356
/home/joseph/projects/RideConnect/vendor/symfony/console/Application.php:195
/home/joseph/projects/RideConnect/vendor/laravel/framework/src/Illuminate/Console/Application.php:165
/home/joseph/projects/RideConnect/vendor/laravel/framework/src/Illuminate/Foundation/Console/Kernel.php:447
/home/joseph/projects/RideConnect/vendor/laravel/framework/src/Illuminate/Testing/PendingCommand.php:451
/home/joseph/projects/RideConnect/vendor/laravel/framework/src/Illuminate/Testing/PendingCommand.php:675
/home/joseph/projects/RideConnect/vendor/laravel/framework/src/Illuminate/Foundation/Testing/Concerns/InteractsWithConsole.php:87
/home/joseph/projects/RideConnect/vendor/laravel/framework/src/Illuminate/Foundation/Testing/RefreshDatabase.php:119
/home/joseph/projects/RideConnect/vendor/laravel/framework/src/Illuminate/Foundation/Testing/RefreshDatabase.php:84
/home/joseph/projects/RideConnect/vendor/laravel/framework/src/Illuminate/Foundation/Testing/RefreshDatabase.php:25
/home/joseph/projects/RideConnect/vendor/laravel/framework/src/Illuminate/Foundation/Testing/Concerns/InteractsWithTestCaseLifecycle.php:217
/home/joseph/projects/RideConnect/vendor/laravel/framework/src/Illuminate/Foundation/Testing/Concerns/InteractsWithTestCaseLifecycle.php:101
/home/joseph/projects/RideConnect/vendor/laravel/framework/src/Illuminate/Foundation/Testing/TestCase.php:63
/home/joseph/projects/RideConnect/tests/Feature/PublicBus/OfficerBusManagementTest.php:27</error>
        </testcase>
        <testcase name="test_officer_can_assign_driver_to_route" file="/home/joseph/projects/RideConnect/tests/Feature/PublicBus/OfficerBusManagementTest.php" line="118" class="Tests\Feature\PublicBus\OfficerBusManagementTest" classname="Tests.Feature.PublicBus.OfficerBusManagementTest" assertions="0" time="0.000000">
          <error type="Illuminate\Database\QueryException">Tests\Feature\PublicBus\OfficerBusManagementTest::test_officer_can_assign_driver_to_route
Illuminate\Database\QueryException: could not find driver (Connection: sqlite, Database: :memory:, SQL: select exists (select 1 from "main".sqlite_master where name = 'migrations' and type = 'table') as "exists")

/home/joseph/projects/RideConnect/vendor/laravel/framework/src/Illuminate/Database/Connection.php:838
/home/joseph/projects/RideConnect/vendor/laravel/framework/src/Illuminate/Database/Connection.php:794
/home/joseph/projects/RideConnect/vendor/laravel/framework/src/Illuminate/Database/Connection.php:411
/home/joseph/projects/RideConnect/vendor/laravel/framework/src/Illuminate/Database/Connection.php:357
/home/joseph/projects/RideConnect/vendor/laravel/framework/src/Illuminate/Database/Connection.php:374
/home/joseph/projects/RideConnect/vendor/laravel/framework/src/Illuminate/Database/Schema/Builder.php:176
/home/joseph/projects/RideConnect/vendor/laravel/framework/src/Illuminate/Database/Migrations/DatabaseMigrationRepository.php:185
/home/joseph/projects/RideConnect/vendor/laravel/framework/src/Illuminate/Database/Migrations/Migrator.php:758
/home/joseph/projects/RideConnect/vendor/laravel/framework/src/Illuminate/Database/Console/Migrations/MigrateCommand.php:164
/home/joseph/projects/RideConnect/vendor/laravel/framework/src/Illuminate/Support/helpers.php:328
/home/joseph/projects/RideConnect/vendor/laravel/framework/src/Illuminate/Database/Console/Migrations/MigrateCommand.php:164
/home/joseph/projects/RideConnect/vendor/laravel/framework/src/Illuminate/Database/Console/Migrations/MigrateCommand.php:140
/home/joseph/projects/RideConnect/vendor/laravel/framework/src/Illuminate/Database/Console/Migrations/MigrateCommand.php:110
/home/joseph/projects/RideConnect/vendor/laravel/framework/src/Illuminate/Database/Migrations/Migrator.php:671
/home/joseph/projects/RideConnect/vendor/laravel/framework/src/Illuminate/Database/Console/Migrations/MigrateCommand.php:109
/home/joseph/projects/RideConnect/vendor/laravel/framework/src/Illuminate/Database/Console/Migrations/MigrateCommand.php:88
/home/joseph/projects/RideConnect/vendor/laravel/framework/src/Illuminate/Container/BoundMethod.php:36
/home/joseph/projects/RideConnect/vendor/laravel/framework/src/Illuminate/Container/Util.php:43
/home/joseph/projects/RideConnect/vendor/laravel/framework/src/Illuminate/Container/BoundMethod.php:96
/home/joseph/projects/RideConnect/vendor/laravel/framework/src/Illuminate/Container/BoundMethod.php:35
/home/joseph/projects/RideConnect/vendor/laravel/framework/src/Illuminate/Container/Container.php:799
/home/joseph/projects/RideConnect/vendor/laravel/framework/src/Illuminate/Console/Command.php:211
/home/joseph/projects/RideConnect/vendor/symfony/console/Command/Command.php:341
/home/joseph/projects/RideConnect/vendor/laravel/framework/src/Illuminate/Console/Command.php:180
/home/joseph/projects/RideConnect/vendor/laravel/framework/src/Illuminate/Console/Concerns/CallsCommands.php:68
/home/joseph/projects/RideConnect/vendor/laravel/framework/src/Illuminate/Console/Concerns/CallsCommands.php:29
/home/joseph/projects/RideConnect/vendor/laravel/framework/src/Illuminate/Database/Console/Migrations/FreshCommand.php:88
/home/joseph/projects/RideConnect/vendor/laravel/framework/src/Illuminate/Container/BoundMethod.php:36
/home/joseph/projects/RideConnect/vendor/laravel/framework/src/Illuminate/Container/Util.php:43
/home/joseph/projects/RideConnect/vendor/laravel/framework/src/Illuminate/Container/BoundMethod.php:96
/home/joseph/projects/RideConnect/vendor/laravel/framework/src/Illuminate/Container/BoundMethod.php:35
/home/joseph/projects/RideConnect/vendor/laravel/framework/src/Illuminate/Container/Container.php:799
/home/joseph/projects/RideConnect/vendor/laravel/framework/src/Illuminate/Console/Command.php:211
/home/joseph/projects/RideConnect/vendor/symfony/console/Command/Command.php:341
/home/joseph/projects/RideConnect/vendor/laravel/framework/src/Illuminate/Console/Command.php:180
/home/joseph/projects/RideConnect/vendor/symfony/console/Application.php:1094
/home/joseph/projects/RideConnect/vendor/symfony/console/Application.php:356
/home/joseph/projects/RideConnect/vendor/symfony/console/Application.php:195
/home/joseph/projects/RideConnect/vendor/laravel/framework/src/Illuminate/Console/Application.php:165
/home/joseph/projects/RideConnect/vendor/laravel/framework/src/Illuminate/Foundation/Console/Kernel.php:447
/home/joseph/projects/RideConnect/vendor/laravel/framework/src/Illuminate/Testing/PendingCommand.php:451
/home/joseph/projects/RideConnect/vendor/laravel/framework/src/Illuminate/Testing/PendingCommand.php:675
/home/joseph/projects/RideConnect/vendor/laravel/framework/src/Illuminate/Foundation/Testing/Concerns/InteractsWithConsole.php:87
/home/joseph/projects/RideConnect/vendor/laravel/framework/src/Illuminate/Foundation/Testing/RefreshDatabase.php:119
/home/joseph/projects/RideConnect/vendor/laravel/framework/src/Illuminate/Foundation/Testing/RefreshDatabase.php:84
/home/joseph/projects/RideConnect/vendor/laravel/framework/src/Illuminate/Foundation/Testing/RefreshDatabase.php:25
/home/joseph/projects/RideConnect/vendor/laravel/framework/src/Illuminate/Foundation/Testing/Concerns/InteractsWithTestCaseLifecycle.php:217
/home/joseph/projects/RideConnect/vendor/laravel/framework/src/Illuminate/Foundation/Testing/Concerns/InteractsWithTestCaseLifecycle.php:101
/home/joseph/projects/RideConnect/vendor/laravel/framework/src/Illuminate/Foundation/Testing/TestCase.php:63
/home/joseph/projects/RideConnect/tests/Feature/PublicBus/OfficerBusManagementTest.php:27</error>
        </testcase>
        <testcase name="test_officer_can_view_live_monitoring" file="/home/joseph/projects/RideConnect/tests/Feature/PublicBus/OfficerBusManagementTest.php" line="146" class="Tests\Feature\PublicBus\OfficerBusManagementTest" classname="Tests.Feature.PublicBus.OfficerBusManagementTest" assertions="0" time="0.000000">
          <error type="Illuminate\Database\QueryException">Tests\Feature\PublicBus\OfficerBusManagementTest::test_officer_can_view_live_monitoring
Illuminate\Database\QueryException: could not find driver (Connection: sqlite, Database: :memory:, SQL: select exists (select 1 from "main".sqlite_master where name = 'migrations' and type = 'table') as "exists")

/home/joseph/projects/RideConnect/vendor/laravel/framework/src/Illuminate/Database/Connection.php:838
/home/joseph/projects/RideConnect/vendor/laravel/framework/src/Illuminate/Database/Connection.php:794
/home/joseph/projects/RideConnect/vendor/laravel/framework/src/Illuminate/Database/Connection.php:411
/home/joseph/projects/RideConnect/vendor/laravel/framework/src/Illuminate/Database/Connection.php:357
/home/joseph/projects/RideConnect/vendor/laravel/framework/src/Illuminate/Database/Connection.php:374
/home/joseph/projects/RideConnect/vendor/laravel/framework/src/Illuminate/Database/Schema/Builder.php:176
/home/joseph/projects/RideConnect/vendor/laravel/framework/src/Illuminate/Database/Migrations/DatabaseMigrationRepository.php:185
/home/joseph/projects/RideConnect/vendor/laravel/framework/src/Illuminate/Database/Migrations/Migrator.php:758
/home/joseph/projects/RideConnect/vendor/laravel/framework/src/Illuminate/Database/Console/Migrations/MigrateCommand.php:164
/home/joseph/projects/RideConnect/vendor/laravel/framework/src/Illuminate/Support/helpers.php:328
/home/joseph/projects/RideConnect/vendor/laravel/framework/src/Illuminate/Database/Console/Migrations/MigrateCommand.php:164
/home/joseph/projects/RideConnect/vendor/laravel/framework/src/Illuminate/Database/Console/Migrations/MigrateCommand.php:140
/home/joseph/projects/RideConnect/vendor/laravel/framework/src/Illuminate/Database/Console/Migrations/MigrateCommand.php:110
/home/joseph/projects/RideConnect/vendor/laravel/framework/src/Illuminate/Database/Migrations/Migrator.php:671
/home/joseph/projects/RideConnect/vendor/laravel/framework/src/Illuminate/Database/Console/Migrations/MigrateCommand.php:109
/home/joseph/projects/RideConnect/vendor/laravel/framework/src/Illuminate/Database/Console/Migrations/MigrateCommand.php:88
/home/joseph/projects/RideConnect/vendor/laravel/framework/src/Illuminate/Container/BoundMethod.php:36
/home/joseph/projects/RideConnect/vendor/laravel/framework/src/Illuminate/Container/Util.php:43
/home/joseph/projects/RideConnect/vendor/laravel/framework/src/Illuminate/Container/BoundMethod.php:96
/home/joseph/projects/RideConnect/vendor/laravel/framework/src/Illuminate/Container/BoundMethod.php:35
/home/joseph/projects/RideConnect/vendor/laravel/framework/src/Illuminate/Container/Container.php:799
/home/joseph/projects/RideConnect/vendor/laravel/framework/src/Illuminate/Console/Command.php:211
/home/joseph/projects/RideConnect/vendor/symfony/console/Command/Command.php:341
/home/joseph/projects/RideConnect/vendor/laravel/framework/src/Illuminate/Console/Command.php:180
/home/joseph/projects/RideConnect/vendor/laravel/framework/src/Illuminate/Console/Concerns/CallsCommands.php:68
/home/joseph/projects/RideConnect/vendor/laravel/framework/src/Illuminate/Console/Concerns/CallsCommands.php:29
/home/joseph/projects/RideConnect/vendor/laravel/framework/src/Illuminate/Database/Console/Migrations/FreshCommand.php:88
/home/joseph/projects/RideConnect/vendor/laravel/framework/src/Illuminate/Container/BoundMethod.php:36
/home/joseph/projects/RideConnect/vendor/laravel/framework/src/Illuminate/Container/Util.php:43
/home/joseph/projects/RideConnect/vendor/laravel/framework/src/Illuminate/Container/BoundMethod.php:96
/home/joseph/projects/RideConnect/vendor/laravel/framework/src/Illuminate/Container/BoundMethod.php:35
/home/joseph/projects/RideConnect/vendor/laravel/framework/src/Illuminate/Container/Container.php:799
/home/joseph/projects/RideConnect/vendor/laravel/framework/src/Illuminate/Console/Command.php:211
/home/joseph/projects/RideConnect/vendor/symfony/console/Command/Command.php:341
/home/joseph/projects/RideConnect/vendor/laravel/framework/src/Illuminate/Console/Command.php:180
/home/joseph/projects/RideConnect/vendor/symfony/console/Application.php:1094
/home/joseph/projects/RideConnect/vendor/symfony/console/Application.php:356
/home/joseph/projects/RideConnect/vendor/symfony/console/Application.php:195
/home/joseph/projects/RideConnect/vendor/laravel/framework/src/Illuminate/Console/Application.php:165
/home/joseph/projects/RideConnect/vendor/laravel/framework/src/Illuminate/Foundation/Console/Kernel.php:447
/home/joseph/projects/RideConnect/vendor/laravel/framework/src/Illuminate/Testing/PendingCommand.php:451
/home/joseph/projects/RideConnect/vendor/laravel/framework/src/Illuminate/Testing/PendingCommand.php:675
/home/joseph/projects/RideConnect/vendor/laravel/framework/src/Illuminate/Foundation/Testing/Concerns/InteractsWithConsole.php:87
/home/joseph/projects/RideConnect/vendor/laravel/framework/src/Illuminate/Foundation/Testing/RefreshDatabase.php:119
/home/joseph/projects/RideConnect/vendor/laravel/framework/src/Illuminate/Foundation/Testing/RefreshDatabase.php:84
/home/joseph/projects/RideConnect/vendor/laravel/framework/src/Illuminate/Foundation/Testing/RefreshDatabase.php:25
/home/joseph/projects/RideConnect/vendor/laravel/framework/src/Illuminate/Foundation/Testing/Concerns/InteractsWithTestCaseLifecycle.php:217
/home/joseph/projects/RideConnect/vendor/laravel/framework/src/Illuminate/Foundation/Testing/Concerns/InteractsWithTestCaseLifecycle.php:101
/home/joseph/projects/RideConnect/vendor/laravel/framework/src/Illuminate/Foundation/Testing/TestCase.php:63
/home/joseph/projects/RideConnect/tests/Feature/PublicBus/OfficerBusManagementTest.php:27</error>
        </testcase>
      </testsuite>
      <testsuite name="Tests\Feature\PublicBus\PassengerBusBookingTest" file="/home/joseph/projects/RideConnect/tests/Feature/PublicBus/PassengerBusBookingTest.php" tests="8" assertions="0" errors="8" failures="0" skipped="0" time="0.000000">
        <testcase name="test_passenger_can_list_corridors" file="/home/joseph/projects/RideConnect/tests/Feature/PublicBus/PassengerBusBookingTest.php" line="103" class="Tests\Feature\PublicBus\PassengerBusBookingTest" classname="Tests.Feature.PublicBus.PassengerBusBookingTest" assertions="0" time="0.000000">
          <error type="Illuminate\Database\QueryException">Tests\Feature\PublicBus\PassengerBusBookingTest::test_passenger_can_list_corridors
Illuminate\Database\QueryException: could not find driver (Connection: sqlite, Database: :memory:, SQL: select exists (select 1 from "main".sqlite_master where name = 'migrations' and type = 'table') as "exists")

/home/joseph/projects/RideConnect/vendor/laravel/framework/src/Illuminate/Database/Connection.php:838
/home/joseph/projects/RideConnect/vendor/laravel/framework/src/Illuminate/Database/Connection.php:794
/home/joseph/projects/RideConnect/vendor/laravel/framework/src/Illuminate/Database/Connection.php:411
/home/joseph/projects/RideConnect/vendor/laravel/framework/src/Illuminate/Database/Connection.php:357
/home/joseph/projects/RideConnect/vendor/laravel/framework/src/Illuminate/Database/Connection.php:374
/home/joseph/projects/RideConnect/vendor/laravel/framework/src/Illuminate/Database/Schema/Builder.php:176
/home/joseph/projects/RideConnect/vendor/laravel/framework/src/Illuminate/Database/Migrations/DatabaseMigrationRepository.php:185
/home/joseph/projects/RideConnect/vendor/laravel/framework/src/Illuminate/Database/Migrations/Migrator.php:758
/home/joseph/projects/RideConnect/vendor/laravel/framework/src/Illuminate/Database/Console/Migrations/MigrateCommand.php:164
/home/joseph/projects/RideConnect/vendor/laravel/framework/src/Illuminate/Support/helpers.php:328
/home/joseph/projects/RideConnect/vendor/laravel/framework/src/Illuminate/Database/Console/Migrations/MigrateCommand.php:164
/home/joseph/projects/RideConnect/vendor/laravel/framework/src/Illuminate/Database/Console/Migrations/MigrateCommand.php:140
/home/joseph/projects/RideConnect/vendor/laravel/framework/src/Illuminate/Database/Console/Migrations/MigrateCommand.php:110
/home/joseph/projects/RideConnect/vendor/laravel/framework/src/Illuminate/Database/Migrations/Migrator.php:671
/home/joseph/projects/RideConnect/vendor/laravel/framework/src/Illuminate/Database/Console/Migrations/MigrateCommand.php:109
/home/joseph/projects/RideConnect/vendor/laravel/framework/src/Illuminate/Database/Console/Migrations/MigrateCommand.php:88
/home/joseph/projects/RideConnect/vendor/laravel/framework/src/Illuminate/Container/BoundMethod.php:36
/home/joseph/projects/RideConnect/vendor/laravel/framework/src/Illuminate/Container/Util.php:43
/home/joseph/projects/RideConnect/vendor/laravel/framework/src/Illuminate/Container/BoundMethod.php:96
/home/joseph/projects/RideConnect/vendor/laravel/framework/src/Illuminate/Container/BoundMethod.php:35
/home/joseph/projects/RideConnect/vendor/laravel/framework/src/Illuminate/Container/Container.php:799
/home/joseph/projects/RideConnect/vendor/laravel/framework/src/Illuminate/Console/Command.php:211
/home/joseph/projects/RideConnect/vendor/symfony/console/Command/Command.php:341
/home/joseph/projects/RideConnect/vendor/laravel/framework/src/Illuminate/Console/Command.php:180
/home/joseph/projects/RideConnect/vendor/laravel/framework/src/Illuminate/Console/Concerns/CallsCommands.php:68
/home/joseph/projects/RideConnect/vendor/laravel/framework/src/Illuminate/Console/Concerns/CallsCommands.php:29
/home/joseph/projects/RideConnect/vendor/laravel/framework/src/Illuminate/Database/Console/Migrations/FreshCommand.php:88
/home/joseph/projects/RideConnect/vendor/laravel/framework/src/Illuminate/Container/BoundMethod.php:36
/home/joseph/projects/RideConnect/vendor/laravel/framework/src/Illuminate/Container/Util.php:43
/home/joseph/projects/RideConnect/vendor/laravel/framework/src/Illuminate/Container/BoundMethod.php:96
/home/joseph/projects/RideConnect/vendor/laravel/framework/src/Illuminate/Container/BoundMethod.php:35
/home/joseph/projects/RideConnect/vendor/laravel/framework/src/Illuminate/Container/Container.php:799
/home/joseph/projects/RideConnect/vendor/laravel/framework/src/Illuminate/Console/Command.php:211
/home/joseph/projects/RideConnect/vendor/symfony/console/Command/Command.php:341
/home/joseph/projects/RideConnect/vendor/laravel/framework/src/Illuminate/Console/Command.php:180
/home/joseph/projects/RideConnect/vendor/symfony/console/Application.php:1094
/home/joseph/projects/RideConnect/vendor/symfony/console/Application.php:356
/home/joseph/projects/RideConnect/vendor/symfony/console/Application.php:195
/home/joseph/projects/RideConnect/vendor/laravel/framework/src/Illuminate/Console/Application.php:165
/home/joseph/projects/RideConnect/vendor/laravel/framework/src/Illuminate/Foundation/Console/Kernel.php:447
/home/joseph/projects/RideConnect/vendor/laravel/framework/src/Illuminate/Testing/PendingCommand.php:451
/home/joseph/projects/RideConnect/vendor/laravel/framework/src/Illuminate/Testing/PendingCommand.php:675
/home/joseph/projects/RideConnect/vendor/laravel/framework/src/Illuminate/Foundation/Testing/Concerns/InteractsWithConsole.php:87
/home/joseph/projects/RideConnect/vendor/laravel/framework/src/Illuminate/Foundation/Testing/RefreshDatabase.php:119
/home/joseph/projects/RideConnect/vendor/laravel/framework/src/Illuminate/Foundation/Testing/RefreshDatabase.php:84
/home/joseph/projects/RideConnect/vendor/laravel/framework/src/Illuminate/Foundation/Testing/RefreshDatabase.php:25
/home/joseph/projects/RideConnect/vendor/laravel/framework/src/Illuminate/Foundation/Testing/Concerns/InteractsWithTestCaseLifecycle.php:217
/home/joseph/projects/RideConnect/vendor/laravel/framework/src/Illuminate/Foundation/Testing/Concerns/InteractsWithTestCaseLifecycle.php:101
/home/joseph/projects/RideConnect/vendor/laravel/framework/src/Illuminate/Foundation/Testing/TestCase.php:63
/home/joseph/projects/RideConnect/tests/Feature/PublicBus/PassengerBusBookingTest.php:34</error>
        </testcase>
        <testcase name="test_passenger_can_list_stops_for_corridor" file="/home/joseph/projects/RideConnect/tests/Feature/PublicBus/PassengerBusBookingTest.php" line="123" class="Tests\Feature\PublicBus\PassengerBusBookingTest" classname="Tests.Feature.PublicBus.PassengerBusBookingTest" assertions="0" time="0.000000">
          <error type="Illuminate\Database\QueryException">Tests\Feature\PublicBus\PassengerBusBookingTest::test_passenger_can_list_stops_for_corridor
Illuminate\Database\QueryException: could not find driver (Connection: sqlite, Database: :memory:, SQL: select exists (select 1 from "main".sqlite_master where name = 'migrations' and type = 'table') as "exists")

/home/joseph/projects/RideConnect/vendor/laravel/framework/src/Illuminate/Database/Connection.php:838
/home/joseph/projects/RideConnect/vendor/laravel/framework/src/Illuminate/Database/Connection.php:794
/home/joseph/projects/RideConnect/vendor/laravel/framework/src/Illuminate/Database/Connection.php:411
/home/joseph/projects/RideConnect/vendor/laravel/framework/src/Illuminate/Database/Connection.php:357
/home/joseph/projects/RideConnect/vendor/laravel/framework/src/Illuminate/Database/Connection.php:374
/home/joseph/projects/RideConnect/vendor/laravel/framework/src/Illuminate/Database/Schema/Builder.php:176
/home/joseph/projects/RideConnect/vendor/laravel/framework/src/Illuminate/Database/Migrations/DatabaseMigrationRepository.php:185
/home/joseph/projects/RideConnect/vendor/laravel/framework/src/Illuminate/Database/Migrations/Migrator.php:758
/home/joseph/projects/RideConnect/vendor/laravel/framework/src/Illuminate/Database/Console/Migrations/MigrateCommand.php:164
/home/joseph/projects/RideConnect/vendor/laravel/framework/src/Illuminate/Support/helpers.php:328
/home/joseph/projects/RideConnect/vendor/laravel/framework/src/Illuminate/Database/Console/Migrations/MigrateCommand.php:164
/home/joseph/projects/RideConnect/vendor/laravel/framework/src/Illuminate/Database/Console/Migrations/MigrateCommand.php:140
/home/joseph/projects/RideConnect/vendor/laravel/framework/src/Illuminate/Database/Console/Migrations/MigrateCommand.php:110
/home/joseph/projects/RideConnect/vendor/laravel/framework/src/Illuminate/Database/Migrations/Migrator.php:671
/home/joseph/projects/RideConnect/vendor/laravel/framework/src/Illuminate/Database/Console/Migrations/MigrateCommand.php:109
/home/joseph/projects/RideConnect/vendor/laravel/framework/src/Illuminate/Database/Console/Migrations/MigrateCommand.php:88
/home/joseph/projects/RideConnect/vendor/laravel/framework/src/Illuminate/Container/BoundMethod.php:36
/home/joseph/projects/RideConnect/vendor/laravel/framework/src/Illuminate/Container/Util.php:43
/home/joseph/projects/RideConnect/vendor/laravel/framework/src/Illuminate/Container/BoundMethod.php:96
/home/joseph/projects/RideConnect/vendor/laravel/framework/src/Illuminate/Container/BoundMethod.php:35
/home/joseph/projects/RideConnect/vendor/laravel/framework/src/Illuminate/Container/Container.php:799
/home/joseph/projects/RideConnect/vendor/laravel/framework/src/Illuminate/Console/Command.php:211
/home/joseph/projects/RideConnect/vendor/symfony/console/Command/Command.php:341
/home/joseph/projects/RideConnect/vendor/laravel/framework/src/Illuminate/Console/Command.php:180
/home/joseph/projects/RideConnect/vendor/laravel/framework/src/Illuminate/Console/Concerns/CallsCommands.php:68
/home/joseph/projects/RideConnect/vendor/laravel/framework/src/Illuminate/Console/Concerns/CallsCommands.php:29
/home/joseph/projects/RideConnect/vendor/laravel/framework/src/Illuminate/Database/Console/Migrations/FreshCommand.php:88
/home/joseph/projects/RideConnect/vendor/laravel/framework/src/Illuminate/Container/BoundMethod.php:36
/home/joseph/projects/RideConnect/vendor/laravel/framework/src/Illuminate/Container/Util.php:43
/home/joseph/projects/RideConnect/vendor/laravel/framework/src/Illuminate/Container/BoundMethod.php:96
/home/joseph/projects/RideConnect/vendor/laravel/framework/src/Illuminate/Container/BoundMethod.php:35
/home/joseph/projects/RideConnect/vendor/laravel/framework/src/Illuminate/Container/Container.php:799
/home/joseph/projects/RideConnect/vendor/laravel/framework/src/Illuminate/Console/Command.php:211
/home/joseph/projects/RideConnect/vendor/symfony/console/Command/Command.php:341
/home/joseph/projects/RideConnect/vendor/laravel/framework/src/Illuminate/Console/Command.php:180
/home/joseph/projects/RideConnect/vendor/symfony/console/Application.php:1094
/home/joseph/projects/RideConnect/vendor/symfony/console/Application.php:356
/home/joseph/projects/RideConnect/vendor/symfony/console/Application.php:195
/home/joseph/projects/RideConnect/vendor/laravel/framework/src/Illuminate/Console/Application.php:165
/home/joseph/projects/RideConnect/vendor/laravel/framework/src/Illuminate/Foundation/Console/Kernel.php:447
/home/joseph/projects/RideConnect/vendor/laravel/framework/src/Illuminate/Testing/PendingCommand.php:451
/home/joseph/projects/RideConnect/vendor/laravel/framework/src/Illuminate/Testing/PendingCommand.php:675
/home/joseph/projects/RideConnect/vendor/laravel/framework/src/Illuminate/Foundation/Testing/Concerns/InteractsWithConsole.php:87
/home/joseph/projects/RideConnect/vendor/laravel/framework/src/Illuminate/Foundation/Testing/RefreshDatabase.php:119
/home/joseph/projects/RideConnect/vendor/laravel/framework/src/Illuminate/Foundation/Testing/RefreshDatabase.php:84
/home/joseph/projects/RideConnect/vendor/laravel/framework/src/Illuminate/Foundation/Testing/RefreshDatabase.php:25
/home/joseph/projects/RideConnect/vendor/laravel/framework/src/Illuminate/Foundation/Testing/Concerns/InteractsWithTestCaseLifecycle.php:217
/home/joseph/projects/RideConnect/vendor/laravel/framework/src/Illuminate/Foundation/Testing/Concerns/InteractsWithTestCaseLifecycle.php:101
/home/joseph/projects/RideConnect/vendor/laravel/framework/src/Illuminate/Foundation/Testing/TestCase.php:63
/home/joseph/projects/RideConnect/tests/Feature/PublicBus/PassengerBusBookingTest.php:34</error>
        </testcase>
        <testcase name="test_passenger_can_view_active_buses" file="/home/joseph/projects/RideConnect/tests/Feature/PublicBus/PassengerBusBookingTest.php" line="151" class="Tests\Feature\PublicBus\PassengerBusBookingTest" classname="Tests.Feature.PublicBus.PassengerBusBookingTest" assertions="0" time="0.000000">
          <error type="Illuminate\Database\QueryException">Tests\Feature\PublicBus\PassengerBusBookingTest::test_passenger_can_view_active_buses
Illuminate\Database\QueryException: could not find driver (Connection: sqlite, Database: :memory:, SQL: select exists (select 1 from "main".sqlite_master where name = 'migrations' and type = 'table') as "exists")

/home/joseph/projects/RideConnect/vendor/laravel/framework/src/Illuminate/Database/Connection.php:838
/home/joseph/projects/RideConnect/vendor/laravel/framework/src/Illuminate/Database/Connection.php:794
/home/joseph/projects/RideConnect/vendor/laravel/framework/src/Illuminate/Database/Connection.php:411
/home/joseph/projects/RideConnect/vendor/laravel/framework/src/Illuminate/Database/Connection.php:357
/home/joseph/projects/RideConnect/vendor/laravel/framework/src/Illuminate/Database/Connection.php:374
/home/joseph/projects/RideConnect/vendor/laravel/framework/src/Illuminate/Database/Schema/Builder.php:176
/home/joseph/projects/RideConnect/vendor/laravel/framework/src/Illuminate/Database/Migrations/DatabaseMigrationRepository.php:185
/home/joseph/projects/RideConnect/vendor/laravel/framework/src/Illuminate/Database/Migrations/Migrator.php:758
/home/joseph/projects/RideConnect/vendor/laravel/framework/src/Illuminate/Database/Console/Migrations/MigrateCommand.php:164
/home/joseph/projects/RideConnect/vendor/laravel/framework/src/Illuminate/Support/helpers.php:328
/home/joseph/projects/RideConnect/vendor/laravel/framework/src/Illuminate/Database/Console/Migrations/MigrateCommand.php:164
/home/joseph/projects/RideConnect/vendor/laravel/framework/src/Illuminate/Database/Console/Migrations/MigrateCommand.php:140
/home/joseph/projects/RideConnect/vendor/laravel/framework/src/Illuminate/Database/Console/Migrations/MigrateCommand.php:110
/home/joseph/projects/RideConnect/vendor/laravel/framework/src/Illuminate/Database/Migrations/Migrator.php:671
/home/joseph/projects/RideConnect/vendor/laravel/framework/src/Illuminate/Database/Console/Migrations/MigrateCommand.php:109
/home/joseph/projects/RideConnect/vendor/laravel/framework/src/Illuminate/Database/Console/Migrations/MigrateCommand.php:88
/home/joseph/projects/RideConnect/vendor/laravel/framework/src/Illuminate/Container/BoundMethod.php:36
/home/joseph/projects/RideConnect/vendor/laravel/framework/src/Illuminate/Container/Util.php:43
/home/joseph/projects/RideConnect/vendor/laravel/framework/src/Illuminate/Container/BoundMethod.php:96
/home/joseph/projects/RideConnect/vendor/laravel/framework/src/Illuminate/Container/BoundMethod.php:35
/home/joseph/projects/RideConnect/vendor/laravel/framework/src/Illuminate/Container/Container.php:799
/home/joseph/projects/RideConnect/vendor/laravel/framework/src/Illuminate/Console/Command.php:211
/home/joseph/projects/RideConnect/vendor/symfony/console/Command/Command.php:341
/home/joseph/projects/RideConnect/vendor/laravel/framework/src/Illuminate/Console/Command.php:180
/home/joseph/projects/RideConnect/vendor/laravel/framework/src/Illuminate/Console/Concerns/CallsCommands.php:68
/home/joseph/projects/RideConnect/vendor/laravel/framework/src/Illuminate/Console/Concerns/CallsCommands.php:29
/home/joseph/projects/RideConnect/vendor/laravel/framework/src/Illuminate/Database/Console/Migrations/FreshCommand.php:88
/home/joseph/projects/RideConnect/vendor/laravel/framework/src/Illuminate/Container/BoundMethod.php:36
/home/joseph/projects/RideConnect/vendor/laravel/framework/src/Illuminate/Container/Util.php:43
/home/joseph/projects/RideConnect/vendor/laravel/framework/src/Illuminate/Container/BoundMethod.php:96
/home/joseph/projects/RideConnect/vendor/laravel/framework/src/Illuminate/Container/BoundMethod.php:35
/home/joseph/projects/RideConnect/vendor/laravel/framework/src/Illuminate/Container/Container.php:799
/home/joseph/projects/RideConnect/vendor/laravel/framework/src/Illuminate/Console/Command.php:211
/home/joseph/projects/RideConnect/vendor/symfony/console/Command/Command.php:341
/home/joseph/projects/RideConnect/vendor/laravel/framework/src/Illuminate/Console/Command.php:180
/home/joseph/projects/RideConnect/vendor/symfony/console/Application.php:1094
/home/joseph/projects/RideConnect/vendor/symfony/console/Application.php:356
/home/joseph/projects/RideConnect/vendor/symfony/console/Application.php:195
/home/joseph/projects/RideConnect/vendor/laravel/framework/src/Illuminate/Console/Application.php:165
/home/joseph/projects/RideConnect/vendor/laravel/framework/src/Illuminate/Foundation/Console/Kernel.php:447
/home/joseph/projects/RideConnect/vendor/laravel/framework/src/Illuminate/Testing/PendingCommand.php:451
/home/joseph/projects/RideConnect/vendor/laravel/framework/src/Illuminate/Testing/PendingCommand.php:675
/home/joseph/projects/RideConnect/vendor/laravel/framework/src/Illuminate/Foundation/Testing/Concerns/InteractsWithConsole.php:87
/home/joseph/projects/RideConnect/vendor/laravel/framework/src/Illuminate/Foundation/Testing/RefreshDatabase.php:119
/home/joseph/projects/RideConnect/vendor/laravel/framework/src/Illuminate/Foundation/Testing/RefreshDatabase.php:84
/home/joseph/projects/RideConnect/vendor/laravel/framework/src/Illuminate/Foundation/Testing/RefreshDatabase.php:25
/home/joseph/projects/RideConnect/vendor/laravel/framework/src/Illuminate/Foundation/Testing/Concerns/InteractsWithTestCaseLifecycle.php:217
/home/joseph/projects/RideConnect/vendor/laravel/framework/src/Illuminate/Foundation/Testing/Concerns/InteractsWithTestCaseLifecycle.php:101
/home/joseph/projects/RideConnect/vendor/laravel/framework/src/Illuminate/Foundation/Testing/TestCase.php:63
/home/joseph/projects/RideConnect/tests/Feature/PublicBus/PassengerBusBookingTest.php:34</error>
        </testcase>
        <testcase name="test_passenger_can_book_seat_with_selected_bus_assignment" file="/home/joseph/projects/RideConnect/tests/Feature/PublicBus/PassengerBusBookingTest.php" line="174" class="Tests\Feature\PublicBus\PassengerBusBookingTest" classname="Tests.Feature.PublicBus.PassengerBusBookingTest" assertions="0" time="0.000000">
          <error type="Illuminate\Database\QueryException">Tests\Feature\PublicBus\PassengerBusBookingTest::test_passenger_can_book_seat_with_selected_bus_assignment
Illuminate\Database\QueryException: could not find driver (Connection: sqlite, Database: :memory:, SQL: select exists (select 1 from "main".sqlite_master where name = 'migrations' and type = 'table') as "exists")

/home/joseph/projects/RideConnect/vendor/laravel/framework/src/Illuminate/Database/Connection.php:838
/home/joseph/projects/RideConnect/vendor/laravel/framework/src/Illuminate/Database/Connection.php:794
/home/joseph/projects/RideConnect/vendor/laravel/framework/src/Illuminate/Database/Connection.php:411
/home/joseph/projects/RideConnect/vendor/laravel/framework/src/Illuminate/Database/Connection.php:357
/home/joseph/projects/RideConnect/vendor/laravel/framework/src/Illuminate/Database/Connection.php:374
/home/joseph/projects/RideConnect/vendor/laravel/framework/src/Illuminate/Database/Schema/Builder.php:176
/home/joseph/projects/RideConnect/vendor/laravel/framework/src/Illuminate/Database/Migrations/DatabaseMigrationRepository.php:185
/home/joseph/projects/RideConnect/vendor/laravel/framework/src/Illuminate/Database/Migrations/Migrator.php:758
/home/joseph/projects/RideConnect/vendor/laravel/framework/src/Illuminate/Database/Console/Migrations/MigrateCommand.php:164
/home/joseph/projects/RideConnect/vendor/laravel/framework/src/Illuminate/Support/helpers.php:328
/home/joseph/projects/RideConnect/vendor/laravel/framework/src/Illuminate/Database/Console/Migrations/MigrateCommand.php:164
/home/joseph/projects/RideConnect/vendor/laravel/framework/src/Illuminate/Database/Console/Migrations/MigrateCommand.php:140
/home/joseph/projects/RideConnect/vendor/laravel/framework/src/Illuminate/Database/Console/Migrations/MigrateCommand.php:110
/home/joseph/projects/RideConnect/vendor/laravel/framework/src/Illuminate/Database/Migrations/Migrator.php:671
/home/joseph/projects/RideConnect/vendor/laravel/framework/src/Illuminate/Database/Console/Migrations/MigrateCommand.php:109
/home/joseph/projects/RideConnect/vendor/laravel/framework/src/Illuminate/Database/Console/Migrations/MigrateCommand.php:88
/home/joseph/projects/RideConnect/vendor/laravel/framework/src/Illuminate/Container/BoundMethod.php:36
/home/joseph/projects/RideConnect/vendor/laravel/framework/src/Illuminate/Container/Util.php:43
/home/joseph/projects/RideConnect/vendor/laravel/framework/src/Illuminate/Container/BoundMethod.php:96
/home/joseph/projects/RideConnect/vendor/laravel/framework/src/Illuminate/Container/BoundMethod.php:35
/home/joseph/projects/RideConnect/vendor/laravel/framework/src/Illuminate/Container/Container.php:799
/home/joseph/projects/RideConnect/vendor/laravel/framework/src/Illuminate/Console/Command.php:211
/home/joseph/projects/RideConnect/vendor/symfony/console/Command/Command.php:341
/home/joseph/projects/RideConnect/vendor/laravel/framework/src/Illuminate/Console/Command.php:180
/home/joseph/projects/RideConnect/vendor/laravel/framework/src/Illuminate/Console/Concerns/CallsCommands.php:68
/home/joseph/projects/RideConnect/vendor/laravel/framework/src/Illuminate/Console/Concerns/CallsCommands.php:29
/home/joseph/projects/RideConnect/vendor/laravel/framework/src/Illuminate/Database/Console/Migrations/FreshCommand.php:88
/home/joseph/projects/RideConnect/vendor/laravel/framework/src/Illuminate/Container/BoundMethod.php:36
/home/joseph/projects/RideConnect/vendor/laravel/framework/src/Illuminate/Container/Util.php:43
/home/joseph/projects/RideConnect/vendor/laravel/framework/src/Illuminate/Container/BoundMethod.php:96
/home/joseph/projects/RideConnect/vendor/laravel/framework/src/Illuminate/Container/BoundMethod.php:35
/home/joseph/projects/RideConnect/vendor/laravel/framework/src/Illuminate/Container/Container.php:799
/home/joseph/projects/RideConnect/vendor/laravel/framework/src/Illuminate/Console/Command.php:211
/home/joseph/projects/RideConnect/vendor/symfony/console/Command/Command.php:341
/home/joseph/projects/RideConnect/vendor/laravel/framework/src/Illuminate/Console/Command.php:180
/home/joseph/projects/RideConnect/vendor/symfony/console/Application.php:1094
/home/joseph/projects/RideConnect/vendor/symfony/console/Application.php:356
/home/joseph/projects/RideConnect/vendor/symfony/console/Application.php:195
/home/joseph/projects/RideConnect/vendor/laravel/framework/src/Illuminate/Console/Application.php:165
/home/joseph/projects/RideConnect/vendor/laravel/framework/src/Illuminate/Foundation/Console/Kernel.php:447
/home/joseph/projects/RideConnect/vendor/laravel/framework/src/Illuminate/Testing/PendingCommand.php:451
/home/joseph/projects/RideConnect/vendor/laravel/framework/src/Illuminate/Testing/PendingCommand.php:675
/home/joseph/projects/RideConnect/vendor/laravel/framework/src/Illuminate/Foundation/Testing/Concerns/InteractsWithConsole.php:87
/home/joseph/projects/RideConnect/vendor/laravel/framework/src/Illuminate/Foundation/Testing/RefreshDatabase.php:119
/home/joseph/projects/RideConnect/vendor/laravel/framework/src/Illuminate/Foundation/Testing/RefreshDatabase.php:84
/home/joseph/projects/RideConnect/vendor/laravel/framework/src/Illuminate/Foundation/Testing/RefreshDatabase.php:25
/home/joseph/projects/RideConnect/vendor/laravel/framework/src/Illuminate/Foundation/Testing/Concerns/InteractsWithTestCaseLifecycle.php:217
/home/joseph/projects/RideConnect/vendor/laravel/framework/src/Illuminate/Foundation/Testing/Concerns/InteractsWithTestCaseLifecycle.php:101
/home/joseph/projects/RideConnect/vendor/laravel/framework/src/Illuminate/Foundation/Testing/TestCase.php:63
/home/joseph/projects/RideConnect/tests/Feature/PublicBus/PassengerBusBookingTest.php:34</error>
        </testcase>
        <testcase name="test_passenger_can_book_seat" file="/home/joseph/projects/RideConnect/tests/Feature/PublicBus/PassengerBusBookingTest.php" line="197" class="Tests\Feature\PublicBus\PassengerBusBookingTest" classname="Tests.Feature.PublicBus.PassengerBusBookingTest" assertions="0" time="0.000000">
          <error type="Illuminate\Database\QueryException">Tests\Feature\PublicBus\PassengerBusBookingTest::test_passenger_can_book_seat
Illuminate\Database\QueryException: could not find driver (Connection: sqlite, Database: :memory:, SQL: select exists (select 1 from "main".sqlite_master where name = 'migrations' and type = 'table') as "exists")

/home/joseph/projects/RideConnect/vendor/laravel/framework/src/Illuminate/Database/Connection.php:838
/home/joseph/projects/RideConnect/vendor/laravel/framework/src/Illuminate/Database/Connection.php:794
/home/joseph/projects/RideConnect/vendor/laravel/framework/src/Illuminate/Database/Connection.php:411
/home/joseph/projects/RideConnect/vendor/laravel/framework/src/Illuminate/Database/Connection.php:357
/home/joseph/projects/RideConnect/vendor/laravel/framework/src/Illuminate/Database/Connection.php:374
/home/joseph/projects/RideConnect/vendor/laravel/framework/src/Illuminate/Database/Schema/Builder.php:176
/home/joseph/projects/RideConnect/vendor/laravel/framework/src/Illuminate/Database/Migrations/DatabaseMigrationRepository.php:185
/home/joseph/projects/RideConnect/vendor/laravel/framework/src/Illuminate/Database/Migrations/Migrator.php:758
/home/joseph/projects/RideConnect/vendor/laravel/framework/src/Illuminate/Database/Console/Migrations/MigrateCommand.php:164
/home/joseph/projects/RideConnect/vendor/laravel/framework/src/Illuminate/Support/helpers.php:328
/home/joseph/projects/RideConnect/vendor/laravel/framework/src/Illuminate/Database/Console/Migrations/MigrateCommand.php:164
/home/joseph/projects/RideConnect/vendor/laravel/framework/src/Illuminate/Database/Console/Migrations/MigrateCommand.php:140
/home/joseph/projects/RideConnect/vendor/laravel/framework/src/Illuminate/Database/Console/Migrations/MigrateCommand.php:110
/home/joseph/projects/RideConnect/vendor/laravel/framework/src/Illuminate/Database/Migrations/Migrator.php:671
/home/joseph/projects/RideConnect/vendor/laravel/framework/src/Illuminate/Database/Console/Migrations/MigrateCommand.php:109
/home/joseph/projects/RideConnect/vendor/laravel/framework/src/Illuminate/Database/Console/Migrations/MigrateCommand.php:88
/home/joseph/projects/RideConnect/vendor/laravel/framework/src/Illuminate/Container/BoundMethod.php:36
/home/joseph/projects/RideConnect/vendor/laravel/framework/src/Illuminate/Container/Util.php:43
/home/joseph/projects/RideConnect/vendor/laravel/framework/src/Illuminate/Container/BoundMethod.php:96
/home/joseph/projects/RideConnect/vendor/laravel/framework/src/Illuminate/Container/BoundMethod.php:35
/home/joseph/projects/RideConnect/vendor/laravel/framework/src/Illuminate/Container/Container.php:799
/home/joseph/projects/RideConnect/vendor/laravel/framework/src/Illuminate/Console/Command.php:211
/home/joseph/projects/RideConnect/vendor/symfony/console/Command/Command.php:341
/home/joseph/projects/RideConnect/vendor/laravel/framework/src/Illuminate/Console/Command.php:180
/home/joseph/projects/RideConnect/vendor/laravel/framework/src/Illuminate/Console/Concerns/CallsCommands.php:68
/home/joseph/projects/RideConnect/vendor/laravel/framework/src/Illuminate/Console/Concerns/CallsCommands.php:29
/home/joseph/projects/RideConnect/vendor/laravel/framework/src/Illuminate/Database/Console/Migrations/FreshCommand.php:88
/home/joseph/projects/RideConnect/vendor/laravel/framework/src/Illuminate/Container/BoundMethod.php:36
/home/joseph/projects/RideConnect/vendor/laravel/framework/src/Illuminate/Container/Util.php:43
/home/joseph/projects/RideConnect/vendor/laravel/framework/src/Illuminate/Container/BoundMethod.php:96
/home/joseph/projects/RideConnect/vendor/laravel/framework/src/Illuminate/Container/BoundMethod.php:35
/home/joseph/projects/RideConnect/vendor/laravel/framework/src/Illuminate/Container/Container.php:799
/home/joseph/projects/RideConnect/vendor/laravel/framework/src/Illuminate/Console/Command.php:211
/home/joseph/projects/RideConnect/vendor/symfony/console/Command/Command.php:341
/home/joseph/projects/RideConnect/vendor/laravel/framework/src/Illuminate/Console/Command.php:180
/home/joseph/projects/RideConnect/vendor/symfony/console/Application.php:1094
/home/joseph/projects/RideConnect/vendor/symfony/console/Application.php:356
/home/joseph/projects/RideConnect/vendor/symfony/console/Application.php:195
/home/joseph/projects/RideConnect/vendor/laravel/framework/src/Illuminate/Console/Application.php:165
/home/joseph/projects/RideConnect/vendor/laravel/framework/src/Illuminate/Foundation/Console/Kernel.php:447
/home/joseph/projects/RideConnect/vendor/laravel/framework/src/Illuminate/Testing/PendingCommand.php:451
/home/joseph/projects/RideConnect/vendor/laravel/framework/src/Illuminate/Testing/PendingCommand.php:675
/home/joseph/projects/RideConnect/vendor/laravel/framework/src/Illuminate/Foundation/Testing/Concerns/InteractsWithConsole.php:87
/home/joseph/projects/RideConnect/vendor/laravel/framework/src/Illuminate/Foundation/Testing/RefreshDatabase.php:119
/home/joseph/projects/RideConnect/vendor/laravel/framework/src/Illuminate/Foundation/Testing/RefreshDatabase.php:84
/home/joseph/projects/RideConnect/vendor/laravel/framework/src/Illuminate/Foundation/Testing/RefreshDatabase.php:25
/home/joseph/projects/RideConnect/vendor/laravel/framework/src/Illuminate/Foundation/Testing/Concerns/InteractsWithTestCaseLifecycle.php:217
/home/joseph/projects/RideConnect/vendor/laravel/framework/src/Illuminate/Foundation/Testing/Concerns/InteractsWithTestCaseLifecycle.php:101
/home/joseph/projects/RideConnect/vendor/laravel/framework/src/Illuminate/Foundation/Testing/TestCase.php:63
/home/joseph/projects/RideConnect/tests/Feature/PublicBus/PassengerBusBookingTest.php:34</error>
        </testcase>
        <testcase name="test_unapproved_passenger_cannot_book_seat" file="/home/joseph/projects/RideConnect/tests/Feature/PublicBus/PassengerBusBookingTest.php" line="227" class="Tests\Feature\PublicBus\PassengerBusBookingTest" classname="Tests.Feature.PublicBus.PassengerBusBookingTest" assertions="0" time="0.000000">
          <error type="Illuminate\Database\QueryException">Tests\Feature\PublicBus\PassengerBusBookingTest::test_unapproved_passenger_cannot_book_seat
Illuminate\Database\QueryException: could not find driver (Connection: sqlite, Database: :memory:, SQL: select exists (select 1 from "main".sqlite_master where name = 'migrations' and type = 'table') as "exists")

/home/joseph/projects/RideConnect/vendor/laravel/framework/src/Illuminate/Database/Connection.php:838
/home/joseph/projects/RideConnect/vendor/laravel/framework/src/Illuminate/Database/Connection.php:794
/home/joseph/projects/RideConnect/vendor/laravel/framework/src/Illuminate/Database/Connection.php:411
/home/joseph/projects/RideConnect/vendor/laravel/framework/src/Illuminate/Database/Connection.php:357
/home/joseph/projects/RideConnect/vendor/laravel/framework/src/Illuminate/Database/Connection.php:374
/home/joseph/projects/RideConnect/vendor/laravel/framework/src/Illuminate/Database/Schema/Builder.php:176
/home/joseph/projects/RideConnect/vendor/laravel/framework/src/Illuminate/Database/Migrations/DatabaseMigrationRepository.php:185
/home/joseph/projects/RideConnect/vendor/laravel/framework/src/Illuminate/Database/Migrations/Migrator.php:758
/home/joseph/projects/RideConnect/vendor/laravel/framework/src/Illuminate/Database/Console/Migrations/MigrateCommand.php:164
/home/joseph/projects/RideConnect/vendor/laravel/framework/src/Illuminate/Support/helpers.php:328
/home/joseph/projects/RideConnect/vendor/laravel/framework/src/Illuminate/Database/Console/Migrations/MigrateCommand.php:164
/home/joseph/projects/RideConnect/vendor/laravel/framework/src/Illuminate/Database/Console/Migrations/MigrateCommand.php:140
/home/joseph/projects/RideConnect/vendor/laravel/framework/src/Illuminate/Database/Console/Migrations/MigrateCommand.php:110
/home/joseph/projects/RideConnect/vendor/laravel/framework/src/Illuminate/Database/Migrations/Migrator.php:671
/home/joseph/projects/RideConnect/vendor/laravel/framework/src/Illuminate/Database/Console/Migrations/MigrateCommand.php:109
/home/joseph/projects/RideConnect/vendor/laravel/framework/src/Illuminate/Database/Console/Migrations/MigrateCommand.php:88
/home/joseph/projects/RideConnect/vendor/laravel/framework/src/Illuminate/Container/BoundMethod.php:36
/home/joseph/projects/RideConnect/vendor/laravel/framework/src/Illuminate/Container/Util.php:43
/home/joseph/projects/RideConnect/vendor/laravel/framework/src/Illuminate/Container/BoundMethod.php:96
/home/joseph/projects/RideConnect/vendor/laravel/framework/src/Illuminate/Container/BoundMethod.php:35
/home/joseph/projects/RideConnect/vendor/laravel/framework/src/Illuminate/Container/Container.php:799
/home/joseph/projects/RideConnect/vendor/laravel/framework/src/Illuminate/Console/Command.php:211
/home/joseph/projects/RideConnect/vendor/symfony/console/Command/Command.php:341
/home/joseph/projects/RideConnect/vendor/laravel/framework/src/Illuminate/Console/Command.php:180
/home/joseph/projects/RideConnect/vendor/laravel/framework/src/Illuminate/Console/Concerns/CallsCommands.php:68
/home/joseph/projects/RideConnect/vendor/laravel/framework/src/Illuminate/Console/Concerns/CallsCommands.php:29
/home/joseph/projects/RideConnect/vendor/laravel/framework/src/Illuminate/Database/Console/Migrations/FreshCommand.php:88
/home/joseph/projects/RideConnect/vendor/laravel/framework/src/Illuminate/Container/BoundMethod.php:36
/home/joseph/projects/RideConnect/vendor/laravel/framework/src/Illuminate/Container/Util.php:43
/home/joseph/projects/RideConnect/vendor/laravel/framework/src/Illuminate/Container/BoundMethod.php:96
/home/joseph/projects/RideConnect/vendor/laravel/framework/src/Illuminate/Container/BoundMethod.php:35
/home/joseph/projects/RideConnect/vendor/laravel/framework/src/Illuminate/Container/Container.php:799
/home/joseph/projects/RideConnect/vendor/laravel/framework/src/Illuminate/Console/Command.php:211
/home/joseph/projects/RideConnect/vendor/symfony/console/Command/Command.php:341
/home/joseph/projects/RideConnect/vendor/laravel/framework/src/Illuminate/Console/Command.php:180
/home/joseph/projects/RideConnect/vendor/symfony/console/Application.php:1094
/home/joseph/projects/RideConnect/vendor/symfony/console/Application.php:356
/home/joseph/projects/RideConnect/vendor/symfony/console/Application.php:195
/home/joseph/projects/RideConnect/vendor/laravel/framework/src/Illuminate/Console/Application.php:165
/home/joseph/projects/RideConnect/vendor/laravel/framework/src/Illuminate/Foundation/Console/Kernel.php:447
/home/joseph/projects/RideConnect/vendor/laravel/framework/src/Illuminate/Testing/PendingCommand.php:451
/home/joseph/projects/RideConnect/vendor/laravel/framework/src/Illuminate/Testing/PendingCommand.php:675
/home/joseph/projects/RideConnect/vendor/laravel/framework/src/Illuminate/Foundation/Testing/Concerns/InteractsWithConsole.php:87
/home/joseph/projects/RideConnect/vendor/laravel/framework/src/Illuminate/Foundation/Testing/RefreshDatabase.php:119
/home/joseph/projects/RideConnect/vendor/laravel/framework/src/Illuminate/Foundation/Testing/RefreshDatabase.php:84
/home/joseph/projects/RideConnect/vendor/laravel/framework/src/Illuminate/Foundation/Testing/RefreshDatabase.php:25
/home/joseph/projects/RideConnect/vendor/laravel/framework/src/Illuminate/Foundation/Testing/Concerns/InteractsWithTestCaseLifecycle.php:217
/home/joseph/projects/RideConnect/vendor/laravel/framework/src/Illuminate/Foundation/Testing/Concerns/InteractsWithTestCaseLifecycle.php:101
/home/joseph/projects/RideConnect/vendor/laravel/framework/src/Illuminate/Foundation/Testing/TestCase.php:63
/home/joseph/projects/RideConnect/tests/Feature/PublicBus/PassengerBusBookingTest.php:34</error>
        </testcase>
        <testcase name="test_passenger_can_view_current_trip" file="/home/joseph/projects/RideConnect/tests/Feature/PublicBus/PassengerBusBookingTest.php" line="256" class="Tests\Feature\PublicBus\PassengerBusBookingTest" classname="Tests.Feature.PublicBus.PassengerBusBookingTest" assertions="0" time="0.000000">
          <error type="Illuminate\Database\QueryException">Tests\Feature\PublicBus\PassengerBusBookingTest::test_passenger_can_view_current_trip
Illuminate\Database\QueryException: could not find driver (Connection: sqlite, Database: :memory:, SQL: select exists (select 1 from "main".sqlite_master where name = 'migrations' and type = 'table') as "exists")

/home/joseph/projects/RideConnect/vendor/laravel/framework/src/Illuminate/Database/Connection.php:838
/home/joseph/projects/RideConnect/vendor/laravel/framework/src/Illuminate/Database/Connection.php:794
/home/joseph/projects/RideConnect/vendor/laravel/framework/src/Illuminate/Database/Connection.php:411
/home/joseph/projects/RideConnect/vendor/laravel/framework/src/Illuminate/Database/Connection.php:357
/home/joseph/projects/RideConnect/vendor/laravel/framework/src/Illuminate/Database/Connection.php:374
/home/joseph/projects/RideConnect/vendor/laravel/framework/src/Illuminate/Database/Schema/Builder.php:176
/home/joseph/projects/RideConnect/vendor/laravel/framework/src/Illuminate/Database/Migrations/DatabaseMigrationRepository.php:185
/home/joseph/projects/RideConnect/vendor/laravel/framework/src/Illuminate/Database/Migrations/Migrator.php:758
/home/joseph/projects/RideConnect/vendor/laravel/framework/src/Illuminate/Database/Console/Migrations/MigrateCommand.php:164
/home/joseph/projects/RideConnect/vendor/laravel/framework/src/Illuminate/Support/helpers.php:328
/home/joseph/projects/RideConnect/vendor/laravel/framework/src/Illuminate/Database/Console/Migrations/MigrateCommand.php:164
/home/joseph/projects/RideConnect/vendor/laravel/framework/src/Illuminate/Database/Console/Migrations/MigrateCommand.php:140
/home/joseph/projects/RideConnect/vendor/laravel/framework/src/Illuminate/Database/Console/Migrations/MigrateCommand.php:110
/home/joseph/projects/RideConnect/vendor/laravel/framework/src/Illuminate/Database/Migrations/Migrator.php:671
/home/joseph/projects/RideConnect/vendor/laravel/framework/src/Illuminate/Database/Console/Migrations/MigrateCommand.php:109
/home/joseph/projects/RideConnect/vendor/laravel/framework/src/Illuminate/Database/Console/Migrations/MigrateCommand.php:88
/home/joseph/projects/RideConnect/vendor/laravel/framework/src/Illuminate/Container/BoundMethod.php:36
/home/joseph/projects/RideConnect/vendor/laravel/framework/src/Illuminate/Container/Util.php:43
/home/joseph/projects/RideConnect/vendor/laravel/framework/src/Illuminate/Container/BoundMethod.php:96
/home/joseph/projects/RideConnect/vendor/laravel/framework/src/Illuminate/Container/BoundMethod.php:35
/home/joseph/projects/RideConnect/vendor/laravel/framework/src/Illuminate/Container/Container.php:799
/home/joseph/projects/RideConnect/vendor/laravel/framework/src/Illuminate/Console/Command.php:211
/home/joseph/projects/RideConnect/vendor/symfony/console/Command/Command.php:341
/home/joseph/projects/RideConnect/vendor/laravel/framework/src/Illuminate/Console/Command.php:180
/home/joseph/projects/RideConnect/vendor/laravel/framework/src/Illuminate/Console/Concerns/CallsCommands.php:68
/home/joseph/projects/RideConnect/vendor/laravel/framework/src/Illuminate/Console/Concerns/CallsCommands.php:29
/home/joseph/projects/RideConnect/vendor/laravel/framework/src/Illuminate/Database/Console/Migrations/FreshCommand.php:88
/home/joseph/projects/RideConnect/vendor/laravel/framework/src/Illuminate/Container/BoundMethod.php:36
/home/joseph/projects/RideConnect/vendor/laravel/framework/src/Illuminate/Container/Util.php:43
/home/joseph/projects/RideConnect/vendor/laravel/framework/src/Illuminate/Container/BoundMethod.php:96
/home/joseph/projects/RideConnect/vendor/laravel/framework/src/Illuminate/Container/BoundMethod.php:35
/home/joseph/projects/RideConnect/vendor/laravel/framework/src/Illuminate/Container/Container.php:799
/home/joseph/projects/RideConnect/vendor/laravel/framework/src/Illuminate/Console/Command.php:211
/home/joseph/projects/RideConnect/vendor/symfony/console/Command/Command.php:341
/home/joseph/projects/RideConnect/vendor/laravel/framework/src/Illuminate/Console/Command.php:180
/home/joseph/projects/RideConnect/vendor/symfony/console/Application.php:1094
/home/joseph/projects/RideConnect/vendor/symfony/console/Application.php:356
/home/joseph/projects/RideConnect/vendor/symfony/console/Application.php:195
/home/joseph/projects/RideConnect/vendor/laravel/framework/src/Illuminate/Console/Application.php:165
/home/joseph/projects/RideConnect/vendor/laravel/framework/src/Illuminate/Foundation/Console/Kernel.php:447
/home/joseph/projects/RideConnect/vendor/laravel/framework/src/Illuminate/Testing/PendingCommand.php:451
/home/joseph/projects/RideConnect/vendor/laravel/framework/src/Illuminate/Testing/PendingCommand.php:675
/home/joseph/projects/RideConnect/vendor/laravel/framework/src/Illuminate/Foundation/Testing/Concerns/InteractsWithConsole.php:87
/home/joseph/projects/RideConnect/vendor/laravel/framework/src/Illuminate/Foundation/Testing/RefreshDatabase.php:119
/home/joseph/projects/RideConnect/vendor/laravel/framework/src/Illuminate/Foundation/Testing/RefreshDatabase.php:84
/home/joseph/projects/RideConnect/vendor/laravel/framework/src/Illuminate/Foundation/Testing/RefreshDatabase.php:25
/home/joseph/projects/RideConnect/vendor/laravel/framework/src/Illuminate/Foundation/Testing/Concerns/InteractsWithTestCaseLifecycle.php:217
/home/joseph/projects/RideConnect/vendor/laravel/framework/src/Illuminate/Foundation/Testing/Concerns/InteractsWithTestCaseLifecycle.php:101
/home/joseph/projects/RideConnect/vendor/laravel/framework/src/Illuminate/Foundation/Testing/TestCase.php:63
/home/joseph/projects/RideConnect/tests/Feature/PublicBus/PassengerBusBookingTest.php:34</error>
        </testcase>
        <testcase name="test_passenger_can_retrieve_ticket" file="/home/joseph/projects/RideConnect/tests/Feature/PublicBus/PassengerBusBookingTest.php" line="305" class="Tests\Feature\PublicBus\PassengerBusBookingTest" classname="Tests.Feature.PublicBus.PassengerBusBookingTest" assertions="0" time="0.000000">
          <error type="Illuminate\Database\QueryException">Tests\Feature\PublicBus\PassengerBusBookingTest::test_passenger_can_retrieve_ticket
Illuminate\Database\QueryException: could not find driver (Connection: sqlite, Database: :memory:, SQL: select exists (select 1 from "main".sqlite_master where name = 'migrations' and type = 'table') as "exists")

/home/joseph/projects/RideConnect/vendor/laravel/framework/src/Illuminate/Database/Connection.php:838
/home/joseph/projects/RideConnect/vendor/laravel/framework/src/Illuminate/Database/Connection.php:794
/home/joseph/projects/RideConnect/vendor/laravel/framework/src/Illuminate/Database/Connection.php:411
/home/joseph/projects/RideConnect/vendor/laravel/framework/src/Illuminate/Database/Connection.php:357
/home/joseph/projects/RideConnect/vendor/laravel/framework/src/Illuminate/Database/Connection.php:374
/home/joseph/projects/RideConnect/vendor/laravel/framework/src/Illuminate/Database/Schema/Builder.php:176
/home/joseph/projects/RideConnect/vendor/laravel/framework/src/Illuminate/Database/Migrations/DatabaseMigrationRepository.php:185
/home/joseph/projects/RideConnect/vendor/laravel/framework/src/Illuminate/Database/Migrations/Migrator.php:758
/home/joseph/projects/RideConnect/vendor/laravel/framework/src/Illuminate/Database/Console/Migrations/MigrateCommand.php:164
/home/joseph/projects/RideConnect/vendor/laravel/framework/src/Illuminate/Support/helpers.php:328
/home/joseph/projects/RideConnect/vendor/laravel/framework/src/Illuminate/Database/Console/Migrations/MigrateCommand.php:164
/home/joseph/projects/RideConnect/vendor/laravel/framework/src/Illuminate/Database/Console/Migrations/MigrateCommand.php:140
/home/joseph/projects/RideConnect/vendor/laravel/framework/src/Illuminate/Database/Console/Migrations/MigrateCommand.php:110
/home/joseph/projects/RideConnect/vendor/laravel/framework/src/Illuminate/Database/Migrations/Migrator.php:671
/home/joseph/projects/RideConnect/vendor/laravel/framework/src/Illuminate/Database/Console/Migrations/MigrateCommand.php:109
/home/joseph/projects/RideConnect/vendor/laravel/framework/src/Illuminate/Database/Console/Migrations/MigrateCommand.php:88
/home/joseph/projects/RideConnect/vendor/laravel/framework/src/Illuminate/Container/BoundMethod.php:36
/home/joseph/projects/RideConnect/vendor/laravel/framework/src/Illuminate/Container/Util.php:43
/home/joseph/projects/RideConnect/vendor/laravel/framework/src/Illuminate/Container/BoundMethod.php:96
/home/joseph/projects/RideConnect/vendor/laravel/framework/src/Illuminate/Container/BoundMethod.php:35
/home/joseph/projects/RideConnect/vendor/laravel/framework/src/Illuminate/Container/Container.php:799
/home/joseph/projects/RideConnect/vendor/laravel/framework/src/Illuminate/Console/Command.php:211
/home/joseph/projects/RideConnect/vendor/symfony/console/Command/Command.php:341
/home/joseph/projects/RideConnect/vendor/laravel/framework/src/Illuminate/Console/Command.php:180
/home/joseph/projects/RideConnect/vendor/laravel/framework/src/Illuminate/Console/Concerns/CallsCommands.php:68
/home/joseph/projects/RideConnect/vendor/laravel/framework/src/Illuminate/Console/Concerns/CallsCommands.php:29
/home/joseph/projects/RideConnect/vendor/laravel/framework/src/Illuminate/Database/Console/Migrations/FreshCommand.php:88
/home/joseph/projects/RideConnect/vendor/laravel/framework/src/Illuminate/Container/BoundMethod.php:36
/home/joseph/projects/RideConnect/vendor/laravel/framework/src/Illuminate/Container/Util.php:43
/home/joseph/projects/RideConnect/vendor/laravel/framework/src/Illuminate/Container/BoundMethod.php:96
/home/joseph/projects/RideConnect/vendor/laravel/framework/src/Illuminate/Container/BoundMethod.php:35
/home/joseph/projects/RideConnect/vendor/laravel/framework/src/Illuminate/Container/Container.php:799
/home/joseph/projects/RideConnect/vendor/laravel/framework/src/Illuminate/Console/Command.php:211
/home/joseph/projects/RideConnect/vendor/symfony/console/Command/Command.php:341
/home/joseph/projects/RideConnect/vendor/laravel/framework/src/Illuminate/Console/Command.php:180
/home/joseph/projects/RideConnect/vendor/symfony/console/Application.php:1094
/home/joseph/projects/RideConnect/vendor/symfony/console/Application.php:356
/home/joseph/projects/RideConnect/vendor/symfony/console/Application.php:195
/home/joseph/projects/RideConnect/vendor/laravel/framework/src/Illuminate/Console/Application.php:165
/home/joseph/projects/RideConnect/vendor/laravel/framework/src/Illuminate/Foundation/Console/Kernel.php:447
/home/joseph/projects/RideConnect/vendor/laravel/framework/src/Illuminate/Testing/PendingCommand.php:451
/home/joseph/projects/RideConnect/vendor/laravel/framework/src/Illuminate/Testing/PendingCommand.php:675
/home/joseph/projects/RideConnect/vendor/laravel/framework/src/Illuminate/Foundation/Testing/Concerns/InteractsWithConsole.php:87
/home/joseph/projects/RideConnect/vendor/laravel/framework/src/Illuminate/Foundation/Testing/RefreshDatabase.php:119
/home/joseph/projects/RideConnect/vendor/laravel/framework/src/Illuminate/Foundation/Testing/RefreshDatabase.php:84
/home/joseph/projects/RideConnect/vendor/laravel/framework/src/Illuminate/Foundation/Testing/RefreshDatabase.php:25
/home/joseph/projects/RideConnect/vendor/laravel/framework/src/Illuminate/Foundation/Testing/Concerns/InteractsWithTestCaseLifecycle.php:217
/home/joseph/projects/RideConnect/vendor/laravel/framework/src/Illuminate/Foundation/Testing/Concerns/InteractsWithTestCaseLifecycle.php:101
/home/joseph/projects/RideConnect/vendor/laravel/framework/src/Illuminate/Foundation/Testing/TestCase.php:63
/home/joseph/projects/RideConnect/tests/Feature/PublicBus/PassengerBusBookingTest.php:34</error>
        </testcase>
      </testsuite>
      <testsuite name="Tests\Feature\PublicBus\PassengerPublicBusMatchingTest" file="/home/joseph/projects/RideConnect/tests/Feature/PublicBus/PassengerPublicBusMatchingTest.php" tests="8" assertions="0" errors="8" failures="0" skipped="0" time="0.000000">
        <testcase name="passenger_can_request_public_bus_trip_with_location_names" file="/home/joseph/projects/RideConnect/tests/Feature/PublicBus/PassengerPublicBusMatchingTest.php" line="74" class="Tests\Feature\PublicBus\PassengerPublicBusMatchingTest" classname="Tests.Feature.PublicBus.PassengerPublicBusMatchingTest" assertions="0" time="0.000000">
          <error type="Illuminate\Database\QueryException">Tests\Feature\PublicBus\PassengerPublicBusMatchingTest::passenger_can_request_public_bus_trip_with_location_names
Illuminate\Database\QueryException: could not find driver (Connection: sqlite, Database: :memory:, SQL: select exists (select 1 from "main".sqlite_master where name = 'migrations' and type = 'table') as "exists")

/home/joseph/projects/RideConnect/vendor/laravel/framework/src/Illuminate/Database/Connection.php:838
/home/joseph/projects/RideConnect/vendor/laravel/framework/src/Illuminate/Database/Connection.php:794
/home/joseph/projects/RideConnect/vendor/laravel/framework/src/Illuminate/Database/Connection.php:411
/home/joseph/projects/RideConnect/vendor/laravel/framework/src/Illuminate/Database/Connection.php:357
/home/joseph/projects/RideConnect/vendor/laravel/framework/src/Illuminate/Database/Connection.php:374
/home/joseph/projects/RideConnect/vendor/laravel/framework/src/Illuminate/Database/Schema/Builder.php:176
/home/joseph/projects/RideConnect/vendor/laravel/framework/src/Illuminate/Database/Migrations/DatabaseMigrationRepository.php:185
/home/joseph/projects/RideConnect/vendor/laravel/framework/src/Illuminate/Database/Migrations/Migrator.php:758
/home/joseph/projects/RideConnect/vendor/laravel/framework/src/Illuminate/Database/Console/Migrations/MigrateCommand.php:164
/home/joseph/projects/RideConnect/vendor/laravel/framework/src/Illuminate/Support/helpers.php:328
/home/joseph/projects/RideConnect/vendor/laravel/framework/src/Illuminate/Database/Console/Migrations/MigrateCommand.php:164
/home/joseph/projects/RideConnect/vendor/laravel/framework/src/Illuminate/Database/Console/Migrations/MigrateCommand.php:140
/home/joseph/projects/RideConnect/vendor/laravel/framework/src/Illuminate/Database/Console/Migrations/MigrateCommand.php:110
/home/joseph/projects/RideConnect/vendor/laravel/framework/src/Illuminate/Database/Migrations/Migrator.php:671
/home/joseph/projects/RideConnect/vendor/laravel/framework/src/Illuminate/Database/Console/Migrations/MigrateCommand.php:109
/home/joseph/projects/RideConnect/vendor/laravel/framework/src/Illuminate/Database/Console/Migrations/MigrateCommand.php:88
/home/joseph/projects/RideConnect/vendor/laravel/framework/src/Illuminate/Container/BoundMethod.php:36
/home/joseph/projects/RideConnect/vendor/laravel/framework/src/Illuminate/Container/Util.php:43
/home/joseph/projects/RideConnect/vendor/laravel/framework/src/Illuminate/Container/BoundMethod.php:96
/home/joseph/projects/RideConnect/vendor/laravel/framework/src/Illuminate/Container/BoundMethod.php:35
/home/joseph/projects/RideConnect/vendor/laravel/framework/src/Illuminate/Container/Container.php:799
/home/joseph/projects/RideConnect/vendor/laravel/framework/src/Illuminate/Console/Command.php:211
/home/joseph/projects/RideConnect/vendor/symfony/console/Command/Command.php:341
/home/joseph/projects/RideConnect/vendor/laravel/framework/src/Illuminate/Console/Command.php:180
/home/joseph/projects/RideConnect/vendor/laravel/framework/src/Illuminate/Console/Concerns/CallsCommands.php:68
/home/joseph/projects/RideConnect/vendor/laravel/framework/src/Illuminate/Console/Concerns/CallsCommands.php:29
/home/joseph/projects/RideConnect/vendor/laravel/framework/src/Illuminate/Database/Console/Migrations/FreshCommand.php:88
/home/joseph/projects/RideConnect/vendor/laravel/framework/src/Illuminate/Container/BoundMethod.php:36
/home/joseph/projects/RideConnect/vendor/laravel/framework/src/Illuminate/Container/Util.php:43
/home/joseph/projects/RideConnect/vendor/laravel/framework/src/Illuminate/Container/BoundMethod.php:96
/home/joseph/projects/RideConnect/vendor/laravel/framework/src/Illuminate/Container/BoundMethod.php:35
/home/joseph/projects/RideConnect/vendor/laravel/framework/src/Illuminate/Container/Container.php:799
/home/joseph/projects/RideConnect/vendor/laravel/framework/src/Illuminate/Console/Command.php:211
/home/joseph/projects/RideConnect/vendor/symfony/console/Command/Command.php:341
/home/joseph/projects/RideConnect/vendor/laravel/framework/src/Illuminate/Console/Command.php:180
/home/joseph/projects/RideConnect/vendor/symfony/console/Application.php:1094
/home/joseph/projects/RideConnect/vendor/symfony/console/Application.php:356
/home/joseph/projects/RideConnect/vendor/symfony/console/Application.php:195
/home/joseph/projects/RideConnect/vendor/laravel/framework/src/Illuminate/Console/Application.php:165
/home/joseph/projects/RideConnect/vendor/laravel/framework/src/Illuminate/Foundation/Console/Kernel.php:447
/home/joseph/projects/RideConnect/vendor/laravel/framework/src/Illuminate/Testing/PendingCommand.php:451
/home/joseph/projects/RideConnect/vendor/laravel/framework/src/Illuminate/Testing/PendingCommand.php:675
/home/joseph/projects/RideConnect/vendor/laravel/framework/src/Illuminate/Foundation/Testing/Concerns/InteractsWithConsole.php:87
/home/joseph/projects/RideConnect/vendor/laravel/framework/src/Illuminate/Foundation/Testing/RefreshDatabase.php:119
/home/joseph/projects/RideConnect/vendor/laravel/framework/src/Illuminate/Foundation/Testing/RefreshDatabase.php:84
/home/joseph/projects/RideConnect/vendor/laravel/framework/src/Illuminate/Foundation/Testing/RefreshDatabase.php:25
/home/joseph/projects/RideConnect/vendor/laravel/framework/src/Illuminate/Foundation/Testing/Concerns/InteractsWithTestCaseLifecycle.php:217
/home/joseph/projects/RideConnect/vendor/laravel/framework/src/Illuminate/Foundation/Testing/Concerns/InteractsWithTestCaseLifecycle.php:101
/home/joseph/projects/RideConnect/vendor/laravel/framework/src/Illuminate/Foundation/Testing/TestCase.php:63
/home/joseph/projects/RideConnect/tests/Feature/PublicBus/PassengerPublicBusMatchingTest.php:27</error>
        </testcase>
        <testcase name="passenger_cannot_request_trip_with_invalid_corridor" file="/home/joseph/projects/RideConnect/tests/Feature/PublicBus/PassengerPublicBusMatchingTest.php" line="117" class="Tests\Feature\PublicBus\PassengerPublicBusMatchingTest" classname="Tests.Feature.PublicBus.PassengerPublicBusMatchingTest" assertions="0" time="0.000000">
          <error type="Illuminate\Database\QueryException">Tests\Feature\PublicBus\PassengerPublicBusMatchingTest::passenger_cannot_request_trip_with_invalid_corridor
Illuminate\Database\QueryException: could not find driver (Connection: sqlite, Database: :memory:, SQL: select exists (select 1 from "main".sqlite_master where name = 'migrations' and type = 'table') as "exists")

/home/joseph/projects/RideConnect/vendor/laravel/framework/src/Illuminate/Database/Connection.php:838
/home/joseph/projects/RideConnect/vendor/laravel/framework/src/Illuminate/Database/Connection.php:794
/home/joseph/projects/RideConnect/vendor/laravel/framework/src/Illuminate/Database/Connection.php:411
/home/joseph/projects/RideConnect/vendor/laravel/framework/src/Illuminate/Database/Connection.php:357
/home/joseph/projects/RideConnect/vendor/laravel/framework/src/Illuminate/Database/Connection.php:374
/home/joseph/projects/RideConnect/vendor/laravel/framework/src/Illuminate/Database/Schema/Builder.php:176
/home/joseph/projects/RideConnect/vendor/laravel/framework/src/Illuminate/Database/Migrations/DatabaseMigrationRepository.php:185
/home/joseph/projects/RideConnect/vendor/laravel/framework/src/Illuminate/Database/Migrations/Migrator.php:758
/home/joseph/projects/RideConnect/vendor/laravel/framework/src/Illuminate/Database/Console/Migrations/MigrateCommand.php:164
/home/joseph/projects/RideConnect/vendor/laravel/framework/src/Illuminate/Support/helpers.php:328
/home/joseph/projects/RideConnect/vendor/laravel/framework/src/Illuminate/Database/Console/Migrations/MigrateCommand.php:164
/home/joseph/projects/RideConnect/vendor/laravel/framework/src/Illuminate/Database/Console/Migrations/MigrateCommand.php:140
/home/joseph/projects/RideConnect/vendor/laravel/framework/src/Illuminate/Database/Console/Migrations/MigrateCommand.php:110
/home/joseph/projects/RideConnect/vendor/laravel/framework/src/Illuminate/Database/Migrations/Migrator.php:671
/home/joseph/projects/RideConnect/vendor/laravel/framework/src/Illuminate/Database/Console/Migrations/MigrateCommand.php:109
/home/joseph/projects/RideConnect/vendor/laravel/framework/src/Illuminate/Database/Console/Migrations/MigrateCommand.php:88
/home/joseph/projects/RideConnect/vendor/laravel/framework/src/Illuminate/Container/BoundMethod.php:36
/home/joseph/projects/RideConnect/vendor/laravel/framework/src/Illuminate/Container/Util.php:43
/home/joseph/projects/RideConnect/vendor/laravel/framework/src/Illuminate/Container/BoundMethod.php:96
/home/joseph/projects/RideConnect/vendor/laravel/framework/src/Illuminate/Container/BoundMethod.php:35
/home/joseph/projects/RideConnect/vendor/laravel/framework/src/Illuminate/Container/Container.php:799
/home/joseph/projects/RideConnect/vendor/laravel/framework/src/Illuminate/Console/Command.php:211
/home/joseph/projects/RideConnect/vendor/symfony/console/Command/Command.php:341
/home/joseph/projects/RideConnect/vendor/laravel/framework/src/Illuminate/Console/Command.php:180
/home/joseph/projects/RideConnect/vendor/laravel/framework/src/Illuminate/Console/Concerns/CallsCommands.php:68
/home/joseph/projects/RideConnect/vendor/laravel/framework/src/Illuminate/Console/Concerns/CallsCommands.php:29
/home/joseph/projects/RideConnect/vendor/laravel/framework/src/Illuminate/Database/Console/Migrations/FreshCommand.php:88
/home/joseph/projects/RideConnect/vendor/laravel/framework/src/Illuminate/Container/BoundMethod.php:36
/home/joseph/projects/RideConnect/vendor/laravel/framework/src/Illuminate/Container/Util.php:43
/home/joseph/projects/RideConnect/vendor/laravel/framework/src/Illuminate/Container/BoundMethod.php:96
/home/joseph/projects/RideConnect/vendor/laravel/framework/src/Illuminate/Container/BoundMethod.php:35
/home/joseph/projects/RideConnect/vendor/laravel/framework/src/Illuminate/Container/Container.php:799
/home/joseph/projects/RideConnect/vendor/laravel/framework/src/Illuminate/Console/Command.php:211
/home/joseph/projects/RideConnect/vendor/symfony/console/Command/Command.php:341
/home/joseph/projects/RideConnect/vendor/laravel/framework/src/Illuminate/Console/Command.php:180
/home/joseph/projects/RideConnect/vendor/symfony/console/Application.php:1094
/home/joseph/projects/RideConnect/vendor/symfony/console/Application.php:356
/home/joseph/projects/RideConnect/vendor/symfony/console/Application.php:195
/home/joseph/projects/RideConnect/vendor/laravel/framework/src/Illuminate/Console/Application.php:165
/home/joseph/projects/RideConnect/vendor/laravel/framework/src/Illuminate/Foundation/Console/Kernel.php:447
/home/joseph/projects/RideConnect/vendor/laravel/framework/src/Illuminate/Testing/PendingCommand.php:451
/home/joseph/projects/RideConnect/vendor/laravel/framework/src/Illuminate/Testing/PendingCommand.php:675
/home/joseph/projects/RideConnect/vendor/laravel/framework/src/Illuminate/Foundation/Testing/Concerns/InteractsWithConsole.php:87
/home/joseph/projects/RideConnect/vendor/laravel/framework/src/Illuminate/Foundation/Testing/RefreshDatabase.php:119
/home/joseph/projects/RideConnect/vendor/laravel/framework/src/Illuminate/Foundation/Testing/RefreshDatabase.php:84
/home/joseph/projects/RideConnect/vendor/laravel/framework/src/Illuminate/Foundation/Testing/RefreshDatabase.php:25
/home/joseph/projects/RideConnect/vendor/laravel/framework/src/Illuminate/Foundation/Testing/Concerns/InteractsWithTestCaseLifecycle.php:217
/home/joseph/projects/RideConnect/vendor/laravel/framework/src/Illuminate/Foundation/Testing/Concerns/InteractsWithTestCaseLifecycle.php:101
/home/joseph/projects/RideConnect/vendor/laravel/framework/src/Illuminate/Foundation/Testing/TestCase.php:63
/home/joseph/projects/RideConnect/tests/Feature/PublicBus/PassengerPublicBusMatchingTest.php:27</error>
        </testcase>
        <testcase name="unapproved_passenger_cannot_request_trip" file="/home/joseph/projects/RideConnect/tests/Feature/PublicBus/PassengerPublicBusMatchingTest.php" line="131" class="Tests\Feature\PublicBus\PassengerPublicBusMatchingTest" classname="Tests.Feature.PublicBus.PassengerPublicBusMatchingTest" assertions="0" time="0.000000">
          <error type="Illuminate\Database\QueryException">Tests\Feature\PublicBus\PassengerPublicBusMatchingTest::unapproved_passenger_cannot_request_trip
Illuminate\Database\QueryException: could not find driver (Connection: sqlite, Database: :memory:, SQL: select exists (select 1 from "main".sqlite_master where name = 'migrations' and type = 'table') as "exists")

/home/joseph/projects/RideConnect/vendor/laravel/framework/src/Illuminate/Database/Connection.php:838
/home/joseph/projects/RideConnect/vendor/laravel/framework/src/Illuminate/Database/Connection.php:794
/home/joseph/projects/RideConnect/vendor/laravel/framework/src/Illuminate/Database/Connection.php:411
/home/joseph/projects/RideConnect/vendor/laravel/framework/src/Illuminate/Database/Connection.php:357
/home/joseph/projects/RideConnect/vendor/laravel/framework/src/Illuminate/Database/Connection.php:374
/home/joseph/projects/RideConnect/vendor/laravel/framework/src/Illuminate/Database/Schema/Builder.php:176
/home/joseph/projects/RideConnect/vendor/laravel/framework/src/Illuminate/Database/Migrations/DatabaseMigrationRepository.php:185
/home/joseph/projects/RideConnect/vendor/laravel/framework/src/Illuminate/Database/Migrations/Migrator.php:758
/home/joseph/projects/RideConnect/vendor/laravel/framework/src/Illuminate/Database/Console/Migrations/MigrateCommand.php:164
/home/joseph/projects/RideConnect/vendor/laravel/framework/src/Illuminate/Support/helpers.php:328
/home/joseph/projects/RideConnect/vendor/laravel/framework/src/Illuminate/Database/Console/Migrations/MigrateCommand.php:164
/home/joseph/projects/RideConnect/vendor/laravel/framework/src/Illuminate/Database/Console/Migrations/MigrateCommand.php:140
/home/joseph/projects/RideConnect/vendor/laravel/framework/src/Illuminate/Database/Console/Migrations/MigrateCommand.php:110
/home/joseph/projects/RideConnect/vendor/laravel/framework/src/Illuminate/Database/Migrations/Migrator.php:671
/home/joseph/projects/RideConnect/vendor/laravel/framework/src/Illuminate/Database/Console/Migrations/MigrateCommand.php:109
/home/joseph/projects/RideConnect/vendor/laravel/framework/src/Illuminate/Database/Console/Migrations/MigrateCommand.php:88
/home/joseph/projects/RideConnect/vendor/laravel/framework/src/Illuminate/Container/BoundMethod.php:36
/home/joseph/projects/RideConnect/vendor/laravel/framework/src/Illuminate/Container/Util.php:43
/home/joseph/projects/RideConnect/vendor/laravel/framework/src/Illuminate/Container/BoundMethod.php:96
/home/joseph/projects/RideConnect/vendor/laravel/framework/src/Illuminate/Container/BoundMethod.php:35
/home/joseph/projects/RideConnect/vendor/laravel/framework/src/Illuminate/Container/Container.php:799
/home/joseph/projects/RideConnect/vendor/laravel/framework/src/Illuminate/Console/Command.php:211
/home/joseph/projects/RideConnect/vendor/symfony/console/Command/Command.php:341
/home/joseph/projects/RideConnect/vendor/laravel/framework/src/Illuminate/Console/Command.php:180
/home/joseph/projects/RideConnect/vendor/laravel/framework/src/Illuminate/Console/Concerns/CallsCommands.php:68
/home/joseph/projects/RideConnect/vendor/laravel/framework/src/Illuminate/Console/Concerns/CallsCommands.php:29
/home/joseph/projects/RideConnect/vendor/laravel/framework/src/Illuminate/Database/Console/Migrations/FreshCommand.php:88
/home/joseph/projects/RideConnect/vendor/laravel/framework/src/Illuminate/Container/BoundMethod.php:36
/home/joseph/projects/RideConnect/vendor/laravel/framework/src/Illuminate/Container/Util.php:43
/home/joseph/projects/RideConnect/vendor/laravel/framework/src/Illuminate/Container/BoundMethod.php:96
/home/joseph/projects/RideConnect/vendor/laravel/framework/src/Illuminate/Container/BoundMethod.php:35
/home/joseph/projects/RideConnect/vendor/laravel/framework/src/Illuminate/Container/Container.php:799
/home/joseph/projects/RideConnect/vendor/laravel/framework/src/Illuminate/Console/Command.php:211
/home/joseph/projects/RideConnect/vendor/symfony/console/Command/Command.php:341
/home/joseph/projects/RideConnect/vendor/laravel/framework/src/Illuminate/Console/Command.php:180
/home/joseph/projects/RideConnect/vendor/symfony/console/Application.php:1094
/home/joseph/projects/RideConnect/vendor/symfony/console/Application.php:356
/home/joseph/projects/RideConnect/vendor/symfony/console/Application.php:195
/home/joseph/projects/RideConnect/vendor/laravel/framework/src/Illuminate/Console/Application.php:165
/home/joseph/projects/RideConnect/vendor/laravel/framework/src/Illuminate/Foundation/Console/Kernel.php:447
/home/joseph/projects/RideConnect/vendor/laravel/framework/src/Illuminate/Testing/PendingCommand.php:451
/home/joseph/projects/RideConnect/vendor/laravel/framework/src/Illuminate/Testing/PendingCommand.php:675
/home/joseph/projects/RideConnect/vendor/laravel/framework/src/Illuminate/Foundation/Testing/Concerns/InteractsWithConsole.php:87
/home/joseph/projects/RideConnect/vendor/laravel/framework/src/Illuminate/Foundation/Testing/RefreshDatabase.php:119
/home/joseph/projects/RideConnect/vendor/laravel/framework/src/Illuminate/Foundation/Testing/RefreshDatabase.php:84
/home/joseph/projects/RideConnect/vendor/laravel/framework/src/Illuminate/Foundation/Testing/RefreshDatabase.php:25
/home/joseph/projects/RideConnect/vendor/laravel/framework/src/Illuminate/Foundation/Testing/Concerns/InteractsWithTestCaseLifecycle.php:217
/home/joseph/projects/RideConnect/vendor/laravel/framework/src/Illuminate/Foundation/Testing/Concerns/InteractsWithTestCaseLifecycle.php:101
/home/joseph/projects/RideConnect/vendor/laravel/framework/src/Illuminate/Foundation/Testing/TestCase.php:63
/home/joseph/projects/RideConnect/tests/Feature/PublicBus/PassengerPublicBusMatchingTest.php:27</error>
        </testcase>
        <testcase name="only_passengers_can_request_trip" file="/home/joseph/projects/RideConnect/tests/Feature/PublicBus/PassengerPublicBusMatchingTest.php" line="148" class="Tests\Feature\PublicBus\PassengerPublicBusMatchingTest" classname="Tests.Feature.PublicBus.PassengerPublicBusMatchingTest" assertions="0" time="0.000000">
          <error type="Illuminate\Database\QueryException">Tests\Feature\PublicBus\PassengerPublicBusMatchingTest::only_passengers_can_request_trip
Illuminate\Database\QueryException: could not find driver (Connection: sqlite, Database: :memory:, SQL: select exists (select 1 from "main".sqlite_master where name = 'migrations' and type = 'table') as "exists")

/home/joseph/projects/RideConnect/vendor/laravel/framework/src/Illuminate/Database/Connection.php:838
/home/joseph/projects/RideConnect/vendor/laravel/framework/src/Illuminate/Database/Connection.php:794
/home/joseph/projects/RideConnect/vendor/laravel/framework/src/Illuminate/Database/Connection.php:411
/home/joseph/projects/RideConnect/vendor/laravel/framework/src/Illuminate/Database/Connection.php:357
/home/joseph/projects/RideConnect/vendor/laravel/framework/src/Illuminate/Database/Connection.php:374
/home/joseph/projects/RideConnect/vendor/laravel/framework/src/Illuminate/Database/Schema/Builder.php:176
/home/joseph/projects/RideConnect/vendor/laravel/framework/src/Illuminate/Database/Migrations/DatabaseMigrationRepository.php:185
/home/joseph/projects/RideConnect/vendor/laravel/framework/src/Illuminate/Database/Migrations/Migrator.php:758
/home/joseph/projects/RideConnect/vendor/laravel/framework/src/Illuminate/Database/Console/Migrations/MigrateCommand.php:164
/home/joseph/projects/RideConnect/vendor/laravel/framework/src/Illuminate/Support/helpers.php:328
/home/joseph/projects/RideConnect/vendor/laravel/framework/src/Illuminate/Database/Console/Migrations/MigrateCommand.php:164
/home/joseph/projects/RideConnect/vendor/laravel/framework/src/Illuminate/Database/Console/Migrations/MigrateCommand.php:140
/home/joseph/projects/RideConnect/vendor/laravel/framework/src/Illuminate/Database/Console/Migrations/MigrateCommand.php:110
/home/joseph/projects/RideConnect/vendor/laravel/framework/src/Illuminate/Database/Migrations/Migrator.php:671
/home/joseph/projects/RideConnect/vendor/laravel/framework/src/Illuminate/Database/Console/Migrations/MigrateCommand.php:109
/home/joseph/projects/RideConnect/vendor/laravel/framework/src/Illuminate/Database/Console/Migrations/MigrateCommand.php:88
/home/joseph/projects/RideConnect/vendor/laravel/framework/src/Illuminate/Container/BoundMethod.php:36
/home/joseph/projects/RideConnect/vendor/laravel/framework/src/Illuminate/Container/Util.php:43
/home/joseph/projects/RideConnect/vendor/laravel/framework/src/Illuminate/Container/BoundMethod.php:96
/home/joseph/projects/RideConnect/vendor/laravel/framework/src/Illuminate/Container/BoundMethod.php:35
/home/joseph/projects/RideConnect/vendor/laravel/framework/src/Illuminate/Container/Container.php:799
/home/joseph/projects/RideConnect/vendor/laravel/framework/src/Illuminate/Console/Command.php:211
/home/joseph/projects/RideConnect/vendor/symfony/console/Command/Command.php:341
/home/joseph/projects/RideConnect/vendor/laravel/framework/src/Illuminate/Console/Command.php:180
/home/joseph/projects/RideConnect/vendor/laravel/framework/src/Illuminate/Console/Concerns/CallsCommands.php:68
/home/joseph/projects/RideConnect/vendor/laravel/framework/src/Illuminate/Console/Concerns/CallsCommands.php:29
/home/joseph/projects/RideConnect/vendor/laravel/framework/src/Illuminate/Database/Console/Migrations/FreshCommand.php:88
/home/joseph/projects/RideConnect/vendor/laravel/framework/src/Illuminate/Container/BoundMethod.php:36
/home/joseph/projects/RideConnect/vendor/laravel/framework/src/Illuminate/Container/Util.php:43
/home/joseph/projects/RideConnect/vendor/laravel/framework/src/Illuminate/Container/BoundMethod.php:96
/home/joseph/projects/RideConnect/vendor/laravel/framework/src/Illuminate/Container/BoundMethod.php:35
/home/joseph/projects/RideConnect/vendor/laravel/framework/src/Illuminate/Container/Container.php:799
/home/joseph/projects/RideConnect/vendor/laravel/framework/src/Illuminate/Console/Command.php:211
/home/joseph/projects/RideConnect/vendor/symfony/console/Command/Command.php:341
/home/joseph/projects/RideConnect/vendor/laravel/framework/src/Illuminate/Console/Command.php:180
/home/joseph/projects/RideConnect/vendor/symfony/console/Application.php:1094
/home/joseph/projects/RideConnect/vendor/symfony/console/Application.php:356
/home/joseph/projects/RideConnect/vendor/symfony/console/Application.php:195
/home/joseph/projects/RideConnect/vendor/laravel/framework/src/Illuminate/Console/Application.php:165
/home/joseph/projects/RideConnect/vendor/laravel/framework/src/Illuminate/Foundation/Console/Kernel.php:447
/home/joseph/projects/RideConnect/vendor/laravel/framework/src/Illuminate/Testing/PendingCommand.php:451
/home/joseph/projects/RideConnect/vendor/laravel/framework/src/Illuminate/Testing/PendingCommand.php:675
/home/joseph/projects/RideConnect/vendor/laravel/framework/src/Illuminate/Foundation/Testing/Concerns/InteractsWithConsole.php:87
/home/joseph/projects/RideConnect/vendor/laravel/framework/src/Illuminate/Foundation/Testing/RefreshDatabase.php:119
/home/joseph/projects/RideConnect/vendor/laravel/framework/src/Illuminate/Foundation/Testing/RefreshDatabase.php:84
/home/joseph/projects/RideConnect/vendor/laravel/framework/src/Illuminate/Foundation/Testing/RefreshDatabase.php:25
/home/joseph/projects/RideConnect/vendor/laravel/framework/src/Illuminate/Foundation/Testing/Concerns/InteractsWithTestCaseLifecycle.php:217
/home/joseph/projects/RideConnect/vendor/laravel/framework/src/Illuminate/Foundation/Testing/Concerns/InteractsWithTestCaseLifecycle.php:101
/home/joseph/projects/RideConnect/vendor/laravel/framework/src/Illuminate/Foundation/Testing/TestCase.php:63
/home/joseph/projects/RideConnect/tests/Feature/PublicBus/PassengerPublicBusMatchingTest.php:27</error>
        </testcase>
        <testcase name="passenger_can_view_trip_request" file="/home/joseph/projects/RideConnect/tests/Feature/PublicBus/PassengerPublicBusMatchingTest.php" line="165" class="Tests\Feature\PublicBus\PassengerPublicBusMatchingTest" classname="Tests.Feature.PublicBus.PassengerPublicBusMatchingTest" assertions="0" time="0.000000">
          <error type="Illuminate\Database\QueryException">Tests\Feature\PublicBus\PassengerPublicBusMatchingTest::passenger_can_view_trip_request
Illuminate\Database\QueryException: could not find driver (Connection: sqlite, Database: :memory:, SQL: select exists (select 1 from "main".sqlite_master where name = 'migrations' and type = 'table') as "exists")

/home/joseph/projects/RideConnect/vendor/laravel/framework/src/Illuminate/Database/Connection.php:838
/home/joseph/projects/RideConnect/vendor/laravel/framework/src/Illuminate/Database/Connection.php:794
/home/joseph/projects/RideConnect/vendor/laravel/framework/src/Illuminate/Database/Connection.php:411
/home/joseph/projects/RideConnect/vendor/laravel/framework/src/Illuminate/Database/Connection.php:357
/home/joseph/projects/RideConnect/vendor/laravel/framework/src/Illuminate/Database/Connection.php:374
/home/joseph/projects/RideConnect/vendor/laravel/framework/src/Illuminate/Database/Schema/Builder.php:176
/home/joseph/projects/RideConnect/vendor/laravel/framework/src/Illuminate/Database/Migrations/DatabaseMigrationRepository.php:185
/home/joseph/projects/RideConnect/vendor/laravel/framework/src/Illuminate/Database/Migrations/Migrator.php:758
/home/joseph/projects/RideConnect/vendor/laravel/framework/src/Illuminate/Database/Console/Migrations/MigrateCommand.php:164
/home/joseph/projects/RideConnect/vendor/laravel/framework/src/Illuminate/Support/helpers.php:328
/home/joseph/projects/RideConnect/vendor/laravel/framework/src/Illuminate/Database/Console/Migrations/MigrateCommand.php:164
/home/joseph/projects/RideConnect/vendor/laravel/framework/src/Illuminate/Database/Console/Migrations/MigrateCommand.php:140
/home/joseph/projects/RideConnect/vendor/laravel/framework/src/Illuminate/Database/Console/Migrations/MigrateCommand.php:110
/home/joseph/projects/RideConnect/vendor/laravel/framework/src/Illuminate/Database/Migrations/Migrator.php:671
/home/joseph/projects/RideConnect/vendor/laravel/framework/src/Illuminate/Database/Console/Migrations/MigrateCommand.php:109
/home/joseph/projects/RideConnect/vendor/laravel/framework/src/Illuminate/Database/Console/Migrations/MigrateCommand.php:88
/home/joseph/projects/RideConnect/vendor/laravel/framework/src/Illuminate/Container/BoundMethod.php:36
/home/joseph/projects/RideConnect/vendor/laravel/framework/src/Illuminate/Container/Util.php:43
/home/joseph/projects/RideConnect/vendor/laravel/framework/src/Illuminate/Container/BoundMethod.php:96
/home/joseph/projects/RideConnect/vendor/laravel/framework/src/Illuminate/Container/BoundMethod.php:35
/home/joseph/projects/RideConnect/vendor/laravel/framework/src/Illuminate/Container/Container.php:799
/home/joseph/projects/RideConnect/vendor/laravel/framework/src/Illuminate/Console/Command.php:211
/home/joseph/projects/RideConnect/vendor/symfony/console/Command/Command.php:341
/home/joseph/projects/RideConnect/vendor/laravel/framework/src/Illuminate/Console/Command.php:180
/home/joseph/projects/RideConnect/vendor/laravel/framework/src/Illuminate/Console/Concerns/CallsCommands.php:68
/home/joseph/projects/RideConnect/vendor/laravel/framework/src/Illuminate/Console/Concerns/CallsCommands.php:29
/home/joseph/projects/RideConnect/vendor/laravel/framework/src/Illuminate/Database/Console/Migrations/FreshCommand.php:88
/home/joseph/projects/RideConnect/vendor/laravel/framework/src/Illuminate/Container/BoundMethod.php:36
/home/joseph/projects/RideConnect/vendor/laravel/framework/src/Illuminate/Container/Util.php:43
/home/joseph/projects/RideConnect/vendor/laravel/framework/src/Illuminate/Container/BoundMethod.php:96
/home/joseph/projects/RideConnect/vendor/laravel/framework/src/Illuminate/Container/BoundMethod.php:35
/home/joseph/projects/RideConnect/vendor/laravel/framework/src/Illuminate/Container/Container.php:799
/home/joseph/projects/RideConnect/vendor/laravel/framework/src/Illuminate/Console/Command.php:211
/home/joseph/projects/RideConnect/vendor/symfony/console/Command/Command.php:341
/home/joseph/projects/RideConnect/vendor/laravel/framework/src/Illuminate/Console/Command.php:180
/home/joseph/projects/RideConnect/vendor/symfony/console/Application.php:1094
/home/joseph/projects/RideConnect/vendor/symfony/console/Application.php:356
/home/joseph/projects/RideConnect/vendor/symfony/console/Application.php:195
/home/joseph/projects/RideConnect/vendor/laravel/framework/src/Illuminate/Console/Application.php:165
/home/joseph/projects/RideConnect/vendor/laravel/framework/src/Illuminate/Foundation/Console/Kernel.php:447
/home/joseph/projects/RideConnect/vendor/laravel/framework/src/Illuminate/Testing/PendingCommand.php:451
/home/joseph/projects/RideConnect/vendor/laravel/framework/src/Illuminate/Testing/PendingCommand.php:675
/home/joseph/projects/RideConnect/vendor/laravel/framework/src/Illuminate/Foundation/Testing/Concerns/InteractsWithConsole.php:87
/home/joseph/projects/RideConnect/vendor/laravel/framework/src/Illuminate/Foundation/Testing/RefreshDatabase.php:119
/home/joseph/projects/RideConnect/vendor/laravel/framework/src/Illuminate/Foundation/Testing/RefreshDatabase.php:84
/home/joseph/projects/RideConnect/vendor/laravel/framework/src/Illuminate/Foundation/Testing/RefreshDatabase.php:25
/home/joseph/projects/RideConnect/vendor/laravel/framework/src/Illuminate/Foundation/Testing/Concerns/InteractsWithTestCaseLifecycle.php:217
/home/joseph/projects/RideConnect/vendor/laravel/framework/src/Illuminate/Foundation/Testing/Concerns/InteractsWithTestCaseLifecycle.php:101
/home/joseph/projects/RideConnect/vendor/laravel/framework/src/Illuminate/Foundation/Testing/TestCase.php:63
/home/joseph/projects/RideConnect/tests/Feature/PublicBus/PassengerPublicBusMatchingTest.php:27</error>
        </testcase>
        <testcase name="passenger_cannot_view_other_passengers_trip_request" file="/home/joseph/projects/RideConnect/tests/Feature/PublicBus/PassengerPublicBusMatchingTest.php" line="209" class="Tests\Feature\PublicBus\PassengerPublicBusMatchingTest" classname="Tests.Feature.PublicBus.PassengerPublicBusMatchingTest" assertions="0" time="0.000000">
          <error type="Illuminate\Database\QueryException">Tests\Feature\PublicBus\PassengerPublicBusMatchingTest::passenger_cannot_view_other_passengers_trip_request
Illuminate\Database\QueryException: could not find driver (Connection: sqlite, Database: :memory:, SQL: select exists (select 1 from "main".sqlite_master where name = 'migrations' and type = 'table') as "exists")

/home/joseph/projects/RideConnect/vendor/laravel/framework/src/Illuminate/Database/Connection.php:838
/home/joseph/projects/RideConnect/vendor/laravel/framework/src/Illuminate/Database/Connection.php:794
/home/joseph/projects/RideConnect/vendor/laravel/framework/src/Illuminate/Database/Connection.php:411
/home/joseph/projects/RideConnect/vendor/laravel/framework/src/Illuminate/Database/Connection.php:357
/home/joseph/projects/RideConnect/vendor/laravel/framework/src/Illuminate/Database/Connection.php:374
/home/joseph/projects/RideConnect/vendor/laravel/framework/src/Illuminate/Database/Schema/Builder.php:176
/home/joseph/projects/RideConnect/vendor/laravel/framework/src/Illuminate/Database/Migrations/DatabaseMigrationRepository.php:185
/home/joseph/projects/RideConnect/vendor/laravel/framework/src/Illuminate/Database/Migrations/Migrator.php:758
/home/joseph/projects/RideConnect/vendor/laravel/framework/src/Illuminate/Database/Console/Migrations/MigrateCommand.php:164
/home/joseph/projects/RideConnect/vendor/laravel/framework/src/Illuminate/Support/helpers.php:328
/home/joseph/projects/RideConnect/vendor/laravel/framework/src/Illuminate/Database/Console/Migrations/MigrateCommand.php:164
/home/joseph/projects/RideConnect/vendor/laravel/framework/src/Illuminate/Database/Console/Migrations/MigrateCommand.php:140
/home/joseph/projects/RideConnect/vendor/laravel/framework/src/Illuminate/Database/Console/Migrations/MigrateCommand.php:110
/home/joseph/projects/RideConnect/vendor/laravel/framework/src/Illuminate/Database/Migrations/Migrator.php:671
/home/joseph/projects/RideConnect/vendor/laravel/framework/src/Illuminate/Database/Console/Migrations/MigrateCommand.php:109
/home/joseph/projects/RideConnect/vendor/laravel/framework/src/Illuminate/Database/Console/Migrations/MigrateCommand.php:88
/home/joseph/projects/RideConnect/vendor/laravel/framework/src/Illuminate/Container/BoundMethod.php:36
/home/joseph/projects/RideConnect/vendor/laravel/framework/src/Illuminate/Container/Util.php:43
/home/joseph/projects/RideConnect/vendor/laravel/framework/src/Illuminate/Container/BoundMethod.php:96
/home/joseph/projects/RideConnect/vendor/laravel/framework/src/Illuminate/Container/BoundMethod.php:35
/home/joseph/projects/RideConnect/vendor/laravel/framework/src/Illuminate/Container/Container.php:799
/home/joseph/projects/RideConnect/vendor/laravel/framework/src/Illuminate/Console/Command.php:211
/home/joseph/projects/RideConnect/vendor/symfony/console/Command/Command.php:341
/home/joseph/projects/RideConnect/vendor/laravel/framework/src/Illuminate/Console/Command.php:180
/home/joseph/projects/RideConnect/vendor/laravel/framework/src/Illuminate/Console/Concerns/CallsCommands.php:68
/home/joseph/projects/RideConnect/vendor/laravel/framework/src/Illuminate/Console/Concerns/CallsCommands.php:29
/home/joseph/projects/RideConnect/vendor/laravel/framework/src/Illuminate/Database/Console/Migrations/FreshCommand.php:88
/home/joseph/projects/RideConnect/vendor/laravel/framework/src/Illuminate/Container/BoundMethod.php:36
/home/joseph/projects/RideConnect/vendor/laravel/framework/src/Illuminate/Container/Util.php:43
/home/joseph/projects/RideConnect/vendor/laravel/framework/src/Illuminate/Container/BoundMethod.php:96
/home/joseph/projects/RideConnect/vendor/laravel/framework/src/Illuminate/Container/BoundMethod.php:35
/home/joseph/projects/RideConnect/vendor/laravel/framework/src/Illuminate/Container/Container.php:799
/home/joseph/projects/RideConnect/vendor/laravel/framework/src/Illuminate/Console/Command.php:211
/home/joseph/projects/RideConnect/vendor/symfony/console/Command/Command.php:341
/home/joseph/projects/RideConnect/vendor/laravel/framework/src/Illuminate/Console/Command.php:180
/home/joseph/projects/RideConnect/vendor/symfony/console/Application.php:1094
/home/joseph/projects/RideConnect/vendor/symfony/console/Application.php:356
/home/joseph/projects/RideConnect/vendor/symfony/console/Application.php:195
/home/joseph/projects/RideConnect/vendor/laravel/framework/src/Illuminate/Console/Application.php:165
/home/joseph/projects/RideConnect/vendor/laravel/framework/src/Illuminate/Foundation/Console/Kernel.php:447
/home/joseph/projects/RideConnect/vendor/laravel/framework/src/Illuminate/Testing/PendingCommand.php:451
/home/joseph/projects/RideConnect/vendor/laravel/framework/src/Illuminate/Testing/PendingCommand.php:675
/home/joseph/projects/RideConnect/vendor/laravel/framework/src/Illuminate/Foundation/Testing/Concerns/InteractsWithConsole.php:87
/home/joseph/projects/RideConnect/vendor/laravel/framework/src/Illuminate/Foundation/Testing/RefreshDatabase.php:119
/home/joseph/projects/RideConnect/vendor/laravel/framework/src/Illuminate/Foundation/Testing/RefreshDatabase.php:84
/home/joseph/projects/RideConnect/vendor/laravel/framework/src/Illuminate/Foundation/Testing/RefreshDatabase.php:25
/home/joseph/projects/RideConnect/vendor/laravel/framework/src/Illuminate/Foundation/Testing/Concerns/InteractsWithTestCaseLifecycle.php:217
/home/joseph/projects/RideConnect/vendor/laravel/framework/src/Illuminate/Foundation/Testing/Concerns/InteractsWithTestCaseLifecycle.php:101
/home/joseph/projects/RideConnect/vendor/laravel/framework/src/Illuminate/Foundation/Testing/TestCase.php:63
/home/joseph/projects/RideConnect/tests/Feature/PublicBus/PassengerPublicBusMatchingTest.php:27</error>
        </testcase>
        <testcase name="trip_request_has_correct_status" file="/home/joseph/projects/RideConnect/tests/Feature/PublicBus/PassengerPublicBusMatchingTest.php" line="227" class="Tests\Feature\PublicBus\PassengerPublicBusMatchingTest" classname="Tests.Feature.PublicBus.PassengerPublicBusMatchingTest" assertions="0" time="0.000000">
          <error type="Illuminate\Database\QueryException">Tests\Feature\PublicBus\PassengerPublicBusMatchingTest::trip_request_has_correct_status
Illuminate\Database\QueryException: could not find driver (Connection: sqlite, Database: :memory:, SQL: select exists (select 1 from "main".sqlite_master where name = 'migrations' and type = 'table') as "exists")

/home/joseph/projects/RideConnect/vendor/laravel/framework/src/Illuminate/Database/Connection.php:838
/home/joseph/projects/RideConnect/vendor/laravel/framework/src/Illuminate/Database/Connection.php:794
/home/joseph/projects/RideConnect/vendor/laravel/framework/src/Illuminate/Database/Connection.php:411
/home/joseph/projects/RideConnect/vendor/laravel/framework/src/Illuminate/Database/Connection.php:357
/home/joseph/projects/RideConnect/vendor/laravel/framework/src/Illuminate/Database/Connection.php:374
/home/joseph/projects/RideConnect/vendor/laravel/framework/src/Illuminate/Database/Schema/Builder.php:176
/home/joseph/projects/RideConnect/vendor/laravel/framework/src/Illuminate/Database/Migrations/DatabaseMigrationRepository.php:185
/home/joseph/projects/RideConnect/vendor/laravel/framework/src/Illuminate/Database/Migrations/Migrator.php:758
/home/joseph/projects/RideConnect/vendor/laravel/framework/src/Illuminate/Database/Console/Migrations/MigrateCommand.php:164
/home/joseph/projects/RideConnect/vendor/laravel/framework/src/Illuminate/Support/helpers.php:328
/home/joseph/projects/RideConnect/vendor/laravel/framework/src/Illuminate/Database/Console/Migrations/MigrateCommand.php:164
/home/joseph/projects/RideConnect/vendor/laravel/framework/src/Illuminate/Database/Console/Migrations/MigrateCommand.php:140
/home/joseph/projects/RideConnect/vendor/laravel/framework/src/Illuminate/Database/Console/Migrations/MigrateCommand.php:110
/home/joseph/projects/RideConnect/vendor/laravel/framework/src/Illuminate/Database/Migrations/Migrator.php:671
/home/joseph/projects/RideConnect/vendor/laravel/framework/src/Illuminate/Database/Console/Migrations/MigrateCommand.php:109
/home/joseph/projects/RideConnect/vendor/laravel/framework/src/Illuminate/Database/Console/Migrations/MigrateCommand.php:88
/home/joseph/projects/RideConnect/vendor/laravel/framework/src/Illuminate/Container/BoundMethod.php:36
/home/joseph/projects/RideConnect/vendor/laravel/framework/src/Illuminate/Container/Util.php:43
/home/joseph/projects/RideConnect/vendor/laravel/framework/src/Illuminate/Container/BoundMethod.php:96
/home/joseph/projects/RideConnect/vendor/laravel/framework/src/Illuminate/Container/BoundMethod.php:35
/home/joseph/projects/RideConnect/vendor/laravel/framework/src/Illuminate/Container/Container.php:799
/home/joseph/projects/RideConnect/vendor/laravel/framework/src/Illuminate/Console/Command.php:211
/home/joseph/projects/RideConnect/vendor/symfony/console/Command/Command.php:341
/home/joseph/projects/RideConnect/vendor/laravel/framework/src/Illuminate/Console/Command.php:180
/home/joseph/projects/RideConnect/vendor/laravel/framework/src/Illuminate/Console/Concerns/CallsCommands.php:68
/home/joseph/projects/RideConnect/vendor/laravel/framework/src/Illuminate/Console/Concerns/CallsCommands.php:29
/home/joseph/projects/RideConnect/vendor/laravel/framework/src/Illuminate/Database/Console/Migrations/FreshCommand.php:88
/home/joseph/projects/RideConnect/vendor/laravel/framework/src/Illuminate/Container/BoundMethod.php:36
/home/joseph/projects/RideConnect/vendor/laravel/framework/src/Illuminate/Container/Util.php:43
/home/joseph/projects/RideConnect/vendor/laravel/framework/src/Illuminate/Container/BoundMethod.php:96
/home/joseph/projects/RideConnect/vendor/laravel/framework/src/Illuminate/Container/BoundMethod.php:35
/home/joseph/projects/RideConnect/vendor/laravel/framework/src/Illuminate/Container/Container.php:799
/home/joseph/projects/RideConnect/vendor/laravel/framework/src/Illuminate/Console/Command.php:211
/home/joseph/projects/RideConnect/vendor/symfony/console/Command/Command.php:341
/home/joseph/projects/RideConnect/vendor/laravel/framework/src/Illuminate/Console/Command.php:180
/home/joseph/projects/RideConnect/vendor/symfony/console/Application.php:1094
/home/joseph/projects/RideConnect/vendor/symfony/console/Application.php:356
/home/joseph/projects/RideConnect/vendor/symfony/console/Application.php:195
/home/joseph/projects/RideConnect/vendor/laravel/framework/src/Illuminate/Console/Application.php:165
/home/joseph/projects/RideConnect/vendor/laravel/framework/src/Illuminate/Foundation/Console/Kernel.php:447
/home/joseph/projects/RideConnect/vendor/laravel/framework/src/Illuminate/Testing/PendingCommand.php:451
/home/joseph/projects/RideConnect/vendor/laravel/framework/src/Illuminate/Testing/PendingCommand.php:675
/home/joseph/projects/RideConnect/vendor/laravel/framework/src/Illuminate/Foundation/Testing/Concerns/InteractsWithConsole.php:87
/home/joseph/projects/RideConnect/vendor/laravel/framework/src/Illuminate/Foundation/Testing/RefreshDatabase.php:119
/home/joseph/projects/RideConnect/vendor/laravel/framework/src/Illuminate/Foundation/Testing/RefreshDatabase.php:84
/home/joseph/projects/RideConnect/vendor/laravel/framework/src/Illuminate/Foundation/Testing/RefreshDatabase.php:25
/home/joseph/projects/RideConnect/vendor/laravel/framework/src/Illuminate/Foundation/Testing/Concerns/InteractsWithTestCaseLifecycle.php:217
/home/joseph/projects/RideConnect/vendor/laravel/framework/src/Illuminate/Foundation/Testing/Concerns/InteractsWithTestCaseLifecycle.php:101
/home/joseph/projects/RideConnect/vendor/laravel/framework/src/Illuminate/Foundation/Testing/TestCase.php:63
/home/joseph/projects/RideConnect/tests/Feature/PublicBus/PassengerPublicBusMatchingTest.php:27</error>
        </testcase>
        <testcase name="trip_request_includes_estimated_fare" file="/home/joseph/projects/RideConnect/tests/Feature/PublicBus/PassengerPublicBusMatchingTest.php" line="240" class="Tests\Feature\PublicBus\PassengerPublicBusMatchingTest" classname="Tests.Feature.PublicBus.PassengerPublicBusMatchingTest" assertions="0" time="0.000000">
          <error type="Illuminate\Database\QueryException">Tests\Feature\PublicBus\PassengerPublicBusMatchingTest::trip_request_includes_estimated_fare
Illuminate\Database\QueryException: could not find driver (Connection: sqlite, Database: :memory:, SQL: select exists (select 1 from "main".sqlite_master where name = 'migrations' and type = 'table') as "exists")

/home/joseph/projects/RideConnect/vendor/laravel/framework/src/Illuminate/Database/Connection.php:838
/home/joseph/projects/RideConnect/vendor/laravel/framework/src/Illuminate/Database/Connection.php:794
/home/joseph/projects/RideConnect/vendor/laravel/framework/src/Illuminate/Database/Connection.php:411
/home/joseph/projects/RideConnect/vendor/laravel/framework/src/Illuminate/Database/Connection.php:357
/home/joseph/projects/RideConnect/vendor/laravel/framework/src/Illuminate/Database/Connection.php:374
/home/joseph/projects/RideConnect/vendor/laravel/framework/src/Illuminate/Database/Schema/Builder.php:176
/home/joseph/projects/RideConnect/vendor/laravel/framework/src/Illuminate/Database/Migrations/DatabaseMigrationRepository.php:185
/home/joseph/projects/RideConnect/vendor/laravel/framework/src/Illuminate/Database/Migrations/Migrator.php:758
/home/joseph/projects/RideConnect/vendor/laravel/framework/src/Illuminate/Database/Console/Migrations/MigrateCommand.php:164
/home/joseph/projects/RideConnect/vendor/laravel/framework/src/Illuminate/Support/helpers.php:328
/home/joseph/projects/RideConnect/vendor/laravel/framework/src/Illuminate/Database/Console/Migrations/MigrateCommand.php:164
/home/joseph/projects/RideConnect/vendor/laravel/framework/src/Illuminate/Database/Console/Migrations/MigrateCommand.php:140
/home/joseph/projects/RideConnect/vendor/laravel/framework/src/Illuminate/Database/Console/Migrations/MigrateCommand.php:110
/home/joseph/projects/RideConnect/vendor/laravel/framework/src/Illuminate/Database/Migrations/Migrator.php:671
/home/joseph/projects/RideConnect/vendor/laravel/framework/src/Illuminate/Database/Console/Migrations/MigrateCommand.php:109
/home/joseph/projects/RideConnect/vendor/laravel/framework/src/Illuminate/Database/Console/Migrations/MigrateCommand.php:88
/home/joseph/projects/RideConnect/vendor/laravel/framework/src/Illuminate/Container/BoundMethod.php:36
/home/joseph/projects/RideConnect/vendor/laravel/framework/src/Illuminate/Container/Util.php:43
/home/joseph/projects/RideConnect/vendor/laravel/framework/src/Illuminate/Container/BoundMethod.php:96
/home/joseph/projects/RideConnect/vendor/laravel/framework/src/Illuminate/Container/BoundMethod.php:35
/home/joseph/projects/RideConnect/vendor/laravel/framework/src/Illuminate/Container/Container.php:799
/home/joseph/projects/RideConnect/vendor/laravel/framework/src/Illuminate/Console/Command.php:211
/home/joseph/projects/RideConnect/vendor/symfony/console/Command/Command.php:341
/home/joseph/projects/RideConnect/vendor/laravel/framework/src/Illuminate/Console/Command.php:180
/home/joseph/projects/RideConnect/vendor/laravel/framework/src/Illuminate/Console/Concerns/CallsCommands.php:68
/home/joseph/projects/RideConnect/vendor/laravel/framework/src/Illuminate/Console/Concerns/CallsCommands.php:29
/home/joseph/projects/RideConnect/vendor/laravel/framework/src/Illuminate/Database/Console/Migrations/FreshCommand.php:88
/home/joseph/projects/RideConnect/vendor/laravel/framework/src/Illuminate/Container/BoundMethod.php:36
/home/joseph/projects/RideConnect/vendor/laravel/framework/src/Illuminate/Container/Util.php:43
/home/joseph/projects/RideConnect/vendor/laravel/framework/src/Illuminate/Container/BoundMethod.php:96
/home/joseph/projects/RideConnect/vendor/laravel/framework/src/Illuminate/Container/BoundMethod.php:35
/home/joseph/projects/RideConnect/vendor/laravel/framework/src/Illuminate/Container/Container.php:799
/home/joseph/projects/RideConnect/vendor/laravel/framework/src/Illuminate/Console/Command.php:211
/home/joseph/projects/RideConnect/vendor/symfony/console/Command/Command.php:341
/home/joseph/projects/RideConnect/vendor/laravel/framework/src/Illuminate/Console/Command.php:180
/home/joseph/projects/RideConnect/vendor/symfony/console/Application.php:1094
/home/joseph/projects/RideConnect/vendor/symfony/console/Application.php:356
/home/joseph/projects/RideConnect/vendor/symfony/console/Application.php:195
/home/joseph/projects/RideConnect/vendor/laravel/framework/src/Illuminate/Console/Application.php:165
/home/joseph/projects/RideConnect/vendor/laravel/framework/src/Illuminate/Foundation/Console/Kernel.php:447
/home/joseph/projects/RideConnect/vendor/laravel/framework/src/Illuminate/Testing/PendingCommand.php:451
/home/joseph/projects/RideConnect/vendor/laravel/framework/src/Illuminate/Testing/PendingCommand.php:675
/home/joseph/projects/RideConnect/vendor/laravel/framework/src/Illuminate/Foundation/Testing/Concerns/InteractsWithConsole.php:87
/home/joseph/projects/RideConnect/vendor/laravel/framework/src/Illuminate/Foundation/Testing/RefreshDatabase.php:119
/home/joseph/projects/RideConnect/vendor/laravel/framework/src/Illuminate/Foundation/Testing/RefreshDatabase.php:84
/home/joseph/projects/RideConnect/vendor/laravel/framework/src/Illuminate/Foundation/Testing/RefreshDatabase.php:25
/home/joseph/projects/RideConnect/vendor/laravel/framework/src/Illuminate/Foundation/Testing/Concerns/InteractsWithTestCaseLifecycle.php:217
/home/joseph/projects/RideConnect/vendor/laravel/framework/src/Illuminate/Foundation/Testing/Concerns/InteractsWithTestCaseLifecycle.php:101
/home/joseph/projects/RideConnect/vendor/laravel/framework/src/Illuminate/Foundation/Testing/TestCase.php:63
/home/joseph/projects/RideConnect/tests/Feature/PublicBus/PassengerPublicBusMatchingTest.php:27</error>
        </testcase>
      </testsuite>
      <testsuite name="Tests\Feature\PublicTransportPolicyTest" file="/home/joseph/projects/RideConnect/tests/Feature/PublicTransportPolicyTest.php" tests="5" assertions="0" errors="5" failures="0" skipped="0" time="0.000000">
        <testcase name="test_bus_ride_must_have_route" file="/home/joseph/projects/RideConnect/tests/Feature/PublicTransportPolicyTest.php" line="20" class="Tests\Feature\PublicTransportPolicyTest" classname="Tests.Feature.PublicTransportPolicyTest" assertions="0" time="0.000000">
          <error type="Illuminate\Database\QueryException">Tests\Feature\PublicTransportPolicyTest::test_bus_ride_must_have_route
Illuminate\Database\QueryException: could not find driver (Connection: sqlite, Database: :memory:, SQL: select exists (select 1 from "main".sqlite_master where name = 'migrations' and type = 'table') as "exists")

/home/joseph/projects/RideConnect/vendor/laravel/framework/src/Illuminate/Database/Connection.php:838
/home/joseph/projects/RideConnect/vendor/laravel/framework/src/Illuminate/Database/Connection.php:794
/home/joseph/projects/RideConnect/vendor/laravel/framework/src/Illuminate/Database/Connection.php:411
/home/joseph/projects/RideConnect/vendor/laravel/framework/src/Illuminate/Database/Connection.php:357
/home/joseph/projects/RideConnect/vendor/laravel/framework/src/Illuminate/Database/Connection.php:374
/home/joseph/projects/RideConnect/vendor/laravel/framework/src/Illuminate/Database/Schema/Builder.php:176
/home/joseph/projects/RideConnect/vendor/laravel/framework/src/Illuminate/Database/Migrations/DatabaseMigrationRepository.php:185
/home/joseph/projects/RideConnect/vendor/laravel/framework/src/Illuminate/Database/Migrations/Migrator.php:758
/home/joseph/projects/RideConnect/vendor/laravel/framework/src/Illuminate/Database/Console/Migrations/MigrateCommand.php:164
/home/joseph/projects/RideConnect/vendor/laravel/framework/src/Illuminate/Support/helpers.php:328
/home/joseph/projects/RideConnect/vendor/laravel/framework/src/Illuminate/Database/Console/Migrations/MigrateCommand.php:164
/home/joseph/projects/RideConnect/vendor/laravel/framework/src/Illuminate/Database/Console/Migrations/MigrateCommand.php:140
/home/joseph/projects/RideConnect/vendor/laravel/framework/src/Illuminate/Database/Console/Migrations/MigrateCommand.php:110
/home/joseph/projects/RideConnect/vendor/laravel/framework/src/Illuminate/Database/Migrations/Migrator.php:671
/home/joseph/projects/RideConnect/vendor/laravel/framework/src/Illuminate/Database/Console/Migrations/MigrateCommand.php:109
/home/joseph/projects/RideConnect/vendor/laravel/framework/src/Illuminate/Database/Console/Migrations/MigrateCommand.php:88
/home/joseph/projects/RideConnect/vendor/laravel/framework/src/Illuminate/Container/BoundMethod.php:36
/home/joseph/projects/RideConnect/vendor/laravel/framework/src/Illuminate/Container/Util.php:43
/home/joseph/projects/RideConnect/vendor/laravel/framework/src/Illuminate/Container/BoundMethod.php:96
/home/joseph/projects/RideConnect/vendor/laravel/framework/src/Illuminate/Container/BoundMethod.php:35
/home/joseph/projects/RideConnect/vendor/laravel/framework/src/Illuminate/Container/Container.php:799
/home/joseph/projects/RideConnect/vendor/laravel/framework/src/Illuminate/Console/Command.php:211
/home/joseph/projects/RideConnect/vendor/symfony/console/Command/Command.php:341
/home/joseph/projects/RideConnect/vendor/laravel/framework/src/Illuminate/Console/Command.php:180
/home/joseph/projects/RideConnect/vendor/laravel/framework/src/Illuminate/Console/Concerns/CallsCommands.php:68
/home/joseph/projects/RideConnect/vendor/laravel/framework/src/Illuminate/Console/Concerns/CallsCommands.php:29
/home/joseph/projects/RideConnect/vendor/laravel/framework/src/Illuminate/Database/Console/Migrations/FreshCommand.php:88
/home/joseph/projects/RideConnect/vendor/laravel/framework/src/Illuminate/Container/BoundMethod.php:36
/home/joseph/projects/RideConnect/vendor/laravel/framework/src/Illuminate/Container/Util.php:43
/home/joseph/projects/RideConnect/vendor/laravel/framework/src/Illuminate/Container/BoundMethod.php:96
/home/joseph/projects/RideConnect/vendor/laravel/framework/src/Illuminate/Container/BoundMethod.php:35
/home/joseph/projects/RideConnect/vendor/laravel/framework/src/Illuminate/Container/Container.php:799
/home/joseph/projects/RideConnect/vendor/laravel/framework/src/Illuminate/Console/Command.php:211
/home/joseph/projects/RideConnect/vendor/symfony/console/Command/Command.php:341
/home/joseph/projects/RideConnect/vendor/laravel/framework/src/Illuminate/Console/Command.php:180
/home/joseph/projects/RideConnect/vendor/symfony/console/Application.php:1094
/home/joseph/projects/RideConnect/vendor/symfony/console/Application.php:356
/home/joseph/projects/RideConnect/vendor/symfony/console/Application.php:195
/home/joseph/projects/RideConnect/vendor/laravel/framework/src/Illuminate/Console/Application.php:165
/home/joseph/projects/RideConnect/vendor/laravel/framework/src/Illuminate/Foundation/Console/Kernel.php:447
/home/joseph/projects/RideConnect/vendor/laravel/framework/src/Illuminate/Testing/PendingCommand.php:451
/home/joseph/projects/RideConnect/vendor/laravel/framework/src/Illuminate/Testing/PendingCommand.php:675
/home/joseph/projects/RideConnect/vendor/laravel/framework/src/Illuminate/Foundation/Testing/Concerns/InteractsWithConsole.php:87
/home/joseph/projects/RideConnect/vendor/laravel/framework/src/Illuminate/Foundation/Testing/RefreshDatabase.php:119
/home/joseph/projects/RideConnect/vendor/laravel/framework/src/Illuminate/Foundation/Testing/RefreshDatabase.php:84
/home/joseph/projects/RideConnect/vendor/laravel/framework/src/Illuminate/Foundation/Testing/RefreshDatabase.php:25
/home/joseph/projects/RideConnect/vendor/laravel/framework/src/Illuminate/Foundation/Testing/Concerns/InteractsWithTestCaseLifecycle.php:217
/home/joseph/projects/RideConnect/vendor/laravel/framework/src/Illuminate/Foundation/Testing/Concerns/InteractsWithTestCaseLifecycle.php:101
/home/joseph/projects/RideConnect/vendor/laravel/framework/src/Illuminate/Foundation/Testing/TestCase.php:63</error>
        </testcase>
        <testcase name="test_cannot_create_bus_without_route" file="/home/joseph/projects/RideConnect/tests/Feature/PublicTransportPolicyTest.php" line="38" class="Tests\Feature\PublicTransportPolicyTest" classname="Tests.Feature.PublicTransportPolicyTest" assertions="0" time="0.000000">
          <error type="Illuminate\Database\QueryException">Tests\Feature\PublicTransportPolicyTest::test_cannot_create_bus_without_route
Illuminate\Database\QueryException: could not find driver (Connection: sqlite, Database: :memory:, SQL: select exists (select 1 from "main".sqlite_master where name = 'migrations' and type = 'table') as "exists")

/home/joseph/projects/RideConnect/vendor/laravel/framework/src/Illuminate/Database/Connection.php:838
/home/joseph/projects/RideConnect/vendor/laravel/framework/src/Illuminate/Database/Connection.php:794
/home/joseph/projects/RideConnect/vendor/laravel/framework/src/Illuminate/Database/Connection.php:411
/home/joseph/projects/RideConnect/vendor/laravel/framework/src/Illuminate/Database/Connection.php:357
/home/joseph/projects/RideConnect/vendor/laravel/framework/src/Illuminate/Database/Connection.php:374
/home/joseph/projects/RideConnect/vendor/laravel/framework/src/Illuminate/Database/Schema/Builder.php:176
/home/joseph/projects/RideConnect/vendor/laravel/framework/src/Illuminate/Database/Migrations/DatabaseMigrationRepository.php:185
/home/joseph/projects/RideConnect/vendor/laravel/framework/src/Illuminate/Database/Migrations/Migrator.php:758
/home/joseph/projects/RideConnect/vendor/laravel/framework/src/Illuminate/Database/Console/Migrations/MigrateCommand.php:164
/home/joseph/projects/RideConnect/vendor/laravel/framework/src/Illuminate/Support/helpers.php:328
/home/joseph/projects/RideConnect/vendor/laravel/framework/src/Illuminate/Database/Console/Migrations/MigrateCommand.php:164
/home/joseph/projects/RideConnect/vendor/laravel/framework/src/Illuminate/Database/Console/Migrations/MigrateCommand.php:140
/home/joseph/projects/RideConnect/vendor/laravel/framework/src/Illuminate/Database/Console/Migrations/MigrateCommand.php:110
/home/joseph/projects/RideConnect/vendor/laravel/framework/src/Illuminate/Database/Migrations/Migrator.php:671
/home/joseph/projects/RideConnect/vendor/laravel/framework/src/Illuminate/Database/Console/Migrations/MigrateCommand.php:109
/home/joseph/projects/RideConnect/vendor/laravel/framework/src/Illuminate/Database/Console/Migrations/MigrateCommand.php:88
/home/joseph/projects/RideConnect/vendor/laravel/framework/src/Illuminate/Container/BoundMethod.php:36
/home/joseph/projects/RideConnect/vendor/laravel/framework/src/Illuminate/Container/Util.php:43
/home/joseph/projects/RideConnect/vendor/laravel/framework/src/Illuminate/Container/BoundMethod.php:96
/home/joseph/projects/RideConnect/vendor/laravel/framework/src/Illuminate/Container/BoundMethod.php:35
/home/joseph/projects/RideConnect/vendor/laravel/framework/src/Illuminate/Container/Container.php:799
/home/joseph/projects/RideConnect/vendor/laravel/framework/src/Illuminate/Console/Command.php:211
/home/joseph/projects/RideConnect/vendor/symfony/console/Command/Command.php:341
/home/joseph/projects/RideConnect/vendor/laravel/framework/src/Illuminate/Console/Command.php:180
/home/joseph/projects/RideConnect/vendor/laravel/framework/src/Illuminate/Console/Concerns/CallsCommands.php:68
/home/joseph/projects/RideConnect/vendor/laravel/framework/src/Illuminate/Console/Concerns/CallsCommands.php:29
/home/joseph/projects/RideConnect/vendor/laravel/framework/src/Illuminate/Database/Console/Migrations/FreshCommand.php:88
/home/joseph/projects/RideConnect/vendor/laravel/framework/src/Illuminate/Container/BoundMethod.php:36
/home/joseph/projects/RideConnect/vendor/laravel/framework/src/Illuminate/Container/Util.php:43
/home/joseph/projects/RideConnect/vendor/laravel/framework/src/Illuminate/Container/BoundMethod.php:96
/home/joseph/projects/RideConnect/vendor/laravel/framework/src/Illuminate/Container/BoundMethod.php:35
/home/joseph/projects/RideConnect/vendor/laravel/framework/src/Illuminate/Container/Container.php:799
/home/joseph/projects/RideConnect/vendor/laravel/framework/src/Illuminate/Console/Command.php:211
/home/joseph/projects/RideConnect/vendor/symfony/console/Command/Command.php:341
/home/joseph/projects/RideConnect/vendor/laravel/framework/src/Illuminate/Console/Command.php:180
/home/joseph/projects/RideConnect/vendor/symfony/console/Application.php:1094
/home/joseph/projects/RideConnect/vendor/symfony/console/Application.php:356
/home/joseph/projects/RideConnect/vendor/symfony/console/Application.php:195
/home/joseph/projects/RideConnect/vendor/laravel/framework/src/Illuminate/Console/Application.php:165
/home/joseph/projects/RideConnect/vendor/laravel/framework/src/Illuminate/Foundation/Console/Kernel.php:447
/home/joseph/projects/RideConnect/vendor/laravel/framework/src/Illuminate/Testing/PendingCommand.php:451
/home/joseph/projects/RideConnect/vendor/laravel/framework/src/Illuminate/Testing/PendingCommand.php:675
/home/joseph/projects/RideConnect/vendor/laravel/framework/src/Illuminate/Foundation/Testing/Concerns/InteractsWithConsole.php:87
/home/joseph/projects/RideConnect/vendor/laravel/framework/src/Illuminate/Foundation/Testing/RefreshDatabase.php:119
/home/joseph/projects/RideConnect/vendor/laravel/framework/src/Illuminate/Foundation/Testing/RefreshDatabase.php:84
/home/joseph/projects/RideConnect/vendor/laravel/framework/src/Illuminate/Foundation/Testing/RefreshDatabase.php:25
/home/joseph/projects/RideConnect/vendor/laravel/framework/src/Illuminate/Foundation/Testing/Concerns/InteractsWithTestCaseLifecycle.php:217
/home/joseph/projects/RideConnect/vendor/laravel/framework/src/Illuminate/Foundation/Testing/Concerns/InteractsWithTestCaseLifecycle.php:101
/home/joseph/projects/RideConnect/vendor/laravel/framework/src/Illuminate/Foundation/Testing/TestCase.php:63</error>
        </testcase>
        <testcase name="test_passenger_can_book_bus_route" file="/home/joseph/projects/RideConnect/tests/Feature/PublicTransportPolicyTest.php" line="55" class="Tests\Feature\PublicTransportPolicyTest" classname="Tests.Feature.PublicTransportPolicyTest" assertions="0" time="0.000000">
          <error type="Illuminate\Database\QueryException">Tests\Feature\PublicTransportPolicyTest::test_passenger_can_book_bus_route
Illuminate\Database\QueryException: could not find driver (Connection: sqlite, Database: :memory:, SQL: select exists (select 1 from "main".sqlite_master where name = 'migrations' and type = 'table') as "exists")

/home/joseph/projects/RideConnect/vendor/laravel/framework/src/Illuminate/Database/Connection.php:838
/home/joseph/projects/RideConnect/vendor/laravel/framework/src/Illuminate/Database/Connection.php:794
/home/joseph/projects/RideConnect/vendor/laravel/framework/src/Illuminate/Database/Connection.php:411
/home/joseph/projects/RideConnect/vendor/laravel/framework/src/Illuminate/Database/Connection.php:357
/home/joseph/projects/RideConnect/vendor/laravel/framework/src/Illuminate/Database/Connection.php:374
/home/joseph/projects/RideConnect/vendor/laravel/framework/src/Illuminate/Database/Schema/Builder.php:176
/home/joseph/projects/RideConnect/vendor/laravel/framework/src/Illuminate/Database/Migrations/DatabaseMigrationRepository.php:185
/home/joseph/projects/RideConnect/vendor/laravel/framework/src/Illuminate/Database/Migrations/Migrator.php:758
/home/joseph/projects/RideConnect/vendor/laravel/framework/src/Illuminate/Database/Console/Migrations/MigrateCommand.php:164
/home/joseph/projects/RideConnect/vendor/laravel/framework/src/Illuminate/Support/helpers.php:328
/home/joseph/projects/RideConnect/vendor/laravel/framework/src/Illuminate/Database/Console/Migrations/MigrateCommand.php:164
/home/joseph/projects/RideConnect/vendor/laravel/framework/src/Illuminate/Database/Console/Migrations/MigrateCommand.php:140
/home/joseph/projects/RideConnect/vendor/laravel/framework/src/Illuminate/Database/Console/Migrations/MigrateCommand.php:110
/home/joseph/projects/RideConnect/vendor/laravel/framework/src/Illuminate/Database/Migrations/Migrator.php:671
/home/joseph/projects/RideConnect/vendor/laravel/framework/src/Illuminate/Database/Console/Migrations/MigrateCommand.php:109
/home/joseph/projects/RideConnect/vendor/laravel/framework/src/Illuminate/Database/Console/Migrations/MigrateCommand.php:88
/home/joseph/projects/RideConnect/vendor/laravel/framework/src/Illuminate/Container/BoundMethod.php:36
/home/joseph/projects/RideConnect/vendor/laravel/framework/src/Illuminate/Container/Util.php:43
/home/joseph/projects/RideConnect/vendor/laravel/framework/src/Illuminate/Container/BoundMethod.php:96
/home/joseph/projects/RideConnect/vendor/laravel/framework/src/Illuminate/Container/BoundMethod.php:35
/home/joseph/projects/RideConnect/vendor/laravel/framework/src/Illuminate/Container/Container.php:799
/home/joseph/projects/RideConnect/vendor/laravel/framework/src/Illuminate/Console/Command.php:211
/home/joseph/projects/RideConnect/vendor/symfony/console/Command/Command.php:341
/home/joseph/projects/RideConnect/vendor/laravel/framework/src/Illuminate/Console/Command.php:180
/home/joseph/projects/RideConnect/vendor/laravel/framework/src/Illuminate/Console/Concerns/CallsCommands.php:68
/home/joseph/projects/RideConnect/vendor/laravel/framework/src/Illuminate/Console/Concerns/CallsCommands.php:29
/home/joseph/projects/RideConnect/vendor/laravel/framework/src/Illuminate/Database/Console/Migrations/FreshCommand.php:88
/home/joseph/projects/RideConnect/vendor/laravel/framework/src/Illuminate/Container/BoundMethod.php:36
/home/joseph/projects/RideConnect/vendor/laravel/framework/src/Illuminate/Container/Util.php:43
/home/joseph/projects/RideConnect/vendor/laravel/framework/src/Illuminate/Container/BoundMethod.php:96
/home/joseph/projects/RideConnect/vendor/laravel/framework/src/Illuminate/Container/BoundMethod.php:35
/home/joseph/projects/RideConnect/vendor/laravel/framework/src/Illuminate/Container/Container.php:799
/home/joseph/projects/RideConnect/vendor/laravel/framework/src/Illuminate/Console/Command.php:211
/home/joseph/projects/RideConnect/vendor/symfony/console/Command/Command.php:341
/home/joseph/projects/RideConnect/vendor/laravel/framework/src/Illuminate/Console/Command.php:180
/home/joseph/projects/RideConnect/vendor/symfony/console/Application.php:1094
/home/joseph/projects/RideConnect/vendor/symfony/console/Application.php:356
/home/joseph/projects/RideConnect/vendor/symfony/console/Application.php:195
/home/joseph/projects/RideConnect/vendor/laravel/framework/src/Illuminate/Console/Application.php:165
/home/joseph/projects/RideConnect/vendor/laravel/framework/src/Illuminate/Foundation/Console/Kernel.php:447
/home/joseph/projects/RideConnect/vendor/laravel/framework/src/Illuminate/Testing/PendingCommand.php:451
/home/joseph/projects/RideConnect/vendor/laravel/framework/src/Illuminate/Testing/PendingCommand.php:675
/home/joseph/projects/RideConnect/vendor/laravel/framework/src/Illuminate/Foundation/Testing/Concerns/InteractsWithConsole.php:87
/home/joseph/projects/RideConnect/vendor/laravel/framework/src/Illuminate/Foundation/Testing/RefreshDatabase.php:119
/home/joseph/projects/RideConnect/vendor/laravel/framework/src/Illuminate/Foundation/Testing/RefreshDatabase.php:84
/home/joseph/projects/RideConnect/vendor/laravel/framework/src/Illuminate/Foundation/Testing/RefreshDatabase.php:25
/home/joseph/projects/RideConnect/vendor/laravel/framework/src/Illuminate/Foundation/Testing/Concerns/InteractsWithTestCaseLifecycle.php:217
/home/joseph/projects/RideConnect/vendor/laravel/framework/src/Illuminate/Foundation/Testing/Concerns/InteractsWithTestCaseLifecycle.php:101
/home/joseph/projects/RideConnect/vendor/laravel/framework/src/Illuminate/Foundation/Testing/TestCase.php:63</error>
        </testcase>
        <testcase name="test_bus_trip_created_from_booking_only" file="/home/joseph/projects/RideConnect/tests/Feature/PublicTransportPolicyTest.php" line="137" class="Tests\Feature\PublicTransportPolicyTest" classname="Tests.Feature.PublicTransportPolicyTest" assertions="0" time="0.000000">
          <error type="Illuminate\Database\QueryException">Tests\Feature\PublicTransportPolicyTest::test_bus_trip_created_from_booking_only
Illuminate\Database\QueryException: could not find driver (Connection: sqlite, Database: :memory:, SQL: select exists (select 1 from "main".sqlite_master where name = 'migrations' and type = 'table') as "exists")

/home/joseph/projects/RideConnect/vendor/laravel/framework/src/Illuminate/Database/Connection.php:838
/home/joseph/projects/RideConnect/vendor/laravel/framework/src/Illuminate/Database/Connection.php:794
/home/joseph/projects/RideConnect/vendor/laravel/framework/src/Illuminate/Database/Connection.php:411
/home/joseph/projects/RideConnect/vendor/laravel/framework/src/Illuminate/Database/Connection.php:357
/home/joseph/projects/RideConnect/vendor/laravel/framework/src/Illuminate/Database/Connection.php:374
/home/joseph/projects/RideConnect/vendor/laravel/framework/src/Illuminate/Database/Schema/Builder.php:176
/home/joseph/projects/RideConnect/vendor/laravel/framework/src/Illuminate/Database/Migrations/DatabaseMigrationRepository.php:185
/home/joseph/projects/RideConnect/vendor/laravel/framework/src/Illuminate/Database/Migrations/Migrator.php:758
/home/joseph/projects/RideConnect/vendor/laravel/framework/src/Illuminate/Database/Console/Migrations/MigrateCommand.php:164
/home/joseph/projects/RideConnect/vendor/laravel/framework/src/Illuminate/Support/helpers.php:328
/home/joseph/projects/RideConnect/vendor/laravel/framework/src/Illuminate/Database/Console/Migrations/MigrateCommand.php:164
/home/joseph/projects/RideConnect/vendor/laravel/framework/src/Illuminate/Database/Console/Migrations/MigrateCommand.php:140
/home/joseph/projects/RideConnect/vendor/laravel/framework/src/Illuminate/Database/Console/Migrations/MigrateCommand.php:110
/home/joseph/projects/RideConnect/vendor/laravel/framework/src/Illuminate/Database/Migrations/Migrator.php:671
/home/joseph/projects/RideConnect/vendor/laravel/framework/src/Illuminate/Database/Console/Migrations/MigrateCommand.php:109
/home/joseph/projects/RideConnect/vendor/laravel/framework/src/Illuminate/Database/Console/Migrations/MigrateCommand.php:88
/home/joseph/projects/RideConnect/vendor/laravel/framework/src/Illuminate/Container/BoundMethod.php:36
/home/joseph/projects/RideConnect/vendor/laravel/framework/src/Illuminate/Container/Util.php:43
/home/joseph/projects/RideConnect/vendor/laravel/framework/src/Illuminate/Container/BoundMethod.php:96
/home/joseph/projects/RideConnect/vendor/laravel/framework/src/Illuminate/Container/BoundMethod.php:35
/home/joseph/projects/RideConnect/vendor/laravel/framework/src/Illuminate/Container/Container.php:799
/home/joseph/projects/RideConnect/vendor/laravel/framework/src/Illuminate/Console/Command.php:211
/home/joseph/projects/RideConnect/vendor/symfony/console/Command/Command.php:341
/home/joseph/projects/RideConnect/vendor/laravel/framework/src/Illuminate/Console/Command.php:180
/home/joseph/projects/RideConnect/vendor/laravel/framework/src/Illuminate/Console/Concerns/CallsCommands.php:68
/home/joseph/projects/RideConnect/vendor/laravel/framework/src/Illuminate/Console/Concerns/CallsCommands.php:29
/home/joseph/projects/RideConnect/vendor/laravel/framework/src/Illuminate/Database/Console/Migrations/FreshCommand.php:88
/home/joseph/projects/RideConnect/vendor/laravel/framework/src/Illuminate/Container/BoundMethod.php:36
/home/joseph/projects/RideConnect/vendor/laravel/framework/src/Illuminate/Container/Util.php:43
/home/joseph/projects/RideConnect/vendor/laravel/framework/src/Illuminate/Container/BoundMethod.php:96
/home/joseph/projects/RideConnect/vendor/laravel/framework/src/Illuminate/Container/BoundMethod.php:35
/home/joseph/projects/RideConnect/vendor/laravel/framework/src/Illuminate/Container/Container.php:799
/home/joseph/projects/RideConnect/vendor/laravel/framework/src/Illuminate/Console/Command.php:211
/home/joseph/projects/RideConnect/vendor/symfony/console/Command/Command.php:341
/home/joseph/projects/RideConnect/vendor/laravel/framework/src/Illuminate/Console/Command.php:180
/home/joseph/projects/RideConnect/vendor/symfony/console/Application.php:1094
/home/joseph/projects/RideConnect/vendor/symfony/console/Application.php:356
/home/joseph/projects/RideConnect/vendor/symfony/console/Application.php:195
/home/joseph/projects/RideConnect/vendor/laravel/framework/src/Illuminate/Console/Application.php:165
/home/joseph/projects/RideConnect/vendor/laravel/framework/src/Illuminate/Foundation/Console/Kernel.php:447
/home/joseph/projects/RideConnect/vendor/laravel/framework/src/Illuminate/Testing/PendingCommand.php:451
/home/joseph/projects/RideConnect/vendor/laravel/framework/src/Illuminate/Testing/PendingCommand.php:675
/home/joseph/projects/RideConnect/vendor/laravel/framework/src/Illuminate/Foundation/Testing/Concerns/InteractsWithConsole.php:87
/home/joseph/projects/RideConnect/vendor/laravel/framework/src/Illuminate/Foundation/Testing/RefreshDatabase.php:119
/home/joseph/projects/RideConnect/vendor/laravel/framework/src/Illuminate/Foundation/Testing/RefreshDatabase.php:84
/home/joseph/projects/RideConnect/vendor/laravel/framework/src/Illuminate/Foundation/Testing/RefreshDatabase.php:25
/home/joseph/projects/RideConnect/vendor/laravel/framework/src/Illuminate/Foundation/Testing/Concerns/InteractsWithTestCaseLifecycle.php:217
/home/joseph/projects/RideConnect/vendor/laravel/framework/src/Illuminate/Foundation/Testing/Concerns/InteractsWithTestCaseLifecycle.php:101
/home/joseph/projects/RideConnect/vendor/laravel/framework/src/Illuminate/Foundation/Testing/TestCase.php:63</error>
        </testcase>
        <testcase name="test_admin_can_update_routes_dynamically" file="/home/joseph/projects/RideConnect/tests/Feature/PublicTransportPolicyTest.php" line="232" class="Tests\Feature\PublicTransportPolicyTest" classname="Tests.Feature.PublicTransportPolicyTest" assertions="0" time="0.000000">
          <error type="Illuminate\Database\QueryException">Tests\Feature\PublicTransportPolicyTest::test_admin_can_update_routes_dynamically
Illuminate\Database\QueryException: could not find driver (Connection: sqlite, Database: :memory:, SQL: select exists (select 1 from "main".sqlite_master where name = 'migrations' and type = 'table') as "exists")

/home/joseph/projects/RideConnect/vendor/laravel/framework/src/Illuminate/Database/Connection.php:838
/home/joseph/projects/RideConnect/vendor/laravel/framework/src/Illuminate/Database/Connection.php:794
/home/joseph/projects/RideConnect/vendor/laravel/framework/src/Illuminate/Database/Connection.php:411
/home/joseph/projects/RideConnect/vendor/laravel/framework/src/Illuminate/Database/Connection.php:357
/home/joseph/projects/RideConnect/vendor/laravel/framework/src/Illuminate/Database/Connection.php:374
/home/joseph/projects/RideConnect/vendor/laravel/framework/src/Illuminate/Database/Schema/Builder.php:176
/home/joseph/projects/RideConnect/vendor/laravel/framework/src/Illuminate/Database/Migrations/DatabaseMigrationRepository.php:185
/home/joseph/projects/RideConnect/vendor/laravel/framework/src/Illuminate/Database/Migrations/Migrator.php:758
/home/joseph/projects/RideConnect/vendor/laravel/framework/src/Illuminate/Database/Console/Migrations/MigrateCommand.php:164
/home/joseph/projects/RideConnect/vendor/laravel/framework/src/Illuminate/Support/helpers.php:328
/home/joseph/projects/RideConnect/vendor/laravel/framework/src/Illuminate/Database/Console/Migrations/MigrateCommand.php:164
/home/joseph/projects/RideConnect/vendor/laravel/framework/src/Illuminate/Database/Console/Migrations/MigrateCommand.php:140
/home/joseph/projects/RideConnect/vendor/laravel/framework/src/Illuminate/Database/Console/Migrations/MigrateCommand.php:110
/home/joseph/projects/RideConnect/vendor/laravel/framework/src/Illuminate/Database/Migrations/Migrator.php:671
/home/joseph/projects/RideConnect/vendor/laravel/framework/src/Illuminate/Database/Console/Migrations/MigrateCommand.php:109
/home/joseph/projects/RideConnect/vendor/laravel/framework/src/Illuminate/Database/Console/Migrations/MigrateCommand.php:88
/home/joseph/projects/RideConnect/vendor/laravel/framework/src/Illuminate/Container/BoundMethod.php:36
/home/joseph/projects/RideConnect/vendor/laravel/framework/src/Illuminate/Container/Util.php:43
/home/joseph/projects/RideConnect/vendor/laravel/framework/src/Illuminate/Container/BoundMethod.php:96
/home/joseph/projects/RideConnect/vendor/laravel/framework/src/Illuminate/Container/BoundMethod.php:35
/home/joseph/projects/RideConnect/vendor/laravel/framework/src/Illuminate/Container/Container.php:799
/home/joseph/projects/RideConnect/vendor/laravel/framework/src/Illuminate/Console/Command.php:211
/home/joseph/projects/RideConnect/vendor/symfony/console/Command/Command.php:341
/home/joseph/projects/RideConnect/vendor/laravel/framework/src/Illuminate/Console/Command.php:180
/home/joseph/projects/RideConnect/vendor/laravel/framework/src/Illuminate/Console/Concerns/CallsCommands.php:68
/home/joseph/projects/RideConnect/vendor/laravel/framework/src/Illuminate/Console/Concerns/CallsCommands.php:29
/home/joseph/projects/RideConnect/vendor/laravel/framework/src/Illuminate/Database/Console/Migrations/FreshCommand.php:88
/home/joseph/projects/RideConnect/vendor/laravel/framework/src/Illuminate/Container/BoundMethod.php:36
/home/joseph/projects/RideConnect/vendor/laravel/framework/src/Illuminate/Container/Util.php:43
/home/joseph/projects/RideConnect/vendor/laravel/framework/src/Illuminate/Container/BoundMethod.php:96
/home/joseph/projects/RideConnect/vendor/laravel/framework/src/Illuminate/Container/BoundMethod.php:35
/home/joseph/projects/RideConnect/vendor/laravel/framework/src/Illuminate/Container/Container.php:799
/home/joseph/projects/RideConnect/vendor/laravel/framework/src/Illuminate/Console/Command.php:211
/home/joseph/projects/RideConnect/vendor/symfony/console/Command/Command.php:341
/home/joseph/projects/RideConnect/vendor/laravel/framework/src/Illuminate/Console/Command.php:180
/home/joseph/projects/RideConnect/vendor/symfony/console/Application.php:1094
/home/joseph/projects/RideConnect/vendor/symfony/console/Application.php:356
/home/joseph/projects/RideConnect/vendor/symfony/console/Application.php:195
/home/joseph/projects/RideConnect/vendor/laravel/framework/src/Illuminate/Console/Application.php:165
/home/joseph/projects/RideConnect/vendor/laravel/framework/src/Illuminate/Foundation/Console/Kernel.php:447
/home/joseph/projects/RideConnect/vendor/laravel/framework/src/Illuminate/Testing/PendingCommand.php:451
/home/joseph/projects/RideConnect/vendor/laravel/framework/src/Illuminate/Testing/PendingCommand.php:675
/home/joseph/projects/RideConnect/vendor/laravel/framework/src/Illuminate/Foundation/Testing/Concerns/InteractsWithConsole.php:87
/home/joseph/projects/RideConnect/vendor/laravel/framework/src/Illuminate/Foundation/Testing/RefreshDatabase.php:119
/home/joseph/projects/RideConnect/vendor/laravel/framework/src/Illuminate/Foundation/Testing/RefreshDatabase.php:84
/home/joseph/projects/RideConnect/vendor/laravel/framework/src/Illuminate/Foundation/Testing/RefreshDatabase.php:25
/home/joseph/projects/RideConnect/vendor/laravel/framework/src/Illuminate/Foundation/Testing/Concerns/InteractsWithTestCaseLifecycle.php:217
/home/joseph/projects/RideConnect/vendor/laravel/framework/src/Illuminate/Foundation/Testing/Concerns/InteractsWithTestCaseLifecycle.php:101
/home/joseph/projects/RideConnect/vendor/laravel/framework/src/Illuminate/Foundation/Testing/TestCase.php:63</error>
        </testcase>
      </testsuite>
      <testsuite name="Tests\Feature\PublicTransportWorkflowHardeningTest" file="/home/joseph/projects/RideConnect/tests/Feature/PublicTransportWorkflowHardeningTest.php" tests="4" assertions="0" errors="4" failures="0" skipped="0" time="0.000000">
        <testcase name="test_bus_seat_reservation_decrements_once_and_prevents_oversell" file="/home/joseph/projects/RideConnect/tests/Feature/PublicTransportWorkflowHardeningTest.php" line="24" class="Tests\Feature\PublicTransportWorkflowHardeningTest" classname="Tests.Feature.PublicTransportWorkflowHardeningTest" assertions="0" time="0.000000">
          <error type="Illuminate\Database\QueryException">Tests\Feature\PublicTransportWorkflowHardeningTest::test_bus_seat_reservation_decrements_once_and_prevents_oversell
Illuminate\Database\QueryException: could not find driver (Connection: sqlite, Database: :memory:, SQL: select exists (select 1 from "main".sqlite_master where name = 'migrations' and type = 'table') as "exists")

/home/joseph/projects/RideConnect/vendor/laravel/framework/src/Illuminate/Database/Connection.php:838
/home/joseph/projects/RideConnect/vendor/laravel/framework/src/Illuminate/Database/Connection.php:794
/home/joseph/projects/RideConnect/vendor/laravel/framework/src/Illuminate/Database/Connection.php:411
/home/joseph/projects/RideConnect/vendor/laravel/framework/src/Illuminate/Database/Connection.php:357
/home/joseph/projects/RideConnect/vendor/laravel/framework/src/Illuminate/Database/Connection.php:374
/home/joseph/projects/RideConnect/vendor/laravel/framework/src/Illuminate/Database/Schema/Builder.php:176
/home/joseph/projects/RideConnect/vendor/laravel/framework/src/Illuminate/Database/Migrations/DatabaseMigrationRepository.php:185
/home/joseph/projects/RideConnect/vendor/laravel/framework/src/Illuminate/Database/Migrations/Migrator.php:758
/home/joseph/projects/RideConnect/vendor/laravel/framework/src/Illuminate/Database/Console/Migrations/MigrateCommand.php:164
/home/joseph/projects/RideConnect/vendor/laravel/framework/src/Illuminate/Support/helpers.php:328
/home/joseph/projects/RideConnect/vendor/laravel/framework/src/Illuminate/Database/Console/Migrations/MigrateCommand.php:164
/home/joseph/projects/RideConnect/vendor/laravel/framework/src/Illuminate/Database/Console/Migrations/MigrateCommand.php:140
/home/joseph/projects/RideConnect/vendor/laravel/framework/src/Illuminate/Database/Console/Migrations/MigrateCommand.php:110
/home/joseph/projects/RideConnect/vendor/laravel/framework/src/Illuminate/Database/Migrations/Migrator.php:671
/home/joseph/projects/RideConnect/vendor/laravel/framework/src/Illuminate/Database/Console/Migrations/MigrateCommand.php:109
/home/joseph/projects/RideConnect/vendor/laravel/framework/src/Illuminate/Database/Console/Migrations/MigrateCommand.php:88
/home/joseph/projects/RideConnect/vendor/laravel/framework/src/Illuminate/Container/BoundMethod.php:36
/home/joseph/projects/RideConnect/vendor/laravel/framework/src/Illuminate/Container/Util.php:43
/home/joseph/projects/RideConnect/vendor/laravel/framework/src/Illuminate/Container/BoundMethod.php:96
/home/joseph/projects/RideConnect/vendor/laravel/framework/src/Illuminate/Container/BoundMethod.php:35
/home/joseph/projects/RideConnect/vendor/laravel/framework/src/Illuminate/Container/Container.php:799
/home/joseph/projects/RideConnect/vendor/laravel/framework/src/Illuminate/Console/Command.php:211
/home/joseph/projects/RideConnect/vendor/symfony/console/Command/Command.php:341
/home/joseph/projects/RideConnect/vendor/laravel/framework/src/Illuminate/Console/Command.php:180
/home/joseph/projects/RideConnect/vendor/laravel/framework/src/Illuminate/Console/Concerns/CallsCommands.php:68
/home/joseph/projects/RideConnect/vendor/laravel/framework/src/Illuminate/Console/Concerns/CallsCommands.php:29
/home/joseph/projects/RideConnect/vendor/laravel/framework/src/Illuminate/Database/Console/Migrations/FreshCommand.php:88
/home/joseph/projects/RideConnect/vendor/laravel/framework/src/Illuminate/Container/BoundMethod.php:36
/home/joseph/projects/RideConnect/vendor/laravel/framework/src/Illuminate/Container/Util.php:43
/home/joseph/projects/RideConnect/vendor/laravel/framework/src/Illuminate/Container/BoundMethod.php:96
/home/joseph/projects/RideConnect/vendor/laravel/framework/src/Illuminate/Container/BoundMethod.php:35
/home/joseph/projects/RideConnect/vendor/laravel/framework/src/Illuminate/Container/Container.php:799
/home/joseph/projects/RideConnect/vendor/laravel/framework/src/Illuminate/Console/Command.php:211
/home/joseph/projects/RideConnect/vendor/symfony/console/Command/Command.php:341
/home/joseph/projects/RideConnect/vendor/laravel/framework/src/Illuminate/Console/Command.php:180
/home/joseph/projects/RideConnect/vendor/symfony/console/Application.php:1094
/home/joseph/projects/RideConnect/vendor/symfony/console/Application.php:356
/home/joseph/projects/RideConnect/vendor/symfony/console/Application.php:195
/home/joseph/projects/RideConnect/vendor/laravel/framework/src/Illuminate/Console/Application.php:165
/home/joseph/projects/RideConnect/vendor/laravel/framework/src/Illuminate/Foundation/Console/Kernel.php:447
/home/joseph/projects/RideConnect/vendor/laravel/framework/src/Illuminate/Testing/PendingCommand.php:451
/home/joseph/projects/RideConnect/vendor/laravel/framework/src/Illuminate/Testing/PendingCommand.php:675
/home/joseph/projects/RideConnect/vendor/laravel/framework/src/Illuminate/Foundation/Testing/Concerns/InteractsWithConsole.php:87
/home/joseph/projects/RideConnect/vendor/laravel/framework/src/Illuminate/Foundation/Testing/RefreshDatabase.php:119
/home/joseph/projects/RideConnect/vendor/laravel/framework/src/Illuminate/Foundation/Testing/RefreshDatabase.php:84
/home/joseph/projects/RideConnect/vendor/laravel/framework/src/Illuminate/Foundation/Testing/RefreshDatabase.php:25
/home/joseph/projects/RideConnect/vendor/laravel/framework/src/Illuminate/Foundation/Testing/Concerns/InteractsWithTestCaseLifecycle.php:217
/home/joseph/projects/RideConnect/vendor/laravel/framework/src/Illuminate/Foundation/Testing/Concerns/InteractsWithTestCaseLifecycle.php:101
/home/joseph/projects/RideConnect/vendor/laravel/framework/src/Illuminate/Foundation/Testing/TestCase.php:63</error>
        </testcase>
        <testcase name="test_moto_busy_driver_is_excluded_from_visibility" file="/home/joseph/projects/RideConnect/tests/Feature/PublicTransportWorkflowHardeningTest.php" line="38" class="Tests\Feature\PublicTransportWorkflowHardeningTest" classname="Tests.Feature.PublicTransportWorkflowHardeningTest" assertions="0" time="0.000000">
          <error type="Illuminate\Database\QueryException">Tests\Feature\PublicTransportWorkflowHardeningTest::test_moto_busy_driver_is_excluded_from_visibility
Illuminate\Database\QueryException: could not find driver (Connection: sqlite, Database: :memory:, SQL: select exists (select 1 from "main".sqlite_master where name = 'migrations' and type = 'table') as "exists")

/home/joseph/projects/RideConnect/vendor/laravel/framework/src/Illuminate/Database/Connection.php:838
/home/joseph/projects/RideConnect/vendor/laravel/framework/src/Illuminate/Database/Connection.php:794
/home/joseph/projects/RideConnect/vendor/laravel/framework/src/Illuminate/Database/Connection.php:411
/home/joseph/projects/RideConnect/vendor/laravel/framework/src/Illuminate/Database/Connection.php:357
/home/joseph/projects/RideConnect/vendor/laravel/framework/src/Illuminate/Database/Connection.php:374
/home/joseph/projects/RideConnect/vendor/laravel/framework/src/Illuminate/Database/Schema/Builder.php:176
/home/joseph/projects/RideConnect/vendor/laravel/framework/src/Illuminate/Database/Migrations/DatabaseMigrationRepository.php:185
/home/joseph/projects/RideConnect/vendor/laravel/framework/src/Illuminate/Database/Migrations/Migrator.php:758
/home/joseph/projects/RideConnect/vendor/laravel/framework/src/Illuminate/Database/Console/Migrations/MigrateCommand.php:164
/home/joseph/projects/RideConnect/vendor/laravel/framework/src/Illuminate/Support/helpers.php:328
/home/joseph/projects/RideConnect/vendor/laravel/framework/src/Illuminate/Database/Console/Migrations/MigrateCommand.php:164
/home/joseph/projects/RideConnect/vendor/laravel/framework/src/Illuminate/Database/Console/Migrations/MigrateCommand.php:140
/home/joseph/projects/RideConnect/vendor/laravel/framework/src/Illuminate/Database/Console/Migrations/MigrateCommand.php:110
/home/joseph/projects/RideConnect/vendor/laravel/framework/src/Illuminate/Database/Migrations/Migrator.php:671
/home/joseph/projects/RideConnect/vendor/laravel/framework/src/Illuminate/Database/Console/Migrations/MigrateCommand.php:109
/home/joseph/projects/RideConnect/vendor/laravel/framework/src/Illuminate/Database/Console/Migrations/MigrateCommand.php:88
/home/joseph/projects/RideConnect/vendor/laravel/framework/src/Illuminate/Container/BoundMethod.php:36
/home/joseph/projects/RideConnect/vendor/laravel/framework/src/Illuminate/Container/Util.php:43
/home/joseph/projects/RideConnect/vendor/laravel/framework/src/Illuminate/Container/BoundMethod.php:96
/home/joseph/projects/RideConnect/vendor/laravel/framework/src/Illuminate/Container/BoundMethod.php:35
/home/joseph/projects/RideConnect/vendor/laravel/framework/src/Illuminate/Container/Container.php:799
/home/joseph/projects/RideConnect/vendor/laravel/framework/src/Illuminate/Console/Command.php:211
/home/joseph/projects/RideConnect/vendor/symfony/console/Command/Command.php:341
/home/joseph/projects/RideConnect/vendor/laravel/framework/src/Illuminate/Console/Command.php:180
/home/joseph/projects/RideConnect/vendor/laravel/framework/src/Illuminate/Console/Concerns/CallsCommands.php:68
/home/joseph/projects/RideConnect/vendor/laravel/framework/src/Illuminate/Console/Concerns/CallsCommands.php:29
/home/joseph/projects/RideConnect/vendor/laravel/framework/src/Illuminate/Database/Console/Migrations/FreshCommand.php:88
/home/joseph/projects/RideConnect/vendor/laravel/framework/src/Illuminate/Container/BoundMethod.php:36
/home/joseph/projects/RideConnect/vendor/laravel/framework/src/Illuminate/Container/Util.php:43
/home/joseph/projects/RideConnect/vendor/laravel/framework/src/Illuminate/Container/BoundMethod.php:96
/home/joseph/projects/RideConnect/vendor/laravel/framework/src/Illuminate/Container/BoundMethod.php:35
/home/joseph/projects/RideConnect/vendor/laravel/framework/src/Illuminate/Container/Container.php:799
/home/joseph/projects/RideConnect/vendor/laravel/framework/src/Illuminate/Console/Command.php:211
/home/joseph/projects/RideConnect/vendor/symfony/console/Command/Command.php:341
/home/joseph/projects/RideConnect/vendor/laravel/framework/src/Illuminate/Console/Command.php:180
/home/joseph/projects/RideConnect/vendor/symfony/console/Application.php:1094
/home/joseph/projects/RideConnect/vendor/symfony/console/Application.php:356
/home/joseph/projects/RideConnect/vendor/symfony/console/Application.php:195
/home/joseph/projects/RideConnect/vendor/laravel/framework/src/Illuminate/Console/Application.php:165
/home/joseph/projects/RideConnect/vendor/laravel/framework/src/Illuminate/Foundation/Console/Kernel.php:447
/home/joseph/projects/RideConnect/vendor/laravel/framework/src/Illuminate/Testing/PendingCommand.php:451
/home/joseph/projects/RideConnect/vendor/laravel/framework/src/Illuminate/Testing/PendingCommand.php:675
/home/joseph/projects/RideConnect/vendor/laravel/framework/src/Illuminate/Foundation/Testing/Concerns/InteractsWithConsole.php:87
/home/joseph/projects/RideConnect/vendor/laravel/framework/src/Illuminate/Foundation/Testing/RefreshDatabase.php:119
/home/joseph/projects/RideConnect/vendor/laravel/framework/src/Illuminate/Foundation/Testing/RefreshDatabase.php:84
/home/joseph/projects/RideConnect/vendor/laravel/framework/src/Illuminate/Foundation/Testing/RefreshDatabase.php:25
/home/joseph/projects/RideConnect/vendor/laravel/framework/src/Illuminate/Foundation/Testing/Concerns/InteractsWithTestCaseLifecycle.php:217
/home/joseph/projects/RideConnect/vendor/laravel/framework/src/Illuminate/Foundation/Testing/Concerns/InteractsWithTestCaseLifecycle.php:101
/home/joseph/projects/RideConnect/vendor/laravel/framework/src/Illuminate/Foundation/Testing/TestCase.php:63</error>
        </testcase>
        <testcase name="test_trip_completion_requires_verified_payment" file="/home/joseph/projects/RideConnect/tests/Feature/PublicTransportWorkflowHardeningTest.php" line="72" class="Tests\Feature\PublicTransportWorkflowHardeningTest" classname="Tests.Feature.PublicTransportWorkflowHardeningTest" assertions="0" time="0.000000">
          <error type="Illuminate\Database\QueryException">Tests\Feature\PublicTransportWorkflowHardeningTest::test_trip_completion_requires_verified_payment
Illuminate\Database\QueryException: could not find driver (Connection: sqlite, Database: :memory:, SQL: select exists (select 1 from "main".sqlite_master where name = 'migrations' and type = 'table') as "exists")

/home/joseph/projects/RideConnect/vendor/laravel/framework/src/Illuminate/Database/Connection.php:838
/home/joseph/projects/RideConnect/vendor/laravel/framework/src/Illuminate/Database/Connection.php:794
/home/joseph/projects/RideConnect/vendor/laravel/framework/src/Illuminate/Database/Connection.php:411
/home/joseph/projects/RideConnect/vendor/laravel/framework/src/Illuminate/Database/Connection.php:357
/home/joseph/projects/RideConnect/vendor/laravel/framework/src/Illuminate/Database/Connection.php:374
/home/joseph/projects/RideConnect/vendor/laravel/framework/src/Illuminate/Database/Schema/Builder.php:176
/home/joseph/projects/RideConnect/vendor/laravel/framework/src/Illuminate/Database/Migrations/DatabaseMigrationRepository.php:185
/home/joseph/projects/RideConnect/vendor/laravel/framework/src/Illuminate/Database/Migrations/Migrator.php:758
/home/joseph/projects/RideConnect/vendor/laravel/framework/src/Illuminate/Database/Console/Migrations/MigrateCommand.php:164
/home/joseph/projects/RideConnect/vendor/laravel/framework/src/Illuminate/Support/helpers.php:328
/home/joseph/projects/RideConnect/vendor/laravel/framework/src/Illuminate/Database/Console/Migrations/MigrateCommand.php:164
/home/joseph/projects/RideConnect/vendor/laravel/framework/src/Illuminate/Database/Console/Migrations/MigrateCommand.php:140
/home/joseph/projects/RideConnect/vendor/laravel/framework/src/Illuminate/Database/Console/Migrations/MigrateCommand.php:110
/home/joseph/projects/RideConnect/vendor/laravel/framework/src/Illuminate/Database/Migrations/Migrator.php:671
/home/joseph/projects/RideConnect/vendor/laravel/framework/src/Illuminate/Database/Console/Migrations/MigrateCommand.php:109
/home/joseph/projects/RideConnect/vendor/laravel/framework/src/Illuminate/Database/Console/Migrations/MigrateCommand.php:88
/home/joseph/projects/RideConnect/vendor/laravel/framework/src/Illuminate/Container/BoundMethod.php:36
/home/joseph/projects/RideConnect/vendor/laravel/framework/src/Illuminate/Container/Util.php:43
/home/joseph/projects/RideConnect/vendor/laravel/framework/src/Illuminate/Container/BoundMethod.php:96
/home/joseph/projects/RideConnect/vendor/laravel/framework/src/Illuminate/Container/BoundMethod.php:35
/home/joseph/projects/RideConnect/vendor/laravel/framework/src/Illuminate/Container/Container.php:799
/home/joseph/projects/RideConnect/vendor/laravel/framework/src/Illuminate/Console/Command.php:211
/home/joseph/projects/RideConnect/vendor/symfony/console/Command/Command.php:341
/home/joseph/projects/RideConnect/vendor/laravel/framework/src/Illuminate/Console/Command.php:180
/home/joseph/projects/RideConnect/vendor/laravel/framework/src/Illuminate/Console/Concerns/CallsCommands.php:68
/home/joseph/projects/RideConnect/vendor/laravel/framework/src/Illuminate/Console/Concerns/CallsCommands.php:29
/home/joseph/projects/RideConnect/vendor/laravel/framework/src/Illuminate/Database/Console/Migrations/FreshCommand.php:88
/home/joseph/projects/RideConnect/vendor/laravel/framework/src/Illuminate/Container/BoundMethod.php:36
/home/joseph/projects/RideConnect/vendor/laravel/framework/src/Illuminate/Container/Util.php:43
/home/joseph/projects/RideConnect/vendor/laravel/framework/src/Illuminate/Container/BoundMethod.php:96
/home/joseph/projects/RideConnect/vendor/laravel/framework/src/Illuminate/Container/BoundMethod.php:35
/home/joseph/projects/RideConnect/vendor/laravel/framework/src/Illuminate/Container/Container.php:799
/home/joseph/projects/RideConnect/vendor/laravel/framework/src/Illuminate/Console/Command.php:211
/home/joseph/projects/RideConnect/vendor/symfony/console/Command/Command.php:341
/home/joseph/projects/RideConnect/vendor/laravel/framework/src/Illuminate/Console/Command.php:180
/home/joseph/projects/RideConnect/vendor/symfony/console/Application.php:1094
/home/joseph/projects/RideConnect/vendor/symfony/console/Application.php:356
/home/joseph/projects/RideConnect/vendor/symfony/console/Application.php:195
/home/joseph/projects/RideConnect/vendor/laravel/framework/src/Illuminate/Console/Application.php:165
/home/joseph/projects/RideConnect/vendor/laravel/framework/src/Illuminate/Foundation/Console/Kernel.php:447
/home/joseph/projects/RideConnect/vendor/laravel/framework/src/Illuminate/Testing/PendingCommand.php:451
/home/joseph/projects/RideConnect/vendor/laravel/framework/src/Illuminate/Testing/PendingCommand.php:675
/home/joseph/projects/RideConnect/vendor/laravel/framework/src/Illuminate/Foundation/Testing/Concerns/InteractsWithConsole.php:87
/home/joseph/projects/RideConnect/vendor/laravel/framework/src/Illuminate/Foundation/Testing/RefreshDatabase.php:119
/home/joseph/projects/RideConnect/vendor/laravel/framework/src/Illuminate/Foundation/Testing/RefreshDatabase.php:84
/home/joseph/projects/RideConnect/vendor/laravel/framework/src/Illuminate/Foundation/Testing/RefreshDatabase.php:25
/home/joseph/projects/RideConnect/vendor/laravel/framework/src/Illuminate/Foundation/Testing/Concerns/InteractsWithTestCaseLifecycle.php:217
/home/joseph/projects/RideConnect/vendor/laravel/framework/src/Illuminate/Foundation/Testing/Concerns/InteractsWithTestCaseLifecycle.php:101
/home/joseph/projects/RideConnect/vendor/laravel/framework/src/Illuminate/Foundation/Testing/TestCase.php:63</error>
        </testcase>
        <testcase name="test_paid_trip_completion_issues_transport_ticket_and_releases_driver" file="/home/joseph/projects/RideConnect/tests/Feature/PublicTransportWorkflowHardeningTest.php" line="85" class="Tests\Feature\PublicTransportWorkflowHardeningTest" classname="Tests.Feature.PublicTransportWorkflowHardeningTest" assertions="0" time="0.000000">
          <error type="Illuminate\Database\QueryException">Tests\Feature\PublicTransportWorkflowHardeningTest::test_paid_trip_completion_issues_transport_ticket_and_releases_driver
Illuminate\Database\QueryException: could not find driver (Connection: sqlite, Database: :memory:, SQL: select exists (select 1 from "main".sqlite_master where name = 'migrations' and type = 'table') as "exists")

/home/joseph/projects/RideConnect/vendor/laravel/framework/src/Illuminate/Database/Connection.php:838
/home/joseph/projects/RideConnect/vendor/laravel/framework/src/Illuminate/Database/Connection.php:794
/home/joseph/projects/RideConnect/vendor/laravel/framework/src/Illuminate/Database/Connection.php:411
/home/joseph/projects/RideConnect/vendor/laravel/framework/src/Illuminate/Database/Connection.php:357
/home/joseph/projects/RideConnect/vendor/laravel/framework/src/Illuminate/Database/Connection.php:374
/home/joseph/projects/RideConnect/vendor/laravel/framework/src/Illuminate/Database/Schema/Builder.php:176
/home/joseph/projects/RideConnect/vendor/laravel/framework/src/Illuminate/Database/Migrations/DatabaseMigrationRepository.php:185
/home/joseph/projects/RideConnect/vendor/laravel/framework/src/Illuminate/Database/Migrations/Migrator.php:758
/home/joseph/projects/RideConnect/vendor/laravel/framework/src/Illuminate/Database/Console/Migrations/MigrateCommand.php:164
/home/joseph/projects/RideConnect/vendor/laravel/framework/src/Illuminate/Support/helpers.php:328
/home/joseph/projects/RideConnect/vendor/laravel/framework/src/Illuminate/Database/Console/Migrations/MigrateCommand.php:164
/home/joseph/projects/RideConnect/vendor/laravel/framework/src/Illuminate/Database/Console/Migrations/MigrateCommand.php:140
/home/joseph/projects/RideConnect/vendor/laravel/framework/src/Illuminate/Database/Console/Migrations/MigrateCommand.php:110
/home/joseph/projects/RideConnect/vendor/laravel/framework/src/Illuminate/Database/Migrations/Migrator.php:671
/home/joseph/projects/RideConnect/vendor/laravel/framework/src/Illuminate/Database/Console/Migrations/MigrateCommand.php:109
/home/joseph/projects/RideConnect/vendor/laravel/framework/src/Illuminate/Database/Console/Migrations/MigrateCommand.php:88
/home/joseph/projects/RideConnect/vendor/laravel/framework/src/Illuminate/Container/BoundMethod.php:36
/home/joseph/projects/RideConnect/vendor/laravel/framework/src/Illuminate/Container/Util.php:43
/home/joseph/projects/RideConnect/vendor/laravel/framework/src/Illuminate/Container/BoundMethod.php:96
/home/joseph/projects/RideConnect/vendor/laravel/framework/src/Illuminate/Container/BoundMethod.php:35
/home/joseph/projects/RideConnect/vendor/laravel/framework/src/Illuminate/Container/Container.php:799
/home/joseph/projects/RideConnect/vendor/laravel/framework/src/Illuminate/Console/Command.php:211
/home/joseph/projects/RideConnect/vendor/symfony/console/Command/Command.php:341
/home/joseph/projects/RideConnect/vendor/laravel/framework/src/Illuminate/Console/Command.php:180
/home/joseph/projects/RideConnect/vendor/laravel/framework/src/Illuminate/Console/Concerns/CallsCommands.php:68
/home/joseph/projects/RideConnect/vendor/laravel/framework/src/Illuminate/Console/Concerns/CallsCommands.php:29
/home/joseph/projects/RideConnect/vendor/laravel/framework/src/Illuminate/Database/Console/Migrations/FreshCommand.php:88
/home/joseph/projects/RideConnect/vendor/laravel/framework/src/Illuminate/Container/BoundMethod.php:36
/home/joseph/projects/RideConnect/vendor/laravel/framework/src/Illuminate/Container/Util.php:43
/home/joseph/projects/RideConnect/vendor/laravel/framework/src/Illuminate/Container/BoundMethod.php:96
/home/joseph/projects/RideConnect/vendor/laravel/framework/src/Illuminate/Container/BoundMethod.php:35
/home/joseph/projects/RideConnect/vendor/laravel/framework/src/Illuminate/Container/Container.php:799
/home/joseph/projects/RideConnect/vendor/laravel/framework/src/Illuminate/Console/Command.php:211
/home/joseph/projects/RideConnect/vendor/symfony/console/Command/Command.php:341
/home/joseph/projects/RideConnect/vendor/laravel/framework/src/Illuminate/Console/Command.php:180
/home/joseph/projects/RideConnect/vendor/symfony/console/Application.php:1094
/home/joseph/projects/RideConnect/vendor/symfony/console/Application.php:356
/home/joseph/projects/RideConnect/vendor/symfony/console/Application.php:195
/home/joseph/projects/RideConnect/vendor/laravel/framework/src/Illuminate/Console/Application.php:165
/home/joseph/projects/RideConnect/vendor/laravel/framework/src/Illuminate/Foundation/Console/Kernel.php:447
/home/joseph/projects/RideConnect/vendor/laravel/framework/src/Illuminate/Testing/PendingCommand.php:451
/home/joseph/projects/RideConnect/vendor/laravel/framework/src/Illuminate/Testing/PendingCommand.php:675
/home/joseph/projects/RideConnect/vendor/laravel/framework/src/Illuminate/Foundation/Testing/Concerns/InteractsWithConsole.php:87
/home/joseph/projects/RideConnect/vendor/laravel/framework/src/Illuminate/Foundation/Testing/RefreshDatabase.php:119
/home/joseph/projects/RideConnect/vendor/laravel/framework/src/Illuminate/Foundation/Testing/RefreshDatabase.php:84
/home/joseph/projects/RideConnect/vendor/laravel/framework/src/Illuminate/Foundation/Testing/RefreshDatabase.php:25
/home/joseph/projects/RideConnect/vendor/laravel/framework/src/Illuminate/Foundation/Testing/Concerns/InteractsWithTestCaseLifecycle.php:217
/home/joseph/projects/RideConnect/vendor/laravel/framework/src/Illuminate/Foundation/Testing/Concerns/InteractsWithTestCaseLifecycle.php:101
/home/joseph/projects/RideConnect/vendor/laravel/framework/src/Illuminate/Foundation/Testing/TestCase.php:63</error>
        </testcase>
      </testsuite>
      <testsuite name="Tests\Feature\RealtimeBroadcastTest" file="/home/joseph/projects/RideConnect/tests/Feature/RealtimeBroadcastTest.php" tests="4" assertions="0" errors="4" failures="0" skipped="0" time="0.000000">
        <testcase name="test_driver_location_update_triggers_supabase_broadcast" file="/home/joseph/projects/RideConnect/tests/Feature/RealtimeBroadcastTest.php" line="32" class="Tests\Feature\RealtimeBroadcastTest" classname="Tests.Feature.RealtimeBroadcastTest" assertions="0" time="0.000000">
          <error type="Illuminate\Database\QueryException">Tests\Feature\RealtimeBroadcastTest::test_driver_location_update_triggers_supabase_broadcast
Illuminate\Database\QueryException: could not find driver (Connection: sqlite, Database: :memory:, SQL: select exists (select 1 from "main".sqlite_master where name = 'migrations' and type = 'table') as "exists")

/home/joseph/projects/RideConnect/vendor/laravel/framework/src/Illuminate/Database/Connection.php:838
/home/joseph/projects/RideConnect/vendor/laravel/framework/src/Illuminate/Database/Connection.php:794
/home/joseph/projects/RideConnect/vendor/laravel/framework/src/Illuminate/Database/Connection.php:411
/home/joseph/projects/RideConnect/vendor/laravel/framework/src/Illuminate/Database/Connection.php:357
/home/joseph/projects/RideConnect/vendor/laravel/framework/src/Illuminate/Database/Connection.php:374
/home/joseph/projects/RideConnect/vendor/laravel/framework/src/Illuminate/Database/Schema/Builder.php:176
/home/joseph/projects/RideConnect/vendor/laravel/framework/src/Illuminate/Database/Migrations/DatabaseMigrationRepository.php:185
/home/joseph/projects/RideConnect/vendor/laravel/framework/src/Illuminate/Database/Migrations/Migrator.php:758
/home/joseph/projects/RideConnect/vendor/laravel/framework/src/Illuminate/Database/Console/Migrations/MigrateCommand.php:164
/home/joseph/projects/RideConnect/vendor/laravel/framework/src/Illuminate/Support/helpers.php:328
/home/joseph/projects/RideConnect/vendor/laravel/framework/src/Illuminate/Database/Console/Migrations/MigrateCommand.php:164
/home/joseph/projects/RideConnect/vendor/laravel/framework/src/Illuminate/Database/Console/Migrations/MigrateCommand.php:140
/home/joseph/projects/RideConnect/vendor/laravel/framework/src/Illuminate/Database/Console/Migrations/MigrateCommand.php:110
/home/joseph/projects/RideConnect/vendor/laravel/framework/src/Illuminate/Database/Migrations/Migrator.php:671
/home/joseph/projects/RideConnect/vendor/laravel/framework/src/Illuminate/Database/Console/Migrations/MigrateCommand.php:109
/home/joseph/projects/RideConnect/vendor/laravel/framework/src/Illuminate/Database/Console/Migrations/MigrateCommand.php:88
/home/joseph/projects/RideConnect/vendor/laravel/framework/src/Illuminate/Container/BoundMethod.php:36
/home/joseph/projects/RideConnect/vendor/laravel/framework/src/Illuminate/Container/Util.php:43
/home/joseph/projects/RideConnect/vendor/laravel/framework/src/Illuminate/Container/BoundMethod.php:96
/home/joseph/projects/RideConnect/vendor/laravel/framework/src/Illuminate/Container/BoundMethod.php:35
/home/joseph/projects/RideConnect/vendor/laravel/framework/src/Illuminate/Container/Container.php:799
/home/joseph/projects/RideConnect/vendor/laravel/framework/src/Illuminate/Console/Command.php:211
/home/joseph/projects/RideConnect/vendor/symfony/console/Command/Command.php:341
/home/joseph/projects/RideConnect/vendor/laravel/framework/src/Illuminate/Console/Command.php:180
/home/joseph/projects/RideConnect/vendor/laravel/framework/src/Illuminate/Console/Concerns/CallsCommands.php:68
/home/joseph/projects/RideConnect/vendor/laravel/framework/src/Illuminate/Console/Concerns/CallsCommands.php:29
/home/joseph/projects/RideConnect/vendor/laravel/framework/src/Illuminate/Database/Console/Migrations/FreshCommand.php:88
/home/joseph/projects/RideConnect/vendor/laravel/framework/src/Illuminate/Container/BoundMethod.php:36
/home/joseph/projects/RideConnect/vendor/laravel/framework/src/Illuminate/Container/Util.php:43
/home/joseph/projects/RideConnect/vendor/laravel/framework/src/Illuminate/Container/BoundMethod.php:96
/home/joseph/projects/RideConnect/vendor/laravel/framework/src/Illuminate/Container/BoundMethod.php:35
/home/joseph/projects/RideConnect/vendor/laravel/framework/src/Illuminate/Container/Container.php:799
/home/joseph/projects/RideConnect/vendor/laravel/framework/src/Illuminate/Console/Command.php:211
/home/joseph/projects/RideConnect/vendor/symfony/console/Command/Command.php:341
/home/joseph/projects/RideConnect/vendor/laravel/framework/src/Illuminate/Console/Command.php:180
/home/joseph/projects/RideConnect/vendor/symfony/console/Application.php:1094
/home/joseph/projects/RideConnect/vendor/symfony/console/Application.php:356
/home/joseph/projects/RideConnect/vendor/symfony/console/Application.php:195
/home/joseph/projects/RideConnect/vendor/laravel/framework/src/Illuminate/Console/Application.php:165
/home/joseph/projects/RideConnect/vendor/laravel/framework/src/Illuminate/Foundation/Console/Kernel.php:447
/home/joseph/projects/RideConnect/vendor/laravel/framework/src/Illuminate/Testing/PendingCommand.php:451
/home/joseph/projects/RideConnect/vendor/laravel/framework/src/Illuminate/Testing/PendingCommand.php:675
/home/joseph/projects/RideConnect/vendor/laravel/framework/src/Illuminate/Foundation/Testing/Concerns/InteractsWithConsole.php:87
/home/joseph/projects/RideConnect/vendor/laravel/framework/src/Illuminate/Foundation/Testing/RefreshDatabase.php:119
/home/joseph/projects/RideConnect/vendor/laravel/framework/src/Illuminate/Foundation/Testing/RefreshDatabase.php:84
/home/joseph/projects/RideConnect/vendor/laravel/framework/src/Illuminate/Foundation/Testing/RefreshDatabase.php:25
/home/joseph/projects/RideConnect/vendor/laravel/framework/src/Illuminate/Foundation/Testing/Concerns/InteractsWithTestCaseLifecycle.php:217
/home/joseph/projects/RideConnect/vendor/laravel/framework/src/Illuminate/Foundation/Testing/Concerns/InteractsWithTestCaseLifecycle.php:101
/home/joseph/projects/RideConnect/vendor/laravel/framework/src/Illuminate/Foundation/Testing/TestCase.php:63
/home/joseph/projects/RideConnect/tests/Feature/RealtimeBroadcastTest.php:24</error>
        </testcase>
        <testcase name="test_trip_matched_triggers_driver_notification" file="/home/joseph/projects/RideConnect/tests/Feature/RealtimeBroadcastTest.php" line="50" class="Tests\Feature\RealtimeBroadcastTest" classname="Tests.Feature.RealtimeBroadcastTest" assertions="0" time="0.000000">
          <error type="Illuminate\Database\QueryException">Tests\Feature\RealtimeBroadcastTest::test_trip_matched_triggers_driver_notification
Illuminate\Database\QueryException: could not find driver (Connection: sqlite, Database: :memory:, SQL: select exists (select 1 from "main".sqlite_master where name = 'migrations' and type = 'table') as "exists")

/home/joseph/projects/RideConnect/vendor/laravel/framework/src/Illuminate/Database/Connection.php:838
/home/joseph/projects/RideConnect/vendor/laravel/framework/src/Illuminate/Database/Connection.php:794
/home/joseph/projects/RideConnect/vendor/laravel/framework/src/Illuminate/Database/Connection.php:411
/home/joseph/projects/RideConnect/vendor/laravel/framework/src/Illuminate/Database/Connection.php:357
/home/joseph/projects/RideConnect/vendor/laravel/framework/src/Illuminate/Database/Connection.php:374
/home/joseph/projects/RideConnect/vendor/laravel/framework/src/Illuminate/Database/Schema/Builder.php:176
/home/joseph/projects/RideConnect/vendor/laravel/framework/src/Illuminate/Database/Migrations/DatabaseMigrationRepository.php:185
/home/joseph/projects/RideConnect/vendor/laravel/framework/src/Illuminate/Database/Migrations/Migrator.php:758
/home/joseph/projects/RideConnect/vendor/laravel/framework/src/Illuminate/Database/Console/Migrations/MigrateCommand.php:164
/home/joseph/projects/RideConnect/vendor/laravel/framework/src/Illuminate/Support/helpers.php:328
/home/joseph/projects/RideConnect/vendor/laravel/framework/src/Illuminate/Database/Console/Migrations/MigrateCommand.php:164
/home/joseph/projects/RideConnect/vendor/laravel/framework/src/Illuminate/Database/Console/Migrations/MigrateCommand.php:140
/home/joseph/projects/RideConnect/vendor/laravel/framework/src/Illuminate/Database/Console/Migrations/MigrateCommand.php:110
/home/joseph/projects/RideConnect/vendor/laravel/framework/src/Illuminate/Database/Migrations/Migrator.php:671
/home/joseph/projects/RideConnect/vendor/laravel/framework/src/Illuminate/Database/Console/Migrations/MigrateCommand.php:109
/home/joseph/projects/RideConnect/vendor/laravel/framework/src/Illuminate/Database/Console/Migrations/MigrateCommand.php:88
/home/joseph/projects/RideConnect/vendor/laravel/framework/src/Illuminate/Container/BoundMethod.php:36
/home/joseph/projects/RideConnect/vendor/laravel/framework/src/Illuminate/Container/Util.php:43
/home/joseph/projects/RideConnect/vendor/laravel/framework/src/Illuminate/Container/BoundMethod.php:96
/home/joseph/projects/RideConnect/vendor/laravel/framework/src/Illuminate/Container/BoundMethod.php:35
/home/joseph/projects/RideConnect/vendor/laravel/framework/src/Illuminate/Container/Container.php:799
/home/joseph/projects/RideConnect/vendor/laravel/framework/src/Illuminate/Console/Command.php:211
/home/joseph/projects/RideConnect/vendor/symfony/console/Command/Command.php:341
/home/joseph/projects/RideConnect/vendor/laravel/framework/src/Illuminate/Console/Command.php:180
/home/joseph/projects/RideConnect/vendor/laravel/framework/src/Illuminate/Console/Concerns/CallsCommands.php:68
/home/joseph/projects/RideConnect/vendor/laravel/framework/src/Illuminate/Console/Concerns/CallsCommands.php:29
/home/joseph/projects/RideConnect/vendor/laravel/framework/src/Illuminate/Database/Console/Migrations/FreshCommand.php:88
/home/joseph/projects/RideConnect/vendor/laravel/framework/src/Illuminate/Container/BoundMethod.php:36
/home/joseph/projects/RideConnect/vendor/laravel/framework/src/Illuminate/Container/Util.php:43
/home/joseph/projects/RideConnect/vendor/laravel/framework/src/Illuminate/Container/BoundMethod.php:96
/home/joseph/projects/RideConnect/vendor/laravel/framework/src/Illuminate/Container/BoundMethod.php:35
/home/joseph/projects/RideConnect/vendor/laravel/framework/src/Illuminate/Container/Container.php:799
/home/joseph/projects/RideConnect/vendor/laravel/framework/src/Illuminate/Console/Command.php:211
/home/joseph/projects/RideConnect/vendor/symfony/console/Command/Command.php:341
/home/joseph/projects/RideConnect/vendor/laravel/framework/src/Illuminate/Console/Command.php:180
/home/joseph/projects/RideConnect/vendor/symfony/console/Application.php:1094
/home/joseph/projects/RideConnect/vendor/symfony/console/Application.php:356
/home/joseph/projects/RideConnect/vendor/symfony/console/Application.php:195
/home/joseph/projects/RideConnect/vendor/laravel/framework/src/Illuminate/Console/Application.php:165
/home/joseph/projects/RideConnect/vendor/laravel/framework/src/Illuminate/Foundation/Console/Kernel.php:447
/home/joseph/projects/RideConnect/vendor/laravel/framework/src/Illuminate/Testing/PendingCommand.php:451
/home/joseph/projects/RideConnect/vendor/laravel/framework/src/Illuminate/Testing/PendingCommand.php:675
/home/joseph/projects/RideConnect/vendor/laravel/framework/src/Illuminate/Foundation/Testing/Concerns/InteractsWithConsole.php:87
/home/joseph/projects/RideConnect/vendor/laravel/framework/src/Illuminate/Foundation/Testing/RefreshDatabase.php:119
/home/joseph/projects/RideConnect/vendor/laravel/framework/src/Illuminate/Foundation/Testing/RefreshDatabase.php:84
/home/joseph/projects/RideConnect/vendor/laravel/framework/src/Illuminate/Foundation/Testing/RefreshDatabase.php:25
/home/joseph/projects/RideConnect/vendor/laravel/framework/src/Illuminate/Foundation/Testing/Concerns/InteractsWithTestCaseLifecycle.php:217
/home/joseph/projects/RideConnect/vendor/laravel/framework/src/Illuminate/Foundation/Testing/Concerns/InteractsWithTestCaseLifecycle.php:101
/home/joseph/projects/RideConnect/vendor/laravel/framework/src/Illuminate/Foundation/Testing/TestCase.php:63
/home/joseph/projects/RideConnect/tests/Feature/RealtimeBroadcastTest.php:24</error>
        </testcase>
        <testcase name="test_trip_started_triggers_passenger_update" file="/home/joseph/projects/RideConnect/tests/Feature/RealtimeBroadcastTest.php" line="67" class="Tests\Feature\RealtimeBroadcastTest" classname="Tests.Feature.RealtimeBroadcastTest" assertions="0" time="0.000000">
          <error type="Illuminate\Database\QueryException">Tests\Feature\RealtimeBroadcastTest::test_trip_started_triggers_passenger_update
Illuminate\Database\QueryException: could not find driver (Connection: sqlite, Database: :memory:, SQL: select exists (select 1 from "main".sqlite_master where name = 'migrations' and type = 'table') as "exists")

/home/joseph/projects/RideConnect/vendor/laravel/framework/src/Illuminate/Database/Connection.php:838
/home/joseph/projects/RideConnect/vendor/laravel/framework/src/Illuminate/Database/Connection.php:794
/home/joseph/projects/RideConnect/vendor/laravel/framework/src/Illuminate/Database/Connection.php:411
/home/joseph/projects/RideConnect/vendor/laravel/framework/src/Illuminate/Database/Connection.php:357
/home/joseph/projects/RideConnect/vendor/laravel/framework/src/Illuminate/Database/Connection.php:374
/home/joseph/projects/RideConnect/vendor/laravel/framework/src/Illuminate/Database/Schema/Builder.php:176
/home/joseph/projects/RideConnect/vendor/laravel/framework/src/Illuminate/Database/Migrations/DatabaseMigrationRepository.php:185
/home/joseph/projects/RideConnect/vendor/laravel/framework/src/Illuminate/Database/Migrations/Migrator.php:758
/home/joseph/projects/RideConnect/vendor/laravel/framework/src/Illuminate/Database/Console/Migrations/MigrateCommand.php:164
/home/joseph/projects/RideConnect/vendor/laravel/framework/src/Illuminate/Support/helpers.php:328
/home/joseph/projects/RideConnect/vendor/laravel/framework/src/Illuminate/Database/Console/Migrations/MigrateCommand.php:164
/home/joseph/projects/RideConnect/vendor/laravel/framework/src/Illuminate/Database/Console/Migrations/MigrateCommand.php:140
/home/joseph/projects/RideConnect/vendor/laravel/framework/src/Illuminate/Database/Console/Migrations/MigrateCommand.php:110
/home/joseph/projects/RideConnect/vendor/laravel/framework/src/Illuminate/Database/Migrations/Migrator.php:671
/home/joseph/projects/RideConnect/vendor/laravel/framework/src/Illuminate/Database/Console/Migrations/MigrateCommand.php:109
/home/joseph/projects/RideConnect/vendor/laravel/framework/src/Illuminate/Database/Console/Migrations/MigrateCommand.php:88
/home/joseph/projects/RideConnect/vendor/laravel/framework/src/Illuminate/Container/BoundMethod.php:36
/home/joseph/projects/RideConnect/vendor/laravel/framework/src/Illuminate/Container/Util.php:43
/home/joseph/projects/RideConnect/vendor/laravel/framework/src/Illuminate/Container/BoundMethod.php:96
/home/joseph/projects/RideConnect/vendor/laravel/framework/src/Illuminate/Container/BoundMethod.php:35
/home/joseph/projects/RideConnect/vendor/laravel/framework/src/Illuminate/Container/Container.php:799
/home/joseph/projects/RideConnect/vendor/laravel/framework/src/Illuminate/Console/Command.php:211
/home/joseph/projects/RideConnect/vendor/symfony/console/Command/Command.php:341
/home/joseph/projects/RideConnect/vendor/laravel/framework/src/Illuminate/Console/Command.php:180
/home/joseph/projects/RideConnect/vendor/laravel/framework/src/Illuminate/Console/Concerns/CallsCommands.php:68
/home/joseph/projects/RideConnect/vendor/laravel/framework/src/Illuminate/Console/Concerns/CallsCommands.php:29
/home/joseph/projects/RideConnect/vendor/laravel/framework/src/Illuminate/Database/Console/Migrations/FreshCommand.php:88
/home/joseph/projects/RideConnect/vendor/laravel/framework/src/Illuminate/Container/BoundMethod.php:36
/home/joseph/projects/RideConnect/vendor/laravel/framework/src/Illuminate/Container/Util.php:43
/home/joseph/projects/RideConnect/vendor/laravel/framework/src/Illuminate/Container/BoundMethod.php:96
/home/joseph/projects/RideConnect/vendor/laravel/framework/src/Illuminate/Container/BoundMethod.php:35
/home/joseph/projects/RideConnect/vendor/laravel/framework/src/Illuminate/Container/Container.php:799
/home/joseph/projects/RideConnect/vendor/laravel/framework/src/Illuminate/Console/Command.php:211
/home/joseph/projects/RideConnect/vendor/symfony/console/Command/Command.php:341
/home/joseph/projects/RideConnect/vendor/laravel/framework/src/Illuminate/Console/Command.php:180
/home/joseph/projects/RideConnect/vendor/symfony/console/Application.php:1094
/home/joseph/projects/RideConnect/vendor/symfony/console/Application.php:356
/home/joseph/projects/RideConnect/vendor/symfony/console/Application.php:195
/home/joseph/projects/RideConnect/vendor/laravel/framework/src/Illuminate/Console/Application.php:165
/home/joseph/projects/RideConnect/vendor/laravel/framework/src/Illuminate/Foundation/Console/Kernel.php:447
/home/joseph/projects/RideConnect/vendor/laravel/framework/src/Illuminate/Testing/PendingCommand.php:451
/home/joseph/projects/RideConnect/vendor/laravel/framework/src/Illuminate/Testing/PendingCommand.php:675
/home/joseph/projects/RideConnect/vendor/laravel/framework/src/Illuminate/Foundation/Testing/Concerns/InteractsWithConsole.php:87
/home/joseph/projects/RideConnect/vendor/laravel/framework/src/Illuminate/Foundation/Testing/RefreshDatabase.php:119
/home/joseph/projects/RideConnect/vendor/laravel/framework/src/Illuminate/Foundation/Testing/RefreshDatabase.php:84
/home/joseph/projects/RideConnect/vendor/laravel/framework/src/Illuminate/Foundation/Testing/RefreshDatabase.php:25
/home/joseph/projects/RideConnect/vendor/laravel/framework/src/Illuminate/Foundation/Testing/Concerns/InteractsWithTestCaseLifecycle.php:217
/home/joseph/projects/RideConnect/vendor/laravel/framework/src/Illuminate/Foundation/Testing/Concerns/InteractsWithTestCaseLifecycle.php:101
/home/joseph/projects/RideConnect/vendor/laravel/framework/src/Illuminate/Foundation/Testing/TestCase.php:63
/home/joseph/projects/RideConnect/tests/Feature/RealtimeBroadcastTest.php:24</error>
        </testcase>
        <testcase name="test_trip_completed_triggers_both_trip_and_passenger_updates" file="/home/joseph/projects/RideConnect/tests/Feature/RealtimeBroadcastTest.php" line="83" class="Tests\Feature\RealtimeBroadcastTest" classname="Tests.Feature.RealtimeBroadcastTest" assertions="0" time="0.000000">
          <error type="Illuminate\Database\QueryException">Tests\Feature\RealtimeBroadcastTest::test_trip_completed_triggers_both_trip_and_passenger_updates
Illuminate\Database\QueryException: could not find driver (Connection: sqlite, Database: :memory:, SQL: select exists (select 1 from "main".sqlite_master where name = 'migrations' and type = 'table') as "exists")

/home/joseph/projects/RideConnect/vendor/laravel/framework/src/Illuminate/Database/Connection.php:838
/home/joseph/projects/RideConnect/vendor/laravel/framework/src/Illuminate/Database/Connection.php:794
/home/joseph/projects/RideConnect/vendor/laravel/framework/src/Illuminate/Database/Connection.php:411
/home/joseph/projects/RideConnect/vendor/laravel/framework/src/Illuminate/Database/Connection.php:357
/home/joseph/projects/RideConnect/vendor/laravel/framework/src/Illuminate/Database/Connection.php:374
/home/joseph/projects/RideConnect/vendor/laravel/framework/src/Illuminate/Database/Schema/Builder.php:176
/home/joseph/projects/RideConnect/vendor/laravel/framework/src/Illuminate/Database/Migrations/DatabaseMigrationRepository.php:185
/home/joseph/projects/RideConnect/vendor/laravel/framework/src/Illuminate/Database/Migrations/Migrator.php:758
/home/joseph/projects/RideConnect/vendor/laravel/framework/src/Illuminate/Database/Console/Migrations/MigrateCommand.php:164
/home/joseph/projects/RideConnect/vendor/laravel/framework/src/Illuminate/Support/helpers.php:328
/home/joseph/projects/RideConnect/vendor/laravel/framework/src/Illuminate/Database/Console/Migrations/MigrateCommand.php:164
/home/joseph/projects/RideConnect/vendor/laravel/framework/src/Illuminate/Database/Console/Migrations/MigrateCommand.php:140
/home/joseph/projects/RideConnect/vendor/laravel/framework/src/Illuminate/Database/Console/Migrations/MigrateCommand.php:110
/home/joseph/projects/RideConnect/vendor/laravel/framework/src/Illuminate/Database/Migrations/Migrator.php:671
/home/joseph/projects/RideConnect/vendor/laravel/framework/src/Illuminate/Database/Console/Migrations/MigrateCommand.php:109
/home/joseph/projects/RideConnect/vendor/laravel/framework/src/Illuminate/Database/Console/Migrations/MigrateCommand.php:88
/home/joseph/projects/RideConnect/vendor/laravel/framework/src/Illuminate/Container/BoundMethod.php:36
/home/joseph/projects/RideConnect/vendor/laravel/framework/src/Illuminate/Container/Util.php:43
/home/joseph/projects/RideConnect/vendor/laravel/framework/src/Illuminate/Container/BoundMethod.php:96
/home/joseph/projects/RideConnect/vendor/laravel/framework/src/Illuminate/Container/BoundMethod.php:35
/home/joseph/projects/RideConnect/vendor/laravel/framework/src/Illuminate/Container/Container.php:799
/home/joseph/projects/RideConnect/vendor/laravel/framework/src/Illuminate/Console/Command.php:211
/home/joseph/projects/RideConnect/vendor/symfony/console/Command/Command.php:341
/home/joseph/projects/RideConnect/vendor/laravel/framework/src/Illuminate/Console/Command.php:180
/home/joseph/projects/RideConnect/vendor/laravel/framework/src/Illuminate/Console/Concerns/CallsCommands.php:68
/home/joseph/projects/RideConnect/vendor/laravel/framework/src/Illuminate/Console/Concerns/CallsCommands.php:29
/home/joseph/projects/RideConnect/vendor/laravel/framework/src/Illuminate/Database/Console/Migrations/FreshCommand.php:88
/home/joseph/projects/RideConnect/vendor/laravel/framework/src/Illuminate/Container/BoundMethod.php:36
/home/joseph/projects/RideConnect/vendor/laravel/framework/src/Illuminate/Container/Util.php:43
/home/joseph/projects/RideConnect/vendor/laravel/framework/src/Illuminate/Container/BoundMethod.php:96
/home/joseph/projects/RideConnect/vendor/laravel/framework/src/Illuminate/Container/BoundMethod.php:35
/home/joseph/projects/RideConnect/vendor/laravel/framework/src/Illuminate/Container/Container.php:799
/home/joseph/projects/RideConnect/vendor/laravel/framework/src/Illuminate/Console/Command.php:211
/home/joseph/projects/RideConnect/vendor/symfony/console/Command/Command.php:341
/home/joseph/projects/RideConnect/vendor/laravel/framework/src/Illuminate/Console/Command.php:180
/home/joseph/projects/RideConnect/vendor/symfony/console/Application.php:1094
/home/joseph/projects/RideConnect/vendor/symfony/console/Application.php:356
/home/joseph/projects/RideConnect/vendor/symfony/console/Application.php:195
/home/joseph/projects/RideConnect/vendor/laravel/framework/src/Illuminate/Console/Application.php:165
/home/joseph/projects/RideConnect/vendor/laravel/framework/src/Illuminate/Foundation/Console/Kernel.php:447
/home/joseph/projects/RideConnect/vendor/laravel/framework/src/Illuminate/Testing/PendingCommand.php:451
/home/joseph/projects/RideConnect/vendor/laravel/framework/src/Illuminate/Testing/PendingCommand.php:675
/home/joseph/projects/RideConnect/vendor/laravel/framework/src/Illuminate/Foundation/Testing/Concerns/InteractsWithConsole.php:87
/home/joseph/projects/RideConnect/vendor/laravel/framework/src/Illuminate/Foundation/Testing/RefreshDatabase.php:119
/home/joseph/projects/RideConnect/vendor/laravel/framework/src/Illuminate/Foundation/Testing/RefreshDatabase.php:84
/home/joseph/projects/RideConnect/vendor/laravel/framework/src/Illuminate/Foundation/Testing/RefreshDatabase.php:25
/home/joseph/projects/RideConnect/vendor/laravel/framework/src/Illuminate/Foundation/Testing/Concerns/InteractsWithTestCaseLifecycle.php:217
/home/joseph/projects/RideConnect/vendor/laravel/framework/src/Illuminate/Foundation/Testing/Concerns/InteractsWithTestCaseLifecycle.php:101
/home/joseph/projects/RideConnect/vendor/laravel/framework/src/Illuminate/Foundation/Testing/TestCase.php:63
/home/joseph/projects/RideConnect/tests/Feature/RealtimeBroadcastTest.php:24</error>
        </testcase>
      </testsuite>
      <testsuite name="Tests\Feature\RideApiContractTest" file="/home/joseph/projects/RideConnect/tests/Feature/RideApiContractTest.php" tests="1" assertions="0" errors="1" failures="0" skipped="0" time="0.000000">
        <testcase name="ride_api_always_exposes_ride_rules" file="/home/joseph/projects/RideConnect/tests/Feature/RideApiContractTest.php" line="17" class="Tests\Feature\RideApiContractTest" classname="Tests.Feature.RideApiContractTest" assertions="0" time="0.000000">
          <error type="Illuminate\Database\QueryException">Tests\Feature\RideApiContractTest::ride_api_always_exposes_ride_rules
Illuminate\Database\QueryException: could not find driver (Connection: sqlite, Database: :memory:, SQL: select exists (select 1 from "main".sqlite_master where name = 'migrations' and type = 'table') as "exists")

/home/joseph/projects/RideConnect/vendor/laravel/framework/src/Illuminate/Database/Connection.php:838
/home/joseph/projects/RideConnect/vendor/laravel/framework/src/Illuminate/Database/Connection.php:794
/home/joseph/projects/RideConnect/vendor/laravel/framework/src/Illuminate/Database/Connection.php:411
/home/joseph/projects/RideConnect/vendor/laravel/framework/src/Illuminate/Database/Connection.php:357
/home/joseph/projects/RideConnect/vendor/laravel/framework/src/Illuminate/Database/Connection.php:374
/home/joseph/projects/RideConnect/vendor/laravel/framework/src/Illuminate/Database/Schema/Builder.php:176
/home/joseph/projects/RideConnect/vendor/laravel/framework/src/Illuminate/Database/Migrations/DatabaseMigrationRepository.php:185
/home/joseph/projects/RideConnect/vendor/laravel/framework/src/Illuminate/Database/Migrations/Migrator.php:758
/home/joseph/projects/RideConnect/vendor/laravel/framework/src/Illuminate/Database/Console/Migrations/MigrateCommand.php:164
/home/joseph/projects/RideConnect/vendor/laravel/framework/src/Illuminate/Support/helpers.php:328
/home/joseph/projects/RideConnect/vendor/laravel/framework/src/Illuminate/Database/Console/Migrations/MigrateCommand.php:164
/home/joseph/projects/RideConnect/vendor/laravel/framework/src/Illuminate/Database/Console/Migrations/MigrateCommand.php:140
/home/joseph/projects/RideConnect/vendor/laravel/framework/src/Illuminate/Database/Console/Migrations/MigrateCommand.php:110
/home/joseph/projects/RideConnect/vendor/laravel/framework/src/Illuminate/Database/Migrations/Migrator.php:671
/home/joseph/projects/RideConnect/vendor/laravel/framework/src/Illuminate/Database/Console/Migrations/MigrateCommand.php:109
/home/joseph/projects/RideConnect/vendor/laravel/framework/src/Illuminate/Database/Console/Migrations/MigrateCommand.php:88
/home/joseph/projects/RideConnect/vendor/laravel/framework/src/Illuminate/Container/BoundMethod.php:36
/home/joseph/projects/RideConnect/vendor/laravel/framework/src/Illuminate/Container/Util.php:43
/home/joseph/projects/RideConnect/vendor/laravel/framework/src/Illuminate/Container/BoundMethod.php:96
/home/joseph/projects/RideConnect/vendor/laravel/framework/src/Illuminate/Container/BoundMethod.php:35
/home/joseph/projects/RideConnect/vendor/laravel/framework/src/Illuminate/Container/Container.php:799
/home/joseph/projects/RideConnect/vendor/laravel/framework/src/Illuminate/Console/Command.php:211
/home/joseph/projects/RideConnect/vendor/symfony/console/Command/Command.php:341
/home/joseph/projects/RideConnect/vendor/laravel/framework/src/Illuminate/Console/Command.php:180
/home/joseph/projects/RideConnect/vendor/laravel/framework/src/Illuminate/Console/Concerns/CallsCommands.php:68
/home/joseph/projects/RideConnect/vendor/laravel/framework/src/Illuminate/Console/Concerns/CallsCommands.php:29
/home/joseph/projects/RideConnect/vendor/laravel/framework/src/Illuminate/Database/Console/Migrations/FreshCommand.php:88
/home/joseph/projects/RideConnect/vendor/laravel/framework/src/Illuminate/Container/BoundMethod.php:36
/home/joseph/projects/RideConnect/vendor/laravel/framework/src/Illuminate/Container/Util.php:43
/home/joseph/projects/RideConnect/vendor/laravel/framework/src/Illuminate/Container/BoundMethod.php:96
/home/joseph/projects/RideConnect/vendor/laravel/framework/src/Illuminate/Container/BoundMethod.php:35
/home/joseph/projects/RideConnect/vendor/laravel/framework/src/Illuminate/Container/Container.php:799
/home/joseph/projects/RideConnect/vendor/laravel/framework/src/Illuminate/Console/Command.php:211
/home/joseph/projects/RideConnect/vendor/symfony/console/Command/Command.php:341
/home/joseph/projects/RideConnect/vendor/laravel/framework/src/Illuminate/Console/Command.php:180
/home/joseph/projects/RideConnect/vendor/symfony/console/Application.php:1094
/home/joseph/projects/RideConnect/vendor/symfony/console/Application.php:356
/home/joseph/projects/RideConnect/vendor/symfony/console/Application.php:195
/home/joseph/projects/RideConnect/vendor/laravel/framework/src/Illuminate/Console/Application.php:165
/home/joseph/projects/RideConnect/vendor/laravel/framework/src/Illuminate/Foundation/Console/Kernel.php:447
/home/joseph/projects/RideConnect/vendor/laravel/framework/src/Illuminate/Testing/PendingCommand.php:451
/home/joseph/projects/RideConnect/vendor/laravel/framework/src/Illuminate/Testing/PendingCommand.php:675
/home/joseph/projects/RideConnect/vendor/laravel/framework/src/Illuminate/Foundation/Testing/Concerns/InteractsWithConsole.php:87
/home/joseph/projects/RideConnect/vendor/laravel/framework/src/Illuminate/Foundation/Testing/RefreshDatabase.php:119
/home/joseph/projects/RideConnect/vendor/laravel/framework/src/Illuminate/Foundation/Testing/RefreshDatabase.php:84
/home/joseph/projects/RideConnect/vendor/laravel/framework/src/Illuminate/Foundation/Testing/RefreshDatabase.php:25
/home/joseph/projects/RideConnect/vendor/laravel/framework/src/Illuminate/Foundation/Testing/Concerns/InteractsWithTestCaseLifecycle.php:217
/home/joseph/projects/RideConnect/vendor/laravel/framework/src/Illuminate/Foundation/Testing/Concerns/InteractsWithTestCaseLifecycle.php:101
/home/joseph/projects/RideConnect/vendor/laravel/framework/src/Illuminate/Foundation/Testing/TestCase.php:63</error>
        </testcase>
      </testsuite>
      <testsuite name="Tests\Feature\RideFlowTest" file="/home/joseph/projects/RideConnect/tests/Feature/RideFlowTest.php" tests="6" assertions="0" errors="6" failures="0" skipped="0" time="0.000000">
        <testcase name="cannot_overbook_seats" file="/home/joseph/projects/RideConnect/tests/Feature/RideFlowTest.php" line="17" class="Tests\Feature\RideFlowTest" classname="Tests.Feature.RideFlowTest" assertions="0" time="0.000000">
          <error type="Illuminate\Database\QueryException">Tests\Feature\RideFlowTest::cannot_overbook_seats
Illuminate\Database\QueryException: could not find driver (Connection: sqlite, Database: :memory:, SQL: select exists (select 1 from "main".sqlite_master where name = 'migrations' and type = 'table') as "exists")

/home/joseph/projects/RideConnect/vendor/laravel/framework/src/Illuminate/Database/Connection.php:838
/home/joseph/projects/RideConnect/vendor/laravel/framework/src/Illuminate/Database/Connection.php:794
/home/joseph/projects/RideConnect/vendor/laravel/framework/src/Illuminate/Database/Connection.php:411
/home/joseph/projects/RideConnect/vendor/laravel/framework/src/Illuminate/Database/Connection.php:357
/home/joseph/projects/RideConnect/vendor/laravel/framework/src/Illuminate/Database/Connection.php:374
/home/joseph/projects/RideConnect/vendor/laravel/framework/src/Illuminate/Database/Schema/Builder.php:176
/home/joseph/projects/RideConnect/vendor/laravel/framework/src/Illuminate/Database/Migrations/DatabaseMigrationRepository.php:185
/home/joseph/projects/RideConnect/vendor/laravel/framework/src/Illuminate/Database/Migrations/Migrator.php:758
/home/joseph/projects/RideConnect/vendor/laravel/framework/src/Illuminate/Database/Console/Migrations/MigrateCommand.php:164
/home/joseph/projects/RideConnect/vendor/laravel/framework/src/Illuminate/Support/helpers.php:328
/home/joseph/projects/RideConnect/vendor/laravel/framework/src/Illuminate/Database/Console/Migrations/MigrateCommand.php:164
/home/joseph/projects/RideConnect/vendor/laravel/framework/src/Illuminate/Database/Console/Migrations/MigrateCommand.php:140
/home/joseph/projects/RideConnect/vendor/laravel/framework/src/Illuminate/Database/Console/Migrations/MigrateCommand.php:110
/home/joseph/projects/RideConnect/vendor/laravel/framework/src/Illuminate/Database/Migrations/Migrator.php:671
/home/joseph/projects/RideConnect/vendor/laravel/framework/src/Illuminate/Database/Console/Migrations/MigrateCommand.php:109
/home/joseph/projects/RideConnect/vendor/laravel/framework/src/Illuminate/Database/Console/Migrations/MigrateCommand.php:88
/home/joseph/projects/RideConnect/vendor/laravel/framework/src/Illuminate/Container/BoundMethod.php:36
/home/joseph/projects/RideConnect/vendor/laravel/framework/src/Illuminate/Container/Util.php:43
/home/joseph/projects/RideConnect/vendor/laravel/framework/src/Illuminate/Container/BoundMethod.php:96
/home/joseph/projects/RideConnect/vendor/laravel/framework/src/Illuminate/Container/BoundMethod.php:35
/home/joseph/projects/RideConnect/vendor/laravel/framework/src/Illuminate/Container/Container.php:799
/home/joseph/projects/RideConnect/vendor/laravel/framework/src/Illuminate/Console/Command.php:211
/home/joseph/projects/RideConnect/vendor/symfony/console/Command/Command.php:341
/home/joseph/projects/RideConnect/vendor/laravel/framework/src/Illuminate/Console/Command.php:180
/home/joseph/projects/RideConnect/vendor/laravel/framework/src/Illuminate/Console/Concerns/CallsCommands.php:68
/home/joseph/projects/RideConnect/vendor/laravel/framework/src/Illuminate/Console/Concerns/CallsCommands.php:29
/home/joseph/projects/RideConnect/vendor/laravel/framework/src/Illuminate/Database/Console/Migrations/FreshCommand.php:88
/home/joseph/projects/RideConnect/vendor/laravel/framework/src/Illuminate/Container/BoundMethod.php:36
/home/joseph/projects/RideConnect/vendor/laravel/framework/src/Illuminate/Container/Util.php:43
/home/joseph/projects/RideConnect/vendor/laravel/framework/src/Illuminate/Container/BoundMethod.php:96
/home/joseph/projects/RideConnect/vendor/laravel/framework/src/Illuminate/Container/BoundMethod.php:35
/home/joseph/projects/RideConnect/vendor/laravel/framework/src/Illuminate/Container/Container.php:799
/home/joseph/projects/RideConnect/vendor/laravel/framework/src/Illuminate/Console/Command.php:211
/home/joseph/projects/RideConnect/vendor/symfony/console/Command/Command.php:341
/home/joseph/projects/RideConnect/vendor/laravel/framework/src/Illuminate/Console/Command.php:180
/home/joseph/projects/RideConnect/vendor/symfony/console/Application.php:1094
/home/joseph/projects/RideConnect/vendor/symfony/console/Application.php:356
/home/joseph/projects/RideConnect/vendor/symfony/console/Application.php:195
/home/joseph/projects/RideConnect/vendor/laravel/framework/src/Illuminate/Console/Application.php:165
/home/joseph/projects/RideConnect/vendor/laravel/framework/src/Illuminate/Foundation/Console/Kernel.php:447
/home/joseph/projects/RideConnect/vendor/laravel/framework/src/Illuminate/Testing/PendingCommand.php:451
/home/joseph/projects/RideConnect/vendor/laravel/framework/src/Illuminate/Testing/PendingCommand.php:675
/home/joseph/projects/RideConnect/vendor/laravel/framework/src/Illuminate/Foundation/Testing/Concerns/InteractsWithConsole.php:87
/home/joseph/projects/RideConnect/vendor/laravel/framework/src/Illuminate/Foundation/Testing/RefreshDatabase.php:119
/home/joseph/projects/RideConnect/vendor/laravel/framework/src/Illuminate/Foundation/Testing/RefreshDatabase.php:84
/home/joseph/projects/RideConnect/vendor/laravel/framework/src/Illuminate/Foundation/Testing/RefreshDatabase.php:25
/home/joseph/projects/RideConnect/vendor/laravel/framework/src/Illuminate/Foundation/Testing/Concerns/InteractsWithTestCaseLifecycle.php:217
/home/joseph/projects/RideConnect/vendor/laravel/framework/src/Illuminate/Foundation/Testing/Concerns/InteractsWithTestCaseLifecycle.php:101
/home/joseph/projects/RideConnect/vendor/laravel/framework/src/Illuminate/Foundation/Testing/TestCase.php:63</error>
        </testcase>
        <testcase name="driver_cannot_accept_wrong_vehicle_type" file="/home/joseph/projects/RideConnect/tests/Feature/RideFlowTest.php" line="46" class="Tests\Feature\RideFlowTest" classname="Tests.Feature.RideFlowTest" assertions="0" time="0.000000">
          <error type="Illuminate\Database\QueryException">Tests\Feature\RideFlowTest::driver_cannot_accept_wrong_vehicle_type
Illuminate\Database\QueryException: could not find driver (Connection: sqlite, Database: :memory:, SQL: select exists (select 1 from "main".sqlite_master where name = 'migrations' and type = 'table') as "exists")

/home/joseph/projects/RideConnect/vendor/laravel/framework/src/Illuminate/Database/Connection.php:838
/home/joseph/projects/RideConnect/vendor/laravel/framework/src/Illuminate/Database/Connection.php:794
/home/joseph/projects/RideConnect/vendor/laravel/framework/src/Illuminate/Database/Connection.php:411
/home/joseph/projects/RideConnect/vendor/laravel/framework/src/Illuminate/Database/Connection.php:357
/home/joseph/projects/RideConnect/vendor/laravel/framework/src/Illuminate/Database/Connection.php:374
/home/joseph/projects/RideConnect/vendor/laravel/framework/src/Illuminate/Database/Schema/Builder.php:176
/home/joseph/projects/RideConnect/vendor/laravel/framework/src/Illuminate/Database/Migrations/DatabaseMigrationRepository.php:185
/home/joseph/projects/RideConnect/vendor/laravel/framework/src/Illuminate/Database/Migrations/Migrator.php:758
/home/joseph/projects/RideConnect/vendor/laravel/framework/src/Illuminate/Database/Console/Migrations/MigrateCommand.php:164
/home/joseph/projects/RideConnect/vendor/laravel/framework/src/Illuminate/Support/helpers.php:328
/home/joseph/projects/RideConnect/vendor/laravel/framework/src/Illuminate/Database/Console/Migrations/MigrateCommand.php:164
/home/joseph/projects/RideConnect/vendor/laravel/framework/src/Illuminate/Database/Console/Migrations/MigrateCommand.php:140
/home/joseph/projects/RideConnect/vendor/laravel/framework/src/Illuminate/Database/Console/Migrations/MigrateCommand.php:110
/home/joseph/projects/RideConnect/vendor/laravel/framework/src/Illuminate/Database/Migrations/Migrator.php:671
/home/joseph/projects/RideConnect/vendor/laravel/framework/src/Illuminate/Database/Console/Migrations/MigrateCommand.php:109
/home/joseph/projects/RideConnect/vendor/laravel/framework/src/Illuminate/Database/Console/Migrations/MigrateCommand.php:88
/home/joseph/projects/RideConnect/vendor/laravel/framework/src/Illuminate/Container/BoundMethod.php:36
/home/joseph/projects/RideConnect/vendor/laravel/framework/src/Illuminate/Container/Util.php:43
/home/joseph/projects/RideConnect/vendor/laravel/framework/src/Illuminate/Container/BoundMethod.php:96
/home/joseph/projects/RideConnect/vendor/laravel/framework/src/Illuminate/Container/BoundMethod.php:35
/home/joseph/projects/RideConnect/vendor/laravel/framework/src/Illuminate/Container/Container.php:799
/home/joseph/projects/RideConnect/vendor/laravel/framework/src/Illuminate/Console/Command.php:211
/home/joseph/projects/RideConnect/vendor/symfony/console/Command/Command.php:341
/home/joseph/projects/RideConnect/vendor/laravel/framework/src/Illuminate/Console/Command.php:180
/home/joseph/projects/RideConnect/vendor/laravel/framework/src/Illuminate/Console/Concerns/CallsCommands.php:68
/home/joseph/projects/RideConnect/vendor/laravel/framework/src/Illuminate/Console/Concerns/CallsCommands.php:29
/home/joseph/projects/RideConnect/vendor/laravel/framework/src/Illuminate/Database/Console/Migrations/FreshCommand.php:88
/home/joseph/projects/RideConnect/vendor/laravel/framework/src/Illuminate/Container/BoundMethod.php:36
/home/joseph/projects/RideConnect/vendor/laravel/framework/src/Illuminate/Container/Util.php:43
/home/joseph/projects/RideConnect/vendor/laravel/framework/src/Illuminate/Container/BoundMethod.php:96
/home/joseph/projects/RideConnect/vendor/laravel/framework/src/Illuminate/Container/BoundMethod.php:35
/home/joseph/projects/RideConnect/vendor/laravel/framework/src/Illuminate/Container/Container.php:799
/home/joseph/projects/RideConnect/vendor/laravel/framework/src/Illuminate/Console/Command.php:211
/home/joseph/projects/RideConnect/vendor/symfony/console/Command/Command.php:341
/home/joseph/projects/RideConnect/vendor/laravel/framework/src/Illuminate/Console/Command.php:180
/home/joseph/projects/RideConnect/vendor/symfony/console/Application.php:1094
/home/joseph/projects/RideConnect/vendor/symfony/console/Application.php:356
/home/joseph/projects/RideConnect/vendor/symfony/console/Application.php:195
/home/joseph/projects/RideConnect/vendor/laravel/framework/src/Illuminate/Console/Application.php:165
/home/joseph/projects/RideConnect/vendor/laravel/framework/src/Illuminate/Foundation/Console/Kernel.php:447
/home/joseph/projects/RideConnect/vendor/laravel/framework/src/Illuminate/Testing/PendingCommand.php:451
/home/joseph/projects/RideConnect/vendor/laravel/framework/src/Illuminate/Testing/PendingCommand.php:675
/home/joseph/projects/RideConnect/vendor/laravel/framework/src/Illuminate/Foundation/Testing/Concerns/InteractsWithConsole.php:87
/home/joseph/projects/RideConnect/vendor/laravel/framework/src/Illuminate/Foundation/Testing/RefreshDatabase.php:119
/home/joseph/projects/RideConnect/vendor/laravel/framework/src/Illuminate/Foundation/Testing/RefreshDatabase.php:84
/home/joseph/projects/RideConnect/vendor/laravel/framework/src/Illuminate/Foundation/Testing/RefreshDatabase.php:25
/home/joseph/projects/RideConnect/vendor/laravel/framework/src/Illuminate/Foundation/Testing/Concerns/InteractsWithTestCaseLifecycle.php:217
/home/joseph/projects/RideConnect/vendor/laravel/framework/src/Illuminate/Foundation/Testing/Concerns/InteractsWithTestCaseLifecycle.php:101
/home/joseph/projects/RideConnect/vendor/laravel/framework/src/Illuminate/Foundation/Testing/TestCase.php:63</error>
        </testcase>
        <testcase name="api_returns_correct_flags" file="/home/joseph/projects/RideConnect/tests/Feature/RideFlowTest.php" line="82" class="Tests\Feature\RideFlowTest" classname="Tests.Feature.RideFlowTest" assertions="0" time="0.000000">
          <error type="Illuminate\Database\QueryException">Tests\Feature\RideFlowTest::api_returns_correct_flags
Illuminate\Database\QueryException: could not find driver (Connection: sqlite, Database: :memory:, SQL: select exists (select 1 from "main".sqlite_master where name = 'migrations' and type = 'table') as "exists")

/home/joseph/projects/RideConnect/vendor/laravel/framework/src/Illuminate/Database/Connection.php:838
/home/joseph/projects/RideConnect/vendor/laravel/framework/src/Illuminate/Database/Connection.php:794
/home/joseph/projects/RideConnect/vendor/laravel/framework/src/Illuminate/Database/Connection.php:411
/home/joseph/projects/RideConnect/vendor/laravel/framework/src/Illuminate/Database/Connection.php:357
/home/joseph/projects/RideConnect/vendor/laravel/framework/src/Illuminate/Database/Connection.php:374
/home/joseph/projects/RideConnect/vendor/laravel/framework/src/Illuminate/Database/Schema/Builder.php:176
/home/joseph/projects/RideConnect/vendor/laravel/framework/src/Illuminate/Database/Migrations/DatabaseMigrationRepository.php:185
/home/joseph/projects/RideConnect/vendor/laravel/framework/src/Illuminate/Database/Migrations/Migrator.php:758
/home/joseph/projects/RideConnect/vendor/laravel/framework/src/Illuminate/Database/Console/Migrations/MigrateCommand.php:164
/home/joseph/projects/RideConnect/vendor/laravel/framework/src/Illuminate/Support/helpers.php:328
/home/joseph/projects/RideConnect/vendor/laravel/framework/src/Illuminate/Database/Console/Migrations/MigrateCommand.php:164
/home/joseph/projects/RideConnect/vendor/laravel/framework/src/Illuminate/Database/Console/Migrations/MigrateCommand.php:140
/home/joseph/projects/RideConnect/vendor/laravel/framework/src/Illuminate/Database/Console/Migrations/MigrateCommand.php:110
/home/joseph/projects/RideConnect/vendor/laravel/framework/src/Illuminate/Database/Migrations/Migrator.php:671
/home/joseph/projects/RideConnect/vendor/laravel/framework/src/Illuminate/Database/Console/Migrations/MigrateCommand.php:109
/home/joseph/projects/RideConnect/vendor/laravel/framework/src/Illuminate/Database/Console/Migrations/MigrateCommand.php:88
/home/joseph/projects/RideConnect/vendor/laravel/framework/src/Illuminate/Container/BoundMethod.php:36
/home/joseph/projects/RideConnect/vendor/laravel/framework/src/Illuminate/Container/Util.php:43
/home/joseph/projects/RideConnect/vendor/laravel/framework/src/Illuminate/Container/BoundMethod.php:96
/home/joseph/projects/RideConnect/vendor/laravel/framework/src/Illuminate/Container/BoundMethod.php:35
/home/joseph/projects/RideConnect/vendor/laravel/framework/src/Illuminate/Container/Container.php:799
/home/joseph/projects/RideConnect/vendor/laravel/framework/src/Illuminate/Console/Command.php:211
/home/joseph/projects/RideConnect/vendor/symfony/console/Command/Command.php:341
/home/joseph/projects/RideConnect/vendor/laravel/framework/src/Illuminate/Console/Command.php:180
/home/joseph/projects/RideConnect/vendor/laravel/framework/src/Illuminate/Console/Concerns/CallsCommands.php:68
/home/joseph/projects/RideConnect/vendor/laravel/framework/src/Illuminate/Console/Concerns/CallsCommands.php:29
/home/joseph/projects/RideConnect/vendor/laravel/framework/src/Illuminate/Database/Console/Migrations/FreshCommand.php:88
/home/joseph/projects/RideConnect/vendor/laravel/framework/src/Illuminate/Container/BoundMethod.php:36
/home/joseph/projects/RideConnect/vendor/laravel/framework/src/Illuminate/Container/Util.php:43
/home/joseph/projects/RideConnect/vendor/laravel/framework/src/Illuminate/Container/BoundMethod.php:96
/home/joseph/projects/RideConnect/vendor/laravel/framework/src/Illuminate/Container/BoundMethod.php:35
/home/joseph/projects/RideConnect/vendor/laravel/framework/src/Illuminate/Container/Container.php:799
/home/joseph/projects/RideConnect/vendor/laravel/framework/src/Illuminate/Console/Command.php:211
/home/joseph/projects/RideConnect/vendor/symfony/console/Command/Command.php:341
/home/joseph/projects/RideConnect/vendor/laravel/framework/src/Illuminate/Console/Command.php:180
/home/joseph/projects/RideConnect/vendor/symfony/console/Application.php:1094
/home/joseph/projects/RideConnect/vendor/symfony/console/Application.php:356
/home/joseph/projects/RideConnect/vendor/symfony/console/Application.php:195
/home/joseph/projects/RideConnect/vendor/laravel/framework/src/Illuminate/Console/Application.php:165
/home/joseph/projects/RideConnect/vendor/laravel/framework/src/Illuminate/Foundation/Console/Kernel.php:447
/home/joseph/projects/RideConnect/vendor/laravel/framework/src/Illuminate/Testing/PendingCommand.php:451
/home/joseph/projects/RideConnect/vendor/laravel/framework/src/Illuminate/Testing/PendingCommand.php:675
/home/joseph/projects/RideConnect/vendor/laravel/framework/src/Illuminate/Foundation/Testing/Concerns/InteractsWithConsole.php:87
/home/joseph/projects/RideConnect/vendor/laravel/framework/src/Illuminate/Foundation/Testing/RefreshDatabase.php:119
/home/joseph/projects/RideConnect/vendor/laravel/framework/src/Illuminate/Foundation/Testing/RefreshDatabase.php:84
/home/joseph/projects/RideConnect/vendor/laravel/framework/src/Illuminate/Foundation/Testing/RefreshDatabase.php:25
/home/joseph/projects/RideConnect/vendor/laravel/framework/src/Illuminate/Foundation/Testing/Concerns/InteractsWithTestCaseLifecycle.php:217
/home/joseph/projects/RideConnect/vendor/laravel/framework/src/Illuminate/Foundation/Testing/Concerns/InteractsWithTestCaseLifecycle.php:101
/home/joseph/projects/RideConnect/vendor/laravel/framework/src/Illuminate/Foundation/Testing/TestCase.php:63</error>
        </testcase>
        <testcase name="driver_can_accept_with_compatible_vehicle_type" file="/home/joseph/projects/RideConnect/tests/Feature/RideFlowTest.php" line="102" class="Tests\Feature\RideFlowTest" classname="Tests.Feature.RideFlowTest" assertions="0" time="0.000000">
          <error type="Illuminate\Database\QueryException">Tests\Feature\RideFlowTest::driver_can_accept_with_compatible_vehicle_type
Illuminate\Database\QueryException: could not find driver (Connection: sqlite, Database: :memory:, SQL: select exists (select 1 from "main".sqlite_master where name = 'migrations' and type = 'table') as "exists")

/home/joseph/projects/RideConnect/vendor/laravel/framework/src/Illuminate/Database/Connection.php:838
/home/joseph/projects/RideConnect/vendor/laravel/framework/src/Illuminate/Database/Connection.php:794
/home/joseph/projects/RideConnect/vendor/laravel/framework/src/Illuminate/Database/Connection.php:411
/home/joseph/projects/RideConnect/vendor/laravel/framework/src/Illuminate/Database/Connection.php:357
/home/joseph/projects/RideConnect/vendor/laravel/framework/src/Illuminate/Database/Connection.php:374
/home/joseph/projects/RideConnect/vendor/laravel/framework/src/Illuminate/Database/Schema/Builder.php:176
/home/joseph/projects/RideConnect/vendor/laravel/framework/src/Illuminate/Database/Migrations/DatabaseMigrationRepository.php:185
/home/joseph/projects/RideConnect/vendor/laravel/framework/src/Illuminate/Database/Migrations/Migrator.php:758
/home/joseph/projects/RideConnect/vendor/laravel/framework/src/Illuminate/Database/Console/Migrations/MigrateCommand.php:164
/home/joseph/projects/RideConnect/vendor/laravel/framework/src/Illuminate/Support/helpers.php:328
/home/joseph/projects/RideConnect/vendor/laravel/framework/src/Illuminate/Database/Console/Migrations/MigrateCommand.php:164
/home/joseph/projects/RideConnect/vendor/laravel/framework/src/Illuminate/Database/Console/Migrations/MigrateCommand.php:140
/home/joseph/projects/RideConnect/vendor/laravel/framework/src/Illuminate/Database/Console/Migrations/MigrateCommand.php:110
/home/joseph/projects/RideConnect/vendor/laravel/framework/src/Illuminate/Database/Migrations/Migrator.php:671
/home/joseph/projects/RideConnect/vendor/laravel/framework/src/Illuminate/Database/Console/Migrations/MigrateCommand.php:109
/home/joseph/projects/RideConnect/vendor/laravel/framework/src/Illuminate/Database/Console/Migrations/MigrateCommand.php:88
/home/joseph/projects/RideConnect/vendor/laravel/framework/src/Illuminate/Container/BoundMethod.php:36
/home/joseph/projects/RideConnect/vendor/laravel/framework/src/Illuminate/Container/Util.php:43
/home/joseph/projects/RideConnect/vendor/laravel/framework/src/Illuminate/Container/BoundMethod.php:96
/home/joseph/projects/RideConnect/vendor/laravel/framework/src/Illuminate/Container/BoundMethod.php:35
/home/joseph/projects/RideConnect/vendor/laravel/framework/src/Illuminate/Container/Container.php:799
/home/joseph/projects/RideConnect/vendor/laravel/framework/src/Illuminate/Console/Command.php:211
/home/joseph/projects/RideConnect/vendor/symfony/console/Command/Command.php:341
/home/joseph/projects/RideConnect/vendor/laravel/framework/src/Illuminate/Console/Command.php:180
/home/joseph/projects/RideConnect/vendor/laravel/framework/src/Illuminate/Console/Concerns/CallsCommands.php:68
/home/joseph/projects/RideConnect/vendor/laravel/framework/src/Illuminate/Console/Concerns/CallsCommands.php:29
/home/joseph/projects/RideConnect/vendor/laravel/framework/src/Illuminate/Database/Console/Migrations/FreshCommand.php:88
/home/joseph/projects/RideConnect/vendor/laravel/framework/src/Illuminate/Container/BoundMethod.php:36
/home/joseph/projects/RideConnect/vendor/laravel/framework/src/Illuminate/Container/Util.php:43
/home/joseph/projects/RideConnect/vendor/laravel/framework/src/Illuminate/Container/BoundMethod.php:96
/home/joseph/projects/RideConnect/vendor/laravel/framework/src/Illuminate/Container/BoundMethod.php:35
/home/joseph/projects/RideConnect/vendor/laravel/framework/src/Illuminate/Container/Container.php:799
/home/joseph/projects/RideConnect/vendor/laravel/framework/src/Illuminate/Console/Command.php:211
/home/joseph/projects/RideConnect/vendor/symfony/console/Command/Command.php:341
/home/joseph/projects/RideConnect/vendor/laravel/framework/src/Illuminate/Console/Command.php:180
/home/joseph/projects/RideConnect/vendor/symfony/console/Application.php:1094
/home/joseph/projects/RideConnect/vendor/symfony/console/Application.php:356
/home/joseph/projects/RideConnect/vendor/symfony/console/Application.php:195
/home/joseph/projects/RideConnect/vendor/laravel/framework/src/Illuminate/Console/Application.php:165
/home/joseph/projects/RideConnect/vendor/laravel/framework/src/Illuminate/Foundation/Console/Kernel.php:447
/home/joseph/projects/RideConnect/vendor/laravel/framework/src/Illuminate/Testing/PendingCommand.php:451
/home/joseph/projects/RideConnect/vendor/laravel/framework/src/Illuminate/Testing/PendingCommand.php:675
/home/joseph/projects/RideConnect/vendor/laravel/framework/src/Illuminate/Foundation/Testing/Concerns/InteractsWithConsole.php:87
/home/joseph/projects/RideConnect/vendor/laravel/framework/src/Illuminate/Foundation/Testing/RefreshDatabase.php:119
/home/joseph/projects/RideConnect/vendor/laravel/framework/src/Illuminate/Foundation/Testing/RefreshDatabase.php:84
/home/joseph/projects/RideConnect/vendor/laravel/framework/src/Illuminate/Foundation/Testing/RefreshDatabase.php:25
/home/joseph/projects/RideConnect/vendor/laravel/framework/src/Illuminate/Foundation/Testing/Concerns/InteractsWithTestCaseLifecycle.php:217
/home/joseph/projects/RideConnect/vendor/laravel/framework/src/Illuminate/Foundation/Testing/Concerns/InteractsWithTestCaseLifecycle.php:101
/home/joseph/projects/RideConnect/vendor/laravel/framework/src/Illuminate/Foundation/Testing/TestCase.php:63</error>
        </testcase>
        <testcase name="driver_can_accept_car_ride_with_suv" file="/home/joseph/projects/RideConnect/tests/Feature/RideFlowTest.php" line="139" class="Tests\Feature\RideFlowTest" classname="Tests.Feature.RideFlowTest" assertions="0" time="0.000000">
          <error type="Illuminate\Database\QueryException">Tests\Feature\RideFlowTest::driver_can_accept_car_ride_with_suv
Illuminate\Database\QueryException: could not find driver (Connection: sqlite, Database: :memory:, SQL: select exists (select 1 from "main".sqlite_master where name = 'migrations' and type = 'table') as "exists")

/home/joseph/projects/RideConnect/vendor/laravel/framework/src/Illuminate/Database/Connection.php:838
/home/joseph/projects/RideConnect/vendor/laravel/framework/src/Illuminate/Database/Connection.php:794
/home/joseph/projects/RideConnect/vendor/laravel/framework/src/Illuminate/Database/Connection.php:411
/home/joseph/projects/RideConnect/vendor/laravel/framework/src/Illuminate/Database/Connection.php:357
/home/joseph/projects/RideConnect/vendor/laravel/framework/src/Illuminate/Database/Connection.php:374
/home/joseph/projects/RideConnect/vendor/laravel/framework/src/Illuminate/Database/Schema/Builder.php:176
/home/joseph/projects/RideConnect/vendor/laravel/framework/src/Illuminate/Database/Migrations/DatabaseMigrationRepository.php:185
/home/joseph/projects/RideConnect/vendor/laravel/framework/src/Illuminate/Database/Migrations/Migrator.php:758
/home/joseph/projects/RideConnect/vendor/laravel/framework/src/Illuminate/Database/Console/Migrations/MigrateCommand.php:164
/home/joseph/projects/RideConnect/vendor/laravel/framework/src/Illuminate/Support/helpers.php:328
/home/joseph/projects/RideConnect/vendor/laravel/framework/src/Illuminate/Database/Console/Migrations/MigrateCommand.php:164
/home/joseph/projects/RideConnect/vendor/laravel/framework/src/Illuminate/Database/Console/Migrations/MigrateCommand.php:140
/home/joseph/projects/RideConnect/vendor/laravel/framework/src/Illuminate/Database/Console/Migrations/MigrateCommand.php:110
/home/joseph/projects/RideConnect/vendor/laravel/framework/src/Illuminate/Database/Migrations/Migrator.php:671
/home/joseph/projects/RideConnect/vendor/laravel/framework/src/Illuminate/Database/Console/Migrations/MigrateCommand.php:109
/home/joseph/projects/RideConnect/vendor/laravel/framework/src/Illuminate/Database/Console/Migrations/MigrateCommand.php:88
/home/joseph/projects/RideConnect/vendor/laravel/framework/src/Illuminate/Container/BoundMethod.php:36
/home/joseph/projects/RideConnect/vendor/laravel/framework/src/Illuminate/Container/Util.php:43
/home/joseph/projects/RideConnect/vendor/laravel/framework/src/Illuminate/Container/BoundMethod.php:96
/home/joseph/projects/RideConnect/vendor/laravel/framework/src/Illuminate/Container/BoundMethod.php:35
/home/joseph/projects/RideConnect/vendor/laravel/framework/src/Illuminate/Container/Container.php:799
/home/joseph/projects/RideConnect/vendor/laravel/framework/src/Illuminate/Console/Command.php:211
/home/joseph/projects/RideConnect/vendor/symfony/console/Command/Command.php:341
/home/joseph/projects/RideConnect/vendor/laravel/framework/src/Illuminate/Console/Command.php:180
/home/joseph/projects/RideConnect/vendor/laravel/framework/src/Illuminate/Console/Concerns/CallsCommands.php:68
/home/joseph/projects/RideConnect/vendor/laravel/framework/src/Illuminate/Console/Concerns/CallsCommands.php:29
/home/joseph/projects/RideConnect/vendor/laravel/framework/src/Illuminate/Database/Console/Migrations/FreshCommand.php:88
/home/joseph/projects/RideConnect/vendor/laravel/framework/src/Illuminate/Container/BoundMethod.php:36
/home/joseph/projects/RideConnect/vendor/laravel/framework/src/Illuminate/Container/Util.php:43
/home/joseph/projects/RideConnect/vendor/laravel/framework/src/Illuminate/Container/BoundMethod.php:96
/home/joseph/projects/RideConnect/vendor/laravel/framework/src/Illuminate/Container/BoundMethod.php:35
/home/joseph/projects/RideConnect/vendor/laravel/framework/src/Illuminate/Container/Container.php:799
/home/joseph/projects/RideConnect/vendor/laravel/framework/src/Illuminate/Console/Command.php:211
/home/joseph/projects/RideConnect/vendor/symfony/console/Command/Command.php:341
/home/joseph/projects/RideConnect/vendor/laravel/framework/src/Illuminate/Console/Command.php:180
/home/joseph/projects/RideConnect/vendor/symfony/console/Application.php:1094
/home/joseph/projects/RideConnect/vendor/symfony/console/Application.php:356
/home/joseph/projects/RideConnect/vendor/symfony/console/Application.php:195
/home/joseph/projects/RideConnect/vendor/laravel/framework/src/Illuminate/Console/Application.php:165
/home/joseph/projects/RideConnect/vendor/laravel/framework/src/Illuminate/Foundation/Console/Kernel.php:447
/home/joseph/projects/RideConnect/vendor/laravel/framework/src/Illuminate/Testing/PendingCommand.php:451
/home/joseph/projects/RideConnect/vendor/laravel/framework/src/Illuminate/Testing/PendingCommand.php:675
/home/joseph/projects/RideConnect/vendor/laravel/framework/src/Illuminate/Foundation/Testing/Concerns/InteractsWithConsole.php:87
/home/joseph/projects/RideConnect/vendor/laravel/framework/src/Illuminate/Foundation/Testing/RefreshDatabase.php:119
/home/joseph/projects/RideConnect/vendor/laravel/framework/src/Illuminate/Foundation/Testing/RefreshDatabase.php:84
/home/joseph/projects/RideConnect/vendor/laravel/framework/src/Illuminate/Foundation/Testing/RefreshDatabase.php:25
/home/joseph/projects/RideConnect/vendor/laravel/framework/src/Illuminate/Foundation/Testing/Concerns/InteractsWithTestCaseLifecycle.php:217
/home/joseph/projects/RideConnect/vendor/laravel/framework/src/Illuminate/Foundation/Testing/Concerns/InteractsWithTestCaseLifecycle.php:101
/home/joseph/projects/RideConnect/vendor/laravel/framework/src/Illuminate/Foundation/Testing/TestCase.php:63</error>
        </testcase>
        <testcase name="ride_model_has_vehicle_compatibility_helper" file="/home/joseph/projects/RideConnect/tests/Feature/RideFlowTest.php" line="176" class="Tests\Feature\RideFlowTest" classname="Tests.Feature.RideFlowTest" assertions="0" time="0.000000">
          <error type="Illuminate\Database\QueryException">Tests\Feature\RideFlowTest::ride_model_has_vehicle_compatibility_helper
Illuminate\Database\QueryException: could not find driver (Connection: sqlite, Database: :memory:, SQL: select exists (select 1 from "main".sqlite_master where name = 'migrations' and type = 'table') as "exists")

/home/joseph/projects/RideConnect/vendor/laravel/framework/src/Illuminate/Database/Connection.php:838
/home/joseph/projects/RideConnect/vendor/laravel/framework/src/Illuminate/Database/Connection.php:794
/home/joseph/projects/RideConnect/vendor/laravel/framework/src/Illuminate/Database/Connection.php:411
/home/joseph/projects/RideConnect/vendor/laravel/framework/src/Illuminate/Database/Connection.php:357
/home/joseph/projects/RideConnect/vendor/laravel/framework/src/Illuminate/Database/Connection.php:374
/home/joseph/projects/RideConnect/vendor/laravel/framework/src/Illuminate/Database/Schema/Builder.php:176
/home/joseph/projects/RideConnect/vendor/laravel/framework/src/Illuminate/Database/Migrations/DatabaseMigrationRepository.php:185
/home/joseph/projects/RideConnect/vendor/laravel/framework/src/Illuminate/Database/Migrations/Migrator.php:758
/home/joseph/projects/RideConnect/vendor/laravel/framework/src/Illuminate/Database/Console/Migrations/MigrateCommand.php:164
/home/joseph/projects/RideConnect/vendor/laravel/framework/src/Illuminate/Support/helpers.php:328
/home/joseph/projects/RideConnect/vendor/laravel/framework/src/Illuminate/Database/Console/Migrations/MigrateCommand.php:164
/home/joseph/projects/RideConnect/vendor/laravel/framework/src/Illuminate/Database/Console/Migrations/MigrateCommand.php:140
/home/joseph/projects/RideConnect/vendor/laravel/framework/src/Illuminate/Database/Console/Migrations/MigrateCommand.php:110
/home/joseph/projects/RideConnect/vendor/laravel/framework/src/Illuminate/Database/Migrations/Migrator.php:671
/home/joseph/projects/RideConnect/vendor/laravel/framework/src/Illuminate/Database/Console/Migrations/MigrateCommand.php:109
/home/joseph/projects/RideConnect/vendor/laravel/framework/src/Illuminate/Database/Console/Migrations/MigrateCommand.php:88
/home/joseph/projects/RideConnect/vendor/laravel/framework/src/Illuminate/Container/BoundMethod.php:36
/home/joseph/projects/RideConnect/vendor/laravel/framework/src/Illuminate/Container/Util.php:43
/home/joseph/projects/RideConnect/vendor/laravel/framework/src/Illuminate/Container/BoundMethod.php:96
/home/joseph/projects/RideConnect/vendor/laravel/framework/src/Illuminate/Container/BoundMethod.php:35
/home/joseph/projects/RideConnect/vendor/laravel/framework/src/Illuminate/Container/Container.php:799
/home/joseph/projects/RideConnect/vendor/laravel/framework/src/Illuminate/Console/Command.php:211
/home/joseph/projects/RideConnect/vendor/symfony/console/Command/Command.php:341
/home/joseph/projects/RideConnect/vendor/laravel/framework/src/Illuminate/Console/Command.php:180
/home/joseph/projects/RideConnect/vendor/laravel/framework/src/Illuminate/Console/Concerns/CallsCommands.php:68
/home/joseph/projects/RideConnect/vendor/laravel/framework/src/Illuminate/Console/Concerns/CallsCommands.php:29
/home/joseph/projects/RideConnect/vendor/laravel/framework/src/Illuminate/Database/Console/Migrations/FreshCommand.php:88
/home/joseph/projects/RideConnect/vendor/laravel/framework/src/Illuminate/Container/BoundMethod.php:36
/home/joseph/projects/RideConnect/vendor/laravel/framework/src/Illuminate/Container/Util.php:43
/home/joseph/projects/RideConnect/vendor/laravel/framework/src/Illuminate/Container/BoundMethod.php:96
/home/joseph/projects/RideConnect/vendor/laravel/framework/src/Illuminate/Container/BoundMethod.php:35
/home/joseph/projects/RideConnect/vendor/laravel/framework/src/Illuminate/Container/Container.php:799
/home/joseph/projects/RideConnect/vendor/laravel/framework/src/Illuminate/Console/Command.php:211
/home/joseph/projects/RideConnect/vendor/symfony/console/Command/Command.php:341
/home/joseph/projects/RideConnect/vendor/laravel/framework/src/Illuminate/Console/Command.php:180
/home/joseph/projects/RideConnect/vendor/symfony/console/Application.php:1094
/home/joseph/projects/RideConnect/vendor/symfony/console/Application.php:356
/home/joseph/projects/RideConnect/vendor/symfony/console/Application.php:195
/home/joseph/projects/RideConnect/vendor/laravel/framework/src/Illuminate/Console/Application.php:165
/home/joseph/projects/RideConnect/vendor/laravel/framework/src/Illuminate/Foundation/Console/Kernel.php:447
/home/joseph/projects/RideConnect/vendor/laravel/framework/src/Illuminate/Testing/PendingCommand.php:451
/home/joseph/projects/RideConnect/vendor/laravel/framework/src/Illuminate/Testing/PendingCommand.php:675
/home/joseph/projects/RideConnect/vendor/laravel/framework/src/Illuminate/Foundation/Testing/Concerns/InteractsWithConsole.php:87
/home/joseph/projects/RideConnect/vendor/laravel/framework/src/Illuminate/Foundation/Testing/RefreshDatabase.php:119
/home/joseph/projects/RideConnect/vendor/laravel/framework/src/Illuminate/Foundation/Testing/RefreshDatabase.php:84
/home/joseph/projects/RideConnect/vendor/laravel/framework/src/Illuminate/Foundation/Testing/RefreshDatabase.php:25
/home/joseph/projects/RideConnect/vendor/laravel/framework/src/Illuminate/Foundation/Testing/Concerns/InteractsWithTestCaseLifecycle.php:217
/home/joseph/projects/RideConnect/vendor/laravel/framework/src/Illuminate/Foundation/Testing/Concerns/InteractsWithTestCaseLifecycle.php:101
/home/joseph/projects/RideConnect/vendor/laravel/framework/src/Illuminate/Foundation/Testing/TestCase.php:63</error>
        </testcase>
      </testsuite>
      <testsuite name="Tests\Feature\RideSelectionTest" file="/home/joseph/projects/RideConnect/tests/Feature/RideSelectionTest.php" tests="5" assertions="0" errors="5" failures="0" skipped="0" time="0.000000">
        <testcase name="test_rides_are_sorted_alphabetically" file="/home/joseph/projects/RideConnect/tests/Feature/RideSelectionTest.php" line="14" class="Tests\Feature\RideSelectionTest" classname="Tests.Feature.RideSelectionTest" assertions="0" time="0.000000">
          <error type="Illuminate\Database\QueryException">Tests\Feature\RideSelectionTest::test_rides_are_sorted_alphabetically
Illuminate\Database\QueryException: could not find driver (Connection: sqlite, Database: :memory:, SQL: select exists (select 1 from "main".sqlite_master where name = 'migrations' and type = 'table') as "exists")

/home/joseph/projects/RideConnect/vendor/laravel/framework/src/Illuminate/Database/Connection.php:838
/home/joseph/projects/RideConnect/vendor/laravel/framework/src/Illuminate/Database/Connection.php:794
/home/joseph/projects/RideConnect/vendor/laravel/framework/src/Illuminate/Database/Connection.php:411
/home/joseph/projects/RideConnect/vendor/laravel/framework/src/Illuminate/Database/Connection.php:357
/home/joseph/projects/RideConnect/vendor/laravel/framework/src/Illuminate/Database/Connection.php:374
/home/joseph/projects/RideConnect/vendor/laravel/framework/src/Illuminate/Database/Schema/Builder.php:176
/home/joseph/projects/RideConnect/vendor/laravel/framework/src/Illuminate/Database/Migrations/DatabaseMigrationRepository.php:185
/home/joseph/projects/RideConnect/vendor/laravel/framework/src/Illuminate/Database/Migrations/Migrator.php:758
/home/joseph/projects/RideConnect/vendor/laravel/framework/src/Illuminate/Database/Console/Migrations/MigrateCommand.php:164
/home/joseph/projects/RideConnect/vendor/laravel/framework/src/Illuminate/Support/helpers.php:328
/home/joseph/projects/RideConnect/vendor/laravel/framework/src/Illuminate/Database/Console/Migrations/MigrateCommand.php:164
/home/joseph/projects/RideConnect/vendor/laravel/framework/src/Illuminate/Database/Console/Migrations/MigrateCommand.php:140
/home/joseph/projects/RideConnect/vendor/laravel/framework/src/Illuminate/Database/Console/Migrations/MigrateCommand.php:110
/home/joseph/projects/RideConnect/vendor/laravel/framework/src/Illuminate/Database/Migrations/Migrator.php:671
/home/joseph/projects/RideConnect/vendor/laravel/framework/src/Illuminate/Database/Console/Migrations/MigrateCommand.php:109
/home/joseph/projects/RideConnect/vendor/laravel/framework/src/Illuminate/Database/Console/Migrations/MigrateCommand.php:88
/home/joseph/projects/RideConnect/vendor/laravel/framework/src/Illuminate/Container/BoundMethod.php:36
/home/joseph/projects/RideConnect/vendor/laravel/framework/src/Illuminate/Container/Util.php:43
/home/joseph/projects/RideConnect/vendor/laravel/framework/src/Illuminate/Container/BoundMethod.php:96
/home/joseph/projects/RideConnect/vendor/laravel/framework/src/Illuminate/Container/BoundMethod.php:35
/home/joseph/projects/RideConnect/vendor/laravel/framework/src/Illuminate/Container/Container.php:799
/home/joseph/projects/RideConnect/vendor/laravel/framework/src/Illuminate/Console/Command.php:211
/home/joseph/projects/RideConnect/vendor/symfony/console/Command/Command.php:341
/home/joseph/projects/RideConnect/vendor/laravel/framework/src/Illuminate/Console/Command.php:180
/home/joseph/projects/RideConnect/vendor/laravel/framework/src/Illuminate/Console/Concerns/CallsCommands.php:68
/home/joseph/projects/RideConnect/vendor/laravel/framework/src/Illuminate/Console/Concerns/CallsCommands.php:29
/home/joseph/projects/RideConnect/vendor/laravel/framework/src/Illuminate/Database/Console/Migrations/FreshCommand.php:88
/home/joseph/projects/RideConnect/vendor/laravel/framework/src/Illuminate/Container/BoundMethod.php:36
/home/joseph/projects/RideConnect/vendor/laravel/framework/src/Illuminate/Container/Util.php:43
/home/joseph/projects/RideConnect/vendor/laravel/framework/src/Illuminate/Container/BoundMethod.php:96
/home/joseph/projects/RideConnect/vendor/laravel/framework/src/Illuminate/Container/BoundMethod.php:35
/home/joseph/projects/RideConnect/vendor/laravel/framework/src/Illuminate/Container/Container.php:799
/home/joseph/projects/RideConnect/vendor/laravel/framework/src/Illuminate/Console/Command.php:211
/home/joseph/projects/RideConnect/vendor/symfony/console/Command/Command.php:341
/home/joseph/projects/RideConnect/vendor/laravel/framework/src/Illuminate/Console/Command.php:180
/home/joseph/projects/RideConnect/vendor/symfony/console/Application.php:1094
/home/joseph/projects/RideConnect/vendor/symfony/console/Application.php:356
/home/joseph/projects/RideConnect/vendor/symfony/console/Application.php:195
/home/joseph/projects/RideConnect/vendor/laravel/framework/src/Illuminate/Console/Application.php:165
/home/joseph/projects/RideConnect/vendor/laravel/framework/src/Illuminate/Foundation/Console/Kernel.php:447
/home/joseph/projects/RideConnect/vendor/laravel/framework/src/Illuminate/Testing/PendingCommand.php:451
/home/joseph/projects/RideConnect/vendor/laravel/framework/src/Illuminate/Testing/PendingCommand.php:675
/home/joseph/projects/RideConnect/vendor/laravel/framework/src/Illuminate/Foundation/Testing/Concerns/InteractsWithConsole.php:87
/home/joseph/projects/RideConnect/vendor/laravel/framework/src/Illuminate/Foundation/Testing/RefreshDatabase.php:119
/home/joseph/projects/RideConnect/vendor/laravel/framework/src/Illuminate/Foundation/Testing/RefreshDatabase.php:84
/home/joseph/projects/RideConnect/vendor/laravel/framework/src/Illuminate/Foundation/Testing/RefreshDatabase.php:25
/home/joseph/projects/RideConnect/vendor/laravel/framework/src/Illuminate/Foundation/Testing/Concerns/InteractsWithTestCaseLifecycle.php:217
/home/joseph/projects/RideConnect/vendor/laravel/framework/src/Illuminate/Foundation/Testing/Concerns/InteractsWithTestCaseLifecycle.php:101
/home/joseph/projects/RideConnect/vendor/laravel/framework/src/Illuminate/Foundation/Testing/TestCase.php:63</error>
        </testcase>
        <testcase name="test_filter_by_transport_type" file="/home/joseph/projects/RideConnect/tests/Feature/RideSelectionTest.php" line="60" class="Tests\Feature\RideSelectionTest" classname="Tests.Feature.RideSelectionTest" assertions="0" time="0.000000">
          <error type="Illuminate\Database\QueryException">Tests\Feature\RideSelectionTest::test_filter_by_transport_type
Illuminate\Database\QueryException: could not find driver (Connection: sqlite, Database: :memory:, SQL: select exists (select 1 from "main".sqlite_master where name = 'migrations' and type = 'table') as "exists")

/home/joseph/projects/RideConnect/vendor/laravel/framework/src/Illuminate/Database/Connection.php:838
/home/joseph/projects/RideConnect/vendor/laravel/framework/src/Illuminate/Database/Connection.php:794
/home/joseph/projects/RideConnect/vendor/laravel/framework/src/Illuminate/Database/Connection.php:411
/home/joseph/projects/RideConnect/vendor/laravel/framework/src/Illuminate/Database/Connection.php:357
/home/joseph/projects/RideConnect/vendor/laravel/framework/src/Illuminate/Database/Connection.php:374
/home/joseph/projects/RideConnect/vendor/laravel/framework/src/Illuminate/Database/Schema/Builder.php:176
/home/joseph/projects/RideConnect/vendor/laravel/framework/src/Illuminate/Database/Migrations/DatabaseMigrationRepository.php:185
/home/joseph/projects/RideConnect/vendor/laravel/framework/src/Illuminate/Database/Migrations/Migrator.php:758
/home/joseph/projects/RideConnect/vendor/laravel/framework/src/Illuminate/Database/Console/Migrations/MigrateCommand.php:164
/home/joseph/projects/RideConnect/vendor/laravel/framework/src/Illuminate/Support/helpers.php:328
/home/joseph/projects/RideConnect/vendor/laravel/framework/src/Illuminate/Database/Console/Migrations/MigrateCommand.php:164
/home/joseph/projects/RideConnect/vendor/laravel/framework/src/Illuminate/Database/Console/Migrations/MigrateCommand.php:140
/home/joseph/projects/RideConnect/vendor/laravel/framework/src/Illuminate/Database/Console/Migrations/MigrateCommand.php:110
/home/joseph/projects/RideConnect/vendor/laravel/framework/src/Illuminate/Database/Migrations/Migrator.php:671
/home/joseph/projects/RideConnect/vendor/laravel/framework/src/Illuminate/Database/Console/Migrations/MigrateCommand.php:109
/home/joseph/projects/RideConnect/vendor/laravel/framework/src/Illuminate/Database/Console/Migrations/MigrateCommand.php:88
/home/joseph/projects/RideConnect/vendor/laravel/framework/src/Illuminate/Container/BoundMethod.php:36
/home/joseph/projects/RideConnect/vendor/laravel/framework/src/Illuminate/Container/Util.php:43
/home/joseph/projects/RideConnect/vendor/laravel/framework/src/Illuminate/Container/BoundMethod.php:96
/home/joseph/projects/RideConnect/vendor/laravel/framework/src/Illuminate/Container/BoundMethod.php:35
/home/joseph/projects/RideConnect/vendor/laravel/framework/src/Illuminate/Container/Container.php:799
/home/joseph/projects/RideConnect/vendor/laravel/framework/src/Illuminate/Console/Command.php:211
/home/joseph/projects/RideConnect/vendor/symfony/console/Command/Command.php:341
/home/joseph/projects/RideConnect/vendor/laravel/framework/src/Illuminate/Console/Command.php:180
/home/joseph/projects/RideConnect/vendor/laravel/framework/src/Illuminate/Console/Concerns/CallsCommands.php:68
/home/joseph/projects/RideConnect/vendor/laravel/framework/src/Illuminate/Console/Concerns/CallsCommands.php:29
/home/joseph/projects/RideConnect/vendor/laravel/framework/src/Illuminate/Database/Console/Migrations/FreshCommand.php:88
/home/joseph/projects/RideConnect/vendor/laravel/framework/src/Illuminate/Container/BoundMethod.php:36
/home/joseph/projects/RideConnect/vendor/laravel/framework/src/Illuminate/Container/Util.php:43
/home/joseph/projects/RideConnect/vendor/laravel/framework/src/Illuminate/Container/BoundMethod.php:96
/home/joseph/projects/RideConnect/vendor/laravel/framework/src/Illuminate/Container/BoundMethod.php:35
/home/joseph/projects/RideConnect/vendor/laravel/framework/src/Illuminate/Container/Container.php:799
/home/joseph/projects/RideConnect/vendor/laravel/framework/src/Illuminate/Console/Command.php:211
/home/joseph/projects/RideConnect/vendor/symfony/console/Command/Command.php:341
/home/joseph/projects/RideConnect/vendor/laravel/framework/src/Illuminate/Console/Command.php:180
/home/joseph/projects/RideConnect/vendor/symfony/console/Application.php:1094
/home/joseph/projects/RideConnect/vendor/symfony/console/Application.php:356
/home/joseph/projects/RideConnect/vendor/symfony/console/Application.php:195
/home/joseph/projects/RideConnect/vendor/laravel/framework/src/Illuminate/Console/Application.php:165
/home/joseph/projects/RideConnect/vendor/laravel/framework/src/Illuminate/Foundation/Console/Kernel.php:447
/home/joseph/projects/RideConnect/vendor/laravel/framework/src/Illuminate/Testing/PendingCommand.php:451
/home/joseph/projects/RideConnect/vendor/laravel/framework/src/Illuminate/Testing/PendingCommand.php:675
/home/joseph/projects/RideConnect/vendor/laravel/framework/src/Illuminate/Foundation/Testing/Concerns/InteractsWithConsole.php:87
/home/joseph/projects/RideConnect/vendor/laravel/framework/src/Illuminate/Foundation/Testing/RefreshDatabase.php:119
/home/joseph/projects/RideConnect/vendor/laravel/framework/src/Illuminate/Foundation/Testing/RefreshDatabase.php:84
/home/joseph/projects/RideConnect/vendor/laravel/framework/src/Illuminate/Foundation/Testing/RefreshDatabase.php:25
/home/joseph/projects/RideConnect/vendor/laravel/framework/src/Illuminate/Foundation/Testing/Concerns/InteractsWithTestCaseLifecycle.php:217
/home/joseph/projects/RideConnect/vendor/laravel/framework/src/Illuminate/Foundation/Testing/Concerns/InteractsWithTestCaseLifecycle.php:101
/home/joseph/projects/RideConnect/vendor/laravel/framework/src/Illuminate/Foundation/Testing/TestCase.php:63</error>
        </testcase>
        <testcase name="test_api_includes_transport_type_and_travel_mode" file="/home/joseph/projects/RideConnect/tests/Feature/RideSelectionTest.php" line="111" class="Tests\Feature\RideSelectionTest" classname="Tests.Feature.RideSelectionTest" assertions="0" time="0.000000">
          <error type="Illuminate\Database\QueryException">Tests\Feature\RideSelectionTest::test_api_includes_transport_type_and_travel_mode
Illuminate\Database\QueryException: could not find driver (Connection: sqlite, Database: :memory:, SQL: select exists (select 1 from "main".sqlite_master where name = 'migrations' and type = 'table') as "exists")

/home/joseph/projects/RideConnect/vendor/laravel/framework/src/Illuminate/Database/Connection.php:838
/home/joseph/projects/RideConnect/vendor/laravel/framework/src/Illuminate/Database/Connection.php:794
/home/joseph/projects/RideConnect/vendor/laravel/framework/src/Illuminate/Database/Connection.php:411
/home/joseph/projects/RideConnect/vendor/laravel/framework/src/Illuminate/Database/Connection.php:357
/home/joseph/projects/RideConnect/vendor/laravel/framework/src/Illuminate/Database/Connection.php:374
/home/joseph/projects/RideConnect/vendor/laravel/framework/src/Illuminate/Database/Schema/Builder.php:176
/home/joseph/projects/RideConnect/vendor/laravel/framework/src/Illuminate/Database/Migrations/DatabaseMigrationRepository.php:185
/home/joseph/projects/RideConnect/vendor/laravel/framework/src/Illuminate/Database/Migrations/Migrator.php:758
/home/joseph/projects/RideConnect/vendor/laravel/framework/src/Illuminate/Database/Console/Migrations/MigrateCommand.php:164
/home/joseph/projects/RideConnect/vendor/laravel/framework/src/Illuminate/Support/helpers.php:328
/home/joseph/projects/RideConnect/vendor/laravel/framework/src/Illuminate/Database/Console/Migrations/MigrateCommand.php:164
/home/joseph/projects/RideConnect/vendor/laravel/framework/src/Illuminate/Database/Console/Migrations/MigrateCommand.php:140
/home/joseph/projects/RideConnect/vendor/laravel/framework/src/Illuminate/Database/Console/Migrations/MigrateCommand.php:110
/home/joseph/projects/RideConnect/vendor/laravel/framework/src/Illuminate/Database/Migrations/Migrator.php:671
/home/joseph/projects/RideConnect/vendor/laravel/framework/src/Illuminate/Database/Console/Migrations/MigrateCommand.php:109
/home/joseph/projects/RideConnect/vendor/laravel/framework/src/Illuminate/Database/Console/Migrations/MigrateCommand.php:88
/home/joseph/projects/RideConnect/vendor/laravel/framework/src/Illuminate/Container/BoundMethod.php:36
/home/joseph/projects/RideConnect/vendor/laravel/framework/src/Illuminate/Container/Util.php:43
/home/joseph/projects/RideConnect/vendor/laravel/framework/src/Illuminate/Container/BoundMethod.php:96
/home/joseph/projects/RideConnect/vendor/laravel/framework/src/Illuminate/Container/BoundMethod.php:35
/home/joseph/projects/RideConnect/vendor/laravel/framework/src/Illuminate/Container/Container.php:799
/home/joseph/projects/RideConnect/vendor/laravel/framework/src/Illuminate/Console/Command.php:211
/home/joseph/projects/RideConnect/vendor/symfony/console/Command/Command.php:341
/home/joseph/projects/RideConnect/vendor/laravel/framework/src/Illuminate/Console/Command.php:180
/home/joseph/projects/RideConnect/vendor/laravel/framework/src/Illuminate/Console/Concerns/CallsCommands.php:68
/home/joseph/projects/RideConnect/vendor/laravel/framework/src/Illuminate/Console/Concerns/CallsCommands.php:29
/home/joseph/projects/RideConnect/vendor/laravel/framework/src/Illuminate/Database/Console/Migrations/FreshCommand.php:88
/home/joseph/projects/RideConnect/vendor/laravel/framework/src/Illuminate/Container/BoundMethod.php:36
/home/joseph/projects/RideConnect/vendor/laravel/framework/src/Illuminate/Container/Util.php:43
/home/joseph/projects/RideConnect/vendor/laravel/framework/src/Illuminate/Container/BoundMethod.php:96
/home/joseph/projects/RideConnect/vendor/laravel/framework/src/Illuminate/Container/BoundMethod.php:35
/home/joseph/projects/RideConnect/vendor/laravel/framework/src/Illuminate/Container/Container.php:799
/home/joseph/projects/RideConnect/vendor/laravel/framework/src/Illuminate/Console/Command.php:211
/home/joseph/projects/RideConnect/vendor/symfony/console/Command/Command.php:341
/home/joseph/projects/RideConnect/vendor/laravel/framework/src/Illuminate/Console/Command.php:180
/home/joseph/projects/RideConnect/vendor/symfony/console/Application.php:1094
/home/joseph/projects/RideConnect/vendor/symfony/console/Application.php:356
/home/joseph/projects/RideConnect/vendor/symfony/console/Application.php:195
/home/joseph/projects/RideConnect/vendor/laravel/framework/src/Illuminate/Console/Application.php:165
/home/joseph/projects/RideConnect/vendor/laravel/framework/src/Illuminate/Foundation/Console/Kernel.php:447
/home/joseph/projects/RideConnect/vendor/laravel/framework/src/Illuminate/Testing/PendingCommand.php:451
/home/joseph/projects/RideConnect/vendor/laravel/framework/src/Illuminate/Testing/PendingCommand.php:675
/home/joseph/projects/RideConnect/vendor/laravel/framework/src/Illuminate/Foundation/Testing/Concerns/InteractsWithConsole.php:87
/home/joseph/projects/RideConnect/vendor/laravel/framework/src/Illuminate/Foundation/Testing/RefreshDatabase.php:119
/home/joseph/projects/RideConnect/vendor/laravel/framework/src/Illuminate/Foundation/Testing/RefreshDatabase.php:84
/home/joseph/projects/RideConnect/vendor/laravel/framework/src/Illuminate/Foundation/Testing/RefreshDatabase.php:25
/home/joseph/projects/RideConnect/vendor/laravel/framework/src/Illuminate/Foundation/Testing/Concerns/InteractsWithTestCaseLifecycle.php:217
/home/joseph/projects/RideConnect/vendor/laravel/framework/src/Illuminate/Foundation/Testing/Concerns/InteractsWithTestCaseLifecycle.php:101
/home/joseph/projects/RideConnect/vendor/laravel/framework/src/Illuminate/Foundation/Testing/TestCase.php:63</error>
        </testcase>
        <testcase name="test_rides_sorted_by_destination_when_origins_same" file="/home/joseph/projects/RideConnect/tests/Feature/RideSelectionTest.php" line="137" class="Tests\Feature\RideSelectionTest" classname="Tests.Feature.RideSelectionTest" assertions="0" time="0.000000">
          <error type="Illuminate\Database\QueryException">Tests\Feature\RideSelectionTest::test_rides_sorted_by_destination_when_origins_same
Illuminate\Database\QueryException: could not find driver (Connection: sqlite, Database: :memory:, SQL: select exists (select 1 from "main".sqlite_master where name = 'migrations' and type = 'table') as "exists")

/home/joseph/projects/RideConnect/vendor/laravel/framework/src/Illuminate/Database/Connection.php:838
/home/joseph/projects/RideConnect/vendor/laravel/framework/src/Illuminate/Database/Connection.php:794
/home/joseph/projects/RideConnect/vendor/laravel/framework/src/Illuminate/Database/Connection.php:411
/home/joseph/projects/RideConnect/vendor/laravel/framework/src/Illuminate/Database/Connection.php:357
/home/joseph/projects/RideConnect/vendor/laravel/framework/src/Illuminate/Database/Connection.php:374
/home/joseph/projects/RideConnect/vendor/laravel/framework/src/Illuminate/Database/Schema/Builder.php:176
/home/joseph/projects/RideConnect/vendor/laravel/framework/src/Illuminate/Database/Migrations/DatabaseMigrationRepository.php:185
/home/joseph/projects/RideConnect/vendor/laravel/framework/src/Illuminate/Database/Migrations/Migrator.php:758
/home/joseph/projects/RideConnect/vendor/laravel/framework/src/Illuminate/Database/Console/Migrations/MigrateCommand.php:164
/home/joseph/projects/RideConnect/vendor/laravel/framework/src/Illuminate/Support/helpers.php:328
/home/joseph/projects/RideConnect/vendor/laravel/framework/src/Illuminate/Database/Console/Migrations/MigrateCommand.php:164
/home/joseph/projects/RideConnect/vendor/laravel/framework/src/Illuminate/Database/Console/Migrations/MigrateCommand.php:140
/home/joseph/projects/RideConnect/vendor/laravel/framework/src/Illuminate/Database/Console/Migrations/MigrateCommand.php:110
/home/joseph/projects/RideConnect/vendor/laravel/framework/src/Illuminate/Database/Migrations/Migrator.php:671
/home/joseph/projects/RideConnect/vendor/laravel/framework/src/Illuminate/Database/Console/Migrations/MigrateCommand.php:109
/home/joseph/projects/RideConnect/vendor/laravel/framework/src/Illuminate/Database/Console/Migrations/MigrateCommand.php:88
/home/joseph/projects/RideConnect/vendor/laravel/framework/src/Illuminate/Container/BoundMethod.php:36
/home/joseph/projects/RideConnect/vendor/laravel/framework/src/Illuminate/Container/Util.php:43
/home/joseph/projects/RideConnect/vendor/laravel/framework/src/Illuminate/Container/BoundMethod.php:96
/home/joseph/projects/RideConnect/vendor/laravel/framework/src/Illuminate/Container/BoundMethod.php:35
/home/joseph/projects/RideConnect/vendor/laravel/framework/src/Illuminate/Container/Container.php:799
/home/joseph/projects/RideConnect/vendor/laravel/framework/src/Illuminate/Console/Command.php:211
/home/joseph/projects/RideConnect/vendor/symfony/console/Command/Command.php:341
/home/joseph/projects/RideConnect/vendor/laravel/framework/src/Illuminate/Console/Command.php:180
/home/joseph/projects/RideConnect/vendor/laravel/framework/src/Illuminate/Console/Concerns/CallsCommands.php:68
/home/joseph/projects/RideConnect/vendor/laravel/framework/src/Illuminate/Console/Concerns/CallsCommands.php:29
/home/joseph/projects/RideConnect/vendor/laravel/framework/src/Illuminate/Database/Console/Migrations/FreshCommand.php:88
/home/joseph/projects/RideConnect/vendor/laravel/framework/src/Illuminate/Container/BoundMethod.php:36
/home/joseph/projects/RideConnect/vendor/laravel/framework/src/Illuminate/Container/Util.php:43
/home/joseph/projects/RideConnect/vendor/laravel/framework/src/Illuminate/Container/BoundMethod.php:96
/home/joseph/projects/RideConnect/vendor/laravel/framework/src/Illuminate/Container/BoundMethod.php:35
/home/joseph/projects/RideConnect/vendor/laravel/framework/src/Illuminate/Container/Container.php:799
/home/joseph/projects/RideConnect/vendor/laravel/framework/src/Illuminate/Console/Command.php:211
/home/joseph/projects/RideConnect/vendor/symfony/console/Command/Command.php:341
/home/joseph/projects/RideConnect/vendor/laravel/framework/src/Illuminate/Console/Command.php:180
/home/joseph/projects/RideConnect/vendor/symfony/console/Application.php:1094
/home/joseph/projects/RideConnect/vendor/symfony/console/Application.php:356
/home/joseph/projects/RideConnect/vendor/symfony/console/Application.php:195
/home/joseph/projects/RideConnect/vendor/laravel/framework/src/Illuminate/Console/Application.php:165
/home/joseph/projects/RideConnect/vendor/laravel/framework/src/Illuminate/Foundation/Console/Kernel.php:447
/home/joseph/projects/RideConnect/vendor/laravel/framework/src/Illuminate/Testing/PendingCommand.php:451
/home/joseph/projects/RideConnect/vendor/laravel/framework/src/Illuminate/Testing/PendingCommand.php:675
/home/joseph/projects/RideConnect/vendor/laravel/framework/src/Illuminate/Foundation/Testing/Concerns/InteractsWithConsole.php:87
/home/joseph/projects/RideConnect/vendor/laravel/framework/src/Illuminate/Foundation/Testing/RefreshDatabase.php:119
/home/joseph/projects/RideConnect/vendor/laravel/framework/src/Illuminate/Foundation/Testing/RefreshDatabase.php:84
/home/joseph/projects/RideConnect/vendor/laravel/framework/src/Illuminate/Foundation/Testing/RefreshDatabase.php:25
/home/joseph/projects/RideConnect/vendor/laravel/framework/src/Illuminate/Foundation/Testing/Concerns/InteractsWithTestCaseLifecycle.php:217
/home/joseph/projects/RideConnect/vendor/laravel/framework/src/Illuminate/Foundation/Testing/Concerns/InteractsWithTestCaseLifecycle.php:101
/home/joseph/projects/RideConnect/vendor/laravel/framework/src/Illuminate/Foundation/Testing/TestCase.php:63</error>
        </testcase>
        <testcase name="test_api_response_structure_for_flutter" file="/home/joseph/projects/RideConnect/tests/Feature/RideSelectionTest.php" line="182" class="Tests\Feature\RideSelectionTest" classname="Tests.Feature.RideSelectionTest" assertions="0" time="0.000000">
          <error type="Illuminate\Database\QueryException">Tests\Feature\RideSelectionTest::test_api_response_structure_for_flutter
Illuminate\Database\QueryException: could not find driver (Connection: sqlite, Database: :memory:, SQL: select exists (select 1 from "main".sqlite_master where name = 'migrations' and type = 'table') as "exists")

/home/joseph/projects/RideConnect/vendor/laravel/framework/src/Illuminate/Database/Connection.php:838
/home/joseph/projects/RideConnect/vendor/laravel/framework/src/Illuminate/Database/Connection.php:794
/home/joseph/projects/RideConnect/vendor/laravel/framework/src/Illuminate/Database/Connection.php:411
/home/joseph/projects/RideConnect/vendor/laravel/framework/src/Illuminate/Database/Connection.php:357
/home/joseph/projects/RideConnect/vendor/laravel/framework/src/Illuminate/Database/Connection.php:374
/home/joseph/projects/RideConnect/vendor/laravel/framework/src/Illuminate/Database/Schema/Builder.php:176
/home/joseph/projects/RideConnect/vendor/laravel/framework/src/Illuminate/Database/Migrations/DatabaseMigrationRepository.php:185
/home/joseph/projects/RideConnect/vendor/laravel/framework/src/Illuminate/Database/Migrations/Migrator.php:758
/home/joseph/projects/RideConnect/vendor/laravel/framework/src/Illuminate/Database/Console/Migrations/MigrateCommand.php:164
/home/joseph/projects/RideConnect/vendor/laravel/framework/src/Illuminate/Support/helpers.php:328
/home/joseph/projects/RideConnect/vendor/laravel/framework/src/Illuminate/Database/Console/Migrations/MigrateCommand.php:164
/home/joseph/projects/RideConnect/vendor/laravel/framework/src/Illuminate/Database/Console/Migrations/MigrateCommand.php:140
/home/joseph/projects/RideConnect/vendor/laravel/framework/src/Illuminate/Database/Console/Migrations/MigrateCommand.php:110
/home/joseph/projects/RideConnect/vendor/laravel/framework/src/Illuminate/Database/Migrations/Migrator.php:671
/home/joseph/projects/RideConnect/vendor/laravel/framework/src/Illuminate/Database/Console/Migrations/MigrateCommand.php:109
/home/joseph/projects/RideConnect/vendor/laravel/framework/src/Illuminate/Database/Console/Migrations/MigrateCommand.php:88
/home/joseph/projects/RideConnect/vendor/laravel/framework/src/Illuminate/Container/BoundMethod.php:36
/home/joseph/projects/RideConnect/vendor/laravel/framework/src/Illuminate/Container/Util.php:43
/home/joseph/projects/RideConnect/vendor/laravel/framework/src/Illuminate/Container/BoundMethod.php:96
/home/joseph/projects/RideConnect/vendor/laravel/framework/src/Illuminate/Container/BoundMethod.php:35
/home/joseph/projects/RideConnect/vendor/laravel/framework/src/Illuminate/Container/Container.php:799
/home/joseph/projects/RideConnect/vendor/laravel/framework/src/Illuminate/Console/Command.php:211
/home/joseph/projects/RideConnect/vendor/symfony/console/Command/Command.php:341
/home/joseph/projects/RideConnect/vendor/laravel/framework/src/Illuminate/Console/Command.php:180
/home/joseph/projects/RideConnect/vendor/laravel/framework/src/Illuminate/Console/Concerns/CallsCommands.php:68
/home/joseph/projects/RideConnect/vendor/laravel/framework/src/Illuminate/Console/Concerns/CallsCommands.php:29
/home/joseph/projects/RideConnect/vendor/laravel/framework/src/Illuminate/Database/Console/Migrations/FreshCommand.php:88
/home/joseph/projects/RideConnect/vendor/laravel/framework/src/Illuminate/Container/BoundMethod.php:36
/home/joseph/projects/RideConnect/vendor/laravel/framework/src/Illuminate/Container/Util.php:43
/home/joseph/projects/RideConnect/vendor/laravel/framework/src/Illuminate/Container/BoundMethod.php:96
/home/joseph/projects/RideConnect/vendor/laravel/framework/src/Illuminate/Container/BoundMethod.php:35
/home/joseph/projects/RideConnect/vendor/laravel/framework/src/Illuminate/Container/Container.php:799
/home/joseph/projects/RideConnect/vendor/laravel/framework/src/Illuminate/Console/Command.php:211
/home/joseph/projects/RideConnect/vendor/symfony/console/Command/Command.php:341
/home/joseph/projects/RideConnect/vendor/laravel/framework/src/Illuminate/Console/Command.php:180
/home/joseph/projects/RideConnect/vendor/symfony/console/Application.php:1094
/home/joseph/projects/RideConnect/vendor/symfony/console/Application.php:356
/home/joseph/projects/RideConnect/vendor/symfony/console/Application.php:195
/home/joseph/projects/RideConnect/vendor/laravel/framework/src/Illuminate/Console/Application.php:165
/home/joseph/projects/RideConnect/vendor/laravel/framework/src/Illuminate/Foundation/Console/Kernel.php:447
/home/joseph/projects/RideConnect/vendor/laravel/framework/src/Illuminate/Testing/PendingCommand.php:451
/home/joseph/projects/RideConnect/vendor/laravel/framework/src/Illuminate/Testing/PendingCommand.php:675
/home/joseph/projects/RideConnect/vendor/laravel/framework/src/Illuminate/Foundation/Testing/Concerns/InteractsWithConsole.php:87
/home/joseph/projects/RideConnect/vendor/laravel/framework/src/Illuminate/Foundation/Testing/RefreshDatabase.php:119
/home/joseph/projects/RideConnect/vendor/laravel/framework/src/Illuminate/Foundation/Testing/RefreshDatabase.php:84
/home/joseph/projects/RideConnect/vendor/laravel/framework/src/Illuminate/Foundation/Testing/RefreshDatabase.php:25
/home/joseph/projects/RideConnect/vendor/laravel/framework/src/Illuminate/Foundation/Testing/Concerns/InteractsWithTestCaseLifecycle.php:217
/home/joseph/projects/RideConnect/vendor/laravel/framework/src/Illuminate/Foundation/Testing/Concerns/InteractsWithTestCaseLifecycle.php:101
/home/joseph/projects/RideConnect/vendor/laravel/framework/src/Illuminate/Foundation/Testing/TestCase.php:63</error>
        </testcase>
      </testsuite>
      <testsuite name="Tests\Feature\RideTransportClassificationTest" file="/home/joseph/projects/RideConnect/tests/Feature/RideTransportClassificationTest.php" tests="6" assertions="0" errors="6" failures="0" skipped="0" time="0.000000">
        <testcase name="cannot_create_booking_for_on_demand_ride" file="/home/joseph/projects/RideConnect/tests/Feature/RideTransportClassificationTest.php" line="17" class="Tests\Feature\RideTransportClassificationTest" classname="Tests.Feature.RideTransportClassificationTest" assertions="0" time="0.000000">
          <error type="Illuminate\Database\QueryException">Tests\Feature\RideTransportClassificationTest::cannot_create_booking_for_on_demand_ride
Illuminate\Database\QueryException: could not find driver (Connection: sqlite, Database: :memory:, SQL: select exists (select 1 from "main".sqlite_master where name = 'migrations' and type = 'table') as "exists")

/home/joseph/projects/RideConnect/vendor/laravel/framework/src/Illuminate/Database/Connection.php:838
/home/joseph/projects/RideConnect/vendor/laravel/framework/src/Illuminate/Database/Connection.php:794
/home/joseph/projects/RideConnect/vendor/laravel/framework/src/Illuminate/Database/Connection.php:411
/home/joseph/projects/RideConnect/vendor/laravel/framework/src/Illuminate/Database/Connection.php:357
/home/joseph/projects/RideConnect/vendor/laravel/framework/src/Illuminate/Database/Connection.php:374
/home/joseph/projects/RideConnect/vendor/laravel/framework/src/Illuminate/Database/Schema/Builder.php:176
/home/joseph/projects/RideConnect/vendor/laravel/framework/src/Illuminate/Database/Migrations/DatabaseMigrationRepository.php:185
/home/joseph/projects/RideConnect/vendor/laravel/framework/src/Illuminate/Database/Migrations/Migrator.php:758
/home/joseph/projects/RideConnect/vendor/laravel/framework/src/Illuminate/Database/Console/Migrations/MigrateCommand.php:164
/home/joseph/projects/RideConnect/vendor/laravel/framework/src/Illuminate/Support/helpers.php:328
/home/joseph/projects/RideConnect/vendor/laravel/framework/src/Illuminate/Database/Console/Migrations/MigrateCommand.php:164
/home/joseph/projects/RideConnect/vendor/laravel/framework/src/Illuminate/Database/Console/Migrations/MigrateCommand.php:140
/home/joseph/projects/RideConnect/vendor/laravel/framework/src/Illuminate/Database/Console/Migrations/MigrateCommand.php:110
/home/joseph/projects/RideConnect/vendor/laravel/framework/src/Illuminate/Database/Migrations/Migrator.php:671
/home/joseph/projects/RideConnect/vendor/laravel/framework/src/Illuminate/Database/Console/Migrations/MigrateCommand.php:109
/home/joseph/projects/RideConnect/vendor/laravel/framework/src/Illuminate/Database/Console/Migrations/MigrateCommand.php:88
/home/joseph/projects/RideConnect/vendor/laravel/framework/src/Illuminate/Container/BoundMethod.php:36
/home/joseph/projects/RideConnect/vendor/laravel/framework/src/Illuminate/Container/Util.php:43
/home/joseph/projects/RideConnect/vendor/laravel/framework/src/Illuminate/Container/BoundMethod.php:96
/home/joseph/projects/RideConnect/vendor/laravel/framework/src/Illuminate/Container/BoundMethod.php:35
/home/joseph/projects/RideConnect/vendor/laravel/framework/src/Illuminate/Container/Container.php:799
/home/joseph/projects/RideConnect/vendor/laravel/framework/src/Illuminate/Console/Command.php:211
/home/joseph/projects/RideConnect/vendor/symfony/console/Command/Command.php:341
/home/joseph/projects/RideConnect/vendor/laravel/framework/src/Illuminate/Console/Command.php:180
/home/joseph/projects/RideConnect/vendor/laravel/framework/src/Illuminate/Console/Concerns/CallsCommands.php:68
/home/joseph/projects/RideConnect/vendor/laravel/framework/src/Illuminate/Console/Concerns/CallsCommands.php:29
/home/joseph/projects/RideConnect/vendor/laravel/framework/src/Illuminate/Database/Console/Migrations/FreshCommand.php:88
/home/joseph/projects/RideConnect/vendor/laravel/framework/src/Illuminate/Container/BoundMethod.php:36
/home/joseph/projects/RideConnect/vendor/laravel/framework/src/Illuminate/Container/Util.php:43
/home/joseph/projects/RideConnect/vendor/laravel/framework/src/Illuminate/Container/BoundMethod.php:96
/home/joseph/projects/RideConnect/vendor/laravel/framework/src/Illuminate/Container/BoundMethod.php:35
/home/joseph/projects/RideConnect/vendor/laravel/framework/src/Illuminate/Container/Container.php:799
/home/joseph/projects/RideConnect/vendor/laravel/framework/src/Illuminate/Console/Command.php:211
/home/joseph/projects/RideConnect/vendor/symfony/console/Command/Command.php:341
/home/joseph/projects/RideConnect/vendor/laravel/framework/src/Illuminate/Console/Command.php:180
/home/joseph/projects/RideConnect/vendor/symfony/console/Application.php:1094
/home/joseph/projects/RideConnect/vendor/symfony/console/Application.php:356
/home/joseph/projects/RideConnect/vendor/symfony/console/Application.php:195
/home/joseph/projects/RideConnect/vendor/laravel/framework/src/Illuminate/Console/Application.php:165
/home/joseph/projects/RideConnect/vendor/laravel/framework/src/Illuminate/Foundation/Console/Kernel.php:447
/home/joseph/projects/RideConnect/vendor/laravel/framework/src/Illuminate/Testing/PendingCommand.php:451
/home/joseph/projects/RideConnect/vendor/laravel/framework/src/Illuminate/Testing/PendingCommand.php:675
/home/joseph/projects/RideConnect/vendor/laravel/framework/src/Illuminate/Foundation/Testing/Concerns/InteractsWithConsole.php:87
/home/joseph/projects/RideConnect/vendor/laravel/framework/src/Illuminate/Foundation/Testing/RefreshDatabase.php:119
/home/joseph/projects/RideConnect/vendor/laravel/framework/src/Illuminate/Foundation/Testing/RefreshDatabase.php:84
/home/joseph/projects/RideConnect/vendor/laravel/framework/src/Illuminate/Foundation/Testing/RefreshDatabase.php:25
/home/joseph/projects/RideConnect/vendor/laravel/framework/src/Illuminate/Foundation/Testing/Concerns/InteractsWithTestCaseLifecycle.php:217
/home/joseph/projects/RideConnect/vendor/laravel/framework/src/Illuminate/Foundation/Testing/Concerns/InteractsWithTestCaseLifecycle.php:101
/home/joseph/projects/RideConnect/vendor/laravel/framework/src/Illuminate/Foundation/Testing/TestCase.php:63</error>
        </testcase>
        <testcase name="can_create_booking_for_scheduled_ride" file="/home/joseph/projects/RideConnect/tests/Feature/RideTransportClassificationTest.php" line="51" class="Tests\Feature\RideTransportClassificationTest" classname="Tests.Feature.RideTransportClassificationTest" assertions="0" time="0.000000">
          <error type="Illuminate\Database\QueryException">Tests\Feature\RideTransportClassificationTest::can_create_booking_for_scheduled_ride
Illuminate\Database\QueryException: could not find driver (Connection: sqlite, Database: :memory:, SQL: select exists (select 1 from "main".sqlite_master where name = 'migrations' and type = 'table') as "exists")

/home/joseph/projects/RideConnect/vendor/laravel/framework/src/Illuminate/Database/Connection.php:838
/home/joseph/projects/RideConnect/vendor/laravel/framework/src/Illuminate/Database/Connection.php:794
/home/joseph/projects/RideConnect/vendor/laravel/framework/src/Illuminate/Database/Connection.php:411
/home/joseph/projects/RideConnect/vendor/laravel/framework/src/Illuminate/Database/Connection.php:357
/home/joseph/projects/RideConnect/vendor/laravel/framework/src/Illuminate/Database/Connection.php:374
/home/joseph/projects/RideConnect/vendor/laravel/framework/src/Illuminate/Database/Schema/Builder.php:176
/home/joseph/projects/RideConnect/vendor/laravel/framework/src/Illuminate/Database/Migrations/DatabaseMigrationRepository.php:185
/home/joseph/projects/RideConnect/vendor/laravel/framework/src/Illuminate/Database/Migrations/Migrator.php:758
/home/joseph/projects/RideConnect/vendor/laravel/framework/src/Illuminate/Database/Console/Migrations/MigrateCommand.php:164
/home/joseph/projects/RideConnect/vendor/laravel/framework/src/Illuminate/Support/helpers.php:328
/home/joseph/projects/RideConnect/vendor/laravel/framework/src/Illuminate/Database/Console/Migrations/MigrateCommand.php:164
/home/joseph/projects/RideConnect/vendor/laravel/framework/src/Illuminate/Database/Console/Migrations/MigrateCommand.php:140
/home/joseph/projects/RideConnect/vendor/laravel/framework/src/Illuminate/Database/Console/Migrations/MigrateCommand.php:110
/home/joseph/projects/RideConnect/vendor/laravel/framework/src/Illuminate/Database/Migrations/Migrator.php:671
/home/joseph/projects/RideConnect/vendor/laravel/framework/src/Illuminate/Database/Console/Migrations/MigrateCommand.php:109
/home/joseph/projects/RideConnect/vendor/laravel/framework/src/Illuminate/Database/Console/Migrations/MigrateCommand.php:88
/home/joseph/projects/RideConnect/vendor/laravel/framework/src/Illuminate/Container/BoundMethod.php:36
/home/joseph/projects/RideConnect/vendor/laravel/framework/src/Illuminate/Container/Util.php:43
/home/joseph/projects/RideConnect/vendor/laravel/framework/src/Illuminate/Container/BoundMethod.php:96
/home/joseph/projects/RideConnect/vendor/laravel/framework/src/Illuminate/Container/BoundMethod.php:35
/home/joseph/projects/RideConnect/vendor/laravel/framework/src/Illuminate/Container/Container.php:799
/home/joseph/projects/RideConnect/vendor/laravel/framework/src/Illuminate/Console/Command.php:211
/home/joseph/projects/RideConnect/vendor/symfony/console/Command/Command.php:341
/home/joseph/projects/RideConnect/vendor/laravel/framework/src/Illuminate/Console/Command.php:180
/home/joseph/projects/RideConnect/vendor/laravel/framework/src/Illuminate/Console/Concerns/CallsCommands.php:68
/home/joseph/projects/RideConnect/vendor/laravel/framework/src/Illuminate/Console/Concerns/CallsCommands.php:29
/home/joseph/projects/RideConnect/vendor/laravel/framework/src/Illuminate/Database/Console/Migrations/FreshCommand.php:88
/home/joseph/projects/RideConnect/vendor/laravel/framework/src/Illuminate/Container/BoundMethod.php:36
/home/joseph/projects/RideConnect/vendor/laravel/framework/src/Illuminate/Container/Util.php:43
/home/joseph/projects/RideConnect/vendor/laravel/framework/src/Illuminate/Container/BoundMethod.php:96
/home/joseph/projects/RideConnect/vendor/laravel/framework/src/Illuminate/Container/BoundMethod.php:35
/home/joseph/projects/RideConnect/vendor/laravel/framework/src/Illuminate/Container/Container.php:799
/home/joseph/projects/RideConnect/vendor/laravel/framework/src/Illuminate/Console/Command.php:211
/home/joseph/projects/RideConnect/vendor/symfony/console/Command/Command.php:341
/home/joseph/projects/RideConnect/vendor/laravel/framework/src/Illuminate/Console/Command.php:180
/home/joseph/projects/RideConnect/vendor/symfony/console/Application.php:1094
/home/joseph/projects/RideConnect/vendor/symfony/console/Application.php:356
/home/joseph/projects/RideConnect/vendor/symfony/console/Application.php:195
/home/joseph/projects/RideConnect/vendor/laravel/framework/src/Illuminate/Console/Application.php:165
/home/joseph/projects/RideConnect/vendor/laravel/framework/src/Illuminate/Foundation/Console/Kernel.php:447
/home/joseph/projects/RideConnect/vendor/laravel/framework/src/Illuminate/Testing/PendingCommand.php:451
/home/joseph/projects/RideConnect/vendor/laravel/framework/src/Illuminate/Testing/PendingCommand.php:675
/home/joseph/projects/RideConnect/vendor/laravel/framework/src/Illuminate/Foundation/Testing/Concerns/InteractsWithConsole.php:87
/home/joseph/projects/RideConnect/vendor/laravel/framework/src/Illuminate/Foundation/Testing/RefreshDatabase.php:119
/home/joseph/projects/RideConnect/vendor/laravel/framework/src/Illuminate/Foundation/Testing/RefreshDatabase.php:84
/home/joseph/projects/RideConnect/vendor/laravel/framework/src/Illuminate/Foundation/Testing/RefreshDatabase.php:25
/home/joseph/projects/RideConnect/vendor/laravel/framework/src/Illuminate/Foundation/Testing/Concerns/InteractsWithTestCaseLifecycle.php:217
/home/joseph/projects/RideConnect/vendor/laravel/framework/src/Illuminate/Foundation/Testing/Concerns/InteractsWithTestCaseLifecycle.php:101
/home/joseph/projects/RideConnect/vendor/laravel/framework/src/Illuminate/Foundation/Testing/TestCase.php:63</error>
        </testcase>
        <testcase name="can_create_trip_directly_for_on_demand_ride" file="/home/joseph/projects/RideConnect/tests/Feature/RideTransportClassificationTest.php" line="93" class="Tests\Feature\RideTransportClassificationTest" classname="Tests.Feature.RideTransportClassificationTest" assertions="0" time="0.000000">
          <error type="Illuminate\Database\QueryException">Tests\Feature\RideTransportClassificationTest::can_create_trip_directly_for_on_demand_ride
Illuminate\Database\QueryException: could not find driver (Connection: sqlite, Database: :memory:, SQL: select exists (select 1 from "main".sqlite_master where name = 'migrations' and type = 'table') as "exists")

/home/joseph/projects/RideConnect/vendor/laravel/framework/src/Illuminate/Database/Connection.php:838
/home/joseph/projects/RideConnect/vendor/laravel/framework/src/Illuminate/Database/Connection.php:794
/home/joseph/projects/RideConnect/vendor/laravel/framework/src/Illuminate/Database/Connection.php:411
/home/joseph/projects/RideConnect/vendor/laravel/framework/src/Illuminate/Database/Connection.php:357
/home/joseph/projects/RideConnect/vendor/laravel/framework/src/Illuminate/Database/Connection.php:374
/home/joseph/projects/RideConnect/vendor/laravel/framework/src/Illuminate/Database/Schema/Builder.php:176
/home/joseph/projects/RideConnect/vendor/laravel/framework/src/Illuminate/Database/Migrations/DatabaseMigrationRepository.php:185
/home/joseph/projects/RideConnect/vendor/laravel/framework/src/Illuminate/Database/Migrations/Migrator.php:758
/home/joseph/projects/RideConnect/vendor/laravel/framework/src/Illuminate/Database/Console/Migrations/MigrateCommand.php:164
/home/joseph/projects/RideConnect/vendor/laravel/framework/src/Illuminate/Support/helpers.php:328
/home/joseph/projects/RideConnect/vendor/laravel/framework/src/Illuminate/Database/Console/Migrations/MigrateCommand.php:164
/home/joseph/projects/RideConnect/vendor/laravel/framework/src/Illuminate/Database/Console/Migrations/MigrateCommand.php:140
/home/joseph/projects/RideConnect/vendor/laravel/framework/src/Illuminate/Database/Console/Migrations/MigrateCommand.php:110
/home/joseph/projects/RideConnect/vendor/laravel/framework/src/Illuminate/Database/Migrations/Migrator.php:671
/home/joseph/projects/RideConnect/vendor/laravel/framework/src/Illuminate/Database/Console/Migrations/MigrateCommand.php:109
/home/joseph/projects/RideConnect/vendor/laravel/framework/src/Illuminate/Database/Console/Migrations/MigrateCommand.php:88
/home/joseph/projects/RideConnect/vendor/laravel/framework/src/Illuminate/Container/BoundMethod.php:36
/home/joseph/projects/RideConnect/vendor/laravel/framework/src/Illuminate/Container/Util.php:43
/home/joseph/projects/RideConnect/vendor/laravel/framework/src/Illuminate/Container/BoundMethod.php:96
/home/joseph/projects/RideConnect/vendor/laravel/framework/src/Illuminate/Container/BoundMethod.php:35
/home/joseph/projects/RideConnect/vendor/laravel/framework/src/Illuminate/Container/Container.php:799
/home/joseph/projects/RideConnect/vendor/laravel/framework/src/Illuminate/Console/Command.php:211
/home/joseph/projects/RideConnect/vendor/symfony/console/Command/Command.php:341
/home/joseph/projects/RideConnect/vendor/laravel/framework/src/Illuminate/Console/Command.php:180
/home/joseph/projects/RideConnect/vendor/laravel/framework/src/Illuminate/Console/Concerns/CallsCommands.php:68
/home/joseph/projects/RideConnect/vendor/laravel/framework/src/Illuminate/Console/Concerns/CallsCommands.php:29
/home/joseph/projects/RideConnect/vendor/laravel/framework/src/Illuminate/Database/Console/Migrations/FreshCommand.php:88
/home/joseph/projects/RideConnect/vendor/laravel/framework/src/Illuminate/Container/BoundMethod.php:36
/home/joseph/projects/RideConnect/vendor/laravel/framework/src/Illuminate/Container/Util.php:43
/home/joseph/projects/RideConnect/vendor/laravel/framework/src/Illuminate/Container/BoundMethod.php:96
/home/joseph/projects/RideConnect/vendor/laravel/framework/src/Illuminate/Container/BoundMethod.php:35
/home/joseph/projects/RideConnect/vendor/laravel/framework/src/Illuminate/Container/Container.php:799
/home/joseph/projects/RideConnect/vendor/laravel/framework/src/Illuminate/Console/Command.php:211
/home/joseph/projects/RideConnect/vendor/symfony/console/Command/Command.php:341
/home/joseph/projects/RideConnect/vendor/laravel/framework/src/Illuminate/Console/Command.php:180
/home/joseph/projects/RideConnect/vendor/symfony/console/Application.php:1094
/home/joseph/projects/RideConnect/vendor/symfony/console/Application.php:356
/home/joseph/projects/RideConnect/vendor/symfony/console/Application.php:195
/home/joseph/projects/RideConnect/vendor/laravel/framework/src/Illuminate/Console/Application.php:165
/home/joseph/projects/RideConnect/vendor/laravel/framework/src/Illuminate/Foundation/Console/Kernel.php:447
/home/joseph/projects/RideConnect/vendor/laravel/framework/src/Illuminate/Testing/PendingCommand.php:451
/home/joseph/projects/RideConnect/vendor/laravel/framework/src/Illuminate/Testing/PendingCommand.php:675
/home/joseph/projects/RideConnect/vendor/laravel/framework/src/Illuminate/Foundation/Testing/Concerns/InteractsWithConsole.php:87
/home/joseph/projects/RideConnect/vendor/laravel/framework/src/Illuminate/Foundation/Testing/RefreshDatabase.php:119
/home/joseph/projects/RideConnect/vendor/laravel/framework/src/Illuminate/Foundation/Testing/RefreshDatabase.php:84
/home/joseph/projects/RideConnect/vendor/laravel/framework/src/Illuminate/Foundation/Testing/RefreshDatabase.php:25
/home/joseph/projects/RideConnect/vendor/laravel/framework/src/Illuminate/Foundation/Testing/Concerns/InteractsWithTestCaseLifecycle.php:217
/home/joseph/projects/RideConnect/vendor/laravel/framework/src/Illuminate/Foundation/Testing/Concerns/InteractsWithTestCaseLifecycle.php:101
/home/joseph/projects/RideConnect/vendor/laravel/framework/src/Illuminate/Foundation/Testing/TestCase.php:63</error>
        </testcase>
        <testcase name="trip_from_booking_works_correctly" file="/home/joseph/projects/RideConnect/tests/Feature/RideTransportClassificationTest.php" line="130" class="Tests\Feature\RideTransportClassificationTest" classname="Tests.Feature.RideTransportClassificationTest" assertions="0" time="0.000000">
          <error type="Illuminate\Database\QueryException">Tests\Feature\RideTransportClassificationTest::trip_from_booking_works_correctly
Illuminate\Database\QueryException: could not find driver (Connection: sqlite, Database: :memory:, SQL: select exists (select 1 from "main".sqlite_master where name = 'migrations' and type = 'table') as "exists")

/home/joseph/projects/RideConnect/vendor/laravel/framework/src/Illuminate/Database/Connection.php:838
/home/joseph/projects/RideConnect/vendor/laravel/framework/src/Illuminate/Database/Connection.php:794
/home/joseph/projects/RideConnect/vendor/laravel/framework/src/Illuminate/Database/Connection.php:411
/home/joseph/projects/RideConnect/vendor/laravel/framework/src/Illuminate/Database/Connection.php:357
/home/joseph/projects/RideConnect/vendor/laravel/framework/src/Illuminate/Database/Connection.php:374
/home/joseph/projects/RideConnect/vendor/laravel/framework/src/Illuminate/Database/Schema/Builder.php:176
/home/joseph/projects/RideConnect/vendor/laravel/framework/src/Illuminate/Database/Migrations/DatabaseMigrationRepository.php:185
/home/joseph/projects/RideConnect/vendor/laravel/framework/src/Illuminate/Database/Migrations/Migrator.php:758
/home/joseph/projects/RideConnect/vendor/laravel/framework/src/Illuminate/Database/Console/Migrations/MigrateCommand.php:164
/home/joseph/projects/RideConnect/vendor/laravel/framework/src/Illuminate/Support/helpers.php:328
/home/joseph/projects/RideConnect/vendor/laravel/framework/src/Illuminate/Database/Console/Migrations/MigrateCommand.php:164
/home/joseph/projects/RideConnect/vendor/laravel/framework/src/Illuminate/Database/Console/Migrations/MigrateCommand.php:140
/home/joseph/projects/RideConnect/vendor/laravel/framework/src/Illuminate/Database/Console/Migrations/MigrateCommand.php:110
/home/joseph/projects/RideConnect/vendor/laravel/framework/src/Illuminate/Database/Migrations/Migrator.php:671
/home/joseph/projects/RideConnect/vendor/laravel/framework/src/Illuminate/Database/Console/Migrations/MigrateCommand.php:109
/home/joseph/projects/RideConnect/vendor/laravel/framework/src/Illuminate/Database/Console/Migrations/MigrateCommand.php:88
/home/joseph/projects/RideConnect/vendor/laravel/framework/src/Illuminate/Container/BoundMethod.php:36
/home/joseph/projects/RideConnect/vendor/laravel/framework/src/Illuminate/Container/Util.php:43
/home/joseph/projects/RideConnect/vendor/laravel/framework/src/Illuminate/Container/BoundMethod.php:96
/home/joseph/projects/RideConnect/vendor/laravel/framework/src/Illuminate/Container/BoundMethod.php:35
/home/joseph/projects/RideConnect/vendor/laravel/framework/src/Illuminate/Container/Container.php:799
/home/joseph/projects/RideConnect/vendor/laravel/framework/src/Illuminate/Console/Command.php:211
/home/joseph/projects/RideConnect/vendor/symfony/console/Command/Command.php:341
/home/joseph/projects/RideConnect/vendor/laravel/framework/src/Illuminate/Console/Command.php:180
/home/joseph/projects/RideConnect/vendor/laravel/framework/src/Illuminate/Console/Concerns/CallsCommands.php:68
/home/joseph/projects/RideConnect/vendor/laravel/framework/src/Illuminate/Console/Concerns/CallsCommands.php:29
/home/joseph/projects/RideConnect/vendor/laravel/framework/src/Illuminate/Database/Console/Migrations/FreshCommand.php:88
/home/joseph/projects/RideConnect/vendor/laravel/framework/src/Illuminate/Container/BoundMethod.php:36
/home/joseph/projects/RideConnect/vendor/laravel/framework/src/Illuminate/Container/Util.php:43
/home/joseph/projects/RideConnect/vendor/laravel/framework/src/Illuminate/Container/BoundMethod.php:96
/home/joseph/projects/RideConnect/vendor/laravel/framework/src/Illuminate/Container/BoundMethod.php:35
/home/joseph/projects/RideConnect/vendor/laravel/framework/src/Illuminate/Container/Container.php:799
/home/joseph/projects/RideConnect/vendor/laravel/framework/src/Illuminate/Console/Command.php:211
/home/joseph/projects/RideConnect/vendor/symfony/console/Command/Command.php:341
/home/joseph/projects/RideConnect/vendor/laravel/framework/src/Illuminate/Console/Command.php:180
/home/joseph/projects/RideConnect/vendor/symfony/console/Application.php:1094
/home/joseph/projects/RideConnect/vendor/symfony/console/Application.php:356
/home/joseph/projects/RideConnect/vendor/symfony/console/Application.php:195
/home/joseph/projects/RideConnect/vendor/laravel/framework/src/Illuminate/Console/Application.php:165
/home/joseph/projects/RideConnect/vendor/laravel/framework/src/Illuminate/Foundation/Console/Kernel.php:447
/home/joseph/projects/RideConnect/vendor/laravel/framework/src/Illuminate/Testing/PendingCommand.php:451
/home/joseph/projects/RideConnect/vendor/laravel/framework/src/Illuminate/Testing/PendingCommand.php:675
/home/joseph/projects/RideConnect/vendor/laravel/framework/src/Illuminate/Foundation/Testing/Concerns/InteractsWithConsole.php:87
/home/joseph/projects/RideConnect/vendor/laravel/framework/src/Illuminate/Foundation/Testing/RefreshDatabase.php:119
/home/joseph/projects/RideConnect/vendor/laravel/framework/src/Illuminate/Foundation/Testing/RefreshDatabase.php:84
/home/joseph/projects/RideConnect/vendor/laravel/framework/src/Illuminate/Foundation/Testing/RefreshDatabase.php:25
/home/joseph/projects/RideConnect/vendor/laravel/framework/src/Illuminate/Foundation/Testing/Concerns/InteractsWithTestCaseLifecycle.php:217
/home/joseph/projects/RideConnect/vendor/laravel/framework/src/Illuminate/Foundation/Testing/Concerns/InteractsWithTestCaseLifecycle.php:101
/home/joseph/projects/RideConnect/vendor/laravel/framework/src/Illuminate/Foundation/Testing/TestCase.php:63</error>
        </testcase>
        <testcase name="ride_classification_works_correctly" file="/home/joseph/projects/RideConnect/tests/Feature/RideTransportClassificationTest.php" line="169" class="Tests\Feature\RideTransportClassificationTest" classname="Tests.Feature.RideTransportClassificationTest" assertions="0" time="0.000000">
          <error type="Illuminate\Database\QueryException">Tests\Feature\RideTransportClassificationTest::ride_classification_works_correctly
Illuminate\Database\QueryException: could not find driver (Connection: sqlite, Database: :memory:, SQL: select exists (select 1 from "main".sqlite_master where name = 'migrations' and type = 'table') as "exists")

/home/joseph/projects/RideConnect/vendor/laravel/framework/src/Illuminate/Database/Connection.php:838
/home/joseph/projects/RideConnect/vendor/laravel/framework/src/Illuminate/Database/Connection.php:794
/home/joseph/projects/RideConnect/vendor/laravel/framework/src/Illuminate/Database/Connection.php:411
/home/joseph/projects/RideConnect/vendor/laravel/framework/src/Illuminate/Database/Connection.php:357
/home/joseph/projects/RideConnect/vendor/laravel/framework/src/Illuminate/Database/Connection.php:374
/home/joseph/projects/RideConnect/vendor/laravel/framework/src/Illuminate/Database/Schema/Builder.php:176
/home/joseph/projects/RideConnect/vendor/laravel/framework/src/Illuminate/Database/Migrations/DatabaseMigrationRepository.php:185
/home/joseph/projects/RideConnect/vendor/laravel/framework/src/Illuminate/Database/Migrations/Migrator.php:758
/home/joseph/projects/RideConnect/vendor/laravel/framework/src/Illuminate/Database/Console/Migrations/MigrateCommand.php:164
/home/joseph/projects/RideConnect/vendor/laravel/framework/src/Illuminate/Support/helpers.php:328
/home/joseph/projects/RideConnect/vendor/laravel/framework/src/Illuminate/Database/Console/Migrations/MigrateCommand.php:164
/home/joseph/projects/RideConnect/vendor/laravel/framework/src/Illuminate/Database/Console/Migrations/MigrateCommand.php:140
/home/joseph/projects/RideConnect/vendor/laravel/framework/src/Illuminate/Database/Console/Migrations/MigrateCommand.php:110
/home/joseph/projects/RideConnect/vendor/laravel/framework/src/Illuminate/Database/Migrations/Migrator.php:671
/home/joseph/projects/RideConnect/vendor/laravel/framework/src/Illuminate/Database/Console/Migrations/MigrateCommand.php:109
/home/joseph/projects/RideConnect/vendor/laravel/framework/src/Illuminate/Database/Console/Migrations/MigrateCommand.php:88
/home/joseph/projects/RideConnect/vendor/laravel/framework/src/Illuminate/Container/BoundMethod.php:36
/home/joseph/projects/RideConnect/vendor/laravel/framework/src/Illuminate/Container/Util.php:43
/home/joseph/projects/RideConnect/vendor/laravel/framework/src/Illuminate/Container/BoundMethod.php:96
/home/joseph/projects/RideConnect/vendor/laravel/framework/src/Illuminate/Container/BoundMethod.php:35
/home/joseph/projects/RideConnect/vendor/laravel/framework/src/Illuminate/Container/Container.php:799
/home/joseph/projects/RideConnect/vendor/laravel/framework/src/Illuminate/Console/Command.php:211
/home/joseph/projects/RideConnect/vendor/symfony/console/Command/Command.php:341
/home/joseph/projects/RideConnect/vendor/laravel/framework/src/Illuminate/Console/Command.php:180
/home/joseph/projects/RideConnect/vendor/laravel/framework/src/Illuminate/Console/Concerns/CallsCommands.php:68
/home/joseph/projects/RideConnect/vendor/laravel/framework/src/Illuminate/Console/Concerns/CallsCommands.php:29
/home/joseph/projects/RideConnect/vendor/laravel/framework/src/Illuminate/Database/Console/Migrations/FreshCommand.php:88
/home/joseph/projects/RideConnect/vendor/laravel/framework/src/Illuminate/Container/BoundMethod.php:36
/home/joseph/projects/RideConnect/vendor/laravel/framework/src/Illuminate/Container/Util.php:43
/home/joseph/projects/RideConnect/vendor/laravel/framework/src/Illuminate/Container/BoundMethod.php:96
/home/joseph/projects/RideConnect/vendor/laravel/framework/src/Illuminate/Container/BoundMethod.php:35
/home/joseph/projects/RideConnect/vendor/laravel/framework/src/Illuminate/Container/Container.php:799
/home/joseph/projects/RideConnect/vendor/laravel/framework/src/Illuminate/Console/Command.php:211
/home/joseph/projects/RideConnect/vendor/symfony/console/Command/Command.php:341
/home/joseph/projects/RideConnect/vendor/laravel/framework/src/Illuminate/Console/Command.php:180
/home/joseph/projects/RideConnect/vendor/symfony/console/Application.php:1094
/home/joseph/projects/RideConnect/vendor/symfony/console/Application.php:356
/home/joseph/projects/RideConnect/vendor/symfony/console/Application.php:195
/home/joseph/projects/RideConnect/vendor/laravel/framework/src/Illuminate/Console/Application.php:165
/home/joseph/projects/RideConnect/vendor/laravel/framework/src/Illuminate/Foundation/Console/Kernel.php:447
/home/joseph/projects/RideConnect/vendor/laravel/framework/src/Illuminate/Testing/PendingCommand.php:451
/home/joseph/projects/RideConnect/vendor/laravel/framework/src/Illuminate/Testing/PendingCommand.php:675
/home/joseph/projects/RideConnect/vendor/laravel/framework/src/Illuminate/Foundation/Testing/Concerns/InteractsWithConsole.php:87
/home/joseph/projects/RideConnect/vendor/laravel/framework/src/Illuminate/Foundation/Testing/RefreshDatabase.php:119
/home/joseph/projects/RideConnect/vendor/laravel/framework/src/Illuminate/Foundation/Testing/RefreshDatabase.php:84
/home/joseph/projects/RideConnect/vendor/laravel/framework/src/Illuminate/Foundation/Testing/RefreshDatabase.php:25
/home/joseph/projects/RideConnect/vendor/laravel/framework/src/Illuminate/Foundation/Testing/Concerns/InteractsWithTestCaseLifecycle.php:217
/home/joseph/projects/RideConnect/vendor/laravel/framework/src/Illuminate/Foundation/Testing/Concerns/InteractsWithTestCaseLifecycle.php:101
/home/joseph/projects/RideConnect/vendor/laravel/framework/src/Illuminate/Foundation/Testing/TestCase.php:63</error>
        </testcase>
        <testcase name="ride_validation_rules_work" file="/home/joseph/projects/RideConnect/tests/Feature/RideTransportClassificationTest.php" line="211" class="Tests\Feature\RideTransportClassificationTest" classname="Tests.Feature.RideTransportClassificationTest" assertions="0" time="0.000000">
          <error type="Illuminate\Database\QueryException">Tests\Feature\RideTransportClassificationTest::ride_validation_rules_work
Illuminate\Database\QueryException: could not find driver (Connection: sqlite, Database: :memory:, SQL: select exists (select 1 from "main".sqlite_master where name = 'migrations' and type = 'table') as "exists")

/home/joseph/projects/RideConnect/vendor/laravel/framework/src/Illuminate/Database/Connection.php:838
/home/joseph/projects/RideConnect/vendor/laravel/framework/src/Illuminate/Database/Connection.php:794
/home/joseph/projects/RideConnect/vendor/laravel/framework/src/Illuminate/Database/Connection.php:411
/home/joseph/projects/RideConnect/vendor/laravel/framework/src/Illuminate/Database/Connection.php:357
/home/joseph/projects/RideConnect/vendor/laravel/framework/src/Illuminate/Database/Connection.php:374
/home/joseph/projects/RideConnect/vendor/laravel/framework/src/Illuminate/Database/Schema/Builder.php:176
/home/joseph/projects/RideConnect/vendor/laravel/framework/src/Illuminate/Database/Migrations/DatabaseMigrationRepository.php:185
/home/joseph/projects/RideConnect/vendor/laravel/framework/src/Illuminate/Database/Migrations/Migrator.php:758
/home/joseph/projects/RideConnect/vendor/laravel/framework/src/Illuminate/Database/Console/Migrations/MigrateCommand.php:164
/home/joseph/projects/RideConnect/vendor/laravel/framework/src/Illuminate/Support/helpers.php:328
/home/joseph/projects/RideConnect/vendor/laravel/framework/src/Illuminate/Database/Console/Migrations/MigrateCommand.php:164
/home/joseph/projects/RideConnect/vendor/laravel/framework/src/Illuminate/Database/Console/Migrations/MigrateCommand.php:140
/home/joseph/projects/RideConnect/vendor/laravel/framework/src/Illuminate/Database/Console/Migrations/MigrateCommand.php:110
/home/joseph/projects/RideConnect/vendor/laravel/framework/src/Illuminate/Database/Migrations/Migrator.php:671
/home/joseph/projects/RideConnect/vendor/laravel/framework/src/Illuminate/Database/Console/Migrations/MigrateCommand.php:109
/home/joseph/projects/RideConnect/vendor/laravel/framework/src/Illuminate/Database/Console/Migrations/MigrateCommand.php:88
/home/joseph/projects/RideConnect/vendor/laravel/framework/src/Illuminate/Container/BoundMethod.php:36
/home/joseph/projects/RideConnect/vendor/laravel/framework/src/Illuminate/Container/Util.php:43
/home/joseph/projects/RideConnect/vendor/laravel/framework/src/Illuminate/Container/BoundMethod.php:96
/home/joseph/projects/RideConnect/vendor/laravel/framework/src/Illuminate/Container/BoundMethod.php:35
/home/joseph/projects/RideConnect/vendor/laravel/framework/src/Illuminate/Container/Container.php:799
/home/joseph/projects/RideConnect/vendor/laravel/framework/src/Illuminate/Console/Command.php:211
/home/joseph/projects/RideConnect/vendor/symfony/console/Command/Command.php:341
/home/joseph/projects/RideConnect/vendor/laravel/framework/src/Illuminate/Console/Command.php:180
/home/joseph/projects/RideConnect/vendor/laravel/framework/src/Illuminate/Console/Concerns/CallsCommands.php:68
/home/joseph/projects/RideConnect/vendor/laravel/framework/src/Illuminate/Console/Concerns/CallsCommands.php:29
/home/joseph/projects/RideConnect/vendor/laravel/framework/src/Illuminate/Database/Console/Migrations/FreshCommand.php:88
/home/joseph/projects/RideConnect/vendor/laravel/framework/src/Illuminate/Container/BoundMethod.php:36
/home/joseph/projects/RideConnect/vendor/laravel/framework/src/Illuminate/Container/Util.php:43
/home/joseph/projects/RideConnect/vendor/laravel/framework/src/Illuminate/Container/BoundMethod.php:96
/home/joseph/projects/RideConnect/vendor/laravel/framework/src/Illuminate/Container/BoundMethod.php:35
/home/joseph/projects/RideConnect/vendor/laravel/framework/src/Illuminate/Container/Container.php:799
/home/joseph/projects/RideConnect/vendor/laravel/framework/src/Illuminate/Console/Command.php:211
/home/joseph/projects/RideConnect/vendor/symfony/console/Command/Command.php:341
/home/joseph/projects/RideConnect/vendor/laravel/framework/src/Illuminate/Console/Command.php:180
/home/joseph/projects/RideConnect/vendor/symfony/console/Application.php:1094
/home/joseph/projects/RideConnect/vendor/symfony/console/Application.php:356
/home/joseph/projects/RideConnect/vendor/symfony/console/Application.php:195
/home/joseph/projects/RideConnect/vendor/laravel/framework/src/Illuminate/Console/Application.php:165
/home/joseph/projects/RideConnect/vendor/laravel/framework/src/Illuminate/Foundation/Console/Kernel.php:447
/home/joseph/projects/RideConnect/vendor/laravel/framework/src/Illuminate/Testing/PendingCommand.php:451
/home/joseph/projects/RideConnect/vendor/laravel/framework/src/Illuminate/Testing/PendingCommand.php:675
/home/joseph/projects/RideConnect/vendor/laravel/framework/src/Illuminate/Foundation/Testing/Concerns/InteractsWithConsole.php:87
/home/joseph/projects/RideConnect/vendor/laravel/framework/src/Illuminate/Foundation/Testing/RefreshDatabase.php:119
/home/joseph/projects/RideConnect/vendor/laravel/framework/src/Illuminate/Foundation/Testing/RefreshDatabase.php:84
/home/joseph/projects/RideConnect/vendor/laravel/framework/src/Illuminate/Foundation/Testing/RefreshDatabase.php:25
/home/joseph/projects/RideConnect/vendor/laravel/framework/src/Illuminate/Foundation/Testing/Concerns/InteractsWithTestCaseLifecycle.php:217
/home/joseph/projects/RideConnect/vendor/laravel/framework/src/Illuminate/Foundation/Testing/Concerns/InteractsWithTestCaseLifecycle.php:101
/home/joseph/projects/RideConnect/vendor/laravel/framework/src/Illuminate/Foundation/Testing/TestCase.php:63</error>
        </testcase>
      </testsuite>
      <testsuite name="Tests\Feature\SettlementIdempotencyTest" file="/home/joseph/projects/RideConnect/tests/Feature/SettlementIdempotencyTest.php" tests="5" assertions="0" errors="5" failures="0" skipped="0" time="0.000000">
        <testcase name="test_first_settlement_creates_payout_record" file="/home/joseph/projects/RideConnect/tests/Feature/SettlementIdempotencyTest.php" line="43" class="Tests\Feature\SettlementIdempotencyTest" classname="Tests.Feature.SettlementIdempotencyTest" assertions="0" time="0.000000">
          <error type="Illuminate\Database\QueryException">Tests\Feature\SettlementIdempotencyTest::test_first_settlement_creates_payout_record
Illuminate\Database\QueryException: could not find driver (Connection: sqlite, Database: :memory:, SQL: select exists (select 1 from "main".sqlite_master where name = 'migrations' and type = 'table') as "exists")

/home/joseph/projects/RideConnect/vendor/laravel/framework/src/Illuminate/Database/Connection.php:838
/home/joseph/projects/RideConnect/vendor/laravel/framework/src/Illuminate/Database/Connection.php:794
/home/joseph/projects/RideConnect/vendor/laravel/framework/src/Illuminate/Database/Connection.php:411
/home/joseph/projects/RideConnect/vendor/laravel/framework/src/Illuminate/Database/Connection.php:357
/home/joseph/projects/RideConnect/vendor/laravel/framework/src/Illuminate/Database/Connection.php:374
/home/joseph/projects/RideConnect/vendor/laravel/framework/src/Illuminate/Database/Schema/Builder.php:176
/home/joseph/projects/RideConnect/vendor/laravel/framework/src/Illuminate/Database/Migrations/DatabaseMigrationRepository.php:185
/home/joseph/projects/RideConnect/vendor/laravel/framework/src/Illuminate/Database/Migrations/Migrator.php:758
/home/joseph/projects/RideConnect/vendor/laravel/framework/src/Illuminate/Database/Console/Migrations/MigrateCommand.php:164
/home/joseph/projects/RideConnect/vendor/laravel/framework/src/Illuminate/Support/helpers.php:328
/home/joseph/projects/RideConnect/vendor/laravel/framework/src/Illuminate/Database/Console/Migrations/MigrateCommand.php:164
/home/joseph/projects/RideConnect/vendor/laravel/framework/src/Illuminate/Database/Console/Migrations/MigrateCommand.php:140
/home/joseph/projects/RideConnect/vendor/laravel/framework/src/Illuminate/Database/Console/Migrations/MigrateCommand.php:110
/home/joseph/projects/RideConnect/vendor/laravel/framework/src/Illuminate/Database/Migrations/Migrator.php:671
/home/joseph/projects/RideConnect/vendor/laravel/framework/src/Illuminate/Database/Console/Migrations/MigrateCommand.php:109
/home/joseph/projects/RideConnect/vendor/laravel/framework/src/Illuminate/Database/Console/Migrations/MigrateCommand.php:88
/home/joseph/projects/RideConnect/vendor/laravel/framework/src/Illuminate/Container/BoundMethod.php:36
/home/joseph/projects/RideConnect/vendor/laravel/framework/src/Illuminate/Container/Util.php:43
/home/joseph/projects/RideConnect/vendor/laravel/framework/src/Illuminate/Container/BoundMethod.php:96
/home/joseph/projects/RideConnect/vendor/laravel/framework/src/Illuminate/Container/BoundMethod.php:35
/home/joseph/projects/RideConnect/vendor/laravel/framework/src/Illuminate/Container/Container.php:799
/home/joseph/projects/RideConnect/vendor/laravel/framework/src/Illuminate/Console/Command.php:211
/home/joseph/projects/RideConnect/vendor/symfony/console/Command/Command.php:341
/home/joseph/projects/RideConnect/vendor/laravel/framework/src/Illuminate/Console/Command.php:180
/home/joseph/projects/RideConnect/vendor/laravel/framework/src/Illuminate/Console/Concerns/CallsCommands.php:68
/home/joseph/projects/RideConnect/vendor/laravel/framework/src/Illuminate/Console/Concerns/CallsCommands.php:29
/home/joseph/projects/RideConnect/vendor/laravel/framework/src/Illuminate/Database/Console/Migrations/FreshCommand.php:88
/home/joseph/projects/RideConnect/vendor/laravel/framework/src/Illuminate/Container/BoundMethod.php:36
/home/joseph/projects/RideConnect/vendor/laravel/framework/src/Illuminate/Container/Util.php:43
/home/joseph/projects/RideConnect/vendor/laravel/framework/src/Illuminate/Container/BoundMethod.php:96
/home/joseph/projects/RideConnect/vendor/laravel/framework/src/Illuminate/Container/BoundMethod.php:35
/home/joseph/projects/RideConnect/vendor/laravel/framework/src/Illuminate/Container/Container.php:799
/home/joseph/projects/RideConnect/vendor/laravel/framework/src/Illuminate/Console/Command.php:211
/home/joseph/projects/RideConnect/vendor/symfony/console/Command/Command.php:341
/home/joseph/projects/RideConnect/vendor/laravel/framework/src/Illuminate/Console/Command.php:180
/home/joseph/projects/RideConnect/vendor/symfony/console/Application.php:1094
/home/joseph/projects/RideConnect/vendor/symfony/console/Application.php:356
/home/joseph/projects/RideConnect/vendor/symfony/console/Application.php:195
/home/joseph/projects/RideConnect/vendor/laravel/framework/src/Illuminate/Console/Application.php:165
/home/joseph/projects/RideConnect/vendor/laravel/framework/src/Illuminate/Foundation/Console/Kernel.php:447
/home/joseph/projects/RideConnect/vendor/laravel/framework/src/Illuminate/Testing/PendingCommand.php:451
/home/joseph/projects/RideConnect/vendor/laravel/framework/src/Illuminate/Testing/PendingCommand.php:675
/home/joseph/projects/RideConnect/vendor/laravel/framework/src/Illuminate/Foundation/Testing/Concerns/InteractsWithConsole.php:87
/home/joseph/projects/RideConnect/vendor/laravel/framework/src/Illuminate/Foundation/Testing/RefreshDatabase.php:119
/home/joseph/projects/RideConnect/vendor/laravel/framework/src/Illuminate/Foundation/Testing/RefreshDatabase.php:84
/home/joseph/projects/RideConnect/vendor/laravel/framework/src/Illuminate/Foundation/Testing/RefreshDatabase.php:25
/home/joseph/projects/RideConnect/vendor/laravel/framework/src/Illuminate/Foundation/Testing/Concerns/InteractsWithTestCaseLifecycle.php:217
/home/joseph/projects/RideConnect/vendor/laravel/framework/src/Illuminate/Foundation/Testing/Concerns/InteractsWithTestCaseLifecycle.php:101
/home/joseph/projects/RideConnect/vendor/laravel/framework/src/Illuminate/Foundation/Testing/TestCase.php:63
/home/joseph/projects/RideConnect/tests/Feature/SettlementIdempotencyTest.php:31</error>
        </testcase>
        <testcase name="test_second_settlement_same_date_is_idempotent" file="/home/joseph/projects/RideConnect/tests/Feature/SettlementIdempotencyTest.php" line="59" class="Tests\Feature\SettlementIdempotencyTest" classname="Tests.Feature.SettlementIdempotencyTest" assertions="0" time="0.000000">
          <error type="Illuminate\Database\QueryException">Tests\Feature\SettlementIdempotencyTest::test_second_settlement_same_date_is_idempotent
Illuminate\Database\QueryException: could not find driver (Connection: sqlite, Database: :memory:, SQL: select exists (select 1 from "main".sqlite_master where name = 'migrations' and type = 'table') as "exists")

/home/joseph/projects/RideConnect/vendor/laravel/framework/src/Illuminate/Database/Connection.php:838
/home/joseph/projects/RideConnect/vendor/laravel/framework/src/Illuminate/Database/Connection.php:794
/home/joseph/projects/RideConnect/vendor/laravel/framework/src/Illuminate/Database/Connection.php:411
/home/joseph/projects/RideConnect/vendor/laravel/framework/src/Illuminate/Database/Connection.php:357
/home/joseph/projects/RideConnect/vendor/laravel/framework/src/Illuminate/Database/Connection.php:374
/home/joseph/projects/RideConnect/vendor/laravel/framework/src/Illuminate/Database/Schema/Builder.php:176
/home/joseph/projects/RideConnect/vendor/laravel/framework/src/Illuminate/Database/Migrations/DatabaseMigrationRepository.php:185
/home/joseph/projects/RideConnect/vendor/laravel/framework/src/Illuminate/Database/Migrations/Migrator.php:758
/home/joseph/projects/RideConnect/vendor/laravel/framework/src/Illuminate/Database/Console/Migrations/MigrateCommand.php:164
/home/joseph/projects/RideConnect/vendor/laravel/framework/src/Illuminate/Support/helpers.php:328
/home/joseph/projects/RideConnect/vendor/laravel/framework/src/Illuminate/Database/Console/Migrations/MigrateCommand.php:164
/home/joseph/projects/RideConnect/vendor/laravel/framework/src/Illuminate/Database/Console/Migrations/MigrateCommand.php:140
/home/joseph/projects/RideConnect/vendor/laravel/framework/src/Illuminate/Database/Console/Migrations/MigrateCommand.php:110
/home/joseph/projects/RideConnect/vendor/laravel/framework/src/Illuminate/Database/Migrations/Migrator.php:671
/home/joseph/projects/RideConnect/vendor/laravel/framework/src/Illuminate/Database/Console/Migrations/MigrateCommand.php:109
/home/joseph/projects/RideConnect/vendor/laravel/framework/src/Illuminate/Database/Console/Migrations/MigrateCommand.php:88
/home/joseph/projects/RideConnect/vendor/laravel/framework/src/Illuminate/Container/BoundMethod.php:36
/home/joseph/projects/RideConnect/vendor/laravel/framework/src/Illuminate/Container/Util.php:43
/home/joseph/projects/RideConnect/vendor/laravel/framework/src/Illuminate/Container/BoundMethod.php:96
/home/joseph/projects/RideConnect/vendor/laravel/framework/src/Illuminate/Container/BoundMethod.php:35
/home/joseph/projects/RideConnect/vendor/laravel/framework/src/Illuminate/Container/Container.php:799
/home/joseph/projects/RideConnect/vendor/laravel/framework/src/Illuminate/Console/Command.php:211
/home/joseph/projects/RideConnect/vendor/symfony/console/Command/Command.php:341
/home/joseph/projects/RideConnect/vendor/laravel/framework/src/Illuminate/Console/Command.php:180
/home/joseph/projects/RideConnect/vendor/laravel/framework/src/Illuminate/Console/Concerns/CallsCommands.php:68
/home/joseph/projects/RideConnect/vendor/laravel/framework/src/Illuminate/Console/Concerns/CallsCommands.php:29
/home/joseph/projects/RideConnect/vendor/laravel/framework/src/Illuminate/Database/Console/Migrations/FreshCommand.php:88
/home/joseph/projects/RideConnect/vendor/laravel/framework/src/Illuminate/Container/BoundMethod.php:36
/home/joseph/projects/RideConnect/vendor/laravel/framework/src/Illuminate/Container/Util.php:43
/home/joseph/projects/RideConnect/vendor/laravel/framework/src/Illuminate/Container/BoundMethod.php:96
/home/joseph/projects/RideConnect/vendor/laravel/framework/src/Illuminate/Container/BoundMethod.php:35
/home/joseph/projects/RideConnect/vendor/laravel/framework/src/Illuminate/Container/Container.php:799
/home/joseph/projects/RideConnect/vendor/laravel/framework/src/Illuminate/Console/Command.php:211
/home/joseph/projects/RideConnect/vendor/symfony/console/Command/Command.php:341
/home/joseph/projects/RideConnect/vendor/laravel/framework/src/Illuminate/Console/Command.php:180
/home/joseph/projects/RideConnect/vendor/symfony/console/Application.php:1094
/home/joseph/projects/RideConnect/vendor/symfony/console/Application.php:356
/home/joseph/projects/RideConnect/vendor/symfony/console/Application.php:195
/home/joseph/projects/RideConnect/vendor/laravel/framework/src/Illuminate/Console/Application.php:165
/home/joseph/projects/RideConnect/vendor/laravel/framework/src/Illuminate/Foundation/Console/Kernel.php:447
/home/joseph/projects/RideConnect/vendor/laravel/framework/src/Illuminate/Testing/PendingCommand.php:451
/home/joseph/projects/RideConnect/vendor/laravel/framework/src/Illuminate/Testing/PendingCommand.php:675
/home/joseph/projects/RideConnect/vendor/laravel/framework/src/Illuminate/Foundation/Testing/Concerns/InteractsWithConsole.php:87
/home/joseph/projects/RideConnect/vendor/laravel/framework/src/Illuminate/Foundation/Testing/RefreshDatabase.php:119
/home/joseph/projects/RideConnect/vendor/laravel/framework/src/Illuminate/Foundation/Testing/RefreshDatabase.php:84
/home/joseph/projects/RideConnect/vendor/laravel/framework/src/Illuminate/Foundation/Testing/RefreshDatabase.php:25
/home/joseph/projects/RideConnect/vendor/laravel/framework/src/Illuminate/Foundation/Testing/Concerns/InteractsWithTestCaseLifecycle.php:217
/home/joseph/projects/RideConnect/vendor/laravel/framework/src/Illuminate/Foundation/Testing/Concerns/InteractsWithTestCaseLifecycle.php:101
/home/joseph/projects/RideConnect/vendor/laravel/framework/src/Illuminate/Foundation/Testing/TestCase.php:63
/home/joseph/projects/RideConnect/tests/Feature/SettlementIdempotencyTest.php:31</error>
        </testcase>
        <testcase name="test_different_date_creates_new_payout" file="/home/joseph/projects/RideConnect/tests/Feature/SettlementIdempotencyTest.php" line="80" class="Tests\Feature\SettlementIdempotencyTest" classname="Tests.Feature.SettlementIdempotencyTest" assertions="0" time="0.000000">
          <error type="Illuminate\Database\QueryException">Tests\Feature\SettlementIdempotencyTest::test_different_date_creates_new_payout
Illuminate\Database\QueryException: could not find driver (Connection: sqlite, Database: :memory:, SQL: select exists (select 1 from "main".sqlite_master where name = 'migrations' and type = 'table') as "exists")

/home/joseph/projects/RideConnect/vendor/laravel/framework/src/Illuminate/Database/Connection.php:838
/home/joseph/projects/RideConnect/vendor/laravel/framework/src/Illuminate/Database/Connection.php:794
/home/joseph/projects/RideConnect/vendor/laravel/framework/src/Illuminate/Database/Connection.php:411
/home/joseph/projects/RideConnect/vendor/laravel/framework/src/Illuminate/Database/Connection.php:357
/home/joseph/projects/RideConnect/vendor/laravel/framework/src/Illuminate/Database/Connection.php:374
/home/joseph/projects/RideConnect/vendor/laravel/framework/src/Illuminate/Database/Schema/Builder.php:176
/home/joseph/projects/RideConnect/vendor/laravel/framework/src/Illuminate/Database/Migrations/DatabaseMigrationRepository.php:185
/home/joseph/projects/RideConnect/vendor/laravel/framework/src/Illuminate/Database/Migrations/Migrator.php:758
/home/joseph/projects/RideConnect/vendor/laravel/framework/src/Illuminate/Database/Console/Migrations/MigrateCommand.php:164
/home/joseph/projects/RideConnect/vendor/laravel/framework/src/Illuminate/Support/helpers.php:328
/home/joseph/projects/RideConnect/vendor/laravel/framework/src/Illuminate/Database/Console/Migrations/MigrateCommand.php:164
/home/joseph/projects/RideConnect/vendor/laravel/framework/src/Illuminate/Database/Console/Migrations/MigrateCommand.php:140
/home/joseph/projects/RideConnect/vendor/laravel/framework/src/Illuminate/Database/Console/Migrations/MigrateCommand.php:110
/home/joseph/projects/RideConnect/vendor/laravel/framework/src/Illuminate/Database/Migrations/Migrator.php:671
/home/joseph/projects/RideConnect/vendor/laravel/framework/src/Illuminate/Database/Console/Migrations/MigrateCommand.php:109
/home/joseph/projects/RideConnect/vendor/laravel/framework/src/Illuminate/Database/Console/Migrations/MigrateCommand.php:88
/home/joseph/projects/RideConnect/vendor/laravel/framework/src/Illuminate/Container/BoundMethod.php:36
/home/joseph/projects/RideConnect/vendor/laravel/framework/src/Illuminate/Container/Util.php:43
/home/joseph/projects/RideConnect/vendor/laravel/framework/src/Illuminate/Container/BoundMethod.php:96
/home/joseph/projects/RideConnect/vendor/laravel/framework/src/Illuminate/Container/BoundMethod.php:35
/home/joseph/projects/RideConnect/vendor/laravel/framework/src/Illuminate/Container/Container.php:799
/home/joseph/projects/RideConnect/vendor/laravel/framework/src/Illuminate/Console/Command.php:211
/home/joseph/projects/RideConnect/vendor/symfony/console/Command/Command.php:341
/home/joseph/projects/RideConnect/vendor/laravel/framework/src/Illuminate/Console/Command.php:180
/home/joseph/projects/RideConnect/vendor/laravel/framework/src/Illuminate/Console/Concerns/CallsCommands.php:68
/home/joseph/projects/RideConnect/vendor/laravel/framework/src/Illuminate/Console/Concerns/CallsCommands.php:29
/home/joseph/projects/RideConnect/vendor/laravel/framework/src/Illuminate/Database/Console/Migrations/FreshCommand.php:88
/home/joseph/projects/RideConnect/vendor/laravel/framework/src/Illuminate/Container/BoundMethod.php:36
/home/joseph/projects/RideConnect/vendor/laravel/framework/src/Illuminate/Container/Util.php:43
/home/joseph/projects/RideConnect/vendor/laravel/framework/src/Illuminate/Container/BoundMethod.php:96
/home/joseph/projects/RideConnect/vendor/laravel/framework/src/Illuminate/Container/BoundMethod.php:35
/home/joseph/projects/RideConnect/vendor/laravel/framework/src/Illuminate/Container/Container.php:799
/home/joseph/projects/RideConnect/vendor/laravel/framework/src/Illuminate/Console/Command.php:211
/home/joseph/projects/RideConnect/vendor/symfony/console/Command/Command.php:341
/home/joseph/projects/RideConnect/vendor/laravel/framework/src/Illuminate/Console/Command.php:180
/home/joseph/projects/RideConnect/vendor/symfony/console/Application.php:1094
/home/joseph/projects/RideConnect/vendor/symfony/console/Application.php:356
/home/joseph/projects/RideConnect/vendor/symfony/console/Application.php:195
/home/joseph/projects/RideConnect/vendor/laravel/framework/src/Illuminate/Console/Application.php:165
/home/joseph/projects/RideConnect/vendor/laravel/framework/src/Illuminate/Foundation/Console/Kernel.php:447
/home/joseph/projects/RideConnect/vendor/laravel/framework/src/Illuminate/Testing/PendingCommand.php:451
/home/joseph/projects/RideConnect/vendor/laravel/framework/src/Illuminate/Testing/PendingCommand.php:675
/home/joseph/projects/RideConnect/vendor/laravel/framework/src/Illuminate/Foundation/Testing/Concerns/InteractsWithConsole.php:87
/home/joseph/projects/RideConnect/vendor/laravel/framework/src/Illuminate/Foundation/Testing/RefreshDatabase.php:119
/home/joseph/projects/RideConnect/vendor/laravel/framework/src/Illuminate/Foundation/Testing/RefreshDatabase.php:84
/home/joseph/projects/RideConnect/vendor/laravel/framework/src/Illuminate/Foundation/Testing/RefreshDatabase.php:25
/home/joseph/projects/RideConnect/vendor/laravel/framework/src/Illuminate/Foundation/Testing/Concerns/InteractsWithTestCaseLifecycle.php:217
/home/joseph/projects/RideConnect/vendor/laravel/framework/src/Illuminate/Foundation/Testing/Concerns/InteractsWithTestCaseLifecycle.php:101
/home/joseph/projects/RideConnect/vendor/laravel/framework/src/Illuminate/Foundation/Testing/TestCase.php:63
/home/joseph/projects/RideConnect/tests/Feature/SettlementIdempotencyTest.php:31</error>
        </testcase>
        <testcase name="test_commission_is_8_percent_of_gross" file="/home/joseph/projects/RideConnect/tests/Feature/SettlementIdempotencyTest.php" line="93" class="Tests\Feature\SettlementIdempotencyTest" classname="Tests.Feature.SettlementIdempotencyTest" assertions="0" time="0.000000">
          <error type="Illuminate\Database\QueryException">Tests\Feature\SettlementIdempotencyTest::test_commission_is_8_percent_of_gross
Illuminate\Database\QueryException: could not find driver (Connection: sqlite, Database: :memory:, SQL: select exists (select 1 from "main".sqlite_master where name = 'migrations' and type = 'table') as "exists")

/home/joseph/projects/RideConnect/vendor/laravel/framework/src/Illuminate/Database/Connection.php:838
/home/joseph/projects/RideConnect/vendor/laravel/framework/src/Illuminate/Database/Connection.php:794
/home/joseph/projects/RideConnect/vendor/laravel/framework/src/Illuminate/Database/Connection.php:411
/home/joseph/projects/RideConnect/vendor/laravel/framework/src/Illuminate/Database/Connection.php:357
/home/joseph/projects/RideConnect/vendor/laravel/framework/src/Illuminate/Database/Connection.php:374
/home/joseph/projects/RideConnect/vendor/laravel/framework/src/Illuminate/Database/Schema/Builder.php:176
/home/joseph/projects/RideConnect/vendor/laravel/framework/src/Illuminate/Database/Migrations/DatabaseMigrationRepository.php:185
/home/joseph/projects/RideConnect/vendor/laravel/framework/src/Illuminate/Database/Migrations/Migrator.php:758
/home/joseph/projects/RideConnect/vendor/laravel/framework/src/Illuminate/Database/Console/Migrations/MigrateCommand.php:164
/home/joseph/projects/RideConnect/vendor/laravel/framework/src/Illuminate/Support/helpers.php:328
/home/joseph/projects/RideConnect/vendor/laravel/framework/src/Illuminate/Database/Console/Migrations/MigrateCommand.php:164
/home/joseph/projects/RideConnect/vendor/laravel/framework/src/Illuminate/Database/Console/Migrations/MigrateCommand.php:140
/home/joseph/projects/RideConnect/vendor/laravel/framework/src/Illuminate/Database/Console/Migrations/MigrateCommand.php:110
/home/joseph/projects/RideConnect/vendor/laravel/framework/src/Illuminate/Database/Migrations/Migrator.php:671
/home/joseph/projects/RideConnect/vendor/laravel/framework/src/Illuminate/Database/Console/Migrations/MigrateCommand.php:109
/home/joseph/projects/RideConnect/vendor/laravel/framework/src/Illuminate/Database/Console/Migrations/MigrateCommand.php:88
/home/joseph/projects/RideConnect/vendor/laravel/framework/src/Illuminate/Container/BoundMethod.php:36
/home/joseph/projects/RideConnect/vendor/laravel/framework/src/Illuminate/Container/Util.php:43
/home/joseph/projects/RideConnect/vendor/laravel/framework/src/Illuminate/Container/BoundMethod.php:96
/home/joseph/projects/RideConnect/vendor/laravel/framework/src/Illuminate/Container/BoundMethod.php:35
/home/joseph/projects/RideConnect/vendor/laravel/framework/src/Illuminate/Container/Container.php:799
/home/joseph/projects/RideConnect/vendor/laravel/framework/src/Illuminate/Console/Command.php:211
/home/joseph/projects/RideConnect/vendor/symfony/console/Command/Command.php:341
/home/joseph/projects/RideConnect/vendor/laravel/framework/src/Illuminate/Console/Command.php:180
/home/joseph/projects/RideConnect/vendor/laravel/framework/src/Illuminate/Console/Concerns/CallsCommands.php:68
/home/joseph/projects/RideConnect/vendor/laravel/framework/src/Illuminate/Console/Concerns/CallsCommands.php:29
/home/joseph/projects/RideConnect/vendor/laravel/framework/src/Illuminate/Database/Console/Migrations/FreshCommand.php:88
/home/joseph/projects/RideConnect/vendor/laravel/framework/src/Illuminate/Container/BoundMethod.php:36
/home/joseph/projects/RideConnect/vendor/laravel/framework/src/Illuminate/Container/Util.php:43
/home/joseph/projects/RideConnect/vendor/laravel/framework/src/Illuminate/Container/BoundMethod.php:96
/home/joseph/projects/RideConnect/vendor/laravel/framework/src/Illuminate/Container/BoundMethod.php:35
/home/joseph/projects/RideConnect/vendor/laravel/framework/src/Illuminate/Container/Container.php:799
/home/joseph/projects/RideConnect/vendor/laravel/framework/src/Illuminate/Console/Command.php:211
/home/joseph/projects/RideConnect/vendor/symfony/console/Command/Command.php:341
/home/joseph/projects/RideConnect/vendor/laravel/framework/src/Illuminate/Console/Command.php:180
/home/joseph/projects/RideConnect/vendor/symfony/console/Application.php:1094
/home/joseph/projects/RideConnect/vendor/symfony/console/Application.php:356
/home/joseph/projects/RideConnect/vendor/symfony/console/Application.php:195
/home/joseph/projects/RideConnect/vendor/laravel/framework/src/Illuminate/Console/Application.php:165
/home/joseph/projects/RideConnect/vendor/laravel/framework/src/Illuminate/Foundation/Console/Kernel.php:447
/home/joseph/projects/RideConnect/vendor/laravel/framework/src/Illuminate/Testing/PendingCommand.php:451
/home/joseph/projects/RideConnect/vendor/laravel/framework/src/Illuminate/Testing/PendingCommand.php:675
/home/joseph/projects/RideConnect/vendor/laravel/framework/src/Illuminate/Foundation/Testing/Concerns/InteractsWithConsole.php:87
/home/joseph/projects/RideConnect/vendor/laravel/framework/src/Illuminate/Foundation/Testing/RefreshDatabase.php:119
/home/joseph/projects/RideConnect/vendor/laravel/framework/src/Illuminate/Foundation/Testing/RefreshDatabase.php:84
/home/joseph/projects/RideConnect/vendor/laravel/framework/src/Illuminate/Foundation/Testing/RefreshDatabase.php:25
/home/joseph/projects/RideConnect/vendor/laravel/framework/src/Illuminate/Foundation/Testing/Concerns/InteractsWithTestCaseLifecycle.php:217
/home/joseph/projects/RideConnect/vendor/laravel/framework/src/Illuminate/Foundation/Testing/Concerns/InteractsWithTestCaseLifecycle.php:101
/home/joseph/projects/RideConnect/vendor/laravel/framework/src/Illuminate/Foundation/Testing/TestCase.php:63
/home/joseph/projects/RideConnect/tests/Feature/SettlementIdempotencyTest.php:31</error>
        </testcase>
        <testcase name="test_net_payout_is_gross_minus_commission_minus_tax" file="/home/joseph/projects/RideConnect/tests/Feature/SettlementIdempotencyTest.php" line="102" class="Tests\Feature\SettlementIdempotencyTest" classname="Tests.Feature.SettlementIdempotencyTest" assertions="0" time="0.000000">
          <error type="Illuminate\Database\QueryException">Tests\Feature\SettlementIdempotencyTest::test_net_payout_is_gross_minus_commission_minus_tax
Illuminate\Database\QueryException: could not find driver (Connection: sqlite, Database: :memory:, SQL: select exists (select 1 from "main".sqlite_master where name = 'migrations' and type = 'table') as "exists")

/home/joseph/projects/RideConnect/vendor/laravel/framework/src/Illuminate/Database/Connection.php:838
/home/joseph/projects/RideConnect/vendor/laravel/framework/src/Illuminate/Database/Connection.php:794
/home/joseph/projects/RideConnect/vendor/laravel/framework/src/Illuminate/Database/Connection.php:411
/home/joseph/projects/RideConnect/vendor/laravel/framework/src/Illuminate/Database/Connection.php:357
/home/joseph/projects/RideConnect/vendor/laravel/framework/src/Illuminate/Database/Connection.php:374
/home/joseph/projects/RideConnect/vendor/laravel/framework/src/Illuminate/Database/Schema/Builder.php:176
/home/joseph/projects/RideConnect/vendor/laravel/framework/src/Illuminate/Database/Migrations/DatabaseMigrationRepository.php:185
/home/joseph/projects/RideConnect/vendor/laravel/framework/src/Illuminate/Database/Migrations/Migrator.php:758
/home/joseph/projects/RideConnect/vendor/laravel/framework/src/Illuminate/Database/Console/Migrations/MigrateCommand.php:164
/home/joseph/projects/RideConnect/vendor/laravel/framework/src/Illuminate/Support/helpers.php:328
/home/joseph/projects/RideConnect/vendor/laravel/framework/src/Illuminate/Database/Console/Migrations/MigrateCommand.php:164
/home/joseph/projects/RideConnect/vendor/laravel/framework/src/Illuminate/Database/Console/Migrations/MigrateCommand.php:140
/home/joseph/projects/RideConnect/vendor/laravel/framework/src/Illuminate/Database/Console/Migrations/MigrateCommand.php:110
/home/joseph/projects/RideConnect/vendor/laravel/framework/src/Illuminate/Database/Migrations/Migrator.php:671
/home/joseph/projects/RideConnect/vendor/laravel/framework/src/Illuminate/Database/Console/Migrations/MigrateCommand.php:109
/home/joseph/projects/RideConnect/vendor/laravel/framework/src/Illuminate/Database/Console/Migrations/MigrateCommand.php:88
/home/joseph/projects/RideConnect/vendor/laravel/framework/src/Illuminate/Container/BoundMethod.php:36
/home/joseph/projects/RideConnect/vendor/laravel/framework/src/Illuminate/Container/Util.php:43
/home/joseph/projects/RideConnect/vendor/laravel/framework/src/Illuminate/Container/BoundMethod.php:96
/home/joseph/projects/RideConnect/vendor/laravel/framework/src/Illuminate/Container/BoundMethod.php:35
/home/joseph/projects/RideConnect/vendor/laravel/framework/src/Illuminate/Container/Container.php:799
/home/joseph/projects/RideConnect/vendor/laravel/framework/src/Illuminate/Console/Command.php:211
/home/joseph/projects/RideConnect/vendor/symfony/console/Command/Command.php:341
/home/joseph/projects/RideConnect/vendor/laravel/framework/src/Illuminate/Console/Command.php:180
/home/joseph/projects/RideConnect/vendor/laravel/framework/src/Illuminate/Console/Concerns/CallsCommands.php:68
/home/joseph/projects/RideConnect/vendor/laravel/framework/src/Illuminate/Console/Concerns/CallsCommands.php:29
/home/joseph/projects/RideConnect/vendor/laravel/framework/src/Illuminate/Database/Console/Migrations/FreshCommand.php:88
/home/joseph/projects/RideConnect/vendor/laravel/framework/src/Illuminate/Container/BoundMethod.php:36
/home/joseph/projects/RideConnect/vendor/laravel/framework/src/Illuminate/Container/Util.php:43
/home/joseph/projects/RideConnect/vendor/laravel/framework/src/Illuminate/Container/BoundMethod.php:96
/home/joseph/projects/RideConnect/vendor/laravel/framework/src/Illuminate/Container/BoundMethod.php:35
/home/joseph/projects/RideConnect/vendor/laravel/framework/src/Illuminate/Container/Container.php:799
/home/joseph/projects/RideConnect/vendor/laravel/framework/src/Illuminate/Console/Command.php:211
/home/joseph/projects/RideConnect/vendor/symfony/console/Command/Command.php:341
/home/joseph/projects/RideConnect/vendor/laravel/framework/src/Illuminate/Console/Command.php:180
/home/joseph/projects/RideConnect/vendor/symfony/console/Application.php:1094
/home/joseph/projects/RideConnect/vendor/symfony/console/Application.php:356
/home/joseph/projects/RideConnect/vendor/symfony/console/Application.php:195
/home/joseph/projects/RideConnect/vendor/laravel/framework/src/Illuminate/Console/Application.php:165
/home/joseph/projects/RideConnect/vendor/laravel/framework/src/Illuminate/Foundation/Console/Kernel.php:447
/home/joseph/projects/RideConnect/vendor/laravel/framework/src/Illuminate/Testing/PendingCommand.php:451
/home/joseph/projects/RideConnect/vendor/laravel/framework/src/Illuminate/Testing/PendingCommand.php:675
/home/joseph/projects/RideConnect/vendor/laravel/framework/src/Illuminate/Foundation/Testing/Concerns/InteractsWithConsole.php:87
/home/joseph/projects/RideConnect/vendor/laravel/framework/src/Illuminate/Foundation/Testing/RefreshDatabase.php:119
/home/joseph/projects/RideConnect/vendor/laravel/framework/src/Illuminate/Foundation/Testing/RefreshDatabase.php:84
/home/joseph/projects/RideConnect/vendor/laravel/framework/src/Illuminate/Foundation/Testing/RefreshDatabase.php:25
/home/joseph/projects/RideConnect/vendor/laravel/framework/src/Illuminate/Foundation/Testing/Concerns/InteractsWithTestCaseLifecycle.php:217
/home/joseph/projects/RideConnect/vendor/laravel/framework/src/Illuminate/Foundation/Testing/Concerns/InteractsWithTestCaseLifecycle.php:101
/home/joseph/projects/RideConnect/vendor/laravel/framework/src/Illuminate/Foundation/Testing/TestCase.php:63
/home/joseph/projects/RideConnect/tests/Feature/SettlementIdempotencyTest.php:31</error>
        </testcase>
      </testsuite>
      <testsuite name="Tests\Feature\TransportFlowAndLocationTest" file="/home/joseph/projects/RideConnect/tests/Feature/TransportFlowAndLocationTest.php" tests="14" assertions="0" errors="14" failures="0" skipped="0" time="0.000000">
        <testcase name="test_bus_direct_trip_without_ride_id_returns_structured_422" file="/home/joseph/projects/RideConnect/tests/Feature/TransportFlowAndLocationTest.php" line="198" class="Tests\Feature\TransportFlowAndLocationTest" classname="Tests.Feature.TransportFlowAndLocationTest" assertions="0" time="0.000000">
          <error type="Illuminate\Database\QueryException">Tests\Feature\TransportFlowAndLocationTest::test_bus_direct_trip_without_ride_id_returns_structured_422
Illuminate\Database\QueryException: could not find driver (Connection: sqlite, Database: :memory:, SQL: select exists (select 1 from "main".sqlite_master where name = 'migrations' and type = 'table') as "exists")

/home/joseph/projects/RideConnect/vendor/laravel/framework/src/Illuminate/Database/Connection.php:838
/home/joseph/projects/RideConnect/vendor/laravel/framework/src/Illuminate/Database/Connection.php:794
/home/joseph/projects/RideConnect/vendor/laravel/framework/src/Illuminate/Database/Connection.php:411
/home/joseph/projects/RideConnect/vendor/laravel/framework/src/Illuminate/Database/Connection.php:357
/home/joseph/projects/RideConnect/vendor/laravel/framework/src/Illuminate/Database/Connection.php:374
/home/joseph/projects/RideConnect/vendor/laravel/framework/src/Illuminate/Database/Schema/Builder.php:176
/home/joseph/projects/RideConnect/vendor/laravel/framework/src/Illuminate/Database/Migrations/DatabaseMigrationRepository.php:185
/home/joseph/projects/RideConnect/vendor/laravel/framework/src/Illuminate/Database/Migrations/Migrator.php:758
/home/joseph/projects/RideConnect/vendor/laravel/framework/src/Illuminate/Database/Console/Migrations/MigrateCommand.php:164
/home/joseph/projects/RideConnect/vendor/laravel/framework/src/Illuminate/Support/helpers.php:328
/home/joseph/projects/RideConnect/vendor/laravel/framework/src/Illuminate/Database/Console/Migrations/MigrateCommand.php:164
/home/joseph/projects/RideConnect/vendor/laravel/framework/src/Illuminate/Database/Console/Migrations/MigrateCommand.php:140
/home/joseph/projects/RideConnect/vendor/laravel/framework/src/Illuminate/Database/Console/Migrations/MigrateCommand.php:110
/home/joseph/projects/RideConnect/vendor/laravel/framework/src/Illuminate/Database/Migrations/Migrator.php:671
/home/joseph/projects/RideConnect/vendor/laravel/framework/src/Illuminate/Database/Console/Migrations/MigrateCommand.php:109
/home/joseph/projects/RideConnect/vendor/laravel/framework/src/Illuminate/Database/Console/Migrations/MigrateCommand.php:88
/home/joseph/projects/RideConnect/vendor/laravel/framework/src/Illuminate/Container/BoundMethod.php:36
/home/joseph/projects/RideConnect/vendor/laravel/framework/src/Illuminate/Container/Util.php:43
/home/joseph/projects/RideConnect/vendor/laravel/framework/src/Illuminate/Container/BoundMethod.php:96
/home/joseph/projects/RideConnect/vendor/laravel/framework/src/Illuminate/Container/BoundMethod.php:35
/home/joseph/projects/RideConnect/vendor/laravel/framework/src/Illuminate/Container/Container.php:799
/home/joseph/projects/RideConnect/vendor/laravel/framework/src/Illuminate/Console/Command.php:211
/home/joseph/projects/RideConnect/vendor/symfony/console/Command/Command.php:341
/home/joseph/projects/RideConnect/vendor/laravel/framework/src/Illuminate/Console/Command.php:180
/home/joseph/projects/RideConnect/vendor/laravel/framework/src/Illuminate/Console/Concerns/CallsCommands.php:68
/home/joseph/projects/RideConnect/vendor/laravel/framework/src/Illuminate/Console/Concerns/CallsCommands.php:29
/home/joseph/projects/RideConnect/vendor/laravel/framework/src/Illuminate/Database/Console/Migrations/FreshCommand.php:88
/home/joseph/projects/RideConnect/vendor/laravel/framework/src/Illuminate/Container/BoundMethod.php:36
/home/joseph/projects/RideConnect/vendor/laravel/framework/src/Illuminate/Container/Util.php:43
/home/joseph/projects/RideConnect/vendor/laravel/framework/src/Illuminate/Container/BoundMethod.php:96
/home/joseph/projects/RideConnect/vendor/laravel/framework/src/Illuminate/Container/BoundMethod.php:35
/home/joseph/projects/RideConnect/vendor/laravel/framework/src/Illuminate/Container/Container.php:799
/home/joseph/projects/RideConnect/vendor/laravel/framework/src/Illuminate/Console/Command.php:211
/home/joseph/projects/RideConnect/vendor/symfony/console/Command/Command.php:341
/home/joseph/projects/RideConnect/vendor/laravel/framework/src/Illuminate/Console/Command.php:180
/home/joseph/projects/RideConnect/vendor/symfony/console/Application.php:1094
/home/joseph/projects/RideConnect/vendor/symfony/console/Application.php:356
/home/joseph/projects/RideConnect/vendor/symfony/console/Application.php:195
/home/joseph/projects/RideConnect/vendor/laravel/framework/src/Illuminate/Console/Application.php:165
/home/joseph/projects/RideConnect/vendor/laravel/framework/src/Illuminate/Foundation/Console/Kernel.php:447
/home/joseph/projects/RideConnect/vendor/laravel/framework/src/Illuminate/Testing/PendingCommand.php:451
/home/joseph/projects/RideConnect/vendor/laravel/framework/src/Illuminate/Testing/PendingCommand.php:675
/home/joseph/projects/RideConnect/vendor/laravel/framework/src/Illuminate/Foundation/Testing/Concerns/InteractsWithConsole.php:87
/home/joseph/projects/RideConnect/vendor/laravel/framework/src/Illuminate/Foundation/Testing/RefreshDatabase.php:119
/home/joseph/projects/RideConnect/vendor/laravel/framework/src/Illuminate/Foundation/Testing/RefreshDatabase.php:84
/home/joseph/projects/RideConnect/vendor/laravel/framework/src/Illuminate/Foundation/Testing/RefreshDatabase.php:25
/home/joseph/projects/RideConnect/vendor/laravel/framework/src/Illuminate/Foundation/Testing/Concerns/InteractsWithTestCaseLifecycle.php:217
/home/joseph/projects/RideConnect/vendor/laravel/framework/src/Illuminate/Foundation/Testing/Concerns/InteractsWithTestCaseLifecycle.php:101
/home/joseph/projects/RideConnect/vendor/laravel/framework/src/Illuminate/Foundation/Testing/TestCase.php:63
/home/joseph/projects/RideConnect/tests/Feature/TransportFlowAndLocationTest.php:34</error>
        </testcase>
        <testcase name="test_bus_booking_creation_succeeds" file="/home/joseph/projects/RideConnect/tests/Feature/TransportFlowAndLocationTest.php" line="234" class="Tests\Feature\TransportFlowAndLocationTest" classname="Tests.Feature.TransportFlowAndLocationTest" assertions="0" time="0.000000">
          <error type="Illuminate\Database\QueryException">Tests\Feature\TransportFlowAndLocationTest::test_bus_booking_creation_succeeds
Illuminate\Database\QueryException: could not find driver (Connection: sqlite, Database: :memory:, SQL: select exists (select 1 from "main".sqlite_master where name = 'migrations' and type = 'table') as "exists")

/home/joseph/projects/RideConnect/vendor/laravel/framework/src/Illuminate/Database/Connection.php:838
/home/joseph/projects/RideConnect/vendor/laravel/framework/src/Illuminate/Database/Connection.php:794
/home/joseph/projects/RideConnect/vendor/laravel/framework/src/Illuminate/Database/Connection.php:411
/home/joseph/projects/RideConnect/vendor/laravel/framework/src/Illuminate/Database/Connection.php:357
/home/joseph/projects/RideConnect/vendor/laravel/framework/src/Illuminate/Database/Connection.php:374
/home/joseph/projects/RideConnect/vendor/laravel/framework/src/Illuminate/Database/Schema/Builder.php:176
/home/joseph/projects/RideConnect/vendor/laravel/framework/src/Illuminate/Database/Migrations/DatabaseMigrationRepository.php:185
/home/joseph/projects/RideConnect/vendor/laravel/framework/src/Illuminate/Database/Migrations/Migrator.php:758
/home/joseph/projects/RideConnect/vendor/laravel/framework/src/Illuminate/Database/Console/Migrations/MigrateCommand.php:164
/home/joseph/projects/RideConnect/vendor/laravel/framework/src/Illuminate/Support/helpers.php:328
/home/joseph/projects/RideConnect/vendor/laravel/framework/src/Illuminate/Database/Console/Migrations/MigrateCommand.php:164
/home/joseph/projects/RideConnect/vendor/laravel/framework/src/Illuminate/Database/Console/Migrations/MigrateCommand.php:140
/home/joseph/projects/RideConnect/vendor/laravel/framework/src/Illuminate/Database/Console/Migrations/MigrateCommand.php:110
/home/joseph/projects/RideConnect/vendor/laravel/framework/src/Illuminate/Database/Migrations/Migrator.php:671
/home/joseph/projects/RideConnect/vendor/laravel/framework/src/Illuminate/Database/Console/Migrations/MigrateCommand.php:109
/home/joseph/projects/RideConnect/vendor/laravel/framework/src/Illuminate/Database/Console/Migrations/MigrateCommand.php:88
/home/joseph/projects/RideConnect/vendor/laravel/framework/src/Illuminate/Container/BoundMethod.php:36
/home/joseph/projects/RideConnect/vendor/laravel/framework/src/Illuminate/Container/Util.php:43
/home/joseph/projects/RideConnect/vendor/laravel/framework/src/Illuminate/Container/BoundMethod.php:96
/home/joseph/projects/RideConnect/vendor/laravel/framework/src/Illuminate/Container/BoundMethod.php:35
/home/joseph/projects/RideConnect/vendor/laravel/framework/src/Illuminate/Container/Container.php:799
/home/joseph/projects/RideConnect/vendor/laravel/framework/src/Illuminate/Console/Command.php:211
/home/joseph/projects/RideConnect/vendor/symfony/console/Command/Command.php:341
/home/joseph/projects/RideConnect/vendor/laravel/framework/src/Illuminate/Console/Command.php:180
/home/joseph/projects/RideConnect/vendor/laravel/framework/src/Illuminate/Console/Concerns/CallsCommands.php:68
/home/joseph/projects/RideConnect/vendor/laravel/framework/src/Illuminate/Console/Concerns/CallsCommands.php:29
/home/joseph/projects/RideConnect/vendor/laravel/framework/src/Illuminate/Database/Console/Migrations/FreshCommand.php:88
/home/joseph/projects/RideConnect/vendor/laravel/framework/src/Illuminate/Container/BoundMethod.php:36
/home/joseph/projects/RideConnect/vendor/laravel/framework/src/Illuminate/Container/Util.php:43
/home/joseph/projects/RideConnect/vendor/laravel/framework/src/Illuminate/Container/BoundMethod.php:96
/home/joseph/projects/RideConnect/vendor/laravel/framework/src/Illuminate/Container/BoundMethod.php:35
/home/joseph/projects/RideConnect/vendor/laravel/framework/src/Illuminate/Container/Container.php:799
/home/joseph/projects/RideConnect/vendor/laravel/framework/src/Illuminate/Console/Command.php:211
/home/joseph/projects/RideConnect/vendor/symfony/console/Command/Command.php:341
/home/joseph/projects/RideConnect/vendor/laravel/framework/src/Illuminate/Console/Command.php:180
/home/joseph/projects/RideConnect/vendor/symfony/console/Application.php:1094
/home/joseph/projects/RideConnect/vendor/symfony/console/Application.php:356
/home/joseph/projects/RideConnect/vendor/symfony/console/Application.php:195
/home/joseph/projects/RideConnect/vendor/laravel/framework/src/Illuminate/Console/Application.php:165
/home/joseph/projects/RideConnect/vendor/laravel/framework/src/Illuminate/Foundation/Console/Kernel.php:447
/home/joseph/projects/RideConnect/vendor/laravel/framework/src/Illuminate/Testing/PendingCommand.php:451
/home/joseph/projects/RideConnect/vendor/laravel/framework/src/Illuminate/Testing/PendingCommand.php:675
/home/joseph/projects/RideConnect/vendor/laravel/framework/src/Illuminate/Foundation/Testing/Concerns/InteractsWithConsole.php:87
/home/joseph/projects/RideConnect/vendor/laravel/framework/src/Illuminate/Foundation/Testing/RefreshDatabase.php:119
/home/joseph/projects/RideConnect/vendor/laravel/framework/src/Illuminate/Foundation/Testing/RefreshDatabase.php:84
/home/joseph/projects/RideConnect/vendor/laravel/framework/src/Illuminate/Foundation/Testing/RefreshDatabase.php:25
/home/joseph/projects/RideConnect/vendor/laravel/framework/src/Illuminate/Foundation/Testing/Concerns/InteractsWithTestCaseLifecycle.php:217
/home/joseph/projects/RideConnect/vendor/laravel/framework/src/Illuminate/Foundation/Testing/Concerns/InteractsWithTestCaseLifecycle.php:101
/home/joseph/projects/RideConnect/vendor/laravel/framework/src/Illuminate/Foundation/Testing/TestCase.php:63
/home/joseph/projects/RideConnect/tests/Feature/TransportFlowAndLocationTest.php:34</error>
        </testcase>
        <testcase name="test_car_ondemand_direct_trip_passes_policy" file="/home/joseph/projects/RideConnect/tests/Feature/TransportFlowAndLocationTest.php" line="257" class="Tests\Feature\TransportFlowAndLocationTest" classname="Tests.Feature.TransportFlowAndLocationTest" assertions="0" time="0.000000">
          <error type="Illuminate\Database\QueryException">Tests\Feature\TransportFlowAndLocationTest::test_car_ondemand_direct_trip_passes_policy
Illuminate\Database\QueryException: could not find driver (Connection: sqlite, Database: :memory:, SQL: select exists (select 1 from "main".sqlite_master where name = 'migrations' and type = 'table') as "exists")

/home/joseph/projects/RideConnect/vendor/laravel/framework/src/Illuminate/Database/Connection.php:838
/home/joseph/projects/RideConnect/vendor/laravel/framework/src/Illuminate/Database/Connection.php:794
/home/joseph/projects/RideConnect/vendor/laravel/framework/src/Illuminate/Database/Connection.php:411
/home/joseph/projects/RideConnect/vendor/laravel/framework/src/Illuminate/Database/Connection.php:357
/home/joseph/projects/RideConnect/vendor/laravel/framework/src/Illuminate/Database/Connection.php:374
/home/joseph/projects/RideConnect/vendor/laravel/framework/src/Illuminate/Database/Schema/Builder.php:176
/home/joseph/projects/RideConnect/vendor/laravel/framework/src/Illuminate/Database/Migrations/DatabaseMigrationRepository.php:185
/home/joseph/projects/RideConnect/vendor/laravel/framework/src/Illuminate/Database/Migrations/Migrator.php:758
/home/joseph/projects/RideConnect/vendor/laravel/framework/src/Illuminate/Database/Console/Migrations/MigrateCommand.php:164
/home/joseph/projects/RideConnect/vendor/laravel/framework/src/Illuminate/Support/helpers.php:328
/home/joseph/projects/RideConnect/vendor/laravel/framework/src/Illuminate/Database/Console/Migrations/MigrateCommand.php:164
/home/joseph/projects/RideConnect/vendor/laravel/framework/src/Illuminate/Database/Console/Migrations/MigrateCommand.php:140
/home/joseph/projects/RideConnect/vendor/laravel/framework/src/Illuminate/Database/Console/Migrations/MigrateCommand.php:110
/home/joseph/projects/RideConnect/vendor/laravel/framework/src/Illuminate/Database/Migrations/Migrator.php:671
/home/joseph/projects/RideConnect/vendor/laravel/framework/src/Illuminate/Database/Console/Migrations/MigrateCommand.php:109
/home/joseph/projects/RideConnect/vendor/laravel/framework/src/Illuminate/Database/Console/Migrations/MigrateCommand.php:88
/home/joseph/projects/RideConnect/vendor/laravel/framework/src/Illuminate/Container/BoundMethod.php:36
/home/joseph/projects/RideConnect/vendor/laravel/framework/src/Illuminate/Container/Util.php:43
/home/joseph/projects/RideConnect/vendor/laravel/framework/src/Illuminate/Container/BoundMethod.php:96
/home/joseph/projects/RideConnect/vendor/laravel/framework/src/Illuminate/Container/BoundMethod.php:35
/home/joseph/projects/RideConnect/vendor/laravel/framework/src/Illuminate/Container/Container.php:799
/home/joseph/projects/RideConnect/vendor/laravel/framework/src/Illuminate/Console/Command.php:211
/home/joseph/projects/RideConnect/vendor/symfony/console/Command/Command.php:341
/home/joseph/projects/RideConnect/vendor/laravel/framework/src/Illuminate/Console/Command.php:180
/home/joseph/projects/RideConnect/vendor/laravel/framework/src/Illuminate/Console/Concerns/CallsCommands.php:68
/home/joseph/projects/RideConnect/vendor/laravel/framework/src/Illuminate/Console/Concerns/CallsCommands.php:29
/home/joseph/projects/RideConnect/vendor/laravel/framework/src/Illuminate/Database/Console/Migrations/FreshCommand.php:88
/home/joseph/projects/RideConnect/vendor/laravel/framework/src/Illuminate/Container/BoundMethod.php:36
/home/joseph/projects/RideConnect/vendor/laravel/framework/src/Illuminate/Container/Util.php:43
/home/joseph/projects/RideConnect/vendor/laravel/framework/src/Illuminate/Container/BoundMethod.php:96
/home/joseph/projects/RideConnect/vendor/laravel/framework/src/Illuminate/Container/BoundMethod.php:35
/home/joseph/projects/RideConnect/vendor/laravel/framework/src/Illuminate/Container/Container.php:799
/home/joseph/projects/RideConnect/vendor/laravel/framework/src/Illuminate/Console/Command.php:211
/home/joseph/projects/RideConnect/vendor/symfony/console/Command/Command.php:341
/home/joseph/projects/RideConnect/vendor/laravel/framework/src/Illuminate/Console/Command.php:180
/home/joseph/projects/RideConnect/vendor/symfony/console/Application.php:1094
/home/joseph/projects/RideConnect/vendor/symfony/console/Application.php:356
/home/joseph/projects/RideConnect/vendor/symfony/console/Application.php:195
/home/joseph/projects/RideConnect/vendor/laravel/framework/src/Illuminate/Console/Application.php:165
/home/joseph/projects/RideConnect/vendor/laravel/framework/src/Illuminate/Foundation/Console/Kernel.php:447
/home/joseph/projects/RideConnect/vendor/laravel/framework/src/Illuminate/Testing/PendingCommand.php:451
/home/joseph/projects/RideConnect/vendor/laravel/framework/src/Illuminate/Testing/PendingCommand.php:675
/home/joseph/projects/RideConnect/vendor/laravel/framework/src/Illuminate/Foundation/Testing/Concerns/InteractsWithConsole.php:87
/home/joseph/projects/RideConnect/vendor/laravel/framework/src/Illuminate/Foundation/Testing/RefreshDatabase.php:119
/home/joseph/projects/RideConnect/vendor/laravel/framework/src/Illuminate/Foundation/Testing/RefreshDatabase.php:84
/home/joseph/projects/RideConnect/vendor/laravel/framework/src/Illuminate/Foundation/Testing/RefreshDatabase.php:25
/home/joseph/projects/RideConnect/vendor/laravel/framework/src/Illuminate/Foundation/Testing/Concerns/InteractsWithTestCaseLifecycle.php:217
/home/joseph/projects/RideConnect/vendor/laravel/framework/src/Illuminate/Foundation/Testing/Concerns/InteractsWithTestCaseLifecycle.php:101
/home/joseph/projects/RideConnect/vendor/laravel/framework/src/Illuminate/Foundation/Testing/TestCase.php:63
/home/joseph/projects/RideConnect/tests/Feature/TransportFlowAndLocationTest.php:34</error>
        </testcase>
        <testcase name="test_car_scheduled_direct_trip_is_rejected_422" file="/home/joseph/projects/RideConnect/tests/Feature/TransportFlowAndLocationTest.php" line="282" class="Tests\Feature\TransportFlowAndLocationTest" classname="Tests.Feature.TransportFlowAndLocationTest" assertions="0" time="0.000000">
          <error type="Illuminate\Database\QueryException">Tests\Feature\TransportFlowAndLocationTest::test_car_scheduled_direct_trip_is_rejected_422
Illuminate\Database\QueryException: could not find driver (Connection: sqlite, Database: :memory:, SQL: select exists (select 1 from "main".sqlite_master where name = 'migrations' and type = 'table') as "exists")

/home/joseph/projects/RideConnect/vendor/laravel/framework/src/Illuminate/Database/Connection.php:838
/home/joseph/projects/RideConnect/vendor/laravel/framework/src/Illuminate/Database/Connection.php:794
/home/joseph/projects/RideConnect/vendor/laravel/framework/src/Illuminate/Database/Connection.php:411
/home/joseph/projects/RideConnect/vendor/laravel/framework/src/Illuminate/Database/Connection.php:357
/home/joseph/projects/RideConnect/vendor/laravel/framework/src/Illuminate/Database/Connection.php:374
/home/joseph/projects/RideConnect/vendor/laravel/framework/src/Illuminate/Database/Schema/Builder.php:176
/home/joseph/projects/RideConnect/vendor/laravel/framework/src/Illuminate/Database/Migrations/DatabaseMigrationRepository.php:185
/home/joseph/projects/RideConnect/vendor/laravel/framework/src/Illuminate/Database/Migrations/Migrator.php:758
/home/joseph/projects/RideConnect/vendor/laravel/framework/src/Illuminate/Database/Console/Migrations/MigrateCommand.php:164
/home/joseph/projects/RideConnect/vendor/laravel/framework/src/Illuminate/Support/helpers.php:328
/home/joseph/projects/RideConnect/vendor/laravel/framework/src/Illuminate/Database/Console/Migrations/MigrateCommand.php:164
/home/joseph/projects/RideConnect/vendor/laravel/framework/src/Illuminate/Database/Console/Migrations/MigrateCommand.php:140
/home/joseph/projects/RideConnect/vendor/laravel/framework/src/Illuminate/Database/Console/Migrations/MigrateCommand.php:110
/home/joseph/projects/RideConnect/vendor/laravel/framework/src/Illuminate/Database/Migrations/Migrator.php:671
/home/joseph/projects/RideConnect/vendor/laravel/framework/src/Illuminate/Database/Console/Migrations/MigrateCommand.php:109
/home/joseph/projects/RideConnect/vendor/laravel/framework/src/Illuminate/Database/Console/Migrations/MigrateCommand.php:88
/home/joseph/projects/RideConnect/vendor/laravel/framework/src/Illuminate/Container/BoundMethod.php:36
/home/joseph/projects/RideConnect/vendor/laravel/framework/src/Illuminate/Container/Util.php:43
/home/joseph/projects/RideConnect/vendor/laravel/framework/src/Illuminate/Container/BoundMethod.php:96
/home/joseph/projects/RideConnect/vendor/laravel/framework/src/Illuminate/Container/BoundMethod.php:35
/home/joseph/projects/RideConnect/vendor/laravel/framework/src/Illuminate/Container/Container.php:799
/home/joseph/projects/RideConnect/vendor/laravel/framework/src/Illuminate/Console/Command.php:211
/home/joseph/projects/RideConnect/vendor/symfony/console/Command/Command.php:341
/home/joseph/projects/RideConnect/vendor/laravel/framework/src/Illuminate/Console/Command.php:180
/home/joseph/projects/RideConnect/vendor/laravel/framework/src/Illuminate/Console/Concerns/CallsCommands.php:68
/home/joseph/projects/RideConnect/vendor/laravel/framework/src/Illuminate/Console/Concerns/CallsCommands.php:29
/home/joseph/projects/RideConnect/vendor/laravel/framework/src/Illuminate/Database/Console/Migrations/FreshCommand.php:88
/home/joseph/projects/RideConnect/vendor/laravel/framework/src/Illuminate/Container/BoundMethod.php:36
/home/joseph/projects/RideConnect/vendor/laravel/framework/src/Illuminate/Container/Util.php:43
/home/joseph/projects/RideConnect/vendor/laravel/framework/src/Illuminate/Container/BoundMethod.php:96
/home/joseph/projects/RideConnect/vendor/laravel/framework/src/Illuminate/Container/BoundMethod.php:35
/home/joseph/projects/RideConnect/vendor/laravel/framework/src/Illuminate/Container/Container.php:799
/home/joseph/projects/RideConnect/vendor/laravel/framework/src/Illuminate/Console/Command.php:211
/home/joseph/projects/RideConnect/vendor/symfony/console/Command/Command.php:341
/home/joseph/projects/RideConnect/vendor/laravel/framework/src/Illuminate/Console/Command.php:180
/home/joseph/projects/RideConnect/vendor/symfony/console/Application.php:1094
/home/joseph/projects/RideConnect/vendor/symfony/console/Application.php:356
/home/joseph/projects/RideConnect/vendor/symfony/console/Application.php:195
/home/joseph/projects/RideConnect/vendor/laravel/framework/src/Illuminate/Console/Application.php:165
/home/joseph/projects/RideConnect/vendor/laravel/framework/src/Illuminate/Foundation/Console/Kernel.php:447
/home/joseph/projects/RideConnect/vendor/laravel/framework/src/Illuminate/Testing/PendingCommand.php:451
/home/joseph/projects/RideConnect/vendor/laravel/framework/src/Illuminate/Testing/PendingCommand.php:675
/home/joseph/projects/RideConnect/vendor/laravel/framework/src/Illuminate/Foundation/Testing/Concerns/InteractsWithConsole.php:87
/home/joseph/projects/RideConnect/vendor/laravel/framework/src/Illuminate/Foundation/Testing/RefreshDatabase.php:119
/home/joseph/projects/RideConnect/vendor/laravel/framework/src/Illuminate/Foundation/Testing/RefreshDatabase.php:84
/home/joseph/projects/RideConnect/vendor/laravel/framework/src/Illuminate/Foundation/Testing/RefreshDatabase.php:25
/home/joseph/projects/RideConnect/vendor/laravel/framework/src/Illuminate/Foundation/Testing/Concerns/InteractsWithTestCaseLifecycle.php:217
/home/joseph/projects/RideConnect/vendor/laravel/framework/src/Illuminate/Foundation/Testing/Concerns/InteractsWithTestCaseLifecycle.php:101
/home/joseph/projects/RideConnect/vendor/laravel/framework/src/Illuminate/Foundation/Testing/TestCase.php:63
/home/joseph/projects/RideConnect/tests/Feature/TransportFlowAndLocationTest.php:34</error>
        </testcase>
        <testcase name="test_motorcycle_ondemand_trip_passes_policy" file="/home/joseph/projects/RideConnect/tests/Feature/TransportFlowAndLocationTest.php" line="308" class="Tests\Feature\TransportFlowAndLocationTest" classname="Tests.Feature.TransportFlowAndLocationTest" assertions="0" time="0.000000">
          <error type="Illuminate\Database\QueryException">Tests\Feature\TransportFlowAndLocationTest::test_motorcycle_ondemand_trip_passes_policy
Illuminate\Database\QueryException: could not find driver (Connection: sqlite, Database: :memory:, SQL: select exists (select 1 from "main".sqlite_master where name = 'migrations' and type = 'table') as "exists")

/home/joseph/projects/RideConnect/vendor/laravel/framework/src/Illuminate/Database/Connection.php:838
/home/joseph/projects/RideConnect/vendor/laravel/framework/src/Illuminate/Database/Connection.php:794
/home/joseph/projects/RideConnect/vendor/laravel/framework/src/Illuminate/Database/Connection.php:411
/home/joseph/projects/RideConnect/vendor/laravel/framework/src/Illuminate/Database/Connection.php:357
/home/joseph/projects/RideConnect/vendor/laravel/framework/src/Illuminate/Database/Connection.php:374
/home/joseph/projects/RideConnect/vendor/laravel/framework/src/Illuminate/Database/Schema/Builder.php:176
/home/joseph/projects/RideConnect/vendor/laravel/framework/src/Illuminate/Database/Migrations/DatabaseMigrationRepository.php:185
/home/joseph/projects/RideConnect/vendor/laravel/framework/src/Illuminate/Database/Migrations/Migrator.php:758
/home/joseph/projects/RideConnect/vendor/laravel/framework/src/Illuminate/Database/Console/Migrations/MigrateCommand.php:164
/home/joseph/projects/RideConnect/vendor/laravel/framework/src/Illuminate/Support/helpers.php:328
/home/joseph/projects/RideConnect/vendor/laravel/framework/src/Illuminate/Database/Console/Migrations/MigrateCommand.php:164
/home/joseph/projects/RideConnect/vendor/laravel/framework/src/Illuminate/Database/Console/Migrations/MigrateCommand.php:140
/home/joseph/projects/RideConnect/vendor/laravel/framework/src/Illuminate/Database/Console/Migrations/MigrateCommand.php:110
/home/joseph/projects/RideConnect/vendor/laravel/framework/src/Illuminate/Database/Migrations/Migrator.php:671
/home/joseph/projects/RideConnect/vendor/laravel/framework/src/Illuminate/Database/Console/Migrations/MigrateCommand.php:109
/home/joseph/projects/RideConnect/vendor/laravel/framework/src/Illuminate/Database/Console/Migrations/MigrateCommand.php:88
/home/joseph/projects/RideConnect/vendor/laravel/framework/src/Illuminate/Container/BoundMethod.php:36
/home/joseph/projects/RideConnect/vendor/laravel/framework/src/Illuminate/Container/Util.php:43
/home/joseph/projects/RideConnect/vendor/laravel/framework/src/Illuminate/Container/BoundMethod.php:96
/home/joseph/projects/RideConnect/vendor/laravel/framework/src/Illuminate/Container/BoundMethod.php:35
/home/joseph/projects/RideConnect/vendor/laravel/framework/src/Illuminate/Container/Container.php:799
/home/joseph/projects/RideConnect/vendor/laravel/framework/src/Illuminate/Console/Command.php:211
/home/joseph/projects/RideConnect/vendor/symfony/console/Command/Command.php:341
/home/joseph/projects/RideConnect/vendor/laravel/framework/src/Illuminate/Console/Command.php:180
/home/joseph/projects/RideConnect/vendor/laravel/framework/src/Illuminate/Console/Concerns/CallsCommands.php:68
/home/joseph/projects/RideConnect/vendor/laravel/framework/src/Illuminate/Console/Concerns/CallsCommands.php:29
/home/joseph/projects/RideConnect/vendor/laravel/framework/src/Illuminate/Database/Console/Migrations/FreshCommand.php:88
/home/joseph/projects/RideConnect/vendor/laravel/framework/src/Illuminate/Container/BoundMethod.php:36
/home/joseph/projects/RideConnect/vendor/laravel/framework/src/Illuminate/Container/Util.php:43
/home/joseph/projects/RideConnect/vendor/laravel/framework/src/Illuminate/Container/BoundMethod.php:96
/home/joseph/projects/RideConnect/vendor/laravel/framework/src/Illuminate/Container/BoundMethod.php:35
/home/joseph/projects/RideConnect/vendor/laravel/framework/src/Illuminate/Container/Container.php:799
/home/joseph/projects/RideConnect/vendor/laravel/framework/src/Illuminate/Console/Command.php:211
/home/joseph/projects/RideConnect/vendor/symfony/console/Command/Command.php:341
/home/joseph/projects/RideConnect/vendor/laravel/framework/src/Illuminate/Console/Command.php:180
/home/joseph/projects/RideConnect/vendor/symfony/console/Application.php:1094
/home/joseph/projects/RideConnect/vendor/symfony/console/Application.php:356
/home/joseph/projects/RideConnect/vendor/symfony/console/Application.php:195
/home/joseph/projects/RideConnect/vendor/laravel/framework/src/Illuminate/Console/Application.php:165
/home/joseph/projects/RideConnect/vendor/laravel/framework/src/Illuminate/Foundation/Console/Kernel.php:447
/home/joseph/projects/RideConnect/vendor/laravel/framework/src/Illuminate/Testing/PendingCommand.php:451
/home/joseph/projects/RideConnect/vendor/laravel/framework/src/Illuminate/Testing/PendingCommand.php:675
/home/joseph/projects/RideConnect/vendor/laravel/framework/src/Illuminate/Foundation/Testing/Concerns/InteractsWithConsole.php:87
/home/joseph/projects/RideConnect/vendor/laravel/framework/src/Illuminate/Foundation/Testing/RefreshDatabase.php:119
/home/joseph/projects/RideConnect/vendor/laravel/framework/src/Illuminate/Foundation/Testing/RefreshDatabase.php:84
/home/joseph/projects/RideConnect/vendor/laravel/framework/src/Illuminate/Foundation/Testing/RefreshDatabase.php:25
/home/joseph/projects/RideConnect/vendor/laravel/framework/src/Illuminate/Foundation/Testing/Concerns/InteractsWithTestCaseLifecycle.php:217
/home/joseph/projects/RideConnect/vendor/laravel/framework/src/Illuminate/Foundation/Testing/Concerns/InteractsWithTestCaseLifecycle.php:101
/home/joseph/projects/RideConnect/vendor/laravel/framework/src/Illuminate/Foundation/Testing/TestCase.php:63
/home/joseph/projects/RideConnect/tests/Feature/TransportFlowAndLocationTest.php:34</error>
        </testcase>
        <testcase name="test_car_scheduled_booking_creation_succeeds" file="/home/joseph/projects/RideConnect/tests/Feature/TransportFlowAndLocationTest.php" line="335" class="Tests\Feature\TransportFlowAndLocationTest" classname="Tests.Feature.TransportFlowAndLocationTest" assertions="0" time="0.000000">
          <error type="Illuminate\Database\QueryException">Tests\Feature\TransportFlowAndLocationTest::test_car_scheduled_booking_creation_succeeds
Illuminate\Database\QueryException: could not find driver (Connection: sqlite, Database: :memory:, SQL: select exists (select 1 from "main".sqlite_master where name = 'migrations' and type = 'table') as "exists")

/home/joseph/projects/RideConnect/vendor/laravel/framework/src/Illuminate/Database/Connection.php:838
/home/joseph/projects/RideConnect/vendor/laravel/framework/src/Illuminate/Database/Connection.php:794
/home/joseph/projects/RideConnect/vendor/laravel/framework/src/Illuminate/Database/Connection.php:411
/home/joseph/projects/RideConnect/vendor/laravel/framework/src/Illuminate/Database/Connection.php:357
/home/joseph/projects/RideConnect/vendor/laravel/framework/src/Illuminate/Database/Connection.php:374
/home/joseph/projects/RideConnect/vendor/laravel/framework/src/Illuminate/Database/Schema/Builder.php:176
/home/joseph/projects/RideConnect/vendor/laravel/framework/src/Illuminate/Database/Migrations/DatabaseMigrationRepository.php:185
/home/joseph/projects/RideConnect/vendor/laravel/framework/src/Illuminate/Database/Migrations/Migrator.php:758
/home/joseph/projects/RideConnect/vendor/laravel/framework/src/Illuminate/Database/Console/Migrations/MigrateCommand.php:164
/home/joseph/projects/RideConnect/vendor/laravel/framework/src/Illuminate/Support/helpers.php:328
/home/joseph/projects/RideConnect/vendor/laravel/framework/src/Illuminate/Database/Console/Migrations/MigrateCommand.php:164
/home/joseph/projects/RideConnect/vendor/laravel/framework/src/Illuminate/Database/Console/Migrations/MigrateCommand.php:140
/home/joseph/projects/RideConnect/vendor/laravel/framework/src/Illuminate/Database/Console/Migrations/MigrateCommand.php:110
/home/joseph/projects/RideConnect/vendor/laravel/framework/src/Illuminate/Database/Migrations/Migrator.php:671
/home/joseph/projects/RideConnect/vendor/laravel/framework/src/Illuminate/Database/Console/Migrations/MigrateCommand.php:109
/home/joseph/projects/RideConnect/vendor/laravel/framework/src/Illuminate/Database/Console/Migrations/MigrateCommand.php:88
/home/joseph/projects/RideConnect/vendor/laravel/framework/src/Illuminate/Container/BoundMethod.php:36
/home/joseph/projects/RideConnect/vendor/laravel/framework/src/Illuminate/Container/Util.php:43
/home/joseph/projects/RideConnect/vendor/laravel/framework/src/Illuminate/Container/BoundMethod.php:96
/home/joseph/projects/RideConnect/vendor/laravel/framework/src/Illuminate/Container/BoundMethod.php:35
/home/joseph/projects/RideConnect/vendor/laravel/framework/src/Illuminate/Container/Container.php:799
/home/joseph/projects/RideConnect/vendor/laravel/framework/src/Illuminate/Console/Command.php:211
/home/joseph/projects/RideConnect/vendor/symfony/console/Command/Command.php:341
/home/joseph/projects/RideConnect/vendor/laravel/framework/src/Illuminate/Console/Command.php:180
/home/joseph/projects/RideConnect/vendor/laravel/framework/src/Illuminate/Console/Concerns/CallsCommands.php:68
/home/joseph/projects/RideConnect/vendor/laravel/framework/src/Illuminate/Console/Concerns/CallsCommands.php:29
/home/joseph/projects/RideConnect/vendor/laravel/framework/src/Illuminate/Database/Console/Migrations/FreshCommand.php:88
/home/joseph/projects/RideConnect/vendor/laravel/framework/src/Illuminate/Container/BoundMethod.php:36
/home/joseph/projects/RideConnect/vendor/laravel/framework/src/Illuminate/Container/Util.php:43
/home/joseph/projects/RideConnect/vendor/laravel/framework/src/Illuminate/Container/BoundMethod.php:96
/home/joseph/projects/RideConnect/vendor/laravel/framework/src/Illuminate/Container/BoundMethod.php:35
/home/joseph/projects/RideConnect/vendor/laravel/framework/src/Illuminate/Container/Container.php:799
/home/joseph/projects/RideConnect/vendor/laravel/framework/src/Illuminate/Console/Command.php:211
/home/joseph/projects/RideConnect/vendor/symfony/console/Command/Command.php:341
/home/joseph/projects/RideConnect/vendor/laravel/framework/src/Illuminate/Console/Command.php:180
/home/joseph/projects/RideConnect/vendor/symfony/console/Application.php:1094
/home/joseph/projects/RideConnect/vendor/symfony/console/Application.php:356
/home/joseph/projects/RideConnect/vendor/symfony/console/Application.php:195
/home/joseph/projects/RideConnect/vendor/laravel/framework/src/Illuminate/Console/Application.php:165
/home/joseph/projects/RideConnect/vendor/laravel/framework/src/Illuminate/Foundation/Console/Kernel.php:447
/home/joseph/projects/RideConnect/vendor/laravel/framework/src/Illuminate/Testing/PendingCommand.php:451
/home/joseph/projects/RideConnect/vendor/laravel/framework/src/Illuminate/Testing/PendingCommand.php:675
/home/joseph/projects/RideConnect/vendor/laravel/framework/src/Illuminate/Foundation/Testing/Concerns/InteractsWithConsole.php:87
/home/joseph/projects/RideConnect/vendor/laravel/framework/src/Illuminate/Foundation/Testing/RefreshDatabase.php:119
/home/joseph/projects/RideConnect/vendor/laravel/framework/src/Illuminate/Foundation/Testing/RefreshDatabase.php:84
/home/joseph/projects/RideConnect/vendor/laravel/framework/src/Illuminate/Foundation/Testing/RefreshDatabase.php:25
/home/joseph/projects/RideConnect/vendor/laravel/framework/src/Illuminate/Foundation/Testing/Concerns/InteractsWithTestCaseLifecycle.php:217
/home/joseph/projects/RideConnect/vendor/laravel/framework/src/Illuminate/Foundation/Testing/Concerns/InteractsWithTestCaseLifecycle.php:101
/home/joseph/projects/RideConnect/vendor/laravel/framework/src/Illuminate/Foundation/Testing/TestCase.php:63
/home/joseph/projects/RideConnect/tests/Feature/TransportFlowAndLocationTest.php:34</error>
        </testcase>
        <testcase name="test_motorcycle_ondemand_trip_returns_201" file="/home/joseph/projects/RideConnect/tests/Feature/TransportFlowAndLocationTest.php" line="352" class="Tests\Feature\TransportFlowAndLocationTest" classname="Tests.Feature.TransportFlowAndLocationTest" assertions="0" time="0.000000">
          <error type="Illuminate\Database\QueryException">Tests\Feature\TransportFlowAndLocationTest::test_motorcycle_ondemand_trip_returns_201
Illuminate\Database\QueryException: could not find driver (Connection: sqlite, Database: :memory:, SQL: select exists (select 1 from "main".sqlite_master where name = 'migrations' and type = 'table') as "exists")

/home/joseph/projects/RideConnect/vendor/laravel/framework/src/Illuminate/Database/Connection.php:838
/home/joseph/projects/RideConnect/vendor/laravel/framework/src/Illuminate/Database/Connection.php:794
/home/joseph/projects/RideConnect/vendor/laravel/framework/src/Illuminate/Database/Connection.php:411
/home/joseph/projects/RideConnect/vendor/laravel/framework/src/Illuminate/Database/Connection.php:357
/home/joseph/projects/RideConnect/vendor/laravel/framework/src/Illuminate/Database/Connection.php:374
/home/joseph/projects/RideConnect/vendor/laravel/framework/src/Illuminate/Database/Schema/Builder.php:176
/home/joseph/projects/RideConnect/vendor/laravel/framework/src/Illuminate/Database/Migrations/DatabaseMigrationRepository.php:185
/home/joseph/projects/RideConnect/vendor/laravel/framework/src/Illuminate/Database/Migrations/Migrator.php:758
/home/joseph/projects/RideConnect/vendor/laravel/framework/src/Illuminate/Database/Console/Migrations/MigrateCommand.php:164
/home/joseph/projects/RideConnect/vendor/laravel/framework/src/Illuminate/Support/helpers.php:328
/home/joseph/projects/RideConnect/vendor/laravel/framework/src/Illuminate/Database/Console/Migrations/MigrateCommand.php:164
/home/joseph/projects/RideConnect/vendor/laravel/framework/src/Illuminate/Database/Console/Migrations/MigrateCommand.php:140
/home/joseph/projects/RideConnect/vendor/laravel/framework/src/Illuminate/Database/Console/Migrations/MigrateCommand.php:110
/home/joseph/projects/RideConnect/vendor/laravel/framework/src/Illuminate/Database/Migrations/Migrator.php:671
/home/joseph/projects/RideConnect/vendor/laravel/framework/src/Illuminate/Database/Console/Migrations/MigrateCommand.php:109
/home/joseph/projects/RideConnect/vendor/laravel/framework/src/Illuminate/Database/Console/Migrations/MigrateCommand.php:88
/home/joseph/projects/RideConnect/vendor/laravel/framework/src/Illuminate/Container/BoundMethod.php:36
/home/joseph/projects/RideConnect/vendor/laravel/framework/src/Illuminate/Container/Util.php:43
/home/joseph/projects/RideConnect/vendor/laravel/framework/src/Illuminate/Container/BoundMethod.php:96
/home/joseph/projects/RideConnect/vendor/laravel/framework/src/Illuminate/Container/BoundMethod.php:35
/home/joseph/projects/RideConnect/vendor/laravel/framework/src/Illuminate/Container/Container.php:799
/home/joseph/projects/RideConnect/vendor/laravel/framework/src/Illuminate/Console/Command.php:211
/home/joseph/projects/RideConnect/vendor/symfony/console/Command/Command.php:341
/home/joseph/projects/RideConnect/vendor/laravel/framework/src/Illuminate/Console/Command.php:180
/home/joseph/projects/RideConnect/vendor/laravel/framework/src/Illuminate/Console/Concerns/CallsCommands.php:68
/home/joseph/projects/RideConnect/vendor/laravel/framework/src/Illuminate/Console/Concerns/CallsCommands.php:29
/home/joseph/projects/RideConnect/vendor/laravel/framework/src/Illuminate/Database/Console/Migrations/FreshCommand.php:88
/home/joseph/projects/RideConnect/vendor/laravel/framework/src/Illuminate/Container/BoundMethod.php:36
/home/joseph/projects/RideConnect/vendor/laravel/framework/src/Illuminate/Container/Util.php:43
/home/joseph/projects/RideConnect/vendor/laravel/framework/src/Illuminate/Container/BoundMethod.php:96
/home/joseph/projects/RideConnect/vendor/laravel/framework/src/Illuminate/Container/BoundMethod.php:35
/home/joseph/projects/RideConnect/vendor/laravel/framework/src/Illuminate/Container/Container.php:799
/home/joseph/projects/RideConnect/vendor/laravel/framework/src/Illuminate/Console/Command.php:211
/home/joseph/projects/RideConnect/vendor/symfony/console/Command/Command.php:341
/home/joseph/projects/RideConnect/vendor/laravel/framework/src/Illuminate/Console/Command.php:180
/home/joseph/projects/RideConnect/vendor/symfony/console/Application.php:1094
/home/joseph/projects/RideConnect/vendor/symfony/console/Application.php:356
/home/joseph/projects/RideConnect/vendor/symfony/console/Application.php:195
/home/joseph/projects/RideConnect/vendor/laravel/framework/src/Illuminate/Console/Application.php:165
/home/joseph/projects/RideConnect/vendor/laravel/framework/src/Illuminate/Foundation/Console/Kernel.php:447
/home/joseph/projects/RideConnect/vendor/laravel/framework/src/Illuminate/Testing/PendingCommand.php:451
/home/joseph/projects/RideConnect/vendor/laravel/framework/src/Illuminate/Testing/PendingCommand.php:675
/home/joseph/projects/RideConnect/vendor/laravel/framework/src/Illuminate/Foundation/Testing/Concerns/InteractsWithConsole.php:87
/home/joseph/projects/RideConnect/vendor/laravel/framework/src/Illuminate/Foundation/Testing/RefreshDatabase.php:119
/home/joseph/projects/RideConnect/vendor/laravel/framework/src/Illuminate/Foundation/Testing/RefreshDatabase.php:84
/home/joseph/projects/RideConnect/vendor/laravel/framework/src/Illuminate/Foundation/Testing/RefreshDatabase.php:25
/home/joseph/projects/RideConnect/vendor/laravel/framework/src/Illuminate/Foundation/Testing/Concerns/InteractsWithTestCaseLifecycle.php:217
/home/joseph/projects/RideConnect/vendor/laravel/framework/src/Illuminate/Foundation/Testing/Concerns/InteractsWithTestCaseLifecycle.php:101
/home/joseph/projects/RideConnect/vendor/laravel/framework/src/Illuminate/Foundation/Testing/TestCase.php:63
/home/joseph/projects/RideConnect/tests/Feature/TransportFlowAndLocationTest.php:34</error>
        </testcase>
        <testcase name="test_place_search_returns_GROUNDED_200_json" file="/home/joseph/projects/RideConnect/tests/Feature/TransportFlowAndLocationTest.php" line="374" class="Tests\Feature\TransportFlowAndLocationTest" classname="Tests.Feature.TransportFlowAndLocationTest" assertions="0" time="0.000000">
          <error type="Illuminate\Database\QueryException">Tests\Feature\TransportFlowAndLocationTest::test_place_search_returns_GROUNDED_200_json
Illuminate\Database\QueryException: could not find driver (Connection: sqlite, Database: :memory:, SQL: select exists (select 1 from "main".sqlite_master where name = 'migrations' and type = 'table') as "exists")

/home/joseph/projects/RideConnect/vendor/laravel/framework/src/Illuminate/Database/Connection.php:838
/home/joseph/projects/RideConnect/vendor/laravel/framework/src/Illuminate/Database/Connection.php:794
/home/joseph/projects/RideConnect/vendor/laravel/framework/src/Illuminate/Database/Connection.php:411
/home/joseph/projects/RideConnect/vendor/laravel/framework/src/Illuminate/Database/Connection.php:357
/home/joseph/projects/RideConnect/vendor/laravel/framework/src/Illuminate/Database/Connection.php:374
/home/joseph/projects/RideConnect/vendor/laravel/framework/src/Illuminate/Database/Schema/Builder.php:176
/home/joseph/projects/RideConnect/vendor/laravel/framework/src/Illuminate/Database/Migrations/DatabaseMigrationRepository.php:185
/home/joseph/projects/RideConnect/vendor/laravel/framework/src/Illuminate/Database/Migrations/Migrator.php:758
/home/joseph/projects/RideConnect/vendor/laravel/framework/src/Illuminate/Database/Console/Migrations/MigrateCommand.php:164
/home/joseph/projects/RideConnect/vendor/laravel/framework/src/Illuminate/Support/helpers.php:328
/home/joseph/projects/RideConnect/vendor/laravel/framework/src/Illuminate/Database/Console/Migrations/MigrateCommand.php:164
/home/joseph/projects/RideConnect/vendor/laravel/framework/src/Illuminate/Database/Console/Migrations/MigrateCommand.php:140
/home/joseph/projects/RideConnect/vendor/laravel/framework/src/Illuminate/Database/Console/Migrations/MigrateCommand.php:110
/home/joseph/projects/RideConnect/vendor/laravel/framework/src/Illuminate/Database/Migrations/Migrator.php:671
/home/joseph/projects/RideConnect/vendor/laravel/framework/src/Illuminate/Database/Console/Migrations/MigrateCommand.php:109
/home/joseph/projects/RideConnect/vendor/laravel/framework/src/Illuminate/Database/Console/Migrations/MigrateCommand.php:88
/home/joseph/projects/RideConnect/vendor/laravel/framework/src/Illuminate/Container/BoundMethod.php:36
/home/joseph/projects/RideConnect/vendor/laravel/framework/src/Illuminate/Container/Util.php:43
/home/joseph/projects/RideConnect/vendor/laravel/framework/src/Illuminate/Container/BoundMethod.php:96
/home/joseph/projects/RideConnect/vendor/laravel/framework/src/Illuminate/Container/BoundMethod.php:35
/home/joseph/projects/RideConnect/vendor/laravel/framework/src/Illuminate/Container/Container.php:799
/home/joseph/projects/RideConnect/vendor/laravel/framework/src/Illuminate/Console/Command.php:211
/home/joseph/projects/RideConnect/vendor/symfony/console/Command/Command.php:341
/home/joseph/projects/RideConnect/vendor/laravel/framework/src/Illuminate/Console/Command.php:180
/home/joseph/projects/RideConnect/vendor/laravel/framework/src/Illuminate/Console/Concerns/CallsCommands.php:68
/home/joseph/projects/RideConnect/vendor/laravel/framework/src/Illuminate/Console/Concerns/CallsCommands.php:29
/home/joseph/projects/RideConnect/vendor/laravel/framework/src/Illuminate/Database/Console/Migrations/FreshCommand.php:88
/home/joseph/projects/RideConnect/vendor/laravel/framework/src/Illuminate/Container/BoundMethod.php:36
/home/joseph/projects/RideConnect/vendor/laravel/framework/src/Illuminate/Container/Util.php:43
/home/joseph/projects/RideConnect/vendor/laravel/framework/src/Illuminate/Container/BoundMethod.php:96
/home/joseph/projects/RideConnect/vendor/laravel/framework/src/Illuminate/Container/BoundMethod.php:35
/home/joseph/projects/RideConnect/vendor/laravel/framework/src/Illuminate/Container/Container.php:799
/home/joseph/projects/RideConnect/vendor/laravel/framework/src/Illuminate/Console/Command.php:211
/home/joseph/projects/RideConnect/vendor/symfony/console/Command/Command.php:341
/home/joseph/projects/RideConnect/vendor/laravel/framework/src/Illuminate/Console/Command.php:180
/home/joseph/projects/RideConnect/vendor/symfony/console/Application.php:1094
/home/joseph/projects/RideConnect/vendor/symfony/console/Application.php:356
/home/joseph/projects/RideConnect/vendor/symfony/console/Application.php:195
/home/joseph/projects/RideConnect/vendor/laravel/framework/src/Illuminate/Console/Application.php:165
/home/joseph/projects/RideConnect/vendor/laravel/framework/src/Illuminate/Foundation/Console/Kernel.php:447
/home/joseph/projects/RideConnect/vendor/laravel/framework/src/Illuminate/Testing/PendingCommand.php:451
/home/joseph/projects/RideConnect/vendor/laravel/framework/src/Illuminate/Testing/PendingCommand.php:675
/home/joseph/projects/RideConnect/vendor/laravel/framework/src/Illuminate/Foundation/Testing/Concerns/InteractsWithConsole.php:87
/home/joseph/projects/RideConnect/vendor/laravel/framework/src/Illuminate/Foundation/Testing/RefreshDatabase.php:119
/home/joseph/projects/RideConnect/vendor/laravel/framework/src/Illuminate/Foundation/Testing/RefreshDatabase.php:84
/home/joseph/projects/RideConnect/vendor/laravel/framework/src/Illuminate/Foundation/Testing/RefreshDatabase.php:25
/home/joseph/projects/RideConnect/vendor/laravel/framework/src/Illuminate/Foundation/Testing/Concerns/InteractsWithTestCaseLifecycle.php:217
/home/joseph/projects/RideConnect/vendor/laravel/framework/src/Illuminate/Foundation/Testing/Concerns/InteractsWithTestCaseLifecycle.php:101
/home/joseph/projects/RideConnect/vendor/laravel/framework/src/Illuminate/Foundation/Testing/TestCase.php:63
/home/joseph/projects/RideConnect/tests/Feature/TransportFlowAndLocationTest.php:34</error>
        </testcase>
        <testcase name="test_reverse_geocode_outputs_structured_json_no_raw_500" file="/home/joseph/projects/RideConnect/tests/Feature/TransportFlowAndLocationTest.php" line="396" class="Tests\Feature\TransportFlowAndLocationTest" classname="Tests.Feature.TransportFlowAndLocationTest" assertions="0" time="0.000000">
          <error type="Illuminate\Database\QueryException">Tests\Feature\TransportFlowAndLocationTest::test_reverse_geocode_outputs_structured_json_no_raw_500
Illuminate\Database\QueryException: could not find driver (Connection: sqlite, Database: :memory:, SQL: select exists (select 1 from "main".sqlite_master where name = 'migrations' and type = 'table') as "exists")

/home/joseph/projects/RideConnect/vendor/laravel/framework/src/Illuminate/Database/Connection.php:838
/home/joseph/projects/RideConnect/vendor/laravel/framework/src/Illuminate/Database/Connection.php:794
/home/joseph/projects/RideConnect/vendor/laravel/framework/src/Illuminate/Database/Connection.php:411
/home/joseph/projects/RideConnect/vendor/laravel/framework/src/Illuminate/Database/Connection.php:357
/home/joseph/projects/RideConnect/vendor/laravel/framework/src/Illuminate/Database/Connection.php:374
/home/joseph/projects/RideConnect/vendor/laravel/framework/src/Illuminate/Database/Schema/Builder.php:176
/home/joseph/projects/RideConnect/vendor/laravel/framework/src/Illuminate/Database/Migrations/DatabaseMigrationRepository.php:185
/home/joseph/projects/RideConnect/vendor/laravel/framework/src/Illuminate/Database/Migrations/Migrator.php:758
/home/joseph/projects/RideConnect/vendor/laravel/framework/src/Illuminate/Database/Console/Migrations/MigrateCommand.php:164
/home/joseph/projects/RideConnect/vendor/laravel/framework/src/Illuminate/Support/helpers.php:328
/home/joseph/projects/RideConnect/vendor/laravel/framework/src/Illuminate/Database/Console/Migrations/MigrateCommand.php:164
/home/joseph/projects/RideConnect/vendor/laravel/framework/src/Illuminate/Database/Console/Migrations/MigrateCommand.php:140
/home/joseph/projects/RideConnect/vendor/laravel/framework/src/Illuminate/Database/Console/Migrations/MigrateCommand.php:110
/home/joseph/projects/RideConnect/vendor/laravel/framework/src/Illuminate/Database/Migrations/Migrator.php:671
/home/joseph/projects/RideConnect/vendor/laravel/framework/src/Illuminate/Database/Console/Migrations/MigrateCommand.php:109
/home/joseph/projects/RideConnect/vendor/laravel/framework/src/Illuminate/Database/Console/Migrations/MigrateCommand.php:88
/home/joseph/projects/RideConnect/vendor/laravel/framework/src/Illuminate/Container/BoundMethod.php:36
/home/joseph/projects/RideConnect/vendor/laravel/framework/src/Illuminate/Container/Util.php:43
/home/joseph/projects/RideConnect/vendor/laravel/framework/src/Illuminate/Container/BoundMethod.php:96
/home/joseph/projects/RideConnect/vendor/laravel/framework/src/Illuminate/Container/BoundMethod.php:35
/home/joseph/projects/RideConnect/vendor/laravel/framework/src/Illuminate/Container/Container.php:799
/home/joseph/projects/RideConnect/vendor/laravel/framework/src/Illuminate/Console/Command.php:211
/home/joseph/projects/RideConnect/vendor/symfony/console/Command/Command.php:341
/home/joseph/projects/RideConnect/vendor/laravel/framework/src/Illuminate/Console/Command.php:180
/home/joseph/projects/RideConnect/vendor/laravel/framework/src/Illuminate/Console/Concerns/CallsCommands.php:68
/home/joseph/projects/RideConnect/vendor/laravel/framework/src/Illuminate/Console/Concerns/CallsCommands.php:29
/home/joseph/projects/RideConnect/vendor/laravel/framework/src/Illuminate/Database/Console/Migrations/FreshCommand.php:88
/home/joseph/projects/RideConnect/vendor/laravel/framework/src/Illuminate/Container/BoundMethod.php:36
/home/joseph/projects/RideConnect/vendor/laravel/framework/src/Illuminate/Container/Util.php:43
/home/joseph/projects/RideConnect/vendor/laravel/framework/src/Illuminate/Container/BoundMethod.php:96
/home/joseph/projects/RideConnect/vendor/laravel/framework/src/Illuminate/Container/BoundMethod.php:35
/home/joseph/projects/RideConnect/vendor/laravel/framework/src/Illuminate/Container/Container.php:799
/home/joseph/projects/RideConnect/vendor/laravel/framework/src/Illuminate/Console/Command.php:211
/home/joseph/projects/RideConnect/vendor/symfony/console/Command/Command.php:341
/home/joseph/projects/RideConnect/vendor/laravel/framework/src/Illuminate/Console/Command.php:180
/home/joseph/projects/RideConnect/vendor/symfony/console/Application.php:1094
/home/joseph/projects/RideConnect/vendor/symfony/console/Application.php:356
/home/joseph/projects/RideConnect/vendor/symfony/console/Application.php:195
/home/joseph/projects/RideConnect/vendor/laravel/framework/src/Illuminate/Console/Application.php:165
/home/joseph/projects/RideConnect/vendor/laravel/framework/src/Illuminate/Foundation/Console/Kernel.php:447
/home/joseph/projects/RideConnect/vendor/laravel/framework/src/Illuminate/Testing/PendingCommand.php:451
/home/joseph/projects/RideConnect/vendor/laravel/framework/src/Illuminate/Testing/PendingCommand.php:675
/home/joseph/projects/RideConnect/vendor/laravel/framework/src/Illuminate/Foundation/Testing/Concerns/InteractsWithConsole.php:87
/home/joseph/projects/RideConnect/vendor/laravel/framework/src/Illuminate/Foundation/Testing/RefreshDatabase.php:119
/home/joseph/projects/RideConnect/vendor/laravel/framework/src/Illuminate/Foundation/Testing/RefreshDatabase.php:84
/home/joseph/projects/RideConnect/vendor/laravel/framework/src/Illuminate/Foundation/Testing/RefreshDatabase.php:25
/home/joseph/projects/RideConnect/vendor/laravel/framework/src/Illuminate/Foundation/Testing/Concerns/InteractsWithTestCaseLifecycle.php:217
/home/joseph/projects/RideConnect/vendor/laravel/framework/src/Illuminate/Foundation/Testing/Concerns/InteractsWithTestCaseLifecycle.php:101
/home/joseph/projects/RideConnect/vendor/laravel/framework/src/Illuminate/Foundation/Testing/TestCase.php:63
/home/joseph/projects/RideConnect/tests/Feature/TransportFlowAndLocationTest.php:34</error>
        </testcase>
        <testcase name="test_no_badmethodcall_exception_on_any_combo" file="/home/joseph/projects/RideConnect/tests/Feature/TransportFlowAndLocationTest.php" line="421" class="Tests\Feature\TransportFlowAndLocationTest" classname="Tests.Feature.TransportFlowAndLocationTest" assertions="0" time="0.000000">
          <error type="Illuminate\Database\QueryException">Tests\Feature\TransportFlowAndLocationTest::test_no_badmethodcall_exception_on_any_combo
Illuminate\Database\QueryException: could not find driver (Connection: sqlite, Database: :memory:, SQL: select exists (select 1 from "main".sqlite_master where name = 'migrations' and type = 'table') as "exists")

/home/joseph/projects/RideConnect/vendor/laravel/framework/src/Illuminate/Database/Connection.php:838
/home/joseph/projects/RideConnect/vendor/laravel/framework/src/Illuminate/Database/Connection.php:794
/home/joseph/projects/RideConnect/vendor/laravel/framework/src/Illuminate/Database/Connection.php:411
/home/joseph/projects/RideConnect/vendor/laravel/framework/src/Illuminate/Database/Connection.php:357
/home/joseph/projects/RideConnect/vendor/laravel/framework/src/Illuminate/Database/Connection.php:374
/home/joseph/projects/RideConnect/vendor/laravel/framework/src/Illuminate/Database/Schema/Builder.php:176
/home/joseph/projects/RideConnect/vendor/laravel/framework/src/Illuminate/Database/Migrations/DatabaseMigrationRepository.php:185
/home/joseph/projects/RideConnect/vendor/laravel/framework/src/Illuminate/Database/Migrations/Migrator.php:758
/home/joseph/projects/RideConnect/vendor/laravel/framework/src/Illuminate/Database/Console/Migrations/MigrateCommand.php:164
/home/joseph/projects/RideConnect/vendor/laravel/framework/src/Illuminate/Support/helpers.php:328
/home/joseph/projects/RideConnect/vendor/laravel/framework/src/Illuminate/Database/Console/Migrations/MigrateCommand.php:164
/home/joseph/projects/RideConnect/vendor/laravel/framework/src/Illuminate/Database/Console/Migrations/MigrateCommand.php:140
/home/joseph/projects/RideConnect/vendor/laravel/framework/src/Illuminate/Database/Console/Migrations/MigrateCommand.php:110
/home/joseph/projects/RideConnect/vendor/laravel/framework/src/Illuminate/Database/Migrations/Migrator.php:671
/home/joseph/projects/RideConnect/vendor/laravel/framework/src/Illuminate/Database/Console/Migrations/MigrateCommand.php:109
/home/joseph/projects/RideConnect/vendor/laravel/framework/src/Illuminate/Database/Console/Migrations/MigrateCommand.php:88
/home/joseph/projects/RideConnect/vendor/laravel/framework/src/Illuminate/Container/BoundMethod.php:36
/home/joseph/projects/RideConnect/vendor/laravel/framework/src/Illuminate/Container/Util.php:43
/home/joseph/projects/RideConnect/vendor/laravel/framework/src/Illuminate/Container/BoundMethod.php:96
/home/joseph/projects/RideConnect/vendor/laravel/framework/src/Illuminate/Container/BoundMethod.php:35
/home/joseph/projects/RideConnect/vendor/laravel/framework/src/Illuminate/Container/Container.php:799
/home/joseph/projects/RideConnect/vendor/laravel/framework/src/Illuminate/Console/Command.php:211
/home/joseph/projects/RideConnect/vendor/symfony/console/Command/Command.php:341
/home/joseph/projects/RideConnect/vendor/laravel/framework/src/Illuminate/Console/Command.php:180
/home/joseph/projects/RideConnect/vendor/laravel/framework/src/Illuminate/Console/Concerns/CallsCommands.php:68
/home/joseph/projects/RideConnect/vendor/laravel/framework/src/Illuminate/Console/Concerns/CallsCommands.php:29
/home/joseph/projects/RideConnect/vendor/laravel/framework/src/Illuminate/Database/Console/Migrations/FreshCommand.php:88
/home/joseph/projects/RideConnect/vendor/laravel/framework/src/Illuminate/Container/BoundMethod.php:36
/home/joseph/projects/RideConnect/vendor/laravel/framework/src/Illuminate/Container/Util.php:43
/home/joseph/projects/RideConnect/vendor/laravel/framework/src/Illuminate/Container/BoundMethod.php:96
/home/joseph/projects/RideConnect/vendor/laravel/framework/src/Illuminate/Container/BoundMethod.php:35
/home/joseph/projects/RideConnect/vendor/laravel/framework/src/Illuminate/Container/Container.php:799
/home/joseph/projects/RideConnect/vendor/laravel/framework/src/Illuminate/Console/Command.php:211
/home/joseph/projects/RideConnect/vendor/symfony/console/Command/Command.php:341
/home/joseph/projects/RideConnect/vendor/laravel/framework/src/Illuminate/Console/Command.php:180
/home/joseph/projects/RideConnect/vendor/symfony/console/Application.php:1094
/home/joseph/projects/RideConnect/vendor/symfony/console/Application.php:356
/home/joseph/projects/RideConnect/vendor/symfony/console/Application.php:195
/home/joseph/projects/RideConnect/vendor/laravel/framework/src/Illuminate/Console/Application.php:165
/home/joseph/projects/RideConnect/vendor/laravel/framework/src/Illuminate/Foundation/Console/Kernel.php:447
/home/joseph/projects/RideConnect/vendor/laravel/framework/src/Illuminate/Testing/PendingCommand.php:451
/home/joseph/projects/RideConnect/vendor/laravel/framework/src/Illuminate/Testing/PendingCommand.php:675
/home/joseph/projects/RideConnect/vendor/laravel/framework/src/Illuminate/Foundation/Testing/Concerns/InteractsWithConsole.php:87
/home/joseph/projects/RideConnect/vendor/laravel/framework/src/Illuminate/Foundation/Testing/RefreshDatabase.php:119
/home/joseph/projects/RideConnect/vendor/laravel/framework/src/Illuminate/Foundation/Testing/RefreshDatabase.php:84
/home/joseph/projects/RideConnect/vendor/laravel/framework/src/Illuminate/Foundation/Testing/RefreshDatabase.php:25
/home/joseph/projects/RideConnect/vendor/laravel/framework/src/Illuminate/Foundation/Testing/Concerns/InteractsWithTestCaseLifecycle.php:217
/home/joseph/projects/RideConnect/vendor/laravel/framework/src/Illuminate/Foundation/Testing/Concerns/InteractsWithTestCaseLifecycle.php:101
/home/joseph/projects/RideConnect/vendor/laravel/framework/src/Illuminate/Foundation/Testing/TestCase.php:63
/home/joseph/projects/RideConnect/tests/Feature/TransportFlowAndLocationTest.php:34</error>
        </testcase>
        <testcase name="test_ghost_ride_id_returns_structured_422" file="/home/joseph/projects/RideConnect/tests/Feature/TransportFlowAndLocationTest.php" line="458" class="Tests\Feature\TransportFlowAndLocationTest" classname="Tests.Feature.TransportFlowAndLocationTest" assertions="0" time="0.000000">
          <error type="Illuminate\Database\QueryException">Tests\Feature\TransportFlowAndLocationTest::test_ghost_ride_id_returns_structured_422
Illuminate\Database\QueryException: could not find driver (Connection: sqlite, Database: :memory:, SQL: select exists (select 1 from "main".sqlite_master where name = 'migrations' and type = 'table') as "exists")

/home/joseph/projects/RideConnect/vendor/laravel/framework/src/Illuminate/Database/Connection.php:838
/home/joseph/projects/RideConnect/vendor/laravel/framework/src/Illuminate/Database/Connection.php:794
/home/joseph/projects/RideConnect/vendor/laravel/framework/src/Illuminate/Database/Connection.php:411
/home/joseph/projects/RideConnect/vendor/laravel/framework/src/Illuminate/Database/Connection.php:357
/home/joseph/projects/RideConnect/vendor/laravel/framework/src/Illuminate/Database/Connection.php:374
/home/joseph/projects/RideConnect/vendor/laravel/framework/src/Illuminate/Database/Schema/Builder.php:176
/home/joseph/projects/RideConnect/vendor/laravel/framework/src/Illuminate/Database/Migrations/DatabaseMigrationRepository.php:185
/home/joseph/projects/RideConnect/vendor/laravel/framework/src/Illuminate/Database/Migrations/Migrator.php:758
/home/joseph/projects/RideConnect/vendor/laravel/framework/src/Illuminate/Database/Console/Migrations/MigrateCommand.php:164
/home/joseph/projects/RideConnect/vendor/laravel/framework/src/Illuminate/Support/helpers.php:328
/home/joseph/projects/RideConnect/vendor/laravel/framework/src/Illuminate/Database/Console/Migrations/MigrateCommand.php:164
/home/joseph/projects/RideConnect/vendor/laravel/framework/src/Illuminate/Database/Console/Migrations/MigrateCommand.php:140
/home/joseph/projects/RideConnect/vendor/laravel/framework/src/Illuminate/Database/Console/Migrations/MigrateCommand.php:110
/home/joseph/projects/RideConnect/vendor/laravel/framework/src/Illuminate/Database/Migrations/Migrator.php:671
/home/joseph/projects/RideConnect/vendor/laravel/framework/src/Illuminate/Database/Console/Migrations/MigrateCommand.php:109
/home/joseph/projects/RideConnect/vendor/laravel/framework/src/Illuminate/Database/Console/Migrations/MigrateCommand.php:88
/home/joseph/projects/RideConnect/vendor/laravel/framework/src/Illuminate/Container/BoundMethod.php:36
/home/joseph/projects/RideConnect/vendor/laravel/framework/src/Illuminate/Container/Util.php:43
/home/joseph/projects/RideConnect/vendor/laravel/framework/src/Illuminate/Container/BoundMethod.php:96
/home/joseph/projects/RideConnect/vendor/laravel/framework/src/Illuminate/Container/BoundMethod.php:35
/home/joseph/projects/RideConnect/vendor/laravel/framework/src/Illuminate/Container/Container.php:799
/home/joseph/projects/RideConnect/vendor/laravel/framework/src/Illuminate/Console/Command.php:211
/home/joseph/projects/RideConnect/vendor/symfony/console/Command/Command.php:341
/home/joseph/projects/RideConnect/vendor/laravel/framework/src/Illuminate/Console/Command.php:180
/home/joseph/projects/RideConnect/vendor/laravel/framework/src/Illuminate/Console/Concerns/CallsCommands.php:68
/home/joseph/projects/RideConnect/vendor/laravel/framework/src/Illuminate/Console/Concerns/CallsCommands.php:29
/home/joseph/projects/RideConnect/vendor/laravel/framework/src/Illuminate/Database/Console/Migrations/FreshCommand.php:88
/home/joseph/projects/RideConnect/vendor/laravel/framework/src/Illuminate/Container/BoundMethod.php:36
/home/joseph/projects/RideConnect/vendor/laravel/framework/src/Illuminate/Container/Util.php:43
/home/joseph/projects/RideConnect/vendor/laravel/framework/src/Illuminate/Container/BoundMethod.php:96
/home/joseph/projects/RideConnect/vendor/laravel/framework/src/Illuminate/Container/BoundMethod.php:35
/home/joseph/projects/RideConnect/vendor/laravel/framework/src/Illuminate/Container/Container.php:799
/home/joseph/projects/RideConnect/vendor/laravel/framework/src/Illuminate/Console/Command.php:211
/home/joseph/projects/RideConnect/vendor/symfony/console/Command/Command.php:341
/home/joseph/projects/RideConnect/vendor/laravel/framework/src/Illuminate/Console/Command.php:180
/home/joseph/projects/RideConnect/vendor/symfony/console/Application.php:1094
/home/joseph/projects/RideConnect/vendor/symfony/console/Application.php:356
/home/joseph/projects/RideConnect/vendor/symfony/console/Application.php:195
/home/joseph/projects/RideConnect/vendor/laravel/framework/src/Illuminate/Console/Application.php:165
/home/joseph/projects/RideConnect/vendor/laravel/framework/src/Illuminate/Foundation/Console/Kernel.php:447
/home/joseph/projects/RideConnect/vendor/laravel/framework/src/Illuminate/Testing/PendingCommand.php:451
/home/joseph/projects/RideConnect/vendor/laravel/framework/src/Illuminate/Testing/PendingCommand.php:675
/home/joseph/projects/RideConnect/vendor/laravel/framework/src/Illuminate/Foundation/Testing/Concerns/InteractsWithConsole.php:87
/home/joseph/projects/RideConnect/vendor/laravel/framework/src/Illuminate/Foundation/Testing/RefreshDatabase.php:119
/home/joseph/projects/RideConnect/vendor/laravel/framework/src/Illuminate/Foundation/Testing/RefreshDatabase.php:84
/home/joseph/projects/RideConnect/vendor/laravel/framework/src/Illuminate/Foundation/Testing/RefreshDatabase.php:25
/home/joseph/projects/RideConnect/vendor/laravel/framework/src/Illuminate/Foundation/Testing/Concerns/InteractsWithTestCaseLifecycle.php:217
/home/joseph/projects/RideConnect/vendor/laravel/framework/src/Illuminate/Foundation/Testing/Concerns/InteractsWithTestCaseLifecycle.php:101
/home/joseph/projects/RideConnect/vendor/laravel/framework/src/Illuminate/Foundation/Testing/TestCase.php:63
/home/joseph/projects/RideConnect/tests/Feature/TransportFlowAndLocationTest.php:34</error>
        </testcase>
        <testcase name="test_trip_store_stores_place_name_fields" file="/home/joseph/projects/RideConnect/tests/Feature/TransportFlowAndLocationTest.php" line="491" class="Tests\Feature\TransportFlowAndLocationTest" classname="Tests.Feature.TransportFlowAndLocationTest" assertions="0" time="0.000000">
          <error type="Illuminate\Database\QueryException">Tests\Feature\TransportFlowAndLocationTest::test_trip_store_stores_place_name_fields
Illuminate\Database\QueryException: could not find driver (Connection: sqlite, Database: :memory:, SQL: select exists (select 1 from "main".sqlite_master where name = 'migrations' and type = 'table') as "exists")

/home/joseph/projects/RideConnect/vendor/laravel/framework/src/Illuminate/Database/Connection.php:838
/home/joseph/projects/RideConnect/vendor/laravel/framework/src/Illuminate/Database/Connection.php:794
/home/joseph/projects/RideConnect/vendor/laravel/framework/src/Illuminate/Database/Connection.php:411
/home/joseph/projects/RideConnect/vendor/laravel/framework/src/Illuminate/Database/Connection.php:357
/home/joseph/projects/RideConnect/vendor/laravel/framework/src/Illuminate/Database/Connection.php:374
/home/joseph/projects/RideConnect/vendor/laravel/framework/src/Illuminate/Database/Schema/Builder.php:176
/home/joseph/projects/RideConnect/vendor/laravel/framework/src/Illuminate/Database/Migrations/DatabaseMigrationRepository.php:185
/home/joseph/projects/RideConnect/vendor/laravel/framework/src/Illuminate/Database/Migrations/Migrator.php:758
/home/joseph/projects/RideConnect/vendor/laravel/framework/src/Illuminate/Database/Console/Migrations/MigrateCommand.php:164
/home/joseph/projects/RideConnect/vendor/laravel/framework/src/Illuminate/Support/helpers.php:328
/home/joseph/projects/RideConnect/vendor/laravel/framework/src/Illuminate/Database/Console/Migrations/MigrateCommand.php:164
/home/joseph/projects/RideConnect/vendor/laravel/framework/src/Illuminate/Database/Console/Migrations/MigrateCommand.php:140
/home/joseph/projects/RideConnect/vendor/laravel/framework/src/Illuminate/Database/Console/Migrations/MigrateCommand.php:110
/home/joseph/projects/RideConnect/vendor/laravel/framework/src/Illuminate/Database/Migrations/Migrator.php:671
/home/joseph/projects/RideConnect/vendor/laravel/framework/src/Illuminate/Database/Console/Migrations/MigrateCommand.php:109
/home/joseph/projects/RideConnect/vendor/laravel/framework/src/Illuminate/Database/Console/Migrations/MigrateCommand.php:88
/home/joseph/projects/RideConnect/vendor/laravel/framework/src/Illuminate/Container/BoundMethod.php:36
/home/joseph/projects/RideConnect/vendor/laravel/framework/src/Illuminate/Container/Util.php:43
/home/joseph/projects/RideConnect/vendor/laravel/framework/src/Illuminate/Container/BoundMethod.php:96
/home/joseph/projects/RideConnect/vendor/laravel/framework/src/Illuminate/Container/BoundMethod.php:35
/home/joseph/projects/RideConnect/vendor/laravel/framework/src/Illuminate/Container/Container.php:799
/home/joseph/projects/RideConnect/vendor/laravel/framework/src/Illuminate/Console/Command.php:211
/home/joseph/projects/RideConnect/vendor/symfony/console/Command/Command.php:341
/home/joseph/projects/RideConnect/vendor/laravel/framework/src/Illuminate/Console/Command.php:180
/home/joseph/projects/RideConnect/vendor/laravel/framework/src/Illuminate/Console/Concerns/CallsCommands.php:68
/home/joseph/projects/RideConnect/vendor/laravel/framework/src/Illuminate/Console/Concerns/CallsCommands.php:29
/home/joseph/projects/RideConnect/vendor/laravel/framework/src/Illuminate/Database/Console/Migrations/FreshCommand.php:88
/home/joseph/projects/RideConnect/vendor/laravel/framework/src/Illuminate/Container/BoundMethod.php:36
/home/joseph/projects/RideConnect/vendor/laravel/framework/src/Illuminate/Container/Util.php:43
/home/joseph/projects/RideConnect/vendor/laravel/framework/src/Illuminate/Container/BoundMethod.php:96
/home/joseph/projects/RideConnect/vendor/laravel/framework/src/Illuminate/Container/BoundMethod.php:35
/home/joseph/projects/RideConnect/vendor/laravel/framework/src/Illuminate/Container/Container.php:799
/home/joseph/projects/RideConnect/vendor/laravel/framework/src/Illuminate/Console/Command.php:211
/home/joseph/projects/RideConnect/vendor/symfony/console/Command/Command.php:341
/home/joseph/projects/RideConnect/vendor/laravel/framework/src/Illuminate/Console/Command.php:180
/home/joseph/projects/RideConnect/vendor/symfony/console/Application.php:1094
/home/joseph/projects/RideConnect/vendor/symfony/console/Application.php:356
/home/joseph/projects/RideConnect/vendor/symfony/console/Application.php:195
/home/joseph/projects/RideConnect/vendor/laravel/framework/src/Illuminate/Console/Application.php:165
/home/joseph/projects/RideConnect/vendor/laravel/framework/src/Illuminate/Foundation/Console/Kernel.php:447
/home/joseph/projects/RideConnect/vendor/laravel/framework/src/Illuminate/Testing/PendingCommand.php:451
/home/joseph/projects/RideConnect/vendor/laravel/framework/src/Illuminate/Testing/PendingCommand.php:675
/home/joseph/projects/RideConnect/vendor/laravel/framework/src/Illuminate/Foundation/Testing/Concerns/InteractsWithConsole.php:87
/home/joseph/projects/RideConnect/vendor/laravel/framework/src/Illuminate/Foundation/Testing/RefreshDatabase.php:119
/home/joseph/projects/RideConnect/vendor/laravel/framework/src/Illuminate/Foundation/Testing/RefreshDatabase.php:84
/home/joseph/projects/RideConnect/vendor/laravel/framework/src/Illuminate/Foundation/Testing/RefreshDatabase.php:25
/home/joseph/projects/RideConnect/vendor/laravel/framework/src/Illuminate/Foundation/Testing/Concerns/InteractsWithTestCaseLifecycle.php:217
/home/joseph/projects/RideConnect/vendor/laravel/framework/src/Illuminate/Foundation/Testing/Concerns/InteractsWithTestCaseLifecycle.php:101
/home/joseph/projects/RideConnect/vendor/laravel/framework/src/Illuminate/Foundation/Testing/TestCase.php:63
/home/joseph/projects/RideConnect/tests/Feature/TransportFlowAndLocationTest.php:34</error>
        </testcase>
        <testcase name="test_trip_show_returns_place_name_fields" file="/home/joseph/projects/RideConnect/tests/Feature/TransportFlowAndLocationTest.php" line="522" class="Tests\Feature\TransportFlowAndLocationTest" classname="Tests.Feature.TransportFlowAndLocationTest" assertions="0" time="0.000000">
          <error type="Illuminate\Database\QueryException">Tests\Feature\TransportFlowAndLocationTest::test_trip_show_returns_place_name_fields
Illuminate\Database\QueryException: could not find driver (Connection: sqlite, Database: :memory:, SQL: select exists (select 1 from "main".sqlite_master where name = 'migrations' and type = 'table') as "exists")

/home/joseph/projects/RideConnect/vendor/laravel/framework/src/Illuminate/Database/Connection.php:838
/home/joseph/projects/RideConnect/vendor/laravel/framework/src/Illuminate/Database/Connection.php:794
/home/joseph/projects/RideConnect/vendor/laravel/framework/src/Illuminate/Database/Connection.php:411
/home/joseph/projects/RideConnect/vendor/laravel/framework/src/Illuminate/Database/Connection.php:357
/home/joseph/projects/RideConnect/vendor/laravel/framework/src/Illuminate/Database/Connection.php:374
/home/joseph/projects/RideConnect/vendor/laravel/framework/src/Illuminate/Database/Schema/Builder.php:176
/home/joseph/projects/RideConnect/vendor/laravel/framework/src/Illuminate/Database/Migrations/DatabaseMigrationRepository.php:185
/home/joseph/projects/RideConnect/vendor/laravel/framework/src/Illuminate/Database/Migrations/Migrator.php:758
/home/joseph/projects/RideConnect/vendor/laravel/framework/src/Illuminate/Database/Console/Migrations/MigrateCommand.php:164
/home/joseph/projects/RideConnect/vendor/laravel/framework/src/Illuminate/Support/helpers.php:328
/home/joseph/projects/RideConnect/vendor/laravel/framework/src/Illuminate/Database/Console/Migrations/MigrateCommand.php:164
/home/joseph/projects/RideConnect/vendor/laravel/framework/src/Illuminate/Database/Console/Migrations/MigrateCommand.php:140
/home/joseph/projects/RideConnect/vendor/laravel/framework/src/Illuminate/Database/Console/Migrations/MigrateCommand.php:110
/home/joseph/projects/RideConnect/vendor/laravel/framework/src/Illuminate/Database/Migrations/Migrator.php:671
/home/joseph/projects/RideConnect/vendor/laravel/framework/src/Illuminate/Database/Console/Migrations/MigrateCommand.php:109
/home/joseph/projects/RideConnect/vendor/laravel/framework/src/Illuminate/Database/Console/Migrations/MigrateCommand.php:88
/home/joseph/projects/RideConnect/vendor/laravel/framework/src/Illuminate/Container/BoundMethod.php:36
/home/joseph/projects/RideConnect/vendor/laravel/framework/src/Illuminate/Container/Util.php:43
/home/joseph/projects/RideConnect/vendor/laravel/framework/src/Illuminate/Container/BoundMethod.php:96
/home/joseph/projects/RideConnect/vendor/laravel/framework/src/Illuminate/Container/BoundMethod.php:35
/home/joseph/projects/RideConnect/vendor/laravel/framework/src/Illuminate/Container/Container.php:799
/home/joseph/projects/RideConnect/vendor/laravel/framework/src/Illuminate/Console/Command.php:211
/home/joseph/projects/RideConnect/vendor/symfony/console/Command/Command.php:341
/home/joseph/projects/RideConnect/vendor/laravel/framework/src/Illuminate/Console/Command.php:180
/home/joseph/projects/RideConnect/vendor/laravel/framework/src/Illuminate/Console/Concerns/CallsCommands.php:68
/home/joseph/projects/RideConnect/vendor/laravel/framework/src/Illuminate/Console/Concerns/CallsCommands.php:29
/home/joseph/projects/RideConnect/vendor/laravel/framework/src/Illuminate/Database/Console/Migrations/FreshCommand.php:88
/home/joseph/projects/RideConnect/vendor/laravel/framework/src/Illuminate/Container/BoundMethod.php:36
/home/joseph/projects/RideConnect/vendor/laravel/framework/src/Illuminate/Container/Util.php:43
/home/joseph/projects/RideConnect/vendor/laravel/framework/src/Illuminate/Container/BoundMethod.php:96
/home/joseph/projects/RideConnect/vendor/laravel/framework/src/Illuminate/Container/BoundMethod.php:35
/home/joseph/projects/RideConnect/vendor/laravel/framework/src/Illuminate/Container/Container.php:799
/home/joseph/projects/RideConnect/vendor/laravel/framework/src/Illuminate/Console/Command.php:211
/home/joseph/projects/RideConnect/vendor/symfony/console/Command/Command.php:341
/home/joseph/projects/RideConnect/vendor/laravel/framework/src/Illuminate/Console/Command.php:180
/home/joseph/projects/RideConnect/vendor/symfony/console/Application.php:1094
/home/joseph/projects/RideConnect/vendor/symfony/console/Application.php:356
/home/joseph/projects/RideConnect/vendor/symfony/console/Application.php:195
/home/joseph/projects/RideConnect/vendor/laravel/framework/src/Illuminate/Console/Application.php:165
/home/joseph/projects/RideConnect/vendor/laravel/framework/src/Illuminate/Foundation/Console/Kernel.php:447
/home/joseph/projects/RideConnect/vendor/laravel/framework/src/Illuminate/Testing/PendingCommand.php:451
/home/joseph/projects/RideConnect/vendor/laravel/framework/src/Illuminate/Testing/PendingCommand.php:675
/home/joseph/projects/RideConnect/vendor/laravel/framework/src/Illuminate/Foundation/Testing/Concerns/InteractsWithConsole.php:87
/home/joseph/projects/RideConnect/vendor/laravel/framework/src/Illuminate/Foundation/Testing/RefreshDatabase.php:119
/home/joseph/projects/RideConnect/vendor/laravel/framework/src/Illuminate/Foundation/Testing/RefreshDatabase.php:84
/home/joseph/projects/RideConnect/vendor/laravel/framework/src/Illuminate/Foundation/Testing/RefreshDatabase.php:25
/home/joseph/projects/RideConnect/vendor/laravel/framework/src/Illuminate/Foundation/Testing/Concerns/InteractsWithTestCaseLifecycle.php:217
/home/joseph/projects/RideConnect/vendor/laravel/framework/src/Illuminate/Foundation/Testing/Concerns/InteractsWithTestCaseLifecycle.php:101
/home/joseph/projects/RideConnect/vendor/laravel/framework/src/Illuminate/Foundation/Testing/TestCase.php:63
/home/joseph/projects/RideConnect/tests/Feature/TransportFlowAndLocationTest.php:34</error>
        </testcase>
        <testcase name="test_my_trips_listing_returns_place_name_fields" file="/home/joseph/projects/RideConnect/tests/Feature/TransportFlowAndLocationTest.php" line="555" class="Tests\Feature\TransportFlowAndLocationTest" classname="Tests.Feature.TransportFlowAndLocationTest" assertions="0" time="0.000000">
          <error type="Illuminate\Database\QueryException">Tests\Feature\TransportFlowAndLocationTest::test_my_trips_listing_returns_place_name_fields
Illuminate\Database\QueryException: could not find driver (Connection: sqlite, Database: :memory:, SQL: select exists (select 1 from "main".sqlite_master where name = 'migrations' and type = 'table') as "exists")

/home/joseph/projects/RideConnect/vendor/laravel/framework/src/Illuminate/Database/Connection.php:838
/home/joseph/projects/RideConnect/vendor/laravel/framework/src/Illuminate/Database/Connection.php:794
/home/joseph/projects/RideConnect/vendor/laravel/framework/src/Illuminate/Database/Connection.php:411
/home/joseph/projects/RideConnect/vendor/laravel/framework/src/Illuminate/Database/Connection.php:357
/home/joseph/projects/RideConnect/vendor/laravel/framework/src/Illuminate/Database/Connection.php:374
/home/joseph/projects/RideConnect/vendor/laravel/framework/src/Illuminate/Database/Schema/Builder.php:176
/home/joseph/projects/RideConnect/vendor/laravel/framework/src/Illuminate/Database/Migrations/DatabaseMigrationRepository.php:185
/home/joseph/projects/RideConnect/vendor/laravel/framework/src/Illuminate/Database/Migrations/Migrator.php:758
/home/joseph/projects/RideConnect/vendor/laravel/framework/src/Illuminate/Database/Console/Migrations/MigrateCommand.php:164
/home/joseph/projects/RideConnect/vendor/laravel/framework/src/Illuminate/Support/helpers.php:328
/home/joseph/projects/RideConnect/vendor/laravel/framework/src/Illuminate/Database/Console/Migrations/MigrateCommand.php:164
/home/joseph/projects/RideConnect/vendor/laravel/framework/src/Illuminate/Database/Console/Migrations/MigrateCommand.php:140
/home/joseph/projects/RideConnect/vendor/laravel/framework/src/Illuminate/Database/Console/Migrations/MigrateCommand.php:110
/home/joseph/projects/RideConnect/vendor/laravel/framework/src/Illuminate/Database/Migrations/Migrator.php:671
/home/joseph/projects/RideConnect/vendor/laravel/framework/src/Illuminate/Database/Console/Migrations/MigrateCommand.php:109
/home/joseph/projects/RideConnect/vendor/laravel/framework/src/Illuminate/Database/Console/Migrations/MigrateCommand.php:88
/home/joseph/projects/RideConnect/vendor/laravel/framework/src/Illuminate/Container/BoundMethod.php:36
/home/joseph/projects/RideConnect/vendor/laravel/framework/src/Illuminate/Container/Util.php:43
/home/joseph/projects/RideConnect/vendor/laravel/framework/src/Illuminate/Container/BoundMethod.php:96
/home/joseph/projects/RideConnect/vendor/laravel/framework/src/Illuminate/Container/BoundMethod.php:35
/home/joseph/projects/RideConnect/vendor/laravel/framework/src/Illuminate/Container/Container.php:799
/home/joseph/projects/RideConnect/vendor/laravel/framework/src/Illuminate/Console/Command.php:211
/home/joseph/projects/RideConnect/vendor/symfony/console/Command/Command.php:341
/home/joseph/projects/RideConnect/vendor/laravel/framework/src/Illuminate/Console/Command.php:180
/home/joseph/projects/RideConnect/vendor/laravel/framework/src/Illuminate/Console/Concerns/CallsCommands.php:68
/home/joseph/projects/RideConnect/vendor/laravel/framework/src/Illuminate/Console/Concerns/CallsCommands.php:29
/home/joseph/projects/RideConnect/vendor/laravel/framework/src/Illuminate/Database/Console/Migrations/FreshCommand.php:88
/home/joseph/projects/RideConnect/vendor/laravel/framework/src/Illuminate/Container/BoundMethod.php:36
/home/joseph/projects/RideConnect/vendor/laravel/framework/src/Illuminate/Container/Util.php:43
/home/joseph/projects/RideConnect/vendor/laravel/framework/src/Illuminate/Container/BoundMethod.php:96
/home/joseph/projects/RideConnect/vendor/laravel/framework/src/Illuminate/Container/BoundMethod.php:35
/home/joseph/projects/RideConnect/vendor/laravel/framework/src/Illuminate/Container/Container.php:799
/home/joseph/projects/RideConnect/vendor/laravel/framework/src/Illuminate/Console/Command.php:211
/home/joseph/projects/RideConnect/vendor/symfony/console/Command/Command.php:341
/home/joseph/projects/RideConnect/vendor/laravel/framework/src/Illuminate/Console/Command.php:180
/home/joseph/projects/RideConnect/vendor/symfony/console/Application.php:1094
/home/joseph/projects/RideConnect/vendor/symfony/console/Application.php:356
/home/joseph/projects/RideConnect/vendor/symfony/console/Application.php:195
/home/joseph/projects/RideConnect/vendor/laravel/framework/src/Illuminate/Console/Application.php:165
/home/joseph/projects/RideConnect/vendor/laravel/framework/src/Illuminate/Foundation/Console/Kernel.php:447
/home/joseph/projects/RideConnect/vendor/laravel/framework/src/Illuminate/Testing/PendingCommand.php:451
/home/joseph/projects/RideConnect/vendor/laravel/framework/src/Illuminate/Testing/PendingCommand.php:675
/home/joseph/projects/RideConnect/vendor/laravel/framework/src/Illuminate/Foundation/Testing/Concerns/InteractsWithConsole.php:87
/home/joseph/projects/RideConnect/vendor/laravel/framework/src/Illuminate/Foundation/Testing/RefreshDatabase.php:119
/home/joseph/projects/RideConnect/vendor/laravel/framework/src/Illuminate/Foundation/Testing/RefreshDatabase.php:84
/home/joseph/projects/RideConnect/vendor/laravel/framework/src/Illuminate/Foundation/Testing/RefreshDatabase.php:25
/home/joseph/projects/RideConnect/vendor/laravel/framework/src/Illuminate/Foundation/Testing/Concerns/InteractsWithTestCaseLifecycle.php:217
/home/joseph/projects/RideConnect/vendor/laravel/framework/src/Illuminate/Foundation/Testing/Concerns/InteractsWithTestCaseLifecycle.php:101
/home/joseph/projects/RideConnect/vendor/laravel/framework/src/Illuminate/Foundation/Testing/TestCase.php:63
/home/joseph/projects/RideConnect/tests/Feature/TransportFlowAndLocationTest.php:34</error>
        </testcase>
      </testsuite>
      <testsuite name="Tests\Feature\TripCreationTest" file="/home/joseph/projects/RideConnect/tests/Feature/TripCreationTest.php" tests="4" assertions="0" errors="4" failures="0" skipped="0" time="0.000000">
        <testcase name="test_trip_requires_locations" file="/home/joseph/projects/RideConnect/tests/Feature/TripCreationTest.php" line="25" class="Tests\Feature\TripCreationTest" classname="Tests.Feature.TripCreationTest" assertions="0" time="0.000000">
          <error type="Illuminate\Database\QueryException">Tests\Feature\TripCreationTest::test_trip_requires_locations
Illuminate\Database\QueryException: could not find driver (Connection: sqlite, Database: :memory:, SQL: select exists (select 1 from "main".sqlite_master where name = 'migrations' and type = 'table') as "exists")

/home/joseph/projects/RideConnect/vendor/laravel/framework/src/Illuminate/Database/Connection.php:838
/home/joseph/projects/RideConnect/vendor/laravel/framework/src/Illuminate/Database/Connection.php:794
/home/joseph/projects/RideConnect/vendor/laravel/framework/src/Illuminate/Database/Connection.php:411
/home/joseph/projects/RideConnect/vendor/laravel/framework/src/Illuminate/Database/Connection.php:357
/home/joseph/projects/RideConnect/vendor/laravel/framework/src/Illuminate/Database/Connection.php:374
/home/joseph/projects/RideConnect/vendor/laravel/framework/src/Illuminate/Database/Schema/Builder.php:176
/home/joseph/projects/RideConnect/vendor/laravel/framework/src/Illuminate/Database/Migrations/DatabaseMigrationRepository.php:185
/home/joseph/projects/RideConnect/vendor/laravel/framework/src/Illuminate/Database/Migrations/Migrator.php:758
/home/joseph/projects/RideConnect/vendor/laravel/framework/src/Illuminate/Database/Console/Migrations/MigrateCommand.php:164
/home/joseph/projects/RideConnect/vendor/laravel/framework/src/Illuminate/Support/helpers.php:328
/home/joseph/projects/RideConnect/vendor/laravel/framework/src/Illuminate/Database/Console/Migrations/MigrateCommand.php:164
/home/joseph/projects/RideConnect/vendor/laravel/framework/src/Illuminate/Database/Console/Migrations/MigrateCommand.php:140
/home/joseph/projects/RideConnect/vendor/laravel/framework/src/Illuminate/Database/Console/Migrations/MigrateCommand.php:110
/home/joseph/projects/RideConnect/vendor/laravel/framework/src/Illuminate/Database/Migrations/Migrator.php:671
/home/joseph/projects/RideConnect/vendor/laravel/framework/src/Illuminate/Database/Console/Migrations/MigrateCommand.php:109
/home/joseph/projects/RideConnect/vendor/laravel/framework/src/Illuminate/Database/Console/Migrations/MigrateCommand.php:88
/home/joseph/projects/RideConnect/vendor/laravel/framework/src/Illuminate/Container/BoundMethod.php:36
/home/joseph/projects/RideConnect/vendor/laravel/framework/src/Illuminate/Container/Util.php:43
/home/joseph/projects/RideConnect/vendor/laravel/framework/src/Illuminate/Container/BoundMethod.php:96
/home/joseph/projects/RideConnect/vendor/laravel/framework/src/Illuminate/Container/BoundMethod.php:35
/home/joseph/projects/RideConnect/vendor/laravel/framework/src/Illuminate/Container/Container.php:799
/home/joseph/projects/RideConnect/vendor/laravel/framework/src/Illuminate/Console/Command.php:211
/home/joseph/projects/RideConnect/vendor/symfony/console/Command/Command.php:341
/home/joseph/projects/RideConnect/vendor/laravel/framework/src/Illuminate/Console/Command.php:180
/home/joseph/projects/RideConnect/vendor/laravel/framework/src/Illuminate/Console/Concerns/CallsCommands.php:68
/home/joseph/projects/RideConnect/vendor/laravel/framework/src/Illuminate/Console/Concerns/CallsCommands.php:29
/home/joseph/projects/RideConnect/vendor/laravel/framework/src/Illuminate/Database/Console/Migrations/FreshCommand.php:88
/home/joseph/projects/RideConnect/vendor/laravel/framework/src/Illuminate/Container/BoundMethod.php:36
/home/joseph/projects/RideConnect/vendor/laravel/framework/src/Illuminate/Container/Util.php:43
/home/joseph/projects/RideConnect/vendor/laravel/framework/src/Illuminate/Container/BoundMethod.php:96
/home/joseph/projects/RideConnect/vendor/laravel/framework/src/Illuminate/Container/BoundMethod.php:35
/home/joseph/projects/RideConnect/vendor/laravel/framework/src/Illuminate/Container/Container.php:799
/home/joseph/projects/RideConnect/vendor/laravel/framework/src/Illuminate/Console/Command.php:211
/home/joseph/projects/RideConnect/vendor/symfony/console/Command/Command.php:341
/home/joseph/projects/RideConnect/vendor/laravel/framework/src/Illuminate/Console/Command.php:180
/home/joseph/projects/RideConnect/vendor/symfony/console/Application.php:1094
/home/joseph/projects/RideConnect/vendor/symfony/console/Application.php:356
/home/joseph/projects/RideConnect/vendor/symfony/console/Application.php:195
/home/joseph/projects/RideConnect/vendor/laravel/framework/src/Illuminate/Console/Application.php:165
/home/joseph/projects/RideConnect/vendor/laravel/framework/src/Illuminate/Foundation/Console/Kernel.php:447
/home/joseph/projects/RideConnect/vendor/laravel/framework/src/Illuminate/Testing/PendingCommand.php:451
/home/joseph/projects/RideConnect/vendor/laravel/framework/src/Illuminate/Testing/PendingCommand.php:675
/home/joseph/projects/RideConnect/vendor/laravel/framework/src/Illuminate/Foundation/Testing/Concerns/InteractsWithConsole.php:87
/home/joseph/projects/RideConnect/vendor/laravel/framework/src/Illuminate/Foundation/Testing/RefreshDatabase.php:119
/home/joseph/projects/RideConnect/vendor/laravel/framework/src/Illuminate/Foundation/Testing/RefreshDatabase.php:84
/home/joseph/projects/RideConnect/vendor/laravel/framework/src/Illuminate/Foundation/Testing/RefreshDatabase.php:25
/home/joseph/projects/RideConnect/vendor/laravel/framework/src/Illuminate/Foundation/Testing/Concerns/InteractsWithTestCaseLifecycle.php:217
/home/joseph/projects/RideConnect/vendor/laravel/framework/src/Illuminate/Foundation/Testing/Concerns/InteractsWithTestCaseLifecycle.php:101
/home/joseph/projects/RideConnect/vendor/laravel/framework/src/Illuminate/Foundation/Testing/TestCase.php:63
/home/joseph/projects/RideConnect/tests/Feature/TripCreationTest.php:20</error>
        </testcase>
        <testcase name="test_trip_auto_assigns_driver_from_ride" file="/home/joseph/projects/RideConnect/tests/Feature/TripCreationTest.php" line="49" class="Tests\Feature\TripCreationTest" classname="Tests.Feature.TripCreationTest" assertions="0" time="0.000000">
          <error type="Illuminate\Database\QueryException">Tests\Feature\TripCreationTest::test_trip_auto_assigns_driver_from_ride
Illuminate\Database\QueryException: could not find driver (Connection: sqlite, Database: :memory:, SQL: select exists (select 1 from "main".sqlite_master where name = 'migrations' and type = 'table') as "exists")

/home/joseph/projects/RideConnect/vendor/laravel/framework/src/Illuminate/Database/Connection.php:838
/home/joseph/projects/RideConnect/vendor/laravel/framework/src/Illuminate/Database/Connection.php:794
/home/joseph/projects/RideConnect/vendor/laravel/framework/src/Illuminate/Database/Connection.php:411
/home/joseph/projects/RideConnect/vendor/laravel/framework/src/Illuminate/Database/Connection.php:357
/home/joseph/projects/RideConnect/vendor/laravel/framework/src/Illuminate/Database/Connection.php:374
/home/joseph/projects/RideConnect/vendor/laravel/framework/src/Illuminate/Database/Schema/Builder.php:176
/home/joseph/projects/RideConnect/vendor/laravel/framework/src/Illuminate/Database/Migrations/DatabaseMigrationRepository.php:185
/home/joseph/projects/RideConnect/vendor/laravel/framework/src/Illuminate/Database/Migrations/Migrator.php:758
/home/joseph/projects/RideConnect/vendor/laravel/framework/src/Illuminate/Database/Console/Migrations/MigrateCommand.php:164
/home/joseph/projects/RideConnect/vendor/laravel/framework/src/Illuminate/Support/helpers.php:328
/home/joseph/projects/RideConnect/vendor/laravel/framework/src/Illuminate/Database/Console/Migrations/MigrateCommand.php:164
/home/joseph/projects/RideConnect/vendor/laravel/framework/src/Illuminate/Database/Console/Migrations/MigrateCommand.php:140
/home/joseph/projects/RideConnect/vendor/laravel/framework/src/Illuminate/Database/Console/Migrations/MigrateCommand.php:110
/home/joseph/projects/RideConnect/vendor/laravel/framework/src/Illuminate/Database/Migrations/Migrator.php:671
/home/joseph/projects/RideConnect/vendor/laravel/framework/src/Illuminate/Database/Console/Migrations/MigrateCommand.php:109
/home/joseph/projects/RideConnect/vendor/laravel/framework/src/Illuminate/Database/Console/Migrations/MigrateCommand.php:88
/home/joseph/projects/RideConnect/vendor/laravel/framework/src/Illuminate/Container/BoundMethod.php:36
/home/joseph/projects/RideConnect/vendor/laravel/framework/src/Illuminate/Container/Util.php:43
/home/joseph/projects/RideConnect/vendor/laravel/framework/src/Illuminate/Container/BoundMethod.php:96
/home/joseph/projects/RideConnect/vendor/laravel/framework/src/Illuminate/Container/BoundMethod.php:35
/home/joseph/projects/RideConnect/vendor/laravel/framework/src/Illuminate/Container/Container.php:799
/home/joseph/projects/RideConnect/vendor/laravel/framework/src/Illuminate/Console/Command.php:211
/home/joseph/projects/RideConnect/vendor/symfony/console/Command/Command.php:341
/home/joseph/projects/RideConnect/vendor/laravel/framework/src/Illuminate/Console/Command.php:180
/home/joseph/projects/RideConnect/vendor/laravel/framework/src/Illuminate/Console/Concerns/CallsCommands.php:68
/home/joseph/projects/RideConnect/vendor/laravel/framework/src/Illuminate/Console/Concerns/CallsCommands.php:29
/home/joseph/projects/RideConnect/vendor/laravel/framework/src/Illuminate/Database/Console/Migrations/FreshCommand.php:88
/home/joseph/projects/RideConnect/vendor/laravel/framework/src/Illuminate/Container/BoundMethod.php:36
/home/joseph/projects/RideConnect/vendor/laravel/framework/src/Illuminate/Container/Util.php:43
/home/joseph/projects/RideConnect/vendor/laravel/framework/src/Illuminate/Container/BoundMethod.php:96
/home/joseph/projects/RideConnect/vendor/laravel/framework/src/Illuminate/Container/BoundMethod.php:35
/home/joseph/projects/RideConnect/vendor/laravel/framework/src/Illuminate/Container/Container.php:799
/home/joseph/projects/RideConnect/vendor/laravel/framework/src/Illuminate/Console/Command.php:211
/home/joseph/projects/RideConnect/vendor/symfony/console/Command/Command.php:341
/home/joseph/projects/RideConnect/vendor/laravel/framework/src/Illuminate/Console/Command.php:180
/home/joseph/projects/RideConnect/vendor/symfony/console/Application.php:1094
/home/joseph/projects/RideConnect/vendor/symfony/console/Application.php:356
/home/joseph/projects/RideConnect/vendor/symfony/console/Application.php:195
/home/joseph/projects/RideConnect/vendor/laravel/framework/src/Illuminate/Console/Application.php:165
/home/joseph/projects/RideConnect/vendor/laravel/framework/src/Illuminate/Foundation/Console/Kernel.php:447
/home/joseph/projects/RideConnect/vendor/laravel/framework/src/Illuminate/Testing/PendingCommand.php:451
/home/joseph/projects/RideConnect/vendor/laravel/framework/src/Illuminate/Testing/PendingCommand.php:675
/home/joseph/projects/RideConnect/vendor/laravel/framework/src/Illuminate/Foundation/Testing/Concerns/InteractsWithConsole.php:87
/home/joseph/projects/RideConnect/vendor/laravel/framework/src/Illuminate/Foundation/Testing/RefreshDatabase.php:119
/home/joseph/projects/RideConnect/vendor/laravel/framework/src/Illuminate/Foundation/Testing/RefreshDatabase.php:84
/home/joseph/projects/RideConnect/vendor/laravel/framework/src/Illuminate/Foundation/Testing/RefreshDatabase.php:25
/home/joseph/projects/RideConnect/vendor/laravel/framework/src/Illuminate/Foundation/Testing/Concerns/InteractsWithTestCaseLifecycle.php:217
/home/joseph/projects/RideConnect/vendor/laravel/framework/src/Illuminate/Foundation/Testing/Concerns/InteractsWithTestCaseLifecycle.php:101
/home/joseph/projects/RideConnect/vendor/laravel/framework/src/Illuminate/Foundation/Testing/TestCase.php:63
/home/joseph/projects/RideConnect/tests/Feature/TripCreationTest.php:20</error>
        </testcase>
        <testcase name="test_trip_fails_without_driver_for_selected_ride" file="/home/joseph/projects/RideConnect/tests/Feature/TripCreationTest.php" line="104" class="Tests\Feature\TripCreationTest" classname="Tests.Feature.TripCreationTest" assertions="0" time="0.000000">
          <error type="Illuminate\Database\QueryException">Tests\Feature\TripCreationTest::test_trip_fails_without_driver_for_selected_ride
Illuminate\Database\QueryException: could not find driver (Connection: sqlite, Database: :memory:, SQL: select exists (select 1 from "main".sqlite_master where name = 'migrations' and type = 'table') as "exists")

/home/joseph/projects/RideConnect/vendor/laravel/framework/src/Illuminate/Database/Connection.php:838
/home/joseph/projects/RideConnect/vendor/laravel/framework/src/Illuminate/Database/Connection.php:794
/home/joseph/projects/RideConnect/vendor/laravel/framework/src/Illuminate/Database/Connection.php:411
/home/joseph/projects/RideConnect/vendor/laravel/framework/src/Illuminate/Database/Connection.php:357
/home/joseph/projects/RideConnect/vendor/laravel/framework/src/Illuminate/Database/Connection.php:374
/home/joseph/projects/RideConnect/vendor/laravel/framework/src/Illuminate/Database/Schema/Builder.php:176
/home/joseph/projects/RideConnect/vendor/laravel/framework/src/Illuminate/Database/Migrations/DatabaseMigrationRepository.php:185
/home/joseph/projects/RideConnect/vendor/laravel/framework/src/Illuminate/Database/Migrations/Migrator.php:758
/home/joseph/projects/RideConnect/vendor/laravel/framework/src/Illuminate/Database/Console/Migrations/MigrateCommand.php:164
/home/joseph/projects/RideConnect/vendor/laravel/framework/src/Illuminate/Support/helpers.php:328
/home/joseph/projects/RideConnect/vendor/laravel/framework/src/Illuminate/Database/Console/Migrations/MigrateCommand.php:164
/home/joseph/projects/RideConnect/vendor/laravel/framework/src/Illuminate/Database/Console/Migrations/MigrateCommand.php:140
/home/joseph/projects/RideConnect/vendor/laravel/framework/src/Illuminate/Database/Console/Migrations/MigrateCommand.php:110
/home/joseph/projects/RideConnect/vendor/laravel/framework/src/Illuminate/Database/Migrations/Migrator.php:671
/home/joseph/projects/RideConnect/vendor/laravel/framework/src/Illuminate/Database/Console/Migrations/MigrateCommand.php:109
/home/joseph/projects/RideConnect/vendor/laravel/framework/src/Illuminate/Database/Console/Migrations/MigrateCommand.php:88
/home/joseph/projects/RideConnect/vendor/laravel/framework/src/Illuminate/Container/BoundMethod.php:36
/home/joseph/projects/RideConnect/vendor/laravel/framework/src/Illuminate/Container/Util.php:43
/home/joseph/projects/RideConnect/vendor/laravel/framework/src/Illuminate/Container/BoundMethod.php:96
/home/joseph/projects/RideConnect/vendor/laravel/framework/src/Illuminate/Container/BoundMethod.php:35
/home/joseph/projects/RideConnect/vendor/laravel/framework/src/Illuminate/Container/Container.php:799
/home/joseph/projects/RideConnect/vendor/laravel/framework/src/Illuminate/Console/Command.php:211
/home/joseph/projects/RideConnect/vendor/symfony/console/Command/Command.php:341
/home/joseph/projects/RideConnect/vendor/laravel/framework/src/Illuminate/Console/Command.php:180
/home/joseph/projects/RideConnect/vendor/laravel/framework/src/Illuminate/Console/Concerns/CallsCommands.php:68
/home/joseph/projects/RideConnect/vendor/laravel/framework/src/Illuminate/Console/Concerns/CallsCommands.php:29
/home/joseph/projects/RideConnect/vendor/laravel/framework/src/Illuminate/Database/Console/Migrations/FreshCommand.php:88
/home/joseph/projects/RideConnect/vendor/laravel/framework/src/Illuminate/Container/BoundMethod.php:36
/home/joseph/projects/RideConnect/vendor/laravel/framework/src/Illuminate/Container/Util.php:43
/home/joseph/projects/RideConnect/vendor/laravel/framework/src/Illuminate/Container/BoundMethod.php:96
/home/joseph/projects/RideConnect/vendor/laravel/framework/src/Illuminate/Container/BoundMethod.php:35
/home/joseph/projects/RideConnect/vendor/laravel/framework/src/Illuminate/Container/Container.php:799
/home/joseph/projects/RideConnect/vendor/laravel/framework/src/Illuminate/Console/Command.php:211
/home/joseph/projects/RideConnect/vendor/symfony/console/Command/Command.php:341
/home/joseph/projects/RideConnect/vendor/laravel/framework/src/Illuminate/Console/Command.php:180
/home/joseph/projects/RideConnect/vendor/symfony/console/Application.php:1094
/home/joseph/projects/RideConnect/vendor/symfony/console/Application.php:356
/home/joseph/projects/RideConnect/vendor/symfony/console/Application.php:195
/home/joseph/projects/RideConnect/vendor/laravel/framework/src/Illuminate/Console/Application.php:165
/home/joseph/projects/RideConnect/vendor/laravel/framework/src/Illuminate/Foundation/Console/Kernel.php:447
/home/joseph/projects/RideConnect/vendor/laravel/framework/src/Illuminate/Testing/PendingCommand.php:451
/home/joseph/projects/RideConnect/vendor/laravel/framework/src/Illuminate/Testing/PendingCommand.php:675
/home/joseph/projects/RideConnect/vendor/laravel/framework/src/Illuminate/Foundation/Testing/Concerns/InteractsWithConsole.php:87
/home/joseph/projects/RideConnect/vendor/laravel/framework/src/Illuminate/Foundation/Testing/RefreshDatabase.php:119
/home/joseph/projects/RideConnect/vendor/laravel/framework/src/Illuminate/Foundation/Testing/RefreshDatabase.php:84
/home/joseph/projects/RideConnect/vendor/laravel/framework/src/Illuminate/Foundation/Testing/RefreshDatabase.php:25
/home/joseph/projects/RideConnect/vendor/laravel/framework/src/Illuminate/Foundation/Testing/Concerns/InteractsWithTestCaseLifecycle.php:217
/home/joseph/projects/RideConnect/vendor/laravel/framework/src/Illuminate/Foundation/Testing/Concerns/InteractsWithTestCaseLifecycle.php:101
/home/joseph/projects/RideConnect/vendor/laravel/framework/src/Illuminate/Foundation/Testing/TestCase.php:63
/home/joseph/projects/RideConnect/tests/Feature/TripCreationTest.php:20</error>
        </testcase>
        <testcase name="test_trip_fails_without_coordinates" file="/home/joseph/projects/RideConnect/tests/Feature/TripCreationTest.php" line="141" class="Tests\Feature\TripCreationTest" classname="Tests.Feature.TripCreationTest" assertions="0" time="0.000000">
          <error type="Illuminate\Database\QueryException">Tests\Feature\TripCreationTest::test_trip_fails_without_coordinates
Illuminate\Database\QueryException: could not find driver (Connection: sqlite, Database: :memory:, SQL: select exists (select 1 from "main".sqlite_master where name = 'migrations' and type = 'table') as "exists")

/home/joseph/projects/RideConnect/vendor/laravel/framework/src/Illuminate/Database/Connection.php:838
/home/joseph/projects/RideConnect/vendor/laravel/framework/src/Illuminate/Database/Connection.php:794
/home/joseph/projects/RideConnect/vendor/laravel/framework/src/Illuminate/Database/Connection.php:411
/home/joseph/projects/RideConnect/vendor/laravel/framework/src/Illuminate/Database/Connection.php:357
/home/joseph/projects/RideConnect/vendor/laravel/framework/src/Illuminate/Database/Connection.php:374
/home/joseph/projects/RideConnect/vendor/laravel/framework/src/Illuminate/Database/Schema/Builder.php:176
/home/joseph/projects/RideConnect/vendor/laravel/framework/src/Illuminate/Database/Migrations/DatabaseMigrationRepository.php:185
/home/joseph/projects/RideConnect/vendor/laravel/framework/src/Illuminate/Database/Migrations/Migrator.php:758
/home/joseph/projects/RideConnect/vendor/laravel/framework/src/Illuminate/Database/Console/Migrations/MigrateCommand.php:164
/home/joseph/projects/RideConnect/vendor/laravel/framework/src/Illuminate/Support/helpers.php:328
/home/joseph/projects/RideConnect/vendor/laravel/framework/src/Illuminate/Database/Console/Migrations/MigrateCommand.php:164
/home/joseph/projects/RideConnect/vendor/laravel/framework/src/Illuminate/Database/Console/Migrations/MigrateCommand.php:140
/home/joseph/projects/RideConnect/vendor/laravel/framework/src/Illuminate/Database/Console/Migrations/MigrateCommand.php:110
/home/joseph/projects/RideConnect/vendor/laravel/framework/src/Illuminate/Database/Migrations/Migrator.php:671
/home/joseph/projects/RideConnect/vendor/laravel/framework/src/Illuminate/Database/Console/Migrations/MigrateCommand.php:109
/home/joseph/projects/RideConnect/vendor/laravel/framework/src/Illuminate/Database/Console/Migrations/MigrateCommand.php:88
/home/joseph/projects/RideConnect/vendor/laravel/framework/src/Illuminate/Container/BoundMethod.php:36
/home/joseph/projects/RideConnect/vendor/laravel/framework/src/Illuminate/Container/Util.php:43
/home/joseph/projects/RideConnect/vendor/laravel/framework/src/Illuminate/Container/BoundMethod.php:96
/home/joseph/projects/RideConnect/vendor/laravel/framework/src/Illuminate/Container/BoundMethod.php:35
/home/joseph/projects/RideConnect/vendor/laravel/framework/src/Illuminate/Container/Container.php:799
/home/joseph/projects/RideConnect/vendor/laravel/framework/src/Illuminate/Console/Command.php:211
/home/joseph/projects/RideConnect/vendor/symfony/console/Command/Command.php:341
/home/joseph/projects/RideConnect/vendor/laravel/framework/src/Illuminate/Console/Command.php:180
/home/joseph/projects/RideConnect/vendor/laravel/framework/src/Illuminate/Console/Concerns/CallsCommands.php:68
/home/joseph/projects/RideConnect/vendor/laravel/framework/src/Illuminate/Console/Concerns/CallsCommands.php:29
/home/joseph/projects/RideConnect/vendor/laravel/framework/src/Illuminate/Database/Console/Migrations/FreshCommand.php:88
/home/joseph/projects/RideConnect/vendor/laravel/framework/src/Illuminate/Container/BoundMethod.php:36
/home/joseph/projects/RideConnect/vendor/laravel/framework/src/Illuminate/Container/Util.php:43
/home/joseph/projects/RideConnect/vendor/laravel/framework/src/Illuminate/Container/BoundMethod.php:96
/home/joseph/projects/RideConnect/vendor/laravel/framework/src/Illuminate/Container/BoundMethod.php:35
/home/joseph/projects/RideConnect/vendor/laravel/framework/src/Illuminate/Container/Container.php:799
/home/joseph/projects/RideConnect/vendor/laravel/framework/src/Illuminate/Console/Command.php:211
/home/joseph/projects/RideConnect/vendor/symfony/console/Command/Command.php:341
/home/joseph/projects/RideConnect/vendor/laravel/framework/src/Illuminate/Console/Command.php:180
/home/joseph/projects/RideConnect/vendor/symfony/console/Application.php:1094
/home/joseph/projects/RideConnect/vendor/symfony/console/Application.php:356
/home/joseph/projects/RideConnect/vendor/symfony/console/Application.php:195
/home/joseph/projects/RideConnect/vendor/laravel/framework/src/Illuminate/Console/Application.php:165
/home/joseph/projects/RideConnect/vendor/laravel/framework/src/Illuminate/Foundation/Console/Kernel.php:447
/home/joseph/projects/RideConnect/vendor/laravel/framework/src/Illuminate/Testing/PendingCommand.php:451
/home/joseph/projects/RideConnect/vendor/laravel/framework/src/Illuminate/Testing/PendingCommand.php:675
/home/joseph/projects/RideConnect/vendor/laravel/framework/src/Illuminate/Foundation/Testing/Concerns/InteractsWithConsole.php:87
/home/joseph/projects/RideConnect/vendor/laravel/framework/src/Illuminate/Foundation/Testing/RefreshDatabase.php:119
/home/joseph/projects/RideConnect/vendor/laravel/framework/src/Illuminate/Foundation/Testing/RefreshDatabase.php:84
/home/joseph/projects/RideConnect/vendor/laravel/framework/src/Illuminate/Foundation/Testing/RefreshDatabase.php:25
/home/joseph/projects/RideConnect/vendor/laravel/framework/src/Illuminate/Foundation/Testing/Concerns/InteractsWithTestCaseLifecycle.php:217
/home/joseph/projects/RideConnect/vendor/laravel/framework/src/Illuminate/Foundation/Testing/Concerns/InteractsWithTestCaseLifecycle.php:101
/home/joseph/projects/RideConnect/vendor/laravel/framework/src/Illuminate/Foundation/Testing/TestCase.php:63
/home/joseph/projects/RideConnect/tests/Feature/TripCreationTest.php:20</error>
        </testcase>
      </testsuite>
      <testsuite name="Tests\Feature\TripValidationTest" file="/home/joseph/projects/RideConnect/tests/Feature/TripValidationTest.php" tests="6" assertions="0" errors="6" failures="0" skipped="0" time="0.000000">
        <testcase name="test_scheduled_ride_rejects_trip_request_without_badmethodcall_exception" file="/home/joseph/projects/RideConnect/tests/Feature/TripValidationTest.php" line="73" class="Tests\Feature\TripValidationTest" classname="Tests.Feature.TripValidationTest" assertions="0" time="0.000000">
          <error type="Illuminate\Database\QueryException">Tests\Feature\TripValidationTest::test_scheduled_ride_rejects_trip_request_without_badmethodcall_exception
Illuminate\Database\QueryException: could not find driver (Connection: sqlite, Database: :memory:, SQL: select exists (select 1 from "main".sqlite_master where name = 'migrations' and type = 'table') as "exists")

/home/joseph/projects/RideConnect/vendor/laravel/framework/src/Illuminate/Database/Connection.php:838
/home/joseph/projects/RideConnect/vendor/laravel/framework/src/Illuminate/Database/Connection.php:794
/home/joseph/projects/RideConnect/vendor/laravel/framework/src/Illuminate/Database/Connection.php:411
/home/joseph/projects/RideConnect/vendor/laravel/framework/src/Illuminate/Database/Connection.php:357
/home/joseph/projects/RideConnect/vendor/laravel/framework/src/Illuminate/Database/Connection.php:374
/home/joseph/projects/RideConnect/vendor/laravel/framework/src/Illuminate/Database/Schema/Builder.php:176
/home/joseph/projects/RideConnect/vendor/laravel/framework/src/Illuminate/Database/Migrations/DatabaseMigrationRepository.php:185
/home/joseph/projects/RideConnect/vendor/laravel/framework/src/Illuminate/Database/Migrations/Migrator.php:758
/home/joseph/projects/RideConnect/vendor/laravel/framework/src/Illuminate/Database/Console/Migrations/MigrateCommand.php:164
/home/joseph/projects/RideConnect/vendor/laravel/framework/src/Illuminate/Support/helpers.php:328
/home/joseph/projects/RideConnect/vendor/laravel/framework/src/Illuminate/Database/Console/Migrations/MigrateCommand.php:164
/home/joseph/projects/RideConnect/vendor/laravel/framework/src/Illuminate/Database/Console/Migrations/MigrateCommand.php:140
/home/joseph/projects/RideConnect/vendor/laravel/framework/src/Illuminate/Database/Console/Migrations/MigrateCommand.php:110
/home/joseph/projects/RideConnect/vendor/laravel/framework/src/Illuminate/Database/Migrations/Migrator.php:671
/home/joseph/projects/RideConnect/vendor/laravel/framework/src/Illuminate/Database/Console/Migrations/MigrateCommand.php:109
/home/joseph/projects/RideConnect/vendor/laravel/framework/src/Illuminate/Database/Console/Migrations/MigrateCommand.php:88
/home/joseph/projects/RideConnect/vendor/laravel/framework/src/Illuminate/Container/BoundMethod.php:36
/home/joseph/projects/RideConnect/vendor/laravel/framework/src/Illuminate/Container/Util.php:43
/home/joseph/projects/RideConnect/vendor/laravel/framework/src/Illuminate/Container/BoundMethod.php:96
/home/joseph/projects/RideConnect/vendor/laravel/framework/src/Illuminate/Container/BoundMethod.php:35
/home/joseph/projects/RideConnect/vendor/laravel/framework/src/Illuminate/Container/Container.php:799
/home/joseph/projects/RideConnect/vendor/laravel/framework/src/Illuminate/Console/Command.php:211
/home/joseph/projects/RideConnect/vendor/symfony/console/Command/Command.php:341
/home/joseph/projects/RideConnect/vendor/laravel/framework/src/Illuminate/Console/Command.php:180
/home/joseph/projects/RideConnect/vendor/laravel/framework/src/Illuminate/Console/Concerns/CallsCommands.php:68
/home/joseph/projects/RideConnect/vendor/laravel/framework/src/Illuminate/Console/Concerns/CallsCommands.php:29
/home/joseph/projects/RideConnect/vendor/laravel/framework/src/Illuminate/Database/Console/Migrations/FreshCommand.php:88
/home/joseph/projects/RideConnect/vendor/laravel/framework/src/Illuminate/Container/BoundMethod.php:36
/home/joseph/projects/RideConnect/vendor/laravel/framework/src/Illuminate/Container/Util.php:43
/home/joseph/projects/RideConnect/vendor/laravel/framework/src/Illuminate/Container/BoundMethod.php:96
/home/joseph/projects/RideConnect/vendor/laravel/framework/src/Illuminate/Container/BoundMethod.php:35
/home/joseph/projects/RideConnect/vendor/laravel/framework/src/Illuminate/Container/Container.php:799
/home/joseph/projects/RideConnect/vendor/laravel/framework/src/Illuminate/Console/Command.php:211
/home/joseph/projects/RideConnect/vendor/symfony/console/Command/Command.php:341
/home/joseph/projects/RideConnect/vendor/laravel/framework/src/Illuminate/Console/Command.php:180
/home/joseph/projects/RideConnect/vendor/symfony/console/Application.php:1094
/home/joseph/projects/RideConnect/vendor/symfony/console/Application.php:356
/home/joseph/projects/RideConnect/vendor/symfony/console/Application.php:195
/home/joseph/projects/RideConnect/vendor/laravel/framework/src/Illuminate/Console/Application.php:165
/home/joseph/projects/RideConnect/vendor/laravel/framework/src/Illuminate/Foundation/Console/Kernel.php:447
/home/joseph/projects/RideConnect/vendor/laravel/framework/src/Illuminate/Testing/PendingCommand.php:451
/home/joseph/projects/RideConnect/vendor/laravel/framework/src/Illuminate/Testing/PendingCommand.php:675
/home/joseph/projects/RideConnect/vendor/laravel/framework/src/Illuminate/Foundation/Testing/Concerns/InteractsWithConsole.php:87
/home/joseph/projects/RideConnect/vendor/laravel/framework/src/Illuminate/Foundation/Testing/RefreshDatabase.php:119
/home/joseph/projects/RideConnect/vendor/laravel/framework/src/Illuminate/Foundation/Testing/RefreshDatabase.php:84
/home/joseph/projects/RideConnect/vendor/laravel/framework/src/Illuminate/Foundation/Testing/RefreshDatabase.php:25
/home/joseph/projects/RideConnect/vendor/laravel/framework/src/Illuminate/Foundation/Testing/Concerns/InteractsWithTestCaseLifecycle.php:217
/home/joseph/projects/RideConnect/vendor/laravel/framework/src/Illuminate/Foundation/Testing/Concerns/InteractsWithTestCaseLifecycle.php:101
/home/joseph/projects/RideConnect/vendor/laravel/framework/src/Illuminate/Foundation/Testing/TestCase.php:63
/home/joseph/projects/RideConnect/tests/Feature/TripValidationTest.php:29</error>
        </testcase>
        <testcase name="test_valid_ondemand_car_ride_trip_succeeds" file="/home/joseph/projects/RideConnect/tests/Feature/TripValidationTest.php" line="117" class="Tests\Feature\TripValidationTest" classname="Tests.Feature.TripValidationTest" assertions="0" time="0.000000">
          <error type="Illuminate\Database\QueryException">Tests\Feature\TripValidationTest::test_valid_ondemand_car_ride_trip_succeeds
Illuminate\Database\QueryException: could not find driver (Connection: sqlite, Database: :memory:, SQL: select exists (select 1 from "main".sqlite_master where name = 'migrations' and type = 'table') as "exists")

/home/joseph/projects/RideConnect/vendor/laravel/framework/src/Illuminate/Database/Connection.php:838
/home/joseph/projects/RideConnect/vendor/laravel/framework/src/Illuminate/Database/Connection.php:794
/home/joseph/projects/RideConnect/vendor/laravel/framework/src/Illuminate/Database/Connection.php:411
/home/joseph/projects/RideConnect/vendor/laravel/framework/src/Illuminate/Database/Connection.php:357
/home/joseph/projects/RideConnect/vendor/laravel/framework/src/Illuminate/Database/Connection.php:374
/home/joseph/projects/RideConnect/vendor/laravel/framework/src/Illuminate/Database/Schema/Builder.php:176
/home/joseph/projects/RideConnect/vendor/laravel/framework/src/Illuminate/Database/Migrations/DatabaseMigrationRepository.php:185
/home/joseph/projects/RideConnect/vendor/laravel/framework/src/Illuminate/Database/Migrations/Migrator.php:758
/home/joseph/projects/RideConnect/vendor/laravel/framework/src/Illuminate/Database/Console/Migrations/MigrateCommand.php:164
/home/joseph/projects/RideConnect/vendor/laravel/framework/src/Illuminate/Support/helpers.php:328
/home/joseph/projects/RideConnect/vendor/laravel/framework/src/Illuminate/Database/Console/Migrations/MigrateCommand.php:164
/home/joseph/projects/RideConnect/vendor/laravel/framework/src/Illuminate/Database/Console/Migrations/MigrateCommand.php:140
/home/joseph/projects/RideConnect/vendor/laravel/framework/src/Illuminate/Database/Console/Migrations/MigrateCommand.php:110
/home/joseph/projects/RideConnect/vendor/laravel/framework/src/Illuminate/Database/Migrations/Migrator.php:671
/home/joseph/projects/RideConnect/vendor/laravel/framework/src/Illuminate/Database/Console/Migrations/MigrateCommand.php:109
/home/joseph/projects/RideConnect/vendor/laravel/framework/src/Illuminate/Database/Console/Migrations/MigrateCommand.php:88
/home/joseph/projects/RideConnect/vendor/laravel/framework/src/Illuminate/Container/BoundMethod.php:36
/home/joseph/projects/RideConnect/vendor/laravel/framework/src/Illuminate/Container/Util.php:43
/home/joseph/projects/RideConnect/vendor/laravel/framework/src/Illuminate/Container/BoundMethod.php:96
/home/joseph/projects/RideConnect/vendor/laravel/framework/src/Illuminate/Container/BoundMethod.php:35
/home/joseph/projects/RideConnect/vendor/laravel/framework/src/Illuminate/Container/Container.php:799
/home/joseph/projects/RideConnect/vendor/laravel/framework/src/Illuminate/Console/Command.php:211
/home/joseph/projects/RideConnect/vendor/symfony/console/Command/Command.php:341
/home/joseph/projects/RideConnect/vendor/laravel/framework/src/Illuminate/Console/Command.php:180
/home/joseph/projects/RideConnect/vendor/laravel/framework/src/Illuminate/Console/Concerns/CallsCommands.php:68
/home/joseph/projects/RideConnect/vendor/laravel/framework/src/Illuminate/Console/Concerns/CallsCommands.php:29
/home/joseph/projects/RideConnect/vendor/laravel/framework/src/Illuminate/Database/Console/Migrations/FreshCommand.php:88
/home/joseph/projects/RideConnect/vendor/laravel/framework/src/Illuminate/Container/BoundMethod.php:36
/home/joseph/projects/RideConnect/vendor/laravel/framework/src/Illuminate/Container/Util.php:43
/home/joseph/projects/RideConnect/vendor/laravel/framework/src/Illuminate/Container/BoundMethod.php:96
/home/joseph/projects/RideConnect/vendor/laravel/framework/src/Illuminate/Container/BoundMethod.php:35
/home/joseph/projects/RideConnect/vendor/laravel/framework/src/Illuminate/Container/Container.php:799
/home/joseph/projects/RideConnect/vendor/laravel/framework/src/Illuminate/Console/Command.php:211
/home/joseph/projects/RideConnect/vendor/symfony/console/Command/Command.php:341
/home/joseph/projects/RideConnect/vendor/laravel/framework/src/Illuminate/Console/Command.php:180
/home/joseph/projects/RideConnect/vendor/symfony/console/Application.php:1094
/home/joseph/projects/RideConnect/vendor/symfony/console/Application.php:356
/home/joseph/projects/RideConnect/vendor/symfony/console/Application.php:195
/home/joseph/projects/RideConnect/vendor/laravel/framework/src/Illuminate/Console/Application.php:165
/home/joseph/projects/RideConnect/vendor/laravel/framework/src/Illuminate/Foundation/Console/Kernel.php:447
/home/joseph/projects/RideConnect/vendor/laravel/framework/src/Illuminate/Testing/PendingCommand.php:451
/home/joseph/projects/RideConnect/vendor/laravel/framework/src/Illuminate/Testing/PendingCommand.php:675
/home/joseph/projects/RideConnect/vendor/laravel/framework/src/Illuminate/Foundation/Testing/Concerns/InteractsWithConsole.php:87
/home/joseph/projects/RideConnect/vendor/laravel/framework/src/Illuminate/Foundation/Testing/RefreshDatabase.php:119
/home/joseph/projects/RideConnect/vendor/laravel/framework/src/Illuminate/Foundation/Testing/RefreshDatabase.php:84
/home/joseph/projects/RideConnect/vendor/laravel/framework/src/Illuminate/Foundation/Testing/RefreshDatabase.php:25
/home/joseph/projects/RideConnect/vendor/laravel/framework/src/Illuminate/Foundation/Testing/Concerns/InteractsWithTestCaseLifecycle.php:217
/home/joseph/projects/RideConnect/vendor/laravel/framework/src/Illuminate/Foundation/Testing/Concerns/InteractsWithTestCaseLifecycle.php:101
/home/joseph/projects/RideConnect/vendor/laravel/framework/src/Illuminate/Foundation/Testing/TestCase.php:63
/home/joseph/projects/RideConnect/tests/Feature/TripValidationTest.php:29</error>
        </testcase>
        <testcase name="test_scheduled_ride_rejects_trip_request_with_422" file="/home/joseph/projects/RideConnect/tests/Feature/TripValidationTest.php" line="157" class="Tests\Feature\TripValidationTest" classname="Tests.Feature.TripValidationTest" assertions="0" time="0.000000">
          <error type="Illuminate\Database\QueryException">Tests\Feature\TripValidationTest::test_scheduled_ride_rejects_trip_request_with_422
Illuminate\Database\QueryException: could not find driver (Connection: sqlite, Database: :memory:, SQL: select exists (select 1 from "main".sqlite_master where name = 'migrations' and type = 'table') as "exists")

/home/joseph/projects/RideConnect/vendor/laravel/framework/src/Illuminate/Database/Connection.php:838
/home/joseph/projects/RideConnect/vendor/laravel/framework/src/Illuminate/Database/Connection.php:794
/home/joseph/projects/RideConnect/vendor/laravel/framework/src/Illuminate/Database/Connection.php:411
/home/joseph/projects/RideConnect/vendor/laravel/framework/src/Illuminate/Database/Connection.php:357
/home/joseph/projects/RideConnect/vendor/laravel/framework/src/Illuminate/Database/Connection.php:374
/home/joseph/projects/RideConnect/vendor/laravel/framework/src/Illuminate/Database/Schema/Builder.php:176
/home/joseph/projects/RideConnect/vendor/laravel/framework/src/Illuminate/Database/Migrations/DatabaseMigrationRepository.php:185
/home/joseph/projects/RideConnect/vendor/laravel/framework/src/Illuminate/Database/Migrations/Migrator.php:758
/home/joseph/projects/RideConnect/vendor/laravel/framework/src/Illuminate/Database/Console/Migrations/MigrateCommand.php:164
/home/joseph/projects/RideConnect/vendor/laravel/framework/src/Illuminate/Support/helpers.php:328
/home/joseph/projects/RideConnect/vendor/laravel/framework/src/Illuminate/Database/Console/Migrations/MigrateCommand.php:164
/home/joseph/projects/RideConnect/vendor/laravel/framework/src/Illuminate/Database/Console/Migrations/MigrateCommand.php:140
/home/joseph/projects/RideConnect/vendor/laravel/framework/src/Illuminate/Database/Console/Migrations/MigrateCommand.php:110
/home/joseph/projects/RideConnect/vendor/laravel/framework/src/Illuminate/Database/Migrations/Migrator.php:671
/home/joseph/projects/RideConnect/vendor/laravel/framework/src/Illuminate/Database/Console/Migrations/MigrateCommand.php:109
/home/joseph/projects/RideConnect/vendor/laravel/framework/src/Illuminate/Database/Console/Migrations/MigrateCommand.php:88
/home/joseph/projects/RideConnect/vendor/laravel/framework/src/Illuminate/Container/BoundMethod.php:36
/home/joseph/projects/RideConnect/vendor/laravel/framework/src/Illuminate/Container/Util.php:43
/home/joseph/projects/RideConnect/vendor/laravel/framework/src/Illuminate/Container/BoundMethod.php:96
/home/joseph/projects/RideConnect/vendor/laravel/framework/src/Illuminate/Container/BoundMethod.php:35
/home/joseph/projects/RideConnect/vendor/laravel/framework/src/Illuminate/Container/Container.php:799
/home/joseph/projects/RideConnect/vendor/laravel/framework/src/Illuminate/Console/Command.php:211
/home/joseph/projects/RideConnect/vendor/symfony/console/Command/Command.php:341
/home/joseph/projects/RideConnect/vendor/laravel/framework/src/Illuminate/Console/Command.php:180
/home/joseph/projects/RideConnect/vendor/laravel/framework/src/Illuminate/Console/Concerns/CallsCommands.php:68
/home/joseph/projects/RideConnect/vendor/laravel/framework/src/Illuminate/Console/Concerns/CallsCommands.php:29
/home/joseph/projects/RideConnect/vendor/laravel/framework/src/Illuminate/Database/Console/Migrations/FreshCommand.php:88
/home/joseph/projects/RideConnect/vendor/laravel/framework/src/Illuminate/Container/BoundMethod.php:36
/home/joseph/projects/RideConnect/vendor/laravel/framework/src/Illuminate/Container/Util.php:43
/home/joseph/projects/RideConnect/vendor/laravel/framework/src/Illuminate/Container/BoundMethod.php:96
/home/joseph/projects/RideConnect/vendor/laravel/framework/src/Illuminate/Container/BoundMethod.php:35
/home/joseph/projects/RideConnect/vendor/laravel/framework/src/Illuminate/Container/Container.php:799
/home/joseph/projects/RideConnect/vendor/laravel/framework/src/Illuminate/Console/Command.php:211
/home/joseph/projects/RideConnect/vendor/symfony/console/Command/Command.php:341
/home/joseph/projects/RideConnect/vendor/laravel/framework/src/Illuminate/Console/Command.php:180
/home/joseph/projects/RideConnect/vendor/symfony/console/Application.php:1094
/home/joseph/projects/RideConnect/vendor/symfony/console/Application.php:356
/home/joseph/projects/RideConnect/vendor/symfony/console/Application.php:195
/home/joseph/projects/RideConnect/vendor/laravel/framework/src/Illuminate/Console/Application.php:165
/home/joseph/projects/RideConnect/vendor/laravel/framework/src/Illuminate/Foundation/Console/Kernel.php:447
/home/joseph/projects/RideConnect/vendor/laravel/framework/src/Illuminate/Testing/PendingCommand.php:451
/home/joseph/projects/RideConnect/vendor/laravel/framework/src/Illuminate/Testing/PendingCommand.php:675
/home/joseph/projects/RideConnect/vendor/laravel/framework/src/Illuminate/Foundation/Testing/Concerns/InteractsWithConsole.php:87
/home/joseph/projects/RideConnect/vendor/laravel/framework/src/Illuminate/Foundation/Testing/RefreshDatabase.php:119
/home/joseph/projects/RideConnect/vendor/laravel/framework/src/Illuminate/Foundation/Testing/RefreshDatabase.php:84
/home/joseph/projects/RideConnect/vendor/laravel/framework/src/Illuminate/Foundation/Testing/RefreshDatabase.php:25
/home/joseph/projects/RideConnect/vendor/laravel/framework/src/Illuminate/Foundation/Testing/Concerns/InteractsWithTestCaseLifecycle.php:217
/home/joseph/projects/RideConnect/vendor/laravel/framework/src/Illuminate/Foundation/Testing/Concerns/InteractsWithTestCaseLifecycle.php:101
/home/joseph/projects/RideConnect/vendor/laravel/framework/src/Illuminate/Foundation/Testing/TestCase.php:63
/home/joseph/projects/RideConnect/tests/Feature/TripValidationTest.php:29</error>
        </testcase>
        <testcase name="test_valid_ondemand_motorcycle_trip_succeeds" file="/home/joseph/projects/RideConnect/tests/Feature/TripValidationTest.php" line="203" class="Tests\Feature\TripValidationTest" classname="Tests.Feature.TripValidationTest" assertions="0" time="0.000000">
          <error type="Illuminate\Database\QueryException">Tests\Feature\TripValidationTest::test_valid_ondemand_motorcycle_trip_succeeds
Illuminate\Database\QueryException: could not find driver (Connection: sqlite, Database: :memory:, SQL: select exists (select 1 from "main".sqlite_master where name = 'migrations' and type = 'table') as "exists")

/home/joseph/projects/RideConnect/vendor/laravel/framework/src/Illuminate/Database/Connection.php:838
/home/joseph/projects/RideConnect/vendor/laravel/framework/src/Illuminate/Database/Connection.php:794
/home/joseph/projects/RideConnect/vendor/laravel/framework/src/Illuminate/Database/Connection.php:411
/home/joseph/projects/RideConnect/vendor/laravel/framework/src/Illuminate/Database/Connection.php:357
/home/joseph/projects/RideConnect/vendor/laravel/framework/src/Illuminate/Database/Connection.php:374
/home/joseph/projects/RideConnect/vendor/laravel/framework/src/Illuminate/Database/Schema/Builder.php:176
/home/joseph/projects/RideConnect/vendor/laravel/framework/src/Illuminate/Database/Migrations/DatabaseMigrationRepository.php:185
/home/joseph/projects/RideConnect/vendor/laravel/framework/src/Illuminate/Database/Migrations/Migrator.php:758
/home/joseph/projects/RideConnect/vendor/laravel/framework/src/Illuminate/Database/Console/Migrations/MigrateCommand.php:164
/home/joseph/projects/RideConnect/vendor/laravel/framework/src/Illuminate/Support/helpers.php:328
/home/joseph/projects/RideConnect/vendor/laravel/framework/src/Illuminate/Database/Console/Migrations/MigrateCommand.php:164
/home/joseph/projects/RideConnect/vendor/laravel/framework/src/Illuminate/Database/Console/Migrations/MigrateCommand.php:140
/home/joseph/projects/RideConnect/vendor/laravel/framework/src/Illuminate/Database/Console/Migrations/MigrateCommand.php:110
/home/joseph/projects/RideConnect/vendor/laravel/framework/src/Illuminate/Database/Migrations/Migrator.php:671
/home/joseph/projects/RideConnect/vendor/laravel/framework/src/Illuminate/Database/Console/Migrations/MigrateCommand.php:109
/home/joseph/projects/RideConnect/vendor/laravel/framework/src/Illuminate/Database/Console/Migrations/MigrateCommand.php:88
/home/joseph/projects/RideConnect/vendor/laravel/framework/src/Illuminate/Container/BoundMethod.php:36
/home/joseph/projects/RideConnect/vendor/laravel/framework/src/Illuminate/Container/Util.php:43
/home/joseph/projects/RideConnect/vendor/laravel/framework/src/Illuminate/Container/BoundMethod.php:96
/home/joseph/projects/RideConnect/vendor/laravel/framework/src/Illuminate/Container/BoundMethod.php:35
/home/joseph/projects/RideConnect/vendor/laravel/framework/src/Illuminate/Container/Container.php:799
/home/joseph/projects/RideConnect/vendor/laravel/framework/src/Illuminate/Console/Command.php:211
/home/joseph/projects/RideConnect/vendor/symfony/console/Command/Command.php:341
/home/joseph/projects/RideConnect/vendor/laravel/framework/src/Illuminate/Console/Command.php:180
/home/joseph/projects/RideConnect/vendor/laravel/framework/src/Illuminate/Console/Concerns/CallsCommands.php:68
/home/joseph/projects/RideConnect/vendor/laravel/framework/src/Illuminate/Console/Concerns/CallsCommands.php:29
/home/joseph/projects/RideConnect/vendor/laravel/framework/src/Illuminate/Database/Console/Migrations/FreshCommand.php:88
/home/joseph/projects/RideConnect/vendor/laravel/framework/src/Illuminate/Container/BoundMethod.php:36
/home/joseph/projects/RideConnect/vendor/laravel/framework/src/Illuminate/Container/Util.php:43
/home/joseph/projects/RideConnect/vendor/laravel/framework/src/Illuminate/Container/BoundMethod.php:96
/home/joseph/projects/RideConnect/vendor/laravel/framework/src/Illuminate/Container/BoundMethod.php:35
/home/joseph/projects/RideConnect/vendor/laravel/framework/src/Illuminate/Container/Container.php:799
/home/joseph/projects/RideConnect/vendor/laravel/framework/src/Illuminate/Console/Command.php:211
/home/joseph/projects/RideConnect/vendor/symfony/console/Command/Command.php:341
/home/joseph/projects/RideConnect/vendor/laravel/framework/src/Illuminate/Console/Command.php:180
/home/joseph/projects/RideConnect/vendor/symfony/console/Application.php:1094
/home/joseph/projects/RideConnect/vendor/symfony/console/Application.php:356
/home/joseph/projects/RideConnect/vendor/symfony/console/Application.php:195
/home/joseph/projects/RideConnect/vendor/laravel/framework/src/Illuminate/Console/Application.php:165
/home/joseph/projects/RideConnect/vendor/laravel/framework/src/Illuminate/Foundation/Console/Kernel.php:447
/home/joseph/projects/RideConnect/vendor/laravel/framework/src/Illuminate/Testing/PendingCommand.php:451
/home/joseph/projects/RideConnect/vendor/laravel/framework/src/Illuminate/Testing/PendingCommand.php:675
/home/joseph/projects/RideConnect/vendor/laravel/framework/src/Illuminate/Foundation/Testing/Concerns/InteractsWithConsole.php:87
/home/joseph/projects/RideConnect/vendor/laravel/framework/src/Illuminate/Foundation/Testing/RefreshDatabase.php:119
/home/joseph/projects/RideConnect/vendor/laravel/framework/src/Illuminate/Foundation/Testing/RefreshDatabase.php:84
/home/joseph/projects/RideConnect/vendor/laravel/framework/src/Illuminate/Foundation/Testing/RefreshDatabase.php:25
/home/joseph/projects/RideConnect/vendor/laravel/framework/src/Illuminate/Foundation/Testing/Concerns/InteractsWithTestCaseLifecycle.php:217
/home/joseph/projects/RideConnect/vendor/laravel/framework/src/Illuminate/Foundation/Testing/Concerns/InteractsWithTestCaseLifecycle.php:101
/home/joseph/projects/RideConnect/vendor/laravel/framework/src/Illuminate/Foundation/Testing/TestCase.php:63
/home/joseph/projects/RideConnect/tests/Feature/TripValidationTest.php:29</error>
        </testcase>
        <testcase name="test_bus_trip_without_ride_id_does_not_trigger_ondemand_error" file="/home/joseph/projects/RideConnect/tests/Feature/TripValidationTest.php" line="247" class="Tests\Feature\TripValidationTest" classname="Tests.Feature.TripValidationTest" assertions="0" time="0.000000">
          <error type="Illuminate\Database\QueryException">Tests\Feature\TripValidationTest::test_bus_trip_without_ride_id_does_not_trigger_ondemand_error
Illuminate\Database\QueryException: could not find driver (Connection: sqlite, Database: :memory:, SQL: select exists (select 1 from "main".sqlite_master where name = 'migrations' and type = 'table') as "exists")

/home/joseph/projects/RideConnect/vendor/laravel/framework/src/Illuminate/Database/Connection.php:838
/home/joseph/projects/RideConnect/vendor/laravel/framework/src/Illuminate/Database/Connection.php:794
/home/joseph/projects/RideConnect/vendor/laravel/framework/src/Illuminate/Database/Connection.php:411
/home/joseph/projects/RideConnect/vendor/laravel/framework/src/Illuminate/Database/Connection.php:357
/home/joseph/projects/RideConnect/vendor/laravel/framework/src/Illuminate/Database/Connection.php:374
/home/joseph/projects/RideConnect/vendor/laravel/framework/src/Illuminate/Database/Schema/Builder.php:176
/home/joseph/projects/RideConnect/vendor/laravel/framework/src/Illuminate/Database/Migrations/DatabaseMigrationRepository.php:185
/home/joseph/projects/RideConnect/vendor/laravel/framework/src/Illuminate/Database/Migrations/Migrator.php:758
/home/joseph/projects/RideConnect/vendor/laravel/framework/src/Illuminate/Database/Console/Migrations/MigrateCommand.php:164
/home/joseph/projects/RideConnect/vendor/laravel/framework/src/Illuminate/Support/helpers.php:328
/home/joseph/projects/RideConnect/vendor/laravel/framework/src/Illuminate/Database/Console/Migrations/MigrateCommand.php:164
/home/joseph/projects/RideConnect/vendor/laravel/framework/src/Illuminate/Database/Console/Migrations/MigrateCommand.php:140
/home/joseph/projects/RideConnect/vendor/laravel/framework/src/Illuminate/Database/Console/Migrations/MigrateCommand.php:110
/home/joseph/projects/RideConnect/vendor/laravel/framework/src/Illuminate/Database/Migrations/Migrator.php:671
/home/joseph/projects/RideConnect/vendor/laravel/framework/src/Illuminate/Database/Console/Migrations/MigrateCommand.php:109
/home/joseph/projects/RideConnect/vendor/laravel/framework/src/Illuminate/Database/Console/Migrations/MigrateCommand.php:88
/home/joseph/projects/RideConnect/vendor/laravel/framework/src/Illuminate/Container/BoundMethod.php:36
/home/joseph/projects/RideConnect/vendor/laravel/framework/src/Illuminate/Container/Util.php:43
/home/joseph/projects/RideConnect/vendor/laravel/framework/src/Illuminate/Container/BoundMethod.php:96
/home/joseph/projects/RideConnect/vendor/laravel/framework/src/Illuminate/Container/BoundMethod.php:35
/home/joseph/projects/RideConnect/vendor/laravel/framework/src/Illuminate/Container/Container.php:799
/home/joseph/projects/RideConnect/vendor/laravel/framework/src/Illuminate/Console/Command.php:211
/home/joseph/projects/RideConnect/vendor/symfony/console/Command/Command.php:341
/home/joseph/projects/RideConnect/vendor/laravel/framework/src/Illuminate/Console/Command.php:180
/home/joseph/projects/RideConnect/vendor/laravel/framework/src/Illuminate/Console/Concerns/CallsCommands.php:68
/home/joseph/projects/RideConnect/vendor/laravel/framework/src/Illuminate/Console/Concerns/CallsCommands.php:29
/home/joseph/projects/RideConnect/vendor/laravel/framework/src/Illuminate/Database/Console/Migrations/FreshCommand.php:88
/home/joseph/projects/RideConnect/vendor/laravel/framework/src/Illuminate/Container/BoundMethod.php:36
/home/joseph/projects/RideConnect/vendor/laravel/framework/src/Illuminate/Container/Util.php:43
/home/joseph/projects/RideConnect/vendor/laravel/framework/src/Illuminate/Container/BoundMethod.php:96
/home/joseph/projects/RideConnect/vendor/laravel/framework/src/Illuminate/Container/BoundMethod.php:35
/home/joseph/projects/RideConnect/vendor/laravel/framework/src/Illuminate/Container/Container.php:799
/home/joseph/projects/RideConnect/vendor/laravel/framework/src/Illuminate/Console/Command.php:211
/home/joseph/projects/RideConnect/vendor/symfony/console/Command/Command.php:341
/home/joseph/projects/RideConnect/vendor/laravel/framework/src/Illuminate/Console/Command.php:180
/home/joseph/projects/RideConnect/vendor/symfony/console/Application.php:1094
/home/joseph/projects/RideConnect/vendor/symfony/console/Application.php:356
/home/joseph/projects/RideConnect/vendor/symfony/console/Application.php:195
/home/joseph/projects/RideConnect/vendor/laravel/framework/src/Illuminate/Console/Application.php:165
/home/joseph/projects/RideConnect/vendor/laravel/framework/src/Illuminate/Foundation/Console/Kernel.php:447
/home/joseph/projects/RideConnect/vendor/laravel/framework/src/Illuminate/Testing/PendingCommand.php:451
/home/joseph/projects/RideConnect/vendor/laravel/framework/src/Illuminate/Testing/PendingCommand.php:675
/home/joseph/projects/RideConnect/vendor/laravel/framework/src/Illuminate/Foundation/Testing/Concerns/InteractsWithConsole.php:87
/home/joseph/projects/RideConnect/vendor/laravel/framework/src/Illuminate/Foundation/Testing/RefreshDatabase.php:119
/home/joseph/projects/RideConnect/vendor/laravel/framework/src/Illuminate/Foundation/Testing/RefreshDatabase.php:84
/home/joseph/projects/RideConnect/vendor/laravel/framework/src/Illuminate/Foundation/Testing/RefreshDatabase.php:25
/home/joseph/projects/RideConnect/vendor/laravel/framework/src/Illuminate/Foundation/Testing/Concerns/InteractsWithTestCaseLifecycle.php:217
/home/joseph/projects/RideConnect/vendor/laravel/framework/src/Illuminate/Foundation/Testing/Concerns/InteractsWithTestCaseLifecycle.php:101
/home/joseph/projects/RideConnect/vendor/laravel/framework/src/Illuminate/Foundation/Testing/TestCase.php:63
/home/joseph/projects/RideConnect/tests/Feature/TripValidationTest.php:29</error>
        </testcase>
        <testcase name="test_ondemand_validation_closure_uses_fail_callback_not_return_string" file="/home/joseph/projects/RideConnect/tests/Feature/TripValidationTest.php" line="282" class="Tests\Feature\TripValidationTest" classname="Tests.Feature.TripValidationTest" assertions="0" time="0.000000">
          <error type="Illuminate\Database\QueryException">Tests\Feature\TripValidationTest::test_ondemand_validation_closure_uses_fail_callback_not_return_string
Illuminate\Database\QueryException: could not find driver (Connection: sqlite, Database: :memory:, SQL: select exists (select 1 from "main".sqlite_master where name = 'migrations' and type = 'table') as "exists")

/home/joseph/projects/RideConnect/vendor/laravel/framework/src/Illuminate/Database/Connection.php:838
/home/joseph/projects/RideConnect/vendor/laravel/framework/src/Illuminate/Database/Connection.php:794
/home/joseph/projects/RideConnect/vendor/laravel/framework/src/Illuminate/Database/Connection.php:411
/home/joseph/projects/RideConnect/vendor/laravel/framework/src/Illuminate/Database/Connection.php:357
/home/joseph/projects/RideConnect/vendor/laravel/framework/src/Illuminate/Database/Connection.php:374
/home/joseph/projects/RideConnect/vendor/laravel/framework/src/Illuminate/Database/Schema/Builder.php:176
/home/joseph/projects/RideConnect/vendor/laravel/framework/src/Illuminate/Database/Migrations/DatabaseMigrationRepository.php:185
/home/joseph/projects/RideConnect/vendor/laravel/framework/src/Illuminate/Database/Migrations/Migrator.php:758
/home/joseph/projects/RideConnect/vendor/laravel/framework/src/Illuminate/Database/Console/Migrations/MigrateCommand.php:164
/home/joseph/projects/RideConnect/vendor/laravel/framework/src/Illuminate/Support/helpers.php:328
/home/joseph/projects/RideConnect/vendor/laravel/framework/src/Illuminate/Database/Console/Migrations/MigrateCommand.php:164
/home/joseph/projects/RideConnect/vendor/laravel/framework/src/Illuminate/Database/Console/Migrations/MigrateCommand.php:140
/home/joseph/projects/RideConnect/vendor/laravel/framework/src/Illuminate/Database/Console/Migrations/MigrateCommand.php:110
/home/joseph/projects/RideConnect/vendor/laravel/framework/src/Illuminate/Database/Migrations/Migrator.php:671
/home/joseph/projects/RideConnect/vendor/laravel/framework/src/Illuminate/Database/Console/Migrations/MigrateCommand.php:109
/home/joseph/projects/RideConnect/vendor/laravel/framework/src/Illuminate/Database/Console/Migrations/MigrateCommand.php:88
/home/joseph/projects/RideConnect/vendor/laravel/framework/src/Illuminate/Container/BoundMethod.php:36
/home/joseph/projects/RideConnect/vendor/laravel/framework/src/Illuminate/Container/Util.php:43
/home/joseph/projects/RideConnect/vendor/laravel/framework/src/Illuminate/Container/BoundMethod.php:96
/home/joseph/projects/RideConnect/vendor/laravel/framework/src/Illuminate/Container/BoundMethod.php:35
/home/joseph/projects/RideConnect/vendor/laravel/framework/src/Illuminate/Container/Container.php:799
/home/joseph/projects/RideConnect/vendor/laravel/framework/src/Illuminate/Console/Command.php:211
/home/joseph/projects/RideConnect/vendor/symfony/console/Command/Command.php:341
/home/joseph/projects/RideConnect/vendor/laravel/framework/src/Illuminate/Console/Command.php:180
/home/joseph/projects/RideConnect/vendor/laravel/framework/src/Illuminate/Console/Concerns/CallsCommands.php:68
/home/joseph/projects/RideConnect/vendor/laravel/framework/src/Illuminate/Console/Concerns/CallsCommands.php:29
/home/joseph/projects/RideConnect/vendor/laravel/framework/src/Illuminate/Database/Console/Migrations/FreshCommand.php:88
/home/joseph/projects/RideConnect/vendor/laravel/framework/src/Illuminate/Container/BoundMethod.php:36
/home/joseph/projects/RideConnect/vendor/laravel/framework/src/Illuminate/Container/Util.php:43
/home/joseph/projects/RideConnect/vendor/laravel/framework/src/Illuminate/Container/BoundMethod.php:96
/home/joseph/projects/RideConnect/vendor/laravel/framework/src/Illuminate/Container/BoundMethod.php:35
/home/joseph/projects/RideConnect/vendor/laravel/framework/src/Illuminate/Container/Container.php:799
/home/joseph/projects/RideConnect/vendor/laravel/framework/src/Illuminate/Console/Command.php:211
/home/joseph/projects/RideConnect/vendor/symfony/console/Command/Command.php:341
/home/joseph/projects/RideConnect/vendor/laravel/framework/src/Illuminate/Console/Command.php:180
/home/joseph/projects/RideConnect/vendor/symfony/console/Application.php:1094
/home/joseph/projects/RideConnect/vendor/symfony/console/Application.php:356
/home/joseph/projects/RideConnect/vendor/symfony/console/Application.php:195
/home/joseph/projects/RideConnect/vendor/laravel/framework/src/Illuminate/Console/Application.php:165
/home/joseph/projects/RideConnect/vendor/laravel/framework/src/Illuminate/Foundation/Console/Kernel.php:447
/home/joseph/projects/RideConnect/vendor/laravel/framework/src/Illuminate/Testing/PendingCommand.php:451
/home/joseph/projects/RideConnect/vendor/laravel/framework/src/Illuminate/Testing/PendingCommand.php:675
/home/joseph/projects/RideConnect/vendor/laravel/framework/src/Illuminate/Foundation/Testing/Concerns/InteractsWithConsole.php:87
/home/joseph/projects/RideConnect/vendor/laravel/framework/src/Illuminate/Foundation/Testing/RefreshDatabase.php:119
/home/joseph/projects/RideConnect/vendor/laravel/framework/src/Illuminate/Foundation/Testing/RefreshDatabase.php:84
/home/joseph/projects/RideConnect/vendor/laravel/framework/src/Illuminate/Foundation/Testing/RefreshDatabase.php:25
/home/joseph/projects/RideConnect/vendor/laravel/framework/src/Illuminate/Foundation/Testing/Concerns/InteractsWithTestCaseLifecycle.php:217
/home/joseph/projects/RideConnect/vendor/laravel/framework/src/Illuminate/Foundation/Testing/Concerns/InteractsWithTestCaseLifecycle.php:101
/home/joseph/projects/RideConnect/vendor/laravel/framework/src/Illuminate/Foundation/Testing/TestCase.php:63
/home/joseph/projects/RideConnect/tests/Feature/TripValidationTest.php:29</error>
        </testcase>
      </testsuite>
    </testsuite>
  </testsuite>
</testsuites>
